
Discarded input sections

 .note.GNU-stack
                0x00000000        0x0 /usr/lib/gcc/arm-linux-gnueabihf/4.6/../../../arm-linux-gnueabihf/crti.o
 .gnu_debuglink
                0x00000000        0xc /usr/lib/gcc/arm-linux-gnueabihf/4.6/../../../arm-linux-gnueabihf/crti.o
 .note.GNU-stack
                0x00000000        0x0 /usr/lib/gcc/arm-linux-gnueabihf/4.6/crtbeginS.o
 .group         0x00000000       0x10 ./UltraHeatDriver/UltraHeatDriver.o
 .group         0x00000000       0x10 ./UltraHeatDriver/UltraHeatDriver.o
 .group         0x00000000       0x10 ./UltraHeatDriver/UltraHeatDriver.o
 .group         0x00000000       0x10 ./UltraHeatDriver/UltraHeatDriver.o
 .group         0x00000000       0x10 ./UltraHeatDriver/UltraHeatDriver.o
 .group         0x00000000       0x10 ./UltraHeatDriver/UltraHeatDriver.o
 .group         0x00000000       0x10 ./UltraHeatDriver/UltraHeatDriver.o
 .group         0x00000000       0x10 ./UltraHeatDriver/UltraHeatDriver.o
 .group         0x00000000       0x10 ./UltraHeatDriver/UltraHeatDriver.o
 .group         0x00000000       0x10 ./UltraHeatDriver/UltraHeatDriver.o
 .group         0x00000000       0x10 ./UltraHeatDriver/UltraHeatDriver.o
 .group         0x00000000       0x10 ./UltraHeatDriver/UltraHeatDriver.o
 .group         0x00000000       0x10 ./UltraHeatDriver/UltraHeatDriver.o
 .group         0x00000000       0x10 ./UltraHeatDriver/UltraHeatDriver.o
 .group         0x00000000       0x10 ./UltraHeatDriver/UltraHeatDriver.o
 .group         0x00000000       0x10 ./UltraHeatDriver/UltraHeatDriver.o
 .group         0x00000000       0x10 ./UltraHeatDriver/UltraHeatDriver.o
 .group         0x00000000       0x10 ./UltraHeatDriver/UltraHeatDriver.o
 .group         0x00000000       0x10 ./UltraHeatDriver/UltraHeatDriver.o
 .group         0x00000000       0x10 ./UltraHeatDriver/UltraHeatDriver.o
 .group         0x00000000       0x10 ./UltraHeatDriver/UltraHeatDriver.o
 .group         0x00000000       0x10 ./UltraHeatDriver/UltraHeatDriver.o
 .group         0x00000000       0x10 ./UltraHeatDriver/UltraHeatDriver.o
 .group         0x00000000       0x10 ./UltraHeatDriver/UltraHeatDriver.o
 .group         0x00000000       0x10 ./UltraHeatDriver/UltraHeatDriver.o
 .group         0x00000000       0x10 ./UltraHeatDriver/UltraHeatDriver.o
 .group         0x00000000       0x10 ./UltraHeatDriver/UltraHeatDriver.o
 .group         0x00000000       0x10 ./UltraHeatDriver/UltraHeatDriver.o
 .group         0x00000000       0x10 ./UltraHeatDriver/UltraHeatDriver.o
 .group         0x00000000       0x10 ./UltraHeatDriver/UltraHeatDriver.o
 .group         0x00000000       0x10 ./UltraHeatDriver/UltraHeatDriver.o
 .group         0x00000000       0x10 ./UltraHeatDriver/UltraHeatDriver.o
 .group         0x00000000       0x10 ./UltraHeatDriver/UltraHeatDriver.o
 .group         0x00000000       0x10 ./UltraHeatDriver/UltraHeatDriver.o
 .group         0x00000000       0x10 ./UltraHeatDriver/UltraHeatDriver.o
 .group         0x00000000       0x10 ./UltraHeatDriver/UltraHeatDriver.o
 .group         0x00000000       0x10 ./UltraHeatDriver/UltraHeatDriver.o
 .group         0x00000000       0x10 ./UltraHeatDriver/UltraHeatDriver.o
 .group         0x00000000       0x10 ./UltraHeatDriver/UltraHeatDriver.o
 .group         0x00000000       0x10 ./UltraHeatDriver/UltraHeatDriver.o
 .group         0x00000000       0x10 ./UltraHeatDriver/UltraHeatDriver.o
 .group         0x00000000       0x10 ./UltraHeatDriver/UltraHeatDriver.o
 .group         0x00000000       0x10 ./UltraHeatDriver/UltraHeatDriver.o
 .group         0x00000000       0x10 ./UltraHeatDriver/UltraHeatDriver.o
 .group         0x00000000       0x10 ./UltraHeatDriver/UltraHeatDriver.o
 .group         0x00000000       0x10 ./UltraHeatDriver/UltraHeatDriver.o
 .group         0x00000000       0x10 ./UltraHeatDriver/UltraHeatDriver.o
 .group         0x00000000       0x10 ./UltraHeatDriver/UltraHeatDriver.o
 .group         0x00000000       0x10 ./UltraHeatDriver/UltraHeatDriver.o
 .group         0x00000000       0x10 ./UltraHeatDriver/UltraHeatDriver.o
 .group         0x00000000       0x10 ./UltraHeatDriver/UltraHeatDriver.o
 .group         0x00000000       0x10 ./UltraHeatDriver/UltraHeatDriver.o
 .group         0x00000000       0x10 ./UltraHeatDriver/UltraHeatDriver.o
 .group         0x00000000       0x10 ./UltraHeatDriver/UltraHeatDriver.o
 .group         0x00000000       0x10 ./UltraHeatDriver/UltraHeatDriver.o
 .group         0x00000000       0x10 ./UltraHeatDriver/UltraHeatDriver.o
 .group         0x00000000       0x10 ./UltraHeatDriver/UltraHeatDriver.o
 .group         0x00000000       0x10 ./UltraHeatDriver/UltraHeatDriver.o
 .group         0x00000000       0x10 ./UltraHeatDriver/UltraHeatDriver.o
 .group         0x00000000       0x10 ./UltraHeatDriver/UltraHeatDriver.o
 .group         0x00000000       0x10 ./UltraHeatDriver/UltraHeatDriver.o
 .group         0x00000000       0x10 ./UltraHeatDriver/UltraHeatDriver.o
[...]
Memory Configuration

Name             Origin             Length             Attributes
*default*        0x00000000         0xffffffff

Linker script and memory map

LOAD /usr/lib/gcc/arm-linux-gnueabihf/4.6/../../../arm-linux-gnueabihf/crti.o
LOAD /usr/lib/gcc/arm-linux-gnueabihf/4.6/crtbeginS.o
LOAD ./UltraHeatDriver/UltraHeatDriver.o
LOAD ./SysfsGenericGPIODriver/SysfsGenericGPIODriver.o
LOAD ./SysfsInputDriver/SysfsInputDriver.o
LOAD ./SysfsOutputDriver/SysfsOutputDriver.o
LOAD ./GPIOLedDriver/GPIOLedDriver.o
LOAD ./GPIOKeyDriver/GPIOKeyDriver.o
LOAD ./EntryPoint.o
LOAD ./ADCDriver/ADCDriver.o
LOAD ./RaspiGPIO/RaspiGPInputDriver.o
LOAD ./RaspiGPIO/RaspiGPOutputDriver.o
LOAD ./RaspiGPIO/bcm2835.o
LOAD ./FeedSocketDriver/FeedSocketDriver.o
LOAD ./FeedSocketDriver/FeedsSocketClient.o
LOAD /usr/lib/gcc/arm-linux-gnueabihf/4.6/../../../libCommon.so
LOAD /usr/lib/gcc/arm-linux-gnueabihf/4.6/libstdc++.so
LOAD /usr/lib/gcc/arm-linux-gnueabihf/4.6/../../../arm-linux-gnueabihf/libm.so
LOAD /usr/lib/gcc/arm-linux-gnueabihf/4.6/libgcc_s.so
START GROUP
LOAD /usr/lib/gcc/arm-linux-gnueabihf/4.6/libgcc_s.so.1
LOAD /usr/lib/gcc/arm-linux-gnueabihf/4.6/libgcc.a
END GROUP
LOAD /usr/lib/gcc/arm-linux-gnueabihf/4.6/../../../arm-linux-gnueabihf/libc.so
START GROUP
LOAD /lib/arm-linux-gnueabihf/libc.so.6
LOAD /usr/lib/arm-linux-gnueabihf/libc_nonshared.a
LOAD /lib/arm-linux-gnueabihf/ld-linux-armhf.so.3
END GROUP
LOAD /usr/lib/gcc/arm-linux-gnueabihf/4.6/libgcc_s.so
START GROUP
LOAD /usr/lib/gcc/arm-linux-gnueabihf/4.6/libgcc_s.so.1
LOAD /usr/lib/gcc/arm-linux-gnueabihf/4.6/libgcc.a
END GROUP
LOAD /usr/lib/gcc/arm-linux-gnueabihf/4.6/crtendS.o
LOAD /usr/lib/gcc/arm-linux-gnueabihf/4.6/../../../arm-linux-gnueabihf/crtn.o
                0x000000f4                . = (0x0 + SIZEOF_HEADERS)

.note.gnu.build-id
                0x000000f4       0x24
 *(.note.gnu.build-id)
 .note.gnu.build-id
                0x000000f4       0x24 linker stubs

.hash           0x00000118     0x128c
 *(.hash)
 .hash          0x00000118     0x128c /usr/lib/gcc/arm-linux-gnueabihf/4.6/../../../arm-linux-gnueabihf/crti.o

.gnu.hash       0x000013a4     0x12d0
 *(.gnu.hash)
 .gnu.hash      0x000013a4     0x12d0 /usr/lib/gcc/arm-linux-gnueabihf/4.6/../../../arm-linux-gnueabihf/crti.o

.dynsym         0x00002674     0x2980
 *(.dynsym)
 .dynsym        0x00002674     0x2980 /usr/lib/gcc/arm-linux-gnueabihf/4.6/../../../arm-linux-gnueabihf/crti.o

.dynstr         0x00004ff4     0x5a7f
 *(.dynstr)
 .dynstr        0x00004ff4     0x5a7f /usr/lib/gcc/arm-linux-gnueabihf/4.6/../../../arm-linux-gnueabihf/crti.o

.gnu.version    0x0000aa74      0x530
 *(.gnu.version)
 .gnu.version   0x0000aa74      0x530 /usr/lib/gcc/arm-linux-gnueabihf/4.6/../../../arm-linux-gnueabihf/crti.o

.gnu.version_d  0x0000afa4        0x0
 *(.gnu.version_d)
 .gnu.version_d
                0x00000000        0x0 /usr/lib/gcc/arm-linux-gnueabihf/4.6/../../../arm-linux-gnueabihf/crti.o

.gnu.version_r  0x0000afa4       0x90
 *(.gnu.version_r)
 .gnu.version_r
                0x0000afa4       0x90 /usr/lib/gcc/arm-linux-gnueabihf/4.6/../../../arm-linux-gnueabihf/crti.o

.rel.dyn        0x0000b034      0x740
 *(.rel.init)
 *(.rel.text .rel.text.* .rel.gnu.linkonce.t.*)
 .rel.text      0x00000000        0x0 /usr/lib/gcc/arm-linux-gnueabihf/4.6/../../../arm-linux-gnueabihf/crti.o
 *(.rel.fini)
 *(.rel.rodata .rel.rodata.* .rel.gnu.linkonce.r.*)
 *(.rel.data.rel.ro* .rel.gnu.linkonce.d.rel.ro.*)
 .rel.data.rel.ro
                0x0000b034      0x598 /usr/lib/gcc/arm-linux-gnueabihf/4.6/../../../arm-linux-gnueabihf/crti.o
 .rel.data.rel.ro.local
                0x0000b5cc       0x50 /usr/lib/gcc/arm-linux-gnueabihf/4.6/../../../arm-linux-gnueabihf/crti.o
 *(.rel.data .rel.data.* .rel.gnu.linkonce.d.*)
 .rel.data.rel  0x0000b61c        0x8 /usr/lib/gcc/arm-linux-gnueabihf/4.6/../../../arm-linux-gnueabihf/crti.o
 *(.rel.tdata .rel.tdata.* .rel.gnu.linkonce.td.*)
 *(.rel.tbss .rel.tbss.* .rel.gnu.linkonce.tb.*)
 *(.rel.ctors)
 *(.rel.dtors)
 *(.rel.got)
 .rel.got       0x0000b624       0xe0 /usr/lib/gcc/arm-linux-gnueabihf/4.6/../../../arm-linux-gnueabihf/crti.o
 *(.rel.bss .rel.bss.* .rel.gnu.linkonce.b.*)
 *(.rel.iplt)
 .rel.iplt      0x00000000        0x0 /usr/lib/gcc/arm-linux-gnueabihf/4.6/../../../arm-linux-gnueabihf/crti.o
 .rel.init_array
                0x0000b704       0x68 /usr/lib/gcc/arm-linux-gnueabihf/4.6/../../../arm-linux-gnueabihf/crti.o
 .rel.fini_array
                0x0000b76c        0x8 /usr/lib/gcc/arm-linux-gnueabihf/4.6/../../../arm-linux-gnueabihf/crti.o

.rela.dyn
 *(.rela.init)
 *(.rela.text .rela.text.* .rela.gnu.linkonce.t.*)
 *(.rela.fini)
 *(.rela.rodata .rela.rodata.* .rela.gnu.linkonce.r.*)
 *(.rela.data .rela.data.* .rela.gnu.linkonce.d.*)
 *(.rela.tdata .rela.tdata.* .rela.gnu.linkonce.td.*)
 *(.rela.tbss .rela.tbss.* .rela.gnu.linkonce.tb.*)
 *(.rela.ctors)
 *(.rela.dtors)
 *(.rela.got)
 *(.rela.bss .rela.bss.* .rela.gnu.linkonce.b.*)
 *(.rela.iplt)

.rel.plt        0x0000b774      0xae0
 *(.rel.plt)
 .rel.plt       0x0000b774      0xae0 /usr/lib/gcc/arm-linux-gnueabihf/4.6/../../../arm-linux-gnueabihf/crti.o

.rela.plt
 *(.rela.plt)

.init           0x0000c254        0xc
 *(.init)
 .init          0x0000c254        0x8 /usr/lib/gcc/arm-linux-gnueabihf/4.6/../../../arm-linux-gnueabihf/crti.o
                0x0000c254                _init
 .init          0x0000c25c        0x4 /usr/lib/gcc/arm-linux-gnueabihf/4.6/../../../arm-linux-gnueabihf/crtn.o

.plt            0x0000c260     0x1064
 *(.plt)
 .plt           0x0000c260     0x1064 /usr/lib/gcc/arm-linux-gnueabihf/4.6/../../../arm-linux-gnueabihf/crti.o

.iplt           0x0000d2c4        0x0
 *(.iplt)
 .iplt          0x00000000        0x0 /usr/lib/gcc/arm-linux-gnueabihf/4.6/../../../arm-linux-gnueabihf/crti.o

.text           0x0000d2c8    0x13b24
 *(.text.unlikely .text.*_unlikely)
 *(.text.exit .text.exit.*)
 *(.text.startup .text.startup.*)
 *(.text.hot .text.hot.*)
 *(.text .stub .text.* .gnu.linkonce.t.*)
 .text          0x0000d2c8       0x24 /usr/lib/gcc/arm-linux-gnueabihf/4.6/../../../arm-linux-gnueabihf/crti.o
 .text          0x0000d2ec       0xa8 /usr/lib/gcc/arm-linux-gnueabihf/4.6/crtbeginS.o
 *fill*         0x0000d394        0x4 00000000
 .text          0x0000d398     0x3188 ./UltraHeatDriver/UltraHeatDriver.o
                0x0000d398                _ZN15UltraHeatDriverC1Ev
                0x0000d398                _ZN15UltraHeatDriverC2Ev
                0x0000da64                _ZN15UltraHeatDriverD1Ev
                0x0000da64                _ZN15UltraHeatDriverD2Ev
                0x0000daf0                _ZN15UltraHeatDriverD0Ev
                0x0000db20                _ZN15UltraHeatDriver4TypeEv
                0x0000db4c                _ZN15UltraHeatDriver7VersionEv
                0x0000db78                _ZN15UltraHeatDriver4NameEv
                0x0000dba4                _ZN15UltraHeatDriver11DescriptionEv
                0x0000dbd0                _ZN15UltraHeatDriver9PublisherEv
                0x0000dbfc                _ZN15UltraHeatDriver14ExecuteCommandE7Command
                0x0000e830                _ZN15UltraHeatDriver8CommandsEv
                0x0000e904                _ZN15UltraHeatDriver5CloneEv
                0x0000e94c                _ZN15UltraHeatDriver10GetCommandEPKc
                0x0000ea74                _ZN15UltraHeatDriver9Open_portEv
                0x0000f4f4                _ZN15UltraHeatDriver10Close_portEi
                0x0000f60c                _ZN15UltraHeatDriver9WriteDataESs
                0x0000f918                _ZN15UltraHeatDriver13CreateMessageESsSs
                0x0000fc84                _Z17ReadDataThreadRunPv
                0x00010360                _ZN15UltraHeatDriver19StartReadDataThreadEv
                0x0001042c                _ZN15UltraHeatDriver18StopReadDataThreadEv
 .text._ZnwjPv  0x00010520       0x28 ./UltraHeatDriver/UltraHeatDriver.o
                0x00010520                _ZnwjPv
 .text._ZdlPvS_
                0x00010548       0x20 ./UltraHeatDriver/UltraHeatDriver.o
                0x00010548                _ZdlPvS_
 .text._ZNSt11char_traitsIcE6lengthEPKc
                0x00010568       0x28 ./UltraHeatDriver/UltraHeatDriver.o
                0x00010568                _ZNSt11char_traitsIcE6lengthEPKc
 .text._ZN16CommandParameterC2ESsPvSs
                0x00010590       0x9c ./UltraHeatDriver/UltraHeatDriver.o
                0x00010590                _ZN16CommandParameterC2ESsPvSs
                0x00010590                _ZN16CommandParameterC1ESsPvSs
 .text._ZN16CommandParameter5CloneEv
                0x0001062c      0x1a8 ./UltraHeatDriver/UltraHeatDriver.o
                0x0001062c                _ZN16CommandParameter5CloneEv
 .text._ZN7CommandC2ERKS_
                0x000107d4      0x170 ./UltraHeatDriver/UltraHeatDriver.o
                0x000107d4                _ZN7CommandC1ERKS_
                0x000107d4                _ZN7CommandC2ERKS_
 .text._ZNSt4listI7CommandSaIS0_EED2Ev
                0x00010944       0x2c ./UltraHeatDriver/UltraHeatDriver.o
                0x00010944                _ZNSt4listI7CommandSaIS0_EED1Ev
                0x00010944                _ZNSt4listI7CommandSaIS0_EED2Ev
 .text._ZSteqIcSt11char_traitsIcESaIcEEbRKSbIT_T0_T1_EPKS3_
                0x00010970       0x40 ./UltraHeatDriver/UltraHeatDriver.o
                0x00010970                _ZSteqIcSt11char_traitsIcESaIcEEbRKSbIT_T0_T1_EPKS3_
 .text._ZStplIcSt11char_traitsIcESaIcEESbIT_T0_T1_EPKS3_RKS6_
                0x000109b0       0x8c ./UltraHeatDriver/UltraHeatDriver.o
                0x000109b0                _ZStplIcSt11char_traitsIcESaIcEESbIT_T0_T1_EPKS3_RKS6_
 .text._ZStplIcSt11char_traitsIcESaIcEESbIT_T0_T1_ERKS6_PKS3_
                0x00010a3c       0x4c ./UltraHeatDriver/UltraHeatDriver.o
                0x00010a3c                _ZStplIcSt11char_traitsIcESaIcEESbIT_T0_T1_ERKS6_PKS3_
 .text._ZNSt4listIP16CommandParameterSaIS1_EEC2Ev
                0x00010a88       0x2c ./UltraHeatDriver/UltraHeatDriver.o
                0x00010a88                _ZNSt4listIP16CommandParameterSaIS1_EEC2Ev
                0x00010a88                _ZNSt4listIP16CommandParameterSaIS1_EEC1Ev
 .text._ZNSt14_List_iteratorIP16CommandParameterEC2Ev
                0x00010ab4       0x30 ./UltraHeatDriver/UltraHeatDriver.o
                0x00010ab4                _ZNSt14_List_iteratorIP16CommandParameterEC1Ev
                0x00010ab4                _ZNSt14_List_iteratorIP16CommandParameterEC2Ev
 .text._ZNSt4listIP16CommandParameterSaIS1_EE5beginEv
                0x00010ae4       0x38 ./UltraHeatDriver/UltraHeatDriver.o
                0x00010ae4                _ZNSt4listIP16CommandParameterSaIS1_EE5beginEv
 .text._ZNSt4listIP16CommandParameterSaIS1_EE3endEv
                0x00010b1c       0x34 ./UltraHeatDriver/UltraHeatDriver.o
                0x00010b1c                _ZNSt4listIP16CommandParameterSaIS1_EE3endEv
 .text._ZNKSt14_List_iteratorIP16CommandParameterEneERKS2_
                0x00010b50       0x44 ./UltraHeatDriver/UltraHeatDriver.o
                0x00010b50                _ZNKSt14_List_iteratorIP16CommandParameterEneERKS2_
 .text._ZNSt14_List_iteratorIP16CommandParameterEppEi
                0x00010b94       0x48 ./UltraHeatDriver/UltraHeatDriver.o
                0x00010b94                _ZNSt14_List_iteratorIP16CommandParameterEppEi
 .text._ZNKSt14_List_iteratorIP16CommandParameterEdeEv
                0x00010bdc       0x2c ./UltraHeatDriver/UltraHeatDriver.o
                0x00010bdc                _ZNKSt14_List_iteratorIP16CommandParameterEdeEv
 .text._ZNSt4listIP16CommandParameterSaIS1_EE9push_backERKS1_
                0x00010c08       0x38 ./UltraHeatDriver/UltraHeatDriver.o
                0x00010c08                _ZNSt4listIP16CommandParameterSaIS1_EE9push_backERKS1_
 .text._ZNSt4listI7CommandSaIS0_EE9push_backERKS0_
                0x00010c40       0x38 ./UltraHeatDriver/UltraHeatDriver.o
                0x00010c40                _ZNSt4listI7CommandSaIS0_EE9push_backERKS0_
 .text._ZNSt4listI7CommandSaIS0_EEC2Ev
                0x00010c78       0x2c ./UltraHeatDriver/UltraHeatDriver.o
                0x00010c78                _ZNSt4listI7CommandSaIS0_EEC1Ev
                0x00010c78                _ZNSt4listI7CommandSaIS0_EEC2Ev
 .text._ZNSt10_List_baseI7CommandSaIS0_EE10_List_implD2Ev
                0x00010ca4       0x28 ./UltraHeatDriver/UltraHeatDriver.o
                0x00010ca4                _ZNSt10_List_baseI7CommandSaIS0_EE10_List_implD1Ev
                0x00010ca4                _ZNSt10_List_baseI7CommandSaIS0_EE10_List_implD2Ev
 .text._ZNSt10_List_baseI7CommandSaIS0_EED2Ev
                0x00010ccc       0x44 ./UltraHeatDriver/UltraHeatDriver.o
                0x00010ccc                _ZNSt10_List_baseI7CommandSaIS0_EED1Ev
                0x00010ccc                _ZNSt10_List_baseI7CommandSaIS0_EED2Ev
 .text._ZNSt14_List_iteratorI7CommandEC2Ev
                0x00010d10       0x30 ./UltraHeatDriver/UltraHeatDriver.o
                0x00010d10                _ZNSt14_List_iteratorI7CommandEC2Ev
                0x00010d10                _ZNSt14_List_iteratorI7CommandEC1Ev
 .text._ZNSt4listI7CommandSaIS0_EE5beginEv
                0x00010d40       0x38 ./UltraHeatDriver/UltraHeatDriver.o
                0x00010d40                _ZNSt4listI7CommandSaIS0_EE5beginEv
 .text._ZNSt4listI7CommandSaIS0_EE3endEv
                0x00010d78       0x34 ./UltraHeatDriver/UltraHeatDriver.o
                0x00010d78                _ZNSt4listI7CommandSaIS0_EE3endEv
 .text._ZNKSt14_List_iteratorI7CommandEneERKS1_
                0x00010dac       0x44 ./UltraHeatDriver/UltraHeatDriver.o
                0x00010dac                _ZNKSt14_List_iteratorI7CommandEneERKS1_
 .text._ZNSt14_List_iteratorI7CommandEppEi
                0x00010df0       0x48 ./UltraHeatDriver/UltraHeatDriver.o
                0x00010df0                _ZNSt14_List_iteratorI7CommandEppEi
 .text._ZNKSt14_List_iteratorI7CommandEdeEv
                0x00010e38       0x2c ./UltraHeatDriver/UltraHeatDriver.o
                0x00010e38                _ZNKSt14_List_iteratorI7CommandEdeEv
 .text._ZNSt10_List_baseIP16CommandParameterSaIS1_EE10_List_implD2Ev
                0x00010e64       0x28 ./UltraHeatDriver/UltraHeatDriver.o
                0x00010e64                _ZNSt10_List_baseIP16CommandParameterSaIS1_EE10_List_implD1Ev
                0x00010e64                _ZNSt10_List_baseIP16CommandParameterSaIS1_EE10_List_implD2Ev
 .text._ZNSt10_List_baseIP16CommandParameterSaIS1_EEC2Ev
                0x00010e8c       0x44 ./UltraHeatDriver/UltraHeatDriver.o
                0x00010e8c                _ZNSt10_List_baseIP16CommandParameterSaIS1_EEC2Ev
                0x00010e8c                _ZNSt10_List_baseIP16CommandParameterSaIS1_EEC1Ev
 .text._ZNSt14_List_iteratorIP16CommandParameterEC2EPNSt8__detail15_List_node_baseE
                0x00010ed0       0x34 ./UltraHeatDriver/UltraHeatDriver.o
                0x00010ed0                _ZNSt14_List_iteratorIP16CommandParameterEC2EPNSt8__detail15_List_node_baseE
                0x00010ed0                _ZNSt14_List_iteratorIP16CommandParameterEC1EPNSt8__detail15_List_node_baseE
 .text._ZNSt4listIP16CommandParameterSaIS1_EE9_M_insertESt14_List_iteratorIS1_ERKS1_
                0x00010f04       0x48 ./UltraHeatDriver/UltraHeatDriver.o
                0x00010f04                _ZNSt4listIP16CommandParameterSaIS1_EE9_M_insertESt14_List_iteratorIS1_ERKS1_
 .text._ZNSt4listI7CommandSaIS0_EE9_M_insertESt14_List_iteratorIS0_ERKS0_
                0x00010f4c       0x48 ./UltraHeatDriver/UltraHeatDriver.o
                0x00010f4c                _ZNSt4listI7CommandSaIS0_EE9_M_insertESt14_List_iteratorIS0_ERKS0_
 .text._ZNSt10_List_baseI7CommandSaIS0_EEC2Ev
                0x00010f94       0x44 ./UltraHeatDriver/UltraHeatDriver.o
                0x00010f94                _ZNSt10_List_baseI7CommandSaIS0_EEC2Ev
                0x00010f94                _ZNSt10_List_baseI7CommandSaIS0_EEC1Ev
 .text._ZNSaISt10_List_nodeI7CommandEED2Ev
                0x00010fd8       0x28 ./UltraHeatDriver/UltraHeatDriver.o
                0x00010fd8                _ZNSaISt10_List_nodeI7CommandEED2Ev
                0x00010fd8                _ZNSaISt10_List_nodeI7CommandEED1Ev
 .text._ZNSt10_List_baseI7CommandSaIS0_EE8_M_clearEv
                0x00011000       0xbc ./UltraHeatDriver/UltraHeatDriver.o
                0x00011000                _ZNSt10_List_baseI7CommandSaIS0_EE8_M_clearEv
 .text._ZNSt14_List_iteratorI7CommandEC2EPNSt8__detail15_List_node_baseE
                0x000110bc       0x34 ./UltraHeatDriver/UltraHeatDriver.o
                0x000110bc                _ZNSt14_List_iteratorI7CommandEC2EPNSt8__detail15_List_node_baseE
                0x000110bc                _ZNSt14_List_iteratorI7CommandEC1EPNSt8__detail15_List_node_baseE
 .text._ZNKSt10_List_baseI7CommandSaIS0_EE21_M_get_Node_allocatorEv
                0x000110f0       0x24 ./UltraHeatDriver/UltraHeatDriver.o
                0x000110f0                _ZNKSt10_List_baseI7CommandSaIS0_EE21_M_get_Node_allocatorEv
 .text._ZNSaI7CommandEC2ISt10_List_nodeIS_EEERKSaIT_E
                0x00011114       0x2c ./UltraHeatDriver/UltraHeatDriver.o
                0x00011114                _ZNSaI7CommandEC2ISt10_List_nodeIS_EEERKSaIT_E
                0x00011114                _ZNSaI7CommandEC1ISt10_List_nodeIS_EEERKSaIT_E
 .text._ZNSaI7CommandED2Ev
                0x00011140       0x28 ./UltraHeatDriver/UltraHeatDriver.o
                0x00011140                _ZNSaI7CommandED1Ev
                0x00011140                _ZNSaI7CommandED2Ev
 .text._ZNSt10_List_baseIP16CommandParameterSaIS1_EE10_List_implC2Ev
                0x00011168       0x40 ./UltraHeatDriver/UltraHeatDriver.o
                0x00011168                _ZNSt10_List_baseIP16CommandParameterSaIS1_EE10_List_implC2Ev
                0x00011168                _ZNSt10_List_baseIP16CommandParameterSaIS1_EE10_List_implC1Ev
 .text._ZNSaISt10_List_nodeIP16CommandParameterEED2Ev
                0x000111a8       0x28 ./UltraHeatDriver/UltraHeatDriver.o
                0x000111a8                _ZNSaISt10_List_nodeIP16CommandParameterEED1Ev
                0x000111a8                _ZNSaISt10_List_nodeIP16CommandParameterEED2Ev
 .text._ZNSt10_List_baseIP16CommandParameterSaIS1_EE7_M_initEv
                0x000111d0       0x34 ./UltraHeatDriver/UltraHeatDriver.o
                0x000111d0                _ZNSt10_List_baseIP16CommandParameterSaIS1_EE7_M_initEv
 .text._ZNSt4listIP16CommandParameterSaIS1_EE14_M_create_nodeERKS1_
                0x00011204       0xc0 ./UltraHeatDriver/UltraHeatDriver.o
                0x00011204                _ZNSt4listIP16CommandParameterSaIS1_EE14_M_create_nodeERKS1_
 .text._ZNSt4listI7CommandSaIS0_EE14_M_create_nodeERKS0_
                0x000112c4       0xc0 ./UltraHeatDriver/UltraHeatDriver.o
                0x000112c4                _ZNSt4listI7CommandSaIS0_EE14_M_create_nodeERKS0_
 .text._ZNSt10_List_baseI7CommandSaIS0_EE10_List_implC2Ev
                0x00011384       0x40 ./UltraHeatDriver/UltraHeatDriver.o
                0x00011384                _ZNSt10_List_baseI7CommandSaIS0_EE10_List_implC2Ev
                0x00011384                _ZNSt10_List_baseI7CommandSaIS0_EE10_List_implC1Ev
 .text._ZNSt10_List_baseI7CommandSaIS0_EE7_M_initEv
                0x000113c4       0x34 ./UltraHeatDriver/UltraHeatDriver.o
                0x000113c4                _ZNSt10_List_baseI7CommandSaIS0_EE7_M_initEv
 .text._ZN9__gnu_cxx13new_allocatorISt10_List_nodeI7CommandEED2Ev
                0x000113f8       0x24 ./UltraHeatDriver/UltraHeatDriver.o
                0x000113f8                _ZN9__gnu_cxx13new_allocatorISt10_List_nodeI7CommandEED2Ev
                0x000113f8                _ZN9__gnu_cxx13new_allocatorISt10_List_nodeI7CommandEED1Ev
 .text._ZNKSt10_List_baseI7CommandSaIS0_EE19_M_get_Tp_allocatorEv
                0x0001141c       0x38 ./UltraHeatDriver/UltraHeatDriver.o
                0x0001141c                _ZNKSt10_List_baseI7CommandSaIS0_EE19_M_get_Tp_allocatorEv
 .text._ZSt11__addressofI7CommandEPT_RS1_
                0x00011454       0x24 ./UltraHeatDriver/UltraHeatDriver.o
                0x00011454                _ZSt11__addressofI7CommandEPT_RS1_
 .text._ZN9__gnu_cxx13new_allocatorI7CommandE7destroyEPS1_
                0x00011478       0x30 ./UltraHeatDriver/UltraHeatDriver.o
                0x00011478                _ZN9__gnu_cxx13new_allocatorI7CommandE7destroyEPS1_
 .text._ZNSt10_List_baseI7CommandSaIS0_EE11_M_put_nodeEPSt10_List_nodeIS0_E
                0x000114a8       0x30 ./UltraHeatDriver/UltraHeatDriver.o
                0x000114a8                _ZNSt10_List_baseI7CommandSaIS0_EE11_M_put_nodeEPSt10_List_nodeIS0_E
 .text._ZN9__gnu_cxx13new_allocatorI7CommandEC2Ev
                0x000114d8       0x24 ./UltraHeatDriver/UltraHeatDriver.o
                0x000114d8                _ZN9__gnu_cxx13new_allocatorI7CommandEC2Ev
                0x000114d8                _ZN9__gnu_cxx13new_allocatorI7CommandEC1Ev
 .text._ZN9__gnu_cxx13new_allocatorI7CommandED2Ev
                0x000114fc       0x24 ./UltraHeatDriver/UltraHeatDriver.o
                0x000114fc                _ZN9__gnu_cxx13new_allocatorI7CommandED1Ev
                0x000114fc                _ZN9__gnu_cxx13new_allocatorI7CommandED2Ev
 .text._ZNSaISt10_List_nodeIP16CommandParameterEEC2Ev
                0x00011520       0x28 ./UltraHeatDriver/UltraHeatDriver.o
                0x00011520                _ZNSaISt10_List_nodeIP16CommandParameterEEC2Ev
                0x00011520                _ZNSaISt10_List_nodeIP16CommandParameterEEC1Ev
 .text._ZN9__gnu_cxx13new_allocatorISt10_List_nodeIP16CommandParameterEED2Ev
                0x00011548       0x24 ./UltraHeatDriver/UltraHeatDriver.o
                0x00011548                _ZN9__gnu_cxx13new_allocatorISt10_List_nodeIP16CommandParameterEED1Ev
                0x00011548                _ZN9__gnu_cxx13new_allocatorISt10_List_nodeIP16CommandParameterEED2Ev
 .text._ZNKSt10_List_baseIP16CommandParameterSaIS1_EE19_M_get_Tp_allocatorEv
                0x0001156c       0x38 ./UltraHeatDriver/UltraHeatDriver.o
                0x0001156c                _ZNKSt10_List_baseIP16CommandParameterSaIS1_EE19_M_get_Tp_allocatorEv
 .text._ZNSaIP16CommandParameterED2Ev
                0x000115a4       0x28 ./UltraHeatDriver/UltraHeatDriver.o
                0x000115a4                _ZNSaIP16CommandParameterED1Ev
                0x000115a4                _ZNSaIP16CommandParameterED2Ev
 .text._ZSt11__addressofIP16CommandParameterEPT_RS2_
                0x000115cc       0x24 ./UltraHeatDriver/UltraHeatDriver.o
                0x000115cc                _ZSt11__addressofIP16CommandParameterEPT_RS2_
 .text._ZNSt10_List_baseIP16CommandParameterSaIS1_EE11_M_put_nodeEPSt10_List_nodeIS1_E
                0x000115f0       0x30 ./UltraHeatDriver/UltraHeatDriver.o
                0x000115f0                _ZNSt10_List_baseIP16CommandParameterSaIS1_EE11_M_put_nodeEPSt10_List_nodeIS1_E
 .text._ZNSt10_List_baseIP16CommandParameterSaIS1_EE11_M_get_nodeEv
                0x00011620       0x34 ./UltraHeatDriver/UltraHeatDriver.o
                0x00011620                _ZNSt10_List_baseIP16CommandParameterSaIS1_EE11_M_get_nodeEv
 .text._ZN9__gnu_cxx13new_allocatorIP16CommandParameterE9constructEPS2_RKS2_
                0x00011654       0x48 ./UltraHeatDriver/UltraHeatDriver.o
                0x00011654                _ZN9__gnu_cxx13new_allocatorIP16CommandParameterE9constructEPS2_RKS2_
 .text._ZNSt10_List_baseI7CommandSaIS0_EE11_M_get_nodeEv
                0x0001169c       0x34 ./UltraHeatDriver/UltraHeatDriver.o
                0x0001169c                _ZNSt10_List_baseI7CommandSaIS0_EE11_M_get_nodeEv
 .text._ZN9__gnu_cxx13new_allocatorI7CommandE9constructEPS1_RKS1_
                0x000116d0       0x5c ./UltraHeatDriver/UltraHeatDriver.o
                0x000116d0                _ZN9__gnu_cxx13new_allocatorI7CommandE9constructEPS1_RKS1_
 .text._ZNSaISt10_List_nodeI7CommandEEC2Ev
                0x0001172c       0x28 ./UltraHeatDriver/UltraHeatDriver.o
                0x0001172c                _ZNSaISt10_List_nodeI7CommandEEC2Ev
                0x0001172c                _ZNSaISt10_List_nodeI7CommandEEC1Ev
 .text._ZN9__gnu_cxx13new_allocatorISt10_List_nodeI7CommandEE10deallocateEPS3_j
                0x00011754       0x28 ./UltraHeatDriver/UltraHeatDriver.o
                0x00011754                _ZN9__gnu_cxx13new_allocatorISt10_List_nodeI7CommandEE10deallocateEPS3_j
 .text._ZN9__gnu_cxx13new_allocatorISt10_List_nodeI7CommandEEC2Ev
                0x0001177c       0x24 ./UltraHeatDriver/UltraHeatDriver.o
                0x0001177c                _ZN9__gnu_cxx13new_allocatorISt10_List_nodeI7CommandEEC1Ev
                0x0001177c                _ZN9__gnu_cxx13new_allocatorISt10_List_nodeI7CommandEEC2Ev
 .text._ZN9__gnu_cxx13new_allocatorISt10_List_nodeIP16CommandParameterEEC2Ev
                0x000117a0       0x24 ./UltraHeatDriver/UltraHeatDriver.o
                0x000117a0                _ZN9__gnu_cxx13new_allocatorISt10_List_nodeIP16CommandParameterEEC2Ev
                0x000117a0                _ZN9__gnu_cxx13new_allocatorISt10_List_nodeIP16CommandParameterEEC1Ev
 .text._ZNKSt10_List_baseIP16CommandParameterSaIS1_EE21_M_get_Node_allocatorEv
                0x000117c4       0x24 ./UltraHeatDriver/UltraHeatDriver.o
                0x000117c4                _ZNKSt10_List_baseIP16CommandParameterSaIS1_EE21_M_get_Node_allocatorEv
 .text._ZNSaIP16CommandParameterEC2ISt10_List_nodeIS0_EEERKSaIT_E
                0x000117e8       0x2c ./UltraHeatDriver/UltraHeatDriver.o
                0x000117e8                _ZNSaIP16CommandParameterEC2ISt10_List_nodeIS0_EEERKSaIT_E
                0x000117e8                _ZNSaIP16CommandParameterEC1ISt10_List_nodeIS0_EEERKSaIT_E
 .text._ZN9__gnu_cxx13new_allocatorIP16CommandParameterED2Ev
                0x00011814       0x24 ./UltraHeatDriver/UltraHeatDriver.o
                0x00011814                _ZN9__gnu_cxx13new_allocatorIP16CommandParameterED1Ev
                0x00011814                _ZN9__gnu_cxx13new_allocatorIP16CommandParameterED2Ev
 .text._ZN9__gnu_cxx13new_allocatorISt10_List_nodeIP16CommandParameterEE10deallocateEPS4_j
                0x00011838       0x28 ./UltraHeatDriver/UltraHeatDriver.o
                0x00011838                _ZN9__gnu_cxx13new_allocatorISt10_List_nodeIP16CommandParameterEE10deallocateEPS4_j
 .text._ZN9__gnu_cxx13new_allocatorISt10_List_nodeIP16CommandParameterEE8allocateEjPKv
                0x00011860       0x70 ./UltraHeatDriver/UltraHeatDriver.o
                0x00011860                _ZN9__gnu_cxx13new_allocatorISt10_List_nodeIP16CommandParameterEE8allocateEjPKv
 .text._ZN9__gnu_cxx13new_allocatorISt10_List_nodeI7CommandEE8allocateEjPKv
                0x000118d0       0x70 ./UltraHeatDriver/UltraHeatDriver.o
                0x000118d0                _ZN9__gnu_cxx13new_allocatorISt10_List_nodeI7CommandEE8allocateEjPKv
 .text._ZN9__gnu_cxx13new_allocatorIP16CommandParameterEC2Ev
                0x00011940       0x24 ./UltraHeatDriver/UltraHeatDriver.o
                0x00011940                _ZN9__gnu_cxx13new_allocatorIP16CommandParameterEC2Ev
                0x00011940                _ZN9__gnu_cxx13new_allocatorIP16CommandParameterEC1Ev
 .text._ZNK9__gnu_cxx13new_allocatorISt10_List_nodeIP16CommandParameterEE8max_sizeEv
                0x00011964       0x28 ./UltraHeatDriver/UltraHeatDriver.o
                0x00011964                _ZNK9__gnu_cxx13new_allocatorISt10_List_nodeIP16CommandParameterEE8max_sizeEv
 .text._ZNK9__gnu_cxx13new_allocatorISt10_List_nodeI7CommandEE8max_sizeEv
                0x0001198c       0x28 ./UltraHeatDriver/UltraHeatDriver.o
                0x0001198c                _ZNK9__gnu_cxx13new_allocatorISt10_List_nodeI7CommandEE8max_sizeEv
 .text          0x000119b4     0x1f30 ./SysfsGenericGPIODriver/SysfsGenericGPIODriver.o
                0x000119b4                _ZN22SysfsGenericGPIODriverC2Ev
                0x000119b4                _ZN22SysfsGenericGPIODriverC1Ev
                0x00011fc0                _ZN22SysfsGenericGPIODriverD1Ev
                0x00011fc0                _ZN22SysfsGenericGPIODriverD2Ev
                0x0001202c                _ZN22SysfsGenericGPIODriverD0Ev
                0x0001205c                _ZN22SysfsGenericGPIODriver4TypeEv
                0x00012088                _ZN22SysfsGenericGPIODriver7VersionEv
                0x000120b4                _ZN22SysfsGenericGPIODriver4NameEv
                0x000120e0                _ZN22SysfsGenericGPIODriver11DescriptionEv
                0x0001210c                _ZN22SysfsGenericGPIODriver9PublisherEv
                0x00012138                _Z14SysfsThreadRunPv
                0x0001221c                _ZN22SysfsGenericGPIODriver9GetStatusEv
                0x00012244                _ZN22SysfsGenericGPIODriver9SetStatusEi
                0x00012270                _ZN22SysfsGenericGPIODriver13GetPortNumberEv
                0x00012298                _ZN22SysfsGenericGPIODriver12GetGpioValueEv
                0x00012350                _ZN22SysfsGenericGPIODriver23SignalPortstatusChangedEv
                0x00012750                _ZN22SysfsGenericGPIODriver21StartPoolingForStatusEv
                0x0001281c                _ZN22SysfsGenericGPIODriver20StopPoolingForStatusEv
                0x00012920                _ZN22SysfsGenericGPIODriver14ExecuteCommandE7Command
                0x00012eec                _ZN22SysfsGenericGPIODriver8CommandsEv
                0x00012fc0                _ZN22SysfsGenericGPIODriver5CloneEv
                0x00013008                _ZN22SysfsGenericGPIODriver10GetCommandEPKc
                0x00013130                _ZN22SysfsGenericGPIODriver8OpenPortEii
                0x000132ac                _ZN22SysfsGenericGPIODriver9ClosePortEi
                0x000132e0                _ZN22SysfsGenericGPIODriver8SetValueEii
                0x00013338                _ZN22SysfsGenericGPIODriver8GetValueEi
                0x00013398                _ZN22SysfsGenericGPIODriver11gpio_exportEj
                0x0001344c                _ZN22SysfsGenericGPIODriver13gpio_unexportEj
                0x00013500                _ZN22SysfsGenericGPIODriver12gpio_set_dirEjj
                0x000135e0                _ZN22SysfsGenericGPIODriver14gpio_set_valueEii
                0x000136a8                _ZN22SysfsGenericGPIODriver14gpio_get_valueEiPi
                0x0001375c                _ZN22SysfsGenericGPIODriver13gpio_set_edgeEjPc
                0x00013788                _ZN22SysfsGenericGPIODriver12gpio_fd_openEj
                0x0001380c                _ZN22SysfsGenericGPIODriver13gpio_fd_closeEi
 .text._ZN14EventParameterC2ERKS_
                0x000138e4       0x58 ./SysfsGenericGPIODriver/SysfsGenericGPIODriver.o
                0x000138e4                _ZN14EventParameterC2ERKS_
                0x000138e4                _ZN14EventParameterC1ERKS_
 .text._ZN14EventParameterC2EPKciS1_
                0x0001393c       0x54 ./SysfsGenericGPIODriver/SysfsGenericGPIODriver.o
                0x0001393c                _ZN14EventParameterC1EPKciS1_
                0x0001393c                _ZN14EventParameterC2EPKciS1_
 .text._ZN14EventParameterD2Ev
                0x00013990       0x24 ./SysfsGenericGPIODriver/SysfsGenericGPIODriver.o
                0x00013990                _ZN14EventParameterD1Ev
                0x00013990                _ZN14EventParameterD2Ev
 .text._ZStplIcSt11char_traitsIcESaIcEESbIT_T0_T1_ERKS6_S8_
                0x000139b4       0x4c ./SysfsGenericGPIODriver/SysfsGenericGPIODriver.o
                0x000139b4                _ZStplIcSt11char_traitsIcESaIcEESbIT_T0_T1_ERKS6_S8_
 .text._ZNSt4listI14EventParameterSaIS0_EEC2Ev
                0x00013a00       0x2c ./SysfsGenericGPIODriver/SysfsGenericGPIODriver.o
                0x00013a00                _ZNSt4listI14EventParameterSaIS0_EEC1Ev
                0x00013a00                _ZNSt4listI14EventParameterSaIS0_EEC2Ev
 .text._ZNSt4listI14EventParameterSaIS0_EE9push_backERKS0_
                0x00013a2c       0x38 ./SysfsGenericGPIODriver/SysfsGenericGPIODriver.o
                0x00013a2c                _ZNSt4listI14EventParameterSaIS0_EE9push_backERKS0_
 .text._ZNSt10_List_baseI14EventParameterSaIS0_EE10_List_implD2Ev
                0x00013a64       0x28 ./SysfsGenericGPIODriver/SysfsGenericGPIODriver.o
                0x00013a64                _ZNSt10_List_baseI14EventParameterSaIS0_EE10_List_implD1Ev
                0x00013a64                _ZNSt10_List_baseI14EventParameterSaIS0_EE10_List_implD2Ev
 .text._ZNSt10_List_baseI14EventParameterSaIS0_EEC2Ev
                0x00013a8c       0x44 ./SysfsGenericGPIODriver/SysfsGenericGPIODriver.o
                0x00013a8c                _ZNSt10_List_baseI14EventParameterSaIS0_EEC1Ev
                0x00013a8c                _ZNSt10_List_baseI14EventParameterSaIS0_EEC2Ev
 .text._ZNSt4listI14EventParameterSaIS0_EE3endEv
                0x00013ad0       0x34 ./SysfsGenericGPIODriver/SysfsGenericGPIODriver.o
                0x00013ad0                _ZNSt4listI14EventParameterSaIS0_EE3endEv
 .text._ZNSt4listI14EventParameterSaIS0_EE9_M_insertESt14_List_iteratorIS0_ERKS0_
                0x00013b04       0x48 ./SysfsGenericGPIODriver/SysfsGenericGPIODriver.o
                0x00013b04                _ZNSt4listI14EventParameterSaIS0_EE9_M_insertESt14_List_iteratorIS0_ERKS0_
 .text._ZNSt10_List_baseI14EventParameterSaIS0_EE10_List_implC2Ev
                0x00013b4c       0x40 ./SysfsGenericGPIODriver/SysfsGenericGPIODriver.o
                0x00013b4c                _ZNSt10_List_baseI14EventParameterSaIS0_EE10_List_implC2Ev
                0x00013b4c                _ZNSt10_List_baseI14EventParameterSaIS0_EE10_List_implC1Ev
 .text._ZNSaISt10_List_nodeI14EventParameterEED2Ev
                0x00013b8c       0x28 ./SysfsGenericGPIODriver/SysfsGenericGPIODriver.o
                0x00013b8c                _ZNSaISt10_List_nodeI14EventParameterEED2Ev
                0x00013b8c                _ZNSaISt10_List_nodeI14EventParameterEED1Ev
 .text._ZNSt10_List_baseI14EventParameterSaIS0_EE7_M_initEv
                0x00013bb4       0x34 ./SysfsGenericGPIODriver/SysfsGenericGPIODriver.o
                0x00013bb4                _ZNSt10_List_baseI14EventParameterSaIS0_EE7_M_initEv
 .text._ZNSt14_List_iteratorI14EventParameterEC2EPNSt8__detail15_List_node_baseE
                0x00013be8       0x34 ./SysfsGenericGPIODriver/SysfsGenericGPIODriver.o
                0x00013be8                _ZNSt14_List_iteratorI14EventParameterEC2EPNSt8__detail15_List_node_baseE
                0x00013be8                _ZNSt14_List_iteratorI14EventParameterEC1EPNSt8__detail15_List_node_baseE
 .text._ZNSt4listI14EventParameterSaIS0_EE14_M_create_nodeERKS0_
                0x00013c1c       0xc0 ./SysfsGenericGPIODriver/SysfsGenericGPIODriver.o
                0x00013c1c                _ZNSt4listI14EventParameterSaIS0_EE14_M_create_nodeERKS0_
 .text._ZNSaISt10_List_nodeI14EventParameterEEC2Ev
                0x00013cdc       0x28 ./SysfsGenericGPIODriver/SysfsGenericGPIODriver.o
                0x00013cdc                _ZNSaISt10_List_nodeI14EventParameterEEC1Ev
                0x00013cdc                _ZNSaISt10_List_nodeI14EventParameterEEC2Ev
 .text._ZN9__gnu_cxx13new_allocatorISt10_List_nodeI14EventParameterEED2Ev
                0x00013d04       0x24 ./SysfsGenericGPIODriver/SysfsGenericGPIODriver.o
                0x00013d04                _ZN9__gnu_cxx13new_allocatorISt10_List_nodeI14EventParameterEED1Ev
                0x00013d04                _ZN9__gnu_cxx13new_allocatorISt10_List_nodeI14EventParameterEED2Ev
 .text._ZNKSt10_List_baseI14EventParameterSaIS0_EE19_M_get_Tp_allocatorEv
                0x00013d28       0x38 ./SysfsGenericGPIODriver/SysfsGenericGPIODriver.o
                0x00013d28                _ZNKSt10_List_baseI14EventParameterSaIS0_EE19_M_get_Tp_allocatorEv
 .text._ZNSaI14EventParameterED2Ev
                0x00013d60       0x28 ./SysfsGenericGPIODriver/SysfsGenericGPIODriver.o
                0x00013d60                _ZNSaI14EventParameterED2Ev
                0x00013d60                _ZNSaI14EventParameterED1Ev
 .text._ZSt11__addressofI14EventParameterEPT_RS1_
                0x00013d88       0x24 ./SysfsGenericGPIODriver/SysfsGenericGPIODriver.o
                0x00013d88                _ZSt11__addressofI14EventParameterEPT_RS1_
 .text._ZNSt10_List_baseI14EventParameterSaIS0_EE11_M_put_nodeEPSt10_List_nodeIS0_E
                0x00013dac       0x30 ./SysfsGenericGPIODriver/SysfsGenericGPIODriver.o
                0x00013dac                _ZNSt10_List_baseI14EventParameterSaIS0_EE11_M_put_nodeEPSt10_List_nodeIS0_E
 .text._ZNSt10_List_baseI14EventParameterSaIS0_EE11_M_get_nodeEv
                0x00013ddc       0x34 ./SysfsGenericGPIODriver/SysfsGenericGPIODriver.o
                0x00013ddc                _ZNSt10_List_baseI14EventParameterSaIS0_EE11_M_get_nodeEv
 .text._ZN9__gnu_cxx13new_allocatorI14EventParameterE9constructEPS1_RKS1_
                0x00013e10       0x48 ./SysfsGenericGPIODriver/SysfsGenericGPIODriver.o
                0x00013e10                _ZN9__gnu_cxx13new_allocatorI14EventParameterE9constructEPS1_RKS1_
 .text._ZN9__gnu_cxx13new_allocatorISt10_List_nodeI14EventParameterEEC2Ev
                0x00013e58       0x24 ./SysfsGenericGPIODriver/SysfsGenericGPIODriver.o
                0x00013e58                _ZN9__gnu_cxx13new_allocatorISt10_List_nodeI14EventParameterEEC2Ev
                0x00013e58                _ZN9__gnu_cxx13new_allocatorISt10_List_nodeI14EventParameterEEC1Ev
 .text._ZNKSt10_List_baseI14EventParameterSaIS0_EE21_M_get_Node_allocatorEv
                0x00013e7c       0x24 ./SysfsGenericGPIODriver/SysfsGenericGPIODriver.o
                0x00013e7c                _ZNKSt10_List_baseI14EventParameterSaIS0_EE21_M_get_Node_allocatorEv
 .text._ZNSaI14EventParameterEC2ISt10_List_nodeIS_EEERKSaIT_E
                0x00013ea0       0x2c ./SysfsGenericGPIODriver/SysfsGenericGPIODriver.o
                0x00013ea0                _ZNSaI14EventParameterEC1ISt10_List_nodeIS_EEERKSaIT_E
                0x00013ea0                _ZNSaI14EventParameterEC2ISt10_List_nodeIS_EEERKSaIT_E
 .text._ZN9__gnu_cxx13new_allocatorI14EventParameterED2Ev
                0x00013ecc       0x24 ./SysfsGenericGPIODriver/SysfsGenericGPIODriver.o
                0x00013ecc                _ZN9__gnu_cxx13new_allocatorI14EventParameterED2Ev
                0x00013ecc                _ZN9__gnu_cxx13new_allocatorI14EventParameterED1Ev
 .text._ZN9__gnu_cxx13new_allocatorISt10_List_nodeI14EventParameterEE10deallocateEPS3_j
                0x00013ef0       0x28 ./SysfsGenericGPIODriver/SysfsGenericGPIODriver.o
                0x00013ef0                _ZN9__gnu_cxx13new_allocatorISt10_List_nodeI14EventParameterEE10deallocateEPS3_j
 .text._ZN9__gnu_cxx13new_allocatorISt10_List_nodeI14EventParameterEE8allocateEjPKv
                0x00013f18       0x70 ./SysfsGenericGPIODriver/SysfsGenericGPIODriver.o
                0x00013f18                _ZN9__gnu_cxx13new_allocatorISt10_List_nodeI14EventParameterEE8allocateEjPKv
 .text._ZN9__gnu_cxx13new_allocatorI14EventParameterEC2Ev
                0x00013f88       0x24 ./SysfsGenericGPIODriver/SysfsGenericGPIODriver.o
                0x00013f88                _ZN9__gnu_cxx13new_allocatorI14EventParameterEC1Ev
                0x00013f88                _ZN9__gnu_cxx13new_allocatorI14EventParameterEC2Ev
 .text._ZNK9__gnu_cxx13new_allocatorISt10_List_nodeI14EventParameterEE8max_sizeEv
                0x00013fac       0x28 ./SysfsGenericGPIODriver/SysfsGenericGPIODriver.o
                0x00013fac                _ZNK9__gnu_cxx13new_allocatorISt10_List_nodeI14EventParameterEE8max_sizeEv
 .text          0x00013fd4     0x1ad8 ./SysfsInputDriver/SysfsInputDriver.o
                0x00013fd4                _ZN16SysfsInputDriverC1Ev
                0x00013fd4                _ZN16SysfsInputDriverC2Ev
                0x000144b4                _ZN16SysfsInputDriverD1Ev
                0x000144b4                _ZN16SysfsInputDriverD2Ev
                0x00014520                _ZN16SysfsInputDriverD0Ev
                0x00014550                _ZN16SysfsInputDriver4TypeEv
                0x0001457c                _ZN16SysfsInputDriver7VersionEv
                0x000145a8                _ZN16SysfsInputDriver4NameEv
                0x000145d4                _ZN16SysfsInputDriver11DescriptionEv
                0x00014600                _ZN16SysfsInputDriver9PublisherEv
                0x0001462c                _Z19SysfsInputThreadRunPv
                0x00014710                _ZN16SysfsInputDriver9GetStatusEv
                0x00014738                _ZN16SysfsInputDriver9SetStatusEi
                0x00014764                _ZN16SysfsInputDriver13GetPortNumberEv
                0x0001478c                _ZN16SysfsInputDriver12GetGpioValueEv
                0x00014844                _ZN16SysfsInputDriver23SignalPortstatusChangedEv
                0x00014c44                _ZN16SysfsInputDriver21StartPoolingForStatusEv
                0x00014d10                _ZN16SysfsInputDriver20StopPoolingForStatusEv
                0x00014d98                _ZN16SysfsInputDriver14ExecuteCommandE7Command
                0x00015054                _ZN16SysfsInputDriver8CommandsEv
                0x00015128                _ZN16SysfsInputDriver5CloneEv
                0x00015170                _ZN16SysfsInputDriver10GetCommandEPKc
                0x00015298                _ZN16SysfsInputDriver8OpenPortEii
                0x00015474                _ZN16SysfsInputDriver9ClosePortEi
                0x000154a8                _ZN16SysfsInputDriver8SetValueEii
                0x00015500                _ZN16SysfsInputDriver8GetValueEi
                0x00015560                _ZN16SysfsInputDriver11gpio_exportEj
                0x00015614                _ZN16SysfsInputDriver13gpio_unexportEj
                0x000156c8                _ZN16SysfsInputDriver12gpio_set_dirEjj
                0x000157a8                _ZN16SysfsInputDriver14gpio_set_valueEii
                0x00015870                _ZN16SysfsInputDriver14gpio_get_valueEiPi
                0x00015924                _ZN16SysfsInputDriver13gpio_set_edgeEjPc
                0x00015950                _ZN16SysfsInputDriver12gpio_fd_openEj
                0x000159d4                _ZN16SysfsInputDriver13gpio_fd_closeEi
 .text._ZNSt4listI5EventSaIS0_EE9push_backERKS0_
                0x00015aac       0x38 ./SysfsInputDriver/SysfsInputDriver.o
                0x00015aac                _ZNSt4listI5EventSaIS0_EE9push_backERKS0_
 .text._ZNSt4listI5EventSaIS0_EE3endEv
                0x00015ae4       0x34 ./SysfsInputDriver/SysfsInputDriver.o
                0x00015ae4                _ZNSt4listI5EventSaIS0_EE3endEv
 .text._ZNSt4listI5EventSaIS0_EE9_M_insertESt14_List_iteratorIS0_ERKS0_
                0x00015b18       0x48 ./SysfsInputDriver/SysfsInputDriver.o
                0x00015b18                _ZNSt4listI5EventSaIS0_EE9_M_insertESt14_List_iteratorIS0_ERKS0_
 .text._ZNSt14_List_iteratorI5EventEC2EPNSt8__detail15_List_node_baseE
                0x00015b60       0x34 ./SysfsInputDriver/SysfsInputDriver.o
                0x00015b60                _ZNSt14_List_iteratorI5EventEC2EPNSt8__detail15_List_node_baseE
                0x00015b60                _ZNSt14_List_iteratorI5EventEC1EPNSt8__detail15_List_node_baseE
 .text._ZNSt4listI5EventSaIS0_EE14_M_create_nodeERKS0_
                0x00015b94       0xc0 ./SysfsInputDriver/SysfsInputDriver.o
                0x00015b94                _ZNSt4listI5EventSaIS0_EE14_M_create_nodeERKS0_
 .text._ZNSt10_List_baseI5EventSaIS0_EE11_M_get_nodeEv
                0x00015c54       0x34 ./SysfsInputDriver/SysfsInputDriver.o
                0x00015c54                _ZNSt10_List_baseI5EventSaIS0_EE11_M_get_nodeEv
 .text._ZNKSt10_List_baseI5EventSaIS0_EE19_M_get_Tp_allocatorEv
                0x00015c88       0x38 ./SysfsInputDriver/SysfsInputDriver.o
                0x00015c88                _ZNKSt10_List_baseI5EventSaIS0_EE19_M_get_Tp_allocatorEv
 .text._ZNSaI5EventED2Ev
                0x00015cc0       0x28 ./SysfsInputDriver/SysfsInputDriver.o
                0x00015cc0                _ZNSaI5EventED1Ev
                0x00015cc0                _ZNSaI5EventED2Ev
 .text._ZSt11__addressofI5EventEPT_RS1_
                0x00015ce8       0x24 ./SysfsInputDriver/SysfsInputDriver.o
                0x00015ce8                _ZSt11__addressofI5EventEPT_RS1_
 .text._ZN9__gnu_cxx13new_allocatorI5EventE9constructEPS1_RKS1_
                0x00015d0c       0x5c ./SysfsInputDriver/SysfsInputDriver.o
                0x00015d0c                _ZN9__gnu_cxx13new_allocatorI5EventE9constructEPS1_RKS1_
 .text._ZNSt10_List_baseI5EventSaIS0_EE11_M_put_nodeEPSt10_List_nodeIS0_E
                0x00015d68       0x30 ./SysfsInputDriver/SysfsInputDriver.o
                0x00015d68                _ZNSt10_List_baseI5EventSaIS0_EE11_M_put_nodeEPSt10_List_nodeIS0_E
 .text._ZN9__gnu_cxx13new_allocatorISt10_List_nodeI5EventEE8allocateEjPKv
                0x00015d98       0x70 ./SysfsInputDriver/SysfsInputDriver.o
                0x00015d98                _ZN9__gnu_cxx13new_allocatorISt10_List_nodeI5EventEE8allocateEjPKv
 .text._ZNKSt10_List_baseI5EventSaIS0_EE21_M_get_Node_allocatorEv
                0x00015e08       0x24 ./SysfsInputDriver/SysfsInputDriver.o
                0x00015e08                _ZNKSt10_List_baseI5EventSaIS0_EE21_M_get_Node_allocatorEv
 .text._ZNSaI5EventEC2ISt10_List_nodeIS_EEERKSaIT_E
                0x00015e2c       0x2c ./SysfsInputDriver/SysfsInputDriver.o
                0x00015e2c                _ZNSaI5EventEC1ISt10_List_nodeIS_EEERKSaIT_E
                0x00015e2c                _ZNSaI5EventEC2ISt10_List_nodeIS_EEERKSaIT_E
 .text._ZN9__gnu_cxx13new_allocatorI5EventED2Ev
                0x00015e58       0x24 ./SysfsInputDriver/SysfsInputDriver.o
                0x00015e58                _ZN9__gnu_cxx13new_allocatorI5EventED1Ev
                0x00015e58                _ZN9__gnu_cxx13new_allocatorI5EventED2Ev
 .text._ZN9__gnu_cxx13new_allocatorISt10_List_nodeI5EventEE10deallocateEPS3_j
                0x00015e7c       0x28 ./SysfsInputDriver/SysfsInputDriver.o
                0x00015e7c                _ZN9__gnu_cxx13new_allocatorISt10_List_nodeI5EventEE10deallocateEPS3_j
 .text._ZNK9__gnu_cxx13new_allocatorISt10_List_nodeI5EventEE8max_sizeEv
                0x00015ea4       0x28 ./SysfsInputDriver/SysfsInputDriver.o
                0x00015ea4                _ZNK9__gnu_cxx13new_allocatorISt10_List_nodeI5EventEE8max_sizeEv
 .text._ZN9__gnu_cxx13new_allocatorI5EventEC2Ev
                0x00015ecc       0x24 ./SysfsInputDriver/SysfsInputDriver.o
                0x00015ecc                _ZN9__gnu_cxx13new_allocatorI5EventEC2Ev
                0x00015ecc                _ZN9__gnu_cxx13new_allocatorI5EventEC1Ev
 .text          0x00015ef0     0x1634 ./SysfsOutputDriver/SysfsOutputDriver.o
                0x00015ef0                _ZN17SysfsOutputDriverC1Ev
                0x00015ef0                _ZN17SysfsOutputDriverC2Ev
                0x000163e8                _ZN17SysfsOutputDriverD2Ev
                0x000163e8                _ZN17SysfsOutputDriverD1Ev
                0x00016454                _ZN17SysfsOutputDriverD0Ev
                0x00016484                _ZN17SysfsOutputDriver4TypeEv
                0x000164b0                _ZN17SysfsOutputDriver7VersionEv
                0x000164dc                _ZN17SysfsOutputDriver4NameEv
                0x00016508                _ZN17SysfsOutputDriver11DescriptionEv
                0x00016534                _ZN17SysfsOutputDriver9PublisherEv
                0x00016560                _ZN17SysfsOutputDriver9GetStatusEv
                0x00016588                _ZN17SysfsOutputDriver9SetStatusEi
                0x000165b4                _ZN17SysfsOutputDriver13GetPortNumberEv
                0x000165dc                _ZN17SysfsOutputDriver12GetGpioValueEv
                0x00016694                _ZN17SysfsOutputDriver14ExecuteCommandE7Command
                0x00016b2c                _ZN17SysfsOutputDriver8CommandsEv
                0x00016c00                _ZN17SysfsOutputDriver5CloneEv
                0x00016c48                _ZN17SysfsOutputDriver10GetCommandEPKc
                0x00016d70                _ZN17SysfsOutputDriver8OpenPortEii
                0x00016eec                _ZN17SysfsOutputDriver9ClosePortEi
                0x00016f20                _ZN17SysfsOutputDriver8SetValueEii
                0x00016f78                _ZN17SysfsOutputDriver8GetValueEi
                0x00016fd8                _ZN17SysfsOutputDriver11gpio_exportEj
                0x0001708c                _ZN17SysfsOutputDriver13gpio_unexportEj
                0x00017140                _ZN17SysfsOutputDriver12gpio_set_dirEjj
                0x00017220                _ZN17SysfsOutputDriver14gpio_set_valueEii
                0x000172e8                _ZN17SysfsOutputDriver14gpio_get_valueEiPi
                0x0001739c                _ZN17SysfsOutputDriver13gpio_set_edgeEjPc
                0x000173c8                _ZN17SysfsOutputDriver12gpio_fd_openEj
                0x0001744c                _ZN17SysfsOutputDriver13gpio_fd_closeEi
 .text          0x00017524      0xea4 ./GPIOLedDriver/GPIOLedDriver.o
                0x00017524                _ZN13GPIOLedDriverC2Ev
                0x00017524                _ZN13GPIOLedDriverC1Ev
                0x00017a1c                _ZN13GPIOLedDriverD1Ev
                0x00017a1c                _ZN13GPIOLedDriverD2Ev
                0x00017a88                _ZN13GPIOLedDriverD0Ev
                0x00017ab8                _ZN13GPIOLedDriver4TypeEv
                0x00017ae4                _ZN13GPIOLedDriver7VersionEv
                0x00017b10                _ZN13GPIOLedDriver4NameEv
                0x00017b3c                _ZN13GPIOLedDriver11DescriptionEv
                0x00017b68                _ZN13GPIOLedDriver9PublisherEv
                0x00017b94                _ZN13GPIOLedDriver14ExecuteCommandE7Command
                0x0001801c                _ZN13GPIOLedDriver8CommandsEv
                0x000180f0                _ZN13GPIOLedDriver5CloneEv
                0x00018138                _ZN13GPIOLedDriver10GetCommandEPKc
                0x00018260                _ZN13GPIOLedDriver8SetValueEii
 .text          0x000183c8     0x12ac ./GPIOKeyDriver/GPIOKeyDriver.o
                0x000183c8                _ZN13GPIOKeyDriverC2Ev
                0x000183c8                _ZN13GPIOKeyDriverC1Ev
                0x000188a8                _ZN13GPIOKeyDriverD1Ev
                0x000188a8                _ZN13GPIOKeyDriverD2Ev
                0x00018914                _ZN13GPIOKeyDriverD0Ev
                0x00018944                _ZN13GPIOKeyDriver4TypeEv
                0x00018970                _ZN13GPIOKeyDriver7VersionEv
                0x0001899c                _ZN13GPIOKeyDriver4NameEv
                0x000189c8                _ZN13GPIOKeyDriver11DescriptionEv
                0x000189f4                _ZN13GPIOKeyDriver9PublisherEv
                0x00018a20                _ZN13GPIOKeyDriver14ExecuteCommandE7Command
                0x00018c80                _ZN13GPIOKeyDriver10GetCommandEPKc
                0x00018da8                _ZN13GPIOKeyDriver8CommandsEv
                0x00018e7c                _ZN13GPIOKeyDriver5CloneEv
                0x00018ec4                _ZN13GPIOKeyDriver8OpenPortEv
                0x00018f38                _ZN13GPIOKeyDriver9ClosePortEv
                0x00018f60                _ZN13GPIOKeyDriver15SetCurrentValueE11input_event
                0x000191e8                _ZN13GPIOKeyDriver9ReadValueEv
                0x0001926c                _Z16ReadKeyThreadRunPv
                0x000192fc                _ZN13GPIOKeyDriver21StartReadingKeyThreadEv
                0x000194c4                _ZN13GPIOKeyDriver20StopReadingKeyThreadEv
                0x000195ac                _ZN13GPIOKeyDriver18UpdateInitialStateEv
 .text          0x00019674      0x3b8 ./EntryPoint.o
                0x00019674                CreateDrivers
 .text._ZNSt4listIP10BaseDriverSaIS1_EED2Ev
                0x00019a2c       0x2c ./EntryPoint.o
                0x00019a2c                _ZNSt4listIP10BaseDriverSaIS1_EED1Ev
                0x00019a2c                _ZNSt4listIP10BaseDriverSaIS1_EED2Ev
 .text._ZNSt4listIP10BaseDriverSaIS1_EEC2Ev
                0x00019a58       0x2c ./EntryPoint.o
                0x00019a58                _ZNSt4listIP10BaseDriverSaIS1_EEC2Ev
                0x00019a58                _ZNSt4listIP10BaseDriverSaIS1_EEC1Ev
 .text._ZNSt10_List_baseIP10BaseDriverSaIS1_EE10_List_implD2Ev
                0x00019a84       0x28 ./EntryPoint.o
                0x00019a84                _ZNSt10_List_baseIP10BaseDriverSaIS1_EE10_List_implD1Ev
                0x00019a84                _ZNSt10_List_baseIP10BaseDriverSaIS1_EE10_List_implD2Ev
 .text._ZNSt10_List_baseIP10BaseDriverSaIS1_EED2Ev
                0x00019aac       0x44 ./EntryPoint.o
                0x00019aac                _ZNSt10_List_baseIP10BaseDriverSaIS1_EED2Ev
                0x00019aac                _ZNSt10_List_baseIP10BaseDriverSaIS1_EED1Ev
 .text._ZNSt4listIP10BaseDriverSaIS1_EE9push_backERKS1_
                0x00019af0       0x38 ./EntryPoint.o
                0x00019af0                _ZNSt4listIP10BaseDriverSaIS1_EE9push_backERKS1_
 .text._ZNSt10_List_baseIP10BaseDriverSaIS1_EEC2Ev
                0x00019b28       0x44 ./EntryPoint.o
                0x00019b28                _ZNSt10_List_baseIP10BaseDriverSaIS1_EEC2Ev
                0x00019b28                _ZNSt10_List_baseIP10BaseDriverSaIS1_EEC1Ev
 .text._ZNSaISt10_List_nodeIP10BaseDriverEED2Ev
                0x00019b6c       0x28 ./EntryPoint.o
                0x00019b6c                _ZNSaISt10_List_nodeIP10BaseDriverEED1Ev
                0x00019b6c                _ZNSaISt10_List_nodeIP10BaseDriverEED2Ev
 .text._ZNSt10_List_baseIP10BaseDriverSaIS1_EE8_M_clearEv
                0x00019b94       0xbc ./EntryPoint.o
                0x00019b94                _ZNSt10_List_baseIP10BaseDriverSaIS1_EE8_M_clearEv
 .text._ZNSt4listIP10BaseDriverSaIS1_EE3endEv
                0x00019c50       0x34 ./EntryPoint.o
                0x00019c50                _ZNSt4listIP10BaseDriverSaIS1_EE3endEv
 .text._ZNSt4listIP10BaseDriverSaIS1_EE9_M_insertESt14_List_iteratorIS1_ERKS1_
                0x00019c84       0x48 ./EntryPoint.o
                0x00019c84                _ZNSt4listIP10BaseDriverSaIS1_EE9_M_insertESt14_List_iteratorIS1_ERKS1_
 .text._ZNKSt10_List_baseIP10BaseDriverSaIS1_EE21_M_get_Node_allocatorEv
                0x00019ccc       0x24 ./EntryPoint.o
                0x00019ccc                _ZNKSt10_List_baseIP10BaseDriverSaIS1_EE21_M_get_Node_allocatorEv
 .text._ZNSaIP10BaseDriverEC2ISt10_List_nodeIS0_EEERKSaIT_E
                0x00019cf0       0x2c ./EntryPoint.o
                0x00019cf0                _ZNSaIP10BaseDriverEC2ISt10_List_nodeIS0_EEERKSaIT_E
                0x00019cf0                _ZNSaIP10BaseDriverEC1ISt10_List_nodeIS0_EEERKSaIT_E
 .text._ZNSaIP10BaseDriverED2Ev
                0x00019d1c       0x28 ./EntryPoint.o
                0x00019d1c                _ZNSaIP10BaseDriverED1Ev
                0x00019d1c                _ZNSaIP10BaseDriverED2Ev
 .text._ZNSt10_List_baseIP10BaseDriverSaIS1_EE10_List_implC2Ev
                0x00019d44       0x40 ./EntryPoint.o
                0x00019d44                _ZNSt10_List_baseIP10BaseDriverSaIS1_EE10_List_implC2Ev
                0x00019d44                _ZNSt10_List_baseIP10BaseDriverSaIS1_EE10_List_implC1Ev
 .text._ZNSt10_List_baseIP10BaseDriverSaIS1_EE7_M_initEv
                0x00019d84       0x34 ./EntryPoint.o
                0x00019d84                _ZNSt10_List_baseIP10BaseDriverSaIS1_EE7_M_initEv
 .text._ZN9__gnu_cxx13new_allocatorISt10_List_nodeIP10BaseDriverEED2Ev
                0x00019db8       0x24 ./EntryPoint.o
                0x00019db8                _ZN9__gnu_cxx13new_allocatorISt10_List_nodeIP10BaseDriverEED1Ev
                0x00019db8                _ZN9__gnu_cxx13new_allocatorISt10_List_nodeIP10BaseDriverEED2Ev
 .text._ZNKSt10_List_baseIP10BaseDriverSaIS1_EE19_M_get_Tp_allocatorEv
                0x00019ddc       0x38 ./EntryPoint.o
                0x00019ddc                _ZNKSt10_List_baseIP10BaseDriverSaIS1_EE19_M_get_Tp_allocatorEv
 .text._ZSt11__addressofIP10BaseDriverEPT_RS2_
                0x00019e14       0x24 ./EntryPoint.o
                0x00019e14                _ZSt11__addressofIP10BaseDriverEPT_RS2_
 .text._ZN9__gnu_cxx13new_allocatorIP10BaseDriverE7destroyEPS2_
                0x00019e38       0x20 ./EntryPoint.o
                0x00019e38                _ZN9__gnu_cxx13new_allocatorIP10BaseDriverE7destroyEPS2_
 .text._ZNSt10_List_baseIP10BaseDriverSaIS1_EE11_M_put_nodeEPSt10_List_nodeIS1_E
                0x00019e58       0x30 ./EntryPoint.o
                0x00019e58                _ZNSt10_List_baseIP10BaseDriverSaIS1_EE11_M_put_nodeEPSt10_List_nodeIS1_E
 .text._ZNSt14_List_iteratorIP10BaseDriverEC2EPNSt8__detail15_List_node_baseE
                0x00019e88       0x34 ./EntryPoint.o
                0x00019e88                _ZNSt14_List_iteratorIP10BaseDriverEC1EPNSt8__detail15_List_node_baseE
                0x00019e88                _ZNSt14_List_iteratorIP10BaseDriverEC2EPNSt8__detail15_List_node_baseE
 .text._ZNSt4listIP10BaseDriverSaIS1_EE14_M_create_nodeERKS1_
                0x00019ebc       0xbc ./EntryPoint.o
                0x00019ebc                _ZNSt4listIP10BaseDriverSaIS1_EE14_M_create_nodeERKS1_
 .text._ZN9__gnu_cxx13new_allocatorIP10BaseDriverEC2Ev
                0x00019f78       0x24 ./EntryPoint.o
                0x00019f78                _ZN9__gnu_cxx13new_allocatorIP10BaseDriverEC1Ev
                0x00019f78                _ZN9__gnu_cxx13new_allocatorIP10BaseDriverEC2Ev
 .text._ZN9__gnu_cxx13new_allocatorIP10BaseDriverED2Ev
                0x00019f9c       0x24 ./EntryPoint.o
                0x00019f9c                _ZN9__gnu_cxx13new_allocatorIP10BaseDriverED2Ev
                0x00019f9c                _ZN9__gnu_cxx13new_allocatorIP10BaseDriverED1Ev
 .text._ZNSaISt10_List_nodeIP10BaseDriverEEC2Ev
                0x00019fc0       0x28 ./EntryPoint.o
                0x00019fc0                _ZNSaISt10_List_nodeIP10BaseDriverEEC1Ev
                0x00019fc0                _ZNSaISt10_List_nodeIP10BaseDriverEEC2Ev
 .text._ZN9__gnu_cxx13new_allocatorISt10_List_nodeIP10BaseDriverEE10deallocateEPS4_j
                0x00019fe8       0x28 ./EntryPoint.o
                0x00019fe8                _ZN9__gnu_cxx13new_allocatorISt10_List_nodeIP10BaseDriverEE10deallocateEPS4_j
 .text._ZNSt10_List_baseIP10BaseDriverSaIS1_EE11_M_get_nodeEv
                0x0001a010       0x34 ./EntryPoint.o
                0x0001a010                _ZNSt10_List_baseIP10BaseDriverSaIS1_EE11_M_get_nodeEv
 .text._ZN9__gnu_cxx13new_allocatorIP10BaseDriverE9constructEPS2_RKS2_
                0x0001a044       0x48 ./EntryPoint.o
                0x0001a044                _ZN9__gnu_cxx13new_allocatorIP10BaseDriverE9constructEPS2_RKS2_
 .text._ZN9__gnu_cxx13new_allocatorISt10_List_nodeIP10BaseDriverEEC2Ev
                0x0001a08c       0x24 ./EntryPoint.o
                0x0001a08c                _ZN9__gnu_cxx13new_allocatorISt10_List_nodeIP10BaseDriverEEC1Ev
                0x0001a08c                _ZN9__gnu_cxx13new_allocatorISt10_List_nodeIP10BaseDriverEEC2Ev
 .text._ZN9__gnu_cxx13new_allocatorISt10_List_nodeIP10BaseDriverEE8allocateEjPKv
                0x0001a0b0       0x70 ./EntryPoint.o
                0x0001a0b0                _ZN9__gnu_cxx13new_allocatorISt10_List_nodeIP10BaseDriverEE8allocateEjPKv
 .text._ZNK9__gnu_cxx13new_allocatorISt10_List_nodeIP10BaseDriverEE8max_sizeEv
                0x0001a120       0x28 ./EntryPoint.o
                0x0001a120                _ZNK9__gnu_cxx13new_allocatorISt10_List_nodeIP10BaseDriverEE8max_sizeEv
 .text          0x0001a148     0x15a8 ./ADCDriver/ADCDriver.o
                0x0001a148                _ZN9ADCDriverC1Ev
                0x0001a148                _ZN9ADCDriverC2Ev
                0x0001a8ac                _ZN9ADCDriverD2Ev
                0x0001a8ac                _ZN9ADCDriverD1Ev
                0x0001a918                _ZN9ADCDriverD0Ev
                0x0001a948                _ZN9ADCDriver4TypeEv
                0x0001a974                _ZN9ADCDriver7VersionEv
                0x0001a9a0                _ZN9ADCDriver4NameEv
                0x0001a9cc                _ZN9ADCDriver11DescriptionEv
                0x0001a9f8                _ZN9ADCDriver9PublisherEv
                0x0001aa24                _ZN9ADCDriver14ExecuteCommandE7Command
                0x0001ae40                _ZN9ADCDriver10GetCommandEPKc
                0x0001af68                _ZN9ADCDriver8CommandsEv
                0x0001b03c                _ZN9ADCDriver5CloneEv
                0x0001b084                _ZN9ADCDriver8OpenPortEv
                0x0001b0a8                _ZN9ADCDriver9ClosePortEv
                0x0001b0c4                _ZN9ADCDriver15SetCurrentValueEi
                0x0001b2b4                _Z21ReadADCValueThreadRunPv
                0x0001b3c4                _ZN9ADCDriver21StartReadingKeyThreadEv
                0x0001b58c                _ZN9ADCDriver20StopReadingKeyThreadEv
                0x0001b5f8                _ZN9ADCDriver18UpdateInitialStateEv
 .text          0x0001b6f0     0x1218 ./RaspiGPIO/RaspiGPInputDriver.o
                0x0001b6f0                _ZN18RaspiGPInputDriverC1Ev
                0x0001b6f0                _ZN18RaspiGPInputDriverC2Ev
                0x0001bbd0                _ZN18RaspiGPInputDriverD1Ev
                0x0001bbd0                _ZN18RaspiGPInputDriverD2Ev
                0x0001bc3c                _ZN18RaspiGPInputDriverD0Ev
                0x0001bc6c                _ZN18RaspiGPInputDriver4TypeEv
                0x0001bc98                _ZN18RaspiGPInputDriver7VersionEv
                0x0001bcc4                _ZN18RaspiGPInputDriver4NameEv
                0x0001bcf0                _ZN18RaspiGPInputDriver11DescriptionEv
                0x0001bd1c                _ZN18RaspiGPInputDriver9PublisherEv
                0x0001bd48                _ZN18RaspiGPInputDriver14ExecuteCommandE7Command
                0x0001bfa8                _ZN18RaspiGPInputDriver10GetCommandEPKc
                0x0001c0d0                _ZN18RaspiGPInputDriver8CommandsEv
                0x0001c1a4                _ZN18RaspiGPInputDriver5CloneEv
                0x0001c1ec                _ZN18RaspiGPInputDriver8OpenPortEv
                0x0001c210                _ZN18RaspiGPInputDriver9ClosePortEv
                0x0001c22c                _ZN18RaspiGPInputDriver15SetCurrentValueEi
                0x0001c494                _ZN18RaspiGPInputDriver9ReadValueEv
                0x0001c50c                _Z21RaspiReadKeyThreadRunPv
                0x0001c590                _ZN18RaspiGPInputDriver21StartReadingKeyThreadEv
                0x0001c758                _ZN18RaspiGPInputDriver20StopReadingKeyThreadEv
                0x0001c840                _ZN18RaspiGPInputDriver18UpdateInitialStateEv
 .text          0x0001c908      0xf28 ./RaspiGPIO/RaspiGPOutputDriver.o
                0x0001c908                _ZN19RaspiGPOutputDriverC1Ev
                0x0001c908                _ZN19RaspiGPOutputDriverC2Ev
                0x0001ce00                _ZN19RaspiGPOutputDriverD2Ev
                0x0001ce00                _ZN19RaspiGPOutputDriverD1Ev
                0x0001ce6c                _ZN19RaspiGPOutputDriverD0Ev
                0x0001ce9c                _ZN19RaspiGPOutputDriver4TypeEv
                0x0001cec8                _ZN19RaspiGPOutputDriver7VersionEv
                0x0001cef4                _ZN19RaspiGPOutputDriver4NameEv
                0x0001cf20                _ZN19RaspiGPOutputDriver11DescriptionEv
                0x0001cf4c                _ZN19RaspiGPOutputDriver9PublisherEv
                0x0001cf78                _ZN19RaspiGPOutputDriver14ExecuteCommandE7Command
                0x0001d4c4                _ZN19RaspiGPOutputDriver8CommandsEv
                0x0001d598                _ZN19RaspiGPOutputDriver5CloneEv
                0x0001d5e0                _ZN19RaspiGPOutputDriver10GetCommandEPKc
                0x0001d708                _ZN19RaspiGPOutputDriver8SetValueEii
 .text          0x0001d830     0x1d34 ./RaspiGPIO/bcm2835.o
                0x0001d830                bcm2835_set_debug
                0x0001d864                bcm2835_peri_read
                0x0001d8d4                bcm2835_peri_read_nb
                0x0001d930                bcm2835_peri_write
                0x0001d99c                bcm2835_peri_write_nb
                0x0001d9fc                bcm2835_peri_set_bits
                0x0001da58                bcm2835_gpio_fsel
                0x0001db18                bcm2835_gpio_set
                0x0001db84                bcm2835_gpio_clr
                0x0001dbf0                bcm2835_gpio_lev
                0x0001dc7c                bcm2835_gpio_eds
                0x0001dd08                bcm2835_gpio_set_eds
                0x0001dd78                bcm2835_gpio_ren
                0x0001ddec                bcm2835_gpio_clr_ren
                0x0001de60                bcm2835_gpio_fen
                0x0001ded4                bcm2835_gpio_clr_fen
                0x0001df48                bcm2835_gpio_hen
                0x0001dfbc                bcm2835_gpio_clr_hen
                0x0001e030                bcm2835_gpio_len
                0x0001e0a4                bcm2835_gpio_clr_len
                0x0001e118                bcm2835_gpio_aren
                0x0001e18c                bcm2835_gpio_clr_aren
                0x0001e200                bcm2835_gpio_afen
                0x0001e274                bcm2835_gpio_clr_afen
                0x0001e2e8                bcm2835_gpio_pud
                0x0001e32c                bcm2835_gpio_pudclk
                0x0001e3ac                bcm2835_gpio_pad
                0x0001e3fc                bcm2835_gpio_set_pad
                0x0001e44c                delay
                0x0001e4bc                delayMicroseconds
                0x0001e500                bcm2835_gpio_write
                0x0001e54c                bcm2835_gpio_set_pud
                0x0001e5b4                bcm2835_spi_begin
                0x0001e630                bcm2835_spi_end
                0x0001e678                bcm2835_spi_setBitOrder
                0x0001e698                bcm2835_spi_setClockDivider
                0x0001e6dc                bcm2835_spi_setDataMode
                0x0001e724                bcm2835_spi_transfer
                0x0001e80c                bcm2835_spi_transfern
                0x0001e958                bcm2835_spi_chipSelect
                0x0001e99c                bcm2835_spi_setChipSelectPolarity
                0x0001ea0c                bcm2835_init
                0x0001f2c4                bcm2835_close
 .text          0x0001f564     0x11e8 ./FeedSocketDriver/FeedSocketDriver.o
                0x0001f564                _ZN16FeedSocketDriverC2Ev
                0x0001f564                _ZN16FeedSocketDriverC1Ev
                0x0001fcc0                _ZN16FeedSocketDriverD1Ev
                0x0001fcc0                _ZN16FeedSocketDriverD2Ev
                0x0001fd4c                _ZN16FeedSocketDriverD0Ev
                0x0001fd7c                _ZN16FeedSocketDriver4TypeEv
                0x0001fda8                _ZN16FeedSocketDriver7VersionEv
                0x0001fdd4                _ZN16FeedSocketDriver4NameEv
                0x0001fe00                _ZN16FeedSocketDriver11DescriptionEv
                0x0001fe2c                _ZN16FeedSocketDriver9PublisherEv
                0x0001fe58                _ZN16FeedSocketDriver14ExecuteCommandE7Command
                0x0002043c                _ZN16FeedSocketDriver10GetCommandEPKc
                0x00020564                _ZN16FeedSocketDriver8CommandsEv
                0x00020638                _ZN16FeedSocketDriver5CloneEv
                0x00020680                _Z11ReportErrorPKc
 .text          0x0002074c      0x6a0 ./FeedSocketDriver/FeedsSocketClient.o
                0x0002074c                _ZN17FeedsSocketClientC2Ev
                0x0002074c                _ZN17FeedsSocketClientC1Ev
                0x000207ac                _ZN17FeedsSocketClientD2Ev
                0x000207ac                _ZN17FeedsSocketClientD1Ev
                0x00020868                _ZN17FeedsSocketClientD0Ev
                0x00020898                _ZN17FeedsSocketClient8InstanceEv
                0x00020908                _ZN17FeedsSocketClient10InitializeESsi
                0x00020ac4                _ZN17FeedsSocketClient11SendMessageESs
                0x00020c6c                _ZN17FeedsSocketClient5CloseEv
                0x00020cf4                _ZN17FeedsSocketClient7OnErrorEPKc
 .text          0x00020dec        0x0 /usr/lib/gcc/arm-linux-gnueabihf/4.6/crtendS.o
 .text          0x00020dec        0x0 /usr/lib/gcc/arm-linux-gnueabihf/4.6/../../../arm-linux-gnueabihf/crtn.o
 *(.gnu.warning)
 *(.glue_7t)
 .glue_7t       0x00000000        0x0 linker stubs
 *(.glue_7)
 .glue_7        0x00000000        0x0 linker stubs
 *(.vfp11_veneer)
 .vfp11_veneer  0x00000000        0x0 linker stubs
 *(.v4_bx)
 .v4_bx         0x00000000        0x0 linker stubs

.fini           0x00020dec        0x8
 *(.fini)
 .fini          0x00020dec        0x4 /usr/lib/gcc/arm-linux-gnueabihf/4.6/../../../arm-linux-gnueabihf/crti.o
                0x00020dec                _fini
 .fini          0x00020df0        0x4 /usr/lib/gcc/arm-linux-gnueabihf/4.6/../../../arm-linux-gnueabihf/crtn.o
                0x00020df4                PROVIDE (__etext, .)
                0x00020df4                PROVIDE (_etext, .)
                0x00020df4                PROVIDE (etext, .)

.rodata         0x00020df4     0x1e18
 *(.rodata .rodata.* .gnu.linkonce.r.*)
 .rodata        0x00020df4      0x630 ./UltraHeatDriver/UltraHeatDriver.o
                0x00021410                _ZTS15UltraHeatDriver
 .rodata        0x00021424      0x3d8 ./SysfsGenericGPIODriver/SysfsGenericGPIODriver.o
                0x000217e0                _ZTS22SysfsGenericGPIODriver
 .rodata        0x000217fc      0x394 ./SysfsInputDriver/SysfsInputDriver.o
                0x00021b7c                _ZTS16SysfsInputDriver
 .rodata        0x00021b90      0x2ec ./SysfsOutputDriver/SysfsOutputDriver.o
                0x00021e68                _ZTS17SysfsOutputDriver
 .rodata        0x00021e7c      0x164 ./GPIOLedDriver/GPIOLedDriver.o
                0x00021fd0                _ZTS13GPIOLedDriver
 .rodata        0x00021fe0      0x1c8 ./GPIOKeyDriver/GPIOKeyDriver.o
                0x00022198                _ZTS13GPIOKeyDriver
 .rodata        0x000221a8       0x44 ./EntryPoint.o
 .rodata        0x000221ec      0x1ec ./ADCDriver/ADCDriver.o
                0x000223cc                _ZTS9ADCDriver
 .rodata        0x000223d8      0x1d4 ./RaspiGPIO/RaspiGPInputDriver.o
                0x00022594                _ZTS18RaspiGPInputDriver
 .rodata        0x000225ac      0x16c ./RaspiGPIO/RaspiGPOutputDriver.o
                0x00022700                _ZTS19RaspiGPOutputDriver
 .rodata        0x00022718      0x264 ./RaspiGPIO/bcm2835.o
 .rodata        0x0002297c      0x158 ./FeedSocketDriver/FeedSocketDriver.o
                0x00022ac0                _ZTS16FeedSocketDriver
 .rodata        0x00022ad4      0x138 ./FeedSocketDriver/FeedsSocketClient.o
                0x00022bf8                _ZTS17FeedsSocketClient

.rodata1
 *(.rodata1)

.ARM.extab      0x00022c0c     0x2250
 *(.ARM.extab* .gnu.linkonce.armextab.*)
 .ARM.extab.text._ZnwjPv
                0x00022c0c        0x0 ./UltraHeatDriver/UltraHeatDriver.o
 .ARM.extab.text._ZdlPvS_
                0x00022c0c        0x0 ./UltraHeatDriver/UltraHeatDriver.o
 .ARM.extab.text._ZNSt11char_traitsIcE6lengthEPKc
                0x00022c0c        0x0 ./UltraHeatDriver/UltraHeatDriver.o
 .ARM.extab.text._ZN16CommandParameterC2ESsPvSs
                0x00022c0c       0x24 ./UltraHeatDriver/UltraHeatDriver.o
 .ARM.extab.text._ZN16CommandParameter5CloneEv
                0x00022c30       0x44 ./UltraHeatDriver/UltraHeatDriver.o
 .ARM.extab.text._ZN7CommandC2ERKS_
                0x00022c74       0x2c ./UltraHeatDriver/UltraHeatDriver.o
 .ARM.extab     0x00022ca0      0x550 ./UltraHeatDriver/UltraHeatDriver.o
 .ARM.extab.text._ZNSt4listI7CommandSaIS0_EED2Ev
                0x000231f0        0xc ./UltraHeatDriver/UltraHeatDriver.o
 .ARM.extab.text._ZSteqIcSt11char_traitsIcESaIcEEbRKSbIT_T0_T1_EPKS3_
                0x000231fc        0xc ./UltraHeatDriver/UltraHeatDriver.o
 .ARM.extab.text._ZStplIcSt11char_traitsIcESaIcEESbIT_T0_T1_EPKS3_RKS6_
                0x00023208       0x1c ./UltraHeatDriver/UltraHeatDriver.o
 .ARM.extab.text._ZStplIcSt11char_traitsIcESaIcEESbIT_T0_T1_ERKS6_PKS3_
                0x00023224       0x1c ./UltraHeatDriver/UltraHeatDriver.o
 .ARM.extab.text._ZNSt4listIP16CommandParameterSaIS1_EEC2Ev
                0x00023240        0xc ./UltraHeatDriver/UltraHeatDriver.o
 .ARM.extab.text._ZNSt14_List_iteratorIP16CommandParameterEC2Ev
                0x0002324c        0x0 ./UltraHeatDriver/UltraHeatDriver.o
 .ARM.extab.text._ZNSt4listIP16CommandParameterSaIS1_EE5beginEv
                0x0002324c        0xc ./UltraHeatDriver/UltraHeatDriver.o
 .ARM.extab.text._ZNSt4listIP16CommandParameterSaIS1_EE3endEv
                0x00023258        0xc ./UltraHeatDriver/UltraHeatDriver.o
 .ARM.extab.text._ZNKSt14_List_iteratorIP16CommandParameterEneERKS2_
                0x00023264        0x0 ./UltraHeatDriver/UltraHeatDriver.o
 .ARM.extab.text._ZNSt14_List_iteratorIP16CommandParameterEppEi
                0x00023264        0x0 ./UltraHeatDriver/UltraHeatDriver.o
 .ARM.extab.text._ZNKSt14_List_iteratorIP16CommandParameterEdeEv
                0x00023264        0x0 ./UltraHeatDriver/UltraHeatDriver.o
 .ARM.extab.text._ZNSt4listIP16CommandParameterSaIS1_EE9push_backERKS1_
                0x00023264        0xc ./UltraHeatDriver/UltraHeatDriver.o
 .ARM.extab.text._ZNSt4listI7CommandSaIS0_EE9push_backERKS0_
                0x00023270        0xc ./UltraHeatDriver/UltraHeatDriver.o
 .ARM.extab.text._ZNSt4listI7CommandSaIS0_EEC2Ev
                0x0002327c        0xc ./UltraHeatDriver/UltraHeatDriver.o
 .ARM.extab.text._ZNSt10_List_baseI7CommandSaIS0_EE10_List_implD2Ev
                0x00023288        0x0 ./UltraHeatDriver/UltraHeatDriver.o
 .ARM.extab.text._ZNSt10_List_baseI7CommandSaIS0_EED2Ev
                0x00023288       0x18 ./UltraHeatDriver/UltraHeatDriver.o
 .ARM.extab.text._ZNSt14_List_iteratorI7CommandEC2Ev
                0x000232a0        0x0 ./UltraHeatDriver/UltraHeatDriver.o
 .ARM.extab.text._ZNSt4listI7CommandSaIS0_EE5beginEv
                0x000232a0        0xc ./UltraHeatDriver/UltraHeatDriver.o
 .ARM.extab.text._ZNSt4listI7CommandSaIS0_EE3endEv
                0x000232ac        0xc ./UltraHeatDriver/UltraHeatDriver.o
 .ARM.extab.text._ZNKSt14_List_iteratorI7CommandEneERKS1_
                0x000232b8        0x0 ./UltraHeatDriver/UltraHeatDriver.o
 .ARM.extab.text._ZNSt14_List_iteratorI7CommandEppEi
                0x000232b8        0x0 ./UltraHeatDriver/UltraHeatDriver.o
 .ARM.extab.text._ZNKSt14_List_iteratorI7CommandEdeEv
                0x000232b8        0x0 ./UltraHeatDriver/UltraHeatDriver.o
 .ARM.extab.text._ZNSt10_List_baseIP16CommandParameterSaIS1_EE10_List_implD2Ev
                0x000232b8        0x0 ./UltraHeatDriver/UltraHeatDriver.o
 .ARM.extab.text._ZNSt10_List_baseIP16CommandParameterSaIS1_EEC2Ev
                0x000232b8       0x1c ./UltraHeatDriver/UltraHeatDriver.o
 .ARM.extab.text._ZNSt14_List_iteratorIP16CommandParameterEC2EPNSt8__detail15_List_node_baseE
                0x000232d4        0x0 ./UltraHeatDriver/UltraHeatDriver.o
 .ARM.extab.text._ZNSt4listIP16CommandParameterSaIS1_EE9_M_insertESt14_List_iteratorIS1_ERKS1_
                0x000232d4        0xc ./UltraHeatDriver/UltraHeatDriver.o
 .ARM.extab.text._ZNSt4listI7CommandSaIS0_EE9_M_insertESt14_List_iteratorIS0_ERKS0_
                0x000232e0        0xc ./UltraHeatDriver/UltraHeatDriver.o
 .ARM.extab.text._ZNSt10_List_baseI7CommandSaIS0_EEC2Ev
                0x000232ec       0x1c ./UltraHeatDriver/UltraHeatDriver.o
 .ARM.extab.text._ZNSaISt10_List_nodeI7CommandEED2Ev
                0x00023308        0x0 ./UltraHeatDriver/UltraHeatDriver.o
 .ARM.extab.text._ZNSt10_List_baseI7CommandSaIS0_EE8_M_clearEv
                0x00023308       0x20 ./UltraHeatDriver/UltraHeatDriver.o
 .ARM.extab.text._ZNSt14_List_iteratorI7CommandEC2EPNSt8__detail15_List_node_baseE
                0x00023328        0x0 ./UltraHeatDriver/UltraHeatDriver.o
 .ARM.extab.text._ZNKSt10_List_baseI7CommandSaIS0_EE21_M_get_Node_allocatorEv
                0x00023328        0x0 ./UltraHeatDriver/UltraHeatDriver.o
 .ARM.extab.text._ZNSaI7CommandEC2ISt10_List_nodeIS_EEERKSaIT_E
                0x00023328        0x0 ./UltraHeatDriver/UltraHeatDriver.o
 .ARM.extab.text._ZNSaI7CommandED2Ev
                0x00023328        0x0 ./UltraHeatDriver/UltraHeatDriver.o
 .ARM.extab.text._ZNSt10_List_baseIP16CommandParameterSaIS1_EE10_List_implC2Ev
                0x00023328        0x0 ./UltraHeatDriver/UltraHeatDriver.o
 .ARM.extab.text._ZNSaISt10_List_nodeIP16CommandParameterEED2Ev
                0x00023328        0x0 ./UltraHeatDriver/UltraHeatDriver.o
 .ARM.extab.text._ZNSt10_List_baseIP16CommandParameterSaIS1_EE7_M_initEv
                0x00023328        0x0 ./UltraHeatDriver/UltraHeatDriver.o
 .ARM.extab.text._ZNSt4listIP16CommandParameterSaIS1_EE14_M_create_nodeERKS1_
                0x00023328       0x34 ./UltraHeatDriver/UltraHeatDriver.o
 .ARM.extab.text._ZNSt4listI7CommandSaIS0_EE14_M_create_nodeERKS0_
                0x0002335c       0x34 ./UltraHeatDriver/UltraHeatDriver.o
 .ARM.extab.text._ZNSt10_List_baseI7CommandSaIS0_EE10_List_implC2Ev
                0x00023390        0x0 ./UltraHeatDriver/UltraHeatDriver.o
 .ARM.extab.text._ZNSt10_List_baseI7CommandSaIS0_EE7_M_initEv
                0x00023390        0x0 ./UltraHeatDriver/UltraHeatDriver.o
 .ARM.extab.text._ZN9__gnu_cxx13new_allocatorISt10_List_nodeI7CommandEED2Ev
                0x00023390        0x0 ./UltraHeatDriver/UltraHeatDriver.o
 .ARM.extab.text._ZNKSt10_List_baseI7CommandSaIS0_EE19_M_get_Tp_allocatorEv
                0x00023390        0x0 ./UltraHeatDriver/UltraHeatDriver.o
 .ARM.extab.text._ZSt11__addressofI7CommandEPT_RS1_
                0x00023390        0x0 ./UltraHeatDriver/UltraHeatDriver.o
 .ARM.extab.text._ZN9__gnu_cxx13new_allocatorI7CommandE7destroyEPS1_
                0x00023390        0xc ./UltraHeatDriver/UltraHeatDriver.o
 .ARM.extab.text._ZNSt10_List_baseI7CommandSaIS0_EE11_M_put_nodeEPSt10_List_nodeIS0_E
                0x0002339c        0xc ./UltraHeatDriver/UltraHeatDriver.o
 .ARM.extab.text._ZN9__gnu_cxx13new_allocatorI7CommandEC2Ev
                0x000233a8        0x0 ./UltraHeatDriver/UltraHeatDriver.o
 .ARM.extab.text._ZN9__gnu_cxx13new_allocatorI7CommandED2Ev
                0x000233a8        0x0 ./UltraHeatDriver/UltraHeatDriver.o
 .ARM.extab.text._ZNSaISt10_List_nodeIP16CommandParameterEEC2Ev
                0x000233a8        0x0 ./UltraHeatDriver/UltraHeatDriver.o
 .ARM.extab.text._ZN9__gnu_cxx13new_allocatorISt10_List_nodeIP16CommandParameterEED2Ev
                0x000233a8        0x0 ./UltraHeatDriver/UltraHeatDriver.o
 .ARM.extab.text._ZNKSt10_List_baseIP16CommandParameterSaIS1_EE19_M_get_Tp_allocatorEv
                0x000233a8        0xc ./UltraHeatDriver/UltraHeatDriver.o
 .ARM.extab.text._ZNSaIP16CommandParameterED2Ev
                0x000233b4        0x0 ./UltraHeatDriver/UltraHeatDriver.o
 .ARM.extab.text._ZSt11__addressofIP16CommandParameterEPT_RS2_
                0x000233b4        0x0 ./UltraHeatDriver/UltraHeatDriver.o
 .ARM.extab.text._ZNSt10_List_baseIP16CommandParameterSaIS1_EE11_M_put_nodeEPSt10_List_nodeIS1_E
                0x000233b4        0xc ./UltraHeatDriver/UltraHeatDriver.o
 .ARM.extab.text._ZNSt10_List_baseIP16CommandParameterSaIS1_EE11_M_get_nodeEv
                0x000233c0        0xc ./UltraHeatDriver/UltraHeatDriver.o
 .ARM.extab.text._ZN9__gnu_cxx13new_allocatorIP16CommandParameterE9constructEPS2_RKS2_
                0x000233cc        0x0 ./UltraHeatDriver/UltraHeatDriver.o
 .ARM.extab.text._ZNSt10_List_baseI7CommandSaIS0_EE11_M_get_nodeEv
                0x000233cc        0xc ./UltraHeatDriver/UltraHeatDriver.o
 .ARM.extab.text._ZN9__gnu_cxx13new_allocatorI7CommandE9constructEPS1_RKS1_
                0x000233d8       0x18 ./UltraHeatDriver/UltraHeatDriver.o
 .ARM.extab.text._ZNSaISt10_List_nodeI7CommandEEC2Ev
                0x000233f0        0x0 ./UltraHeatDriver/UltraHeatDriver.o
 .ARM.extab.text._ZN9__gnu_cxx13new_allocatorISt10_List_nodeI7CommandEE10deallocateEPS3_j
                0x000233f0        0x0 ./UltraHeatDriver/UltraHeatDriver.o
 .ARM.extab.text._ZN9__gnu_cxx13new_allocatorISt10_List_nodeI7CommandEEC2Ev
                0x000233f0        0x0 ./UltraHeatDriver/UltraHeatDriver.o
 .ARM.extab.text._ZN9__gnu_cxx13new_allocatorISt10_List_nodeIP16CommandParameterEEC2Ev
                0x000233f0        0x0 ./UltraHeatDriver/UltraHeatDriver.o
 .ARM.extab.text._ZNKSt10_List_baseIP16CommandParameterSaIS1_EE21_M_get_Node_allocatorEv
                0x000233f0        0x0 ./UltraHeatDriver/UltraHeatDriver.o
 .ARM.extab.text._ZNSaIP16CommandParameterEC2ISt10_List_nodeIS0_EEERKSaIT_E
                0x000233f0        0x0 ./UltraHeatDriver/UltraHeatDriver.o
 .ARM.extab.text._ZN9__gnu_cxx13new_allocatorIP16CommandParameterED2Ev
                0x000233f0        0x0 ./UltraHeatDriver/UltraHeatDriver.o
 .ARM.extab.text._ZN9__gnu_cxx13new_allocatorISt10_List_nodeIP16CommandParameterEE10deallocateEPS4_j
                0x000233f0        0x0 ./UltraHeatDriver/UltraHeatDriver.o
 .ARM.extab.text._ZN9__gnu_cxx13new_allocatorISt10_List_nodeIP16CommandParameterEE8allocateEjPKv
                0x000233f0        0xc ./UltraHeatDriver/UltraHeatDriver.o
 .ARM.extab.text._ZN9__gnu_cxx13new_allocatorISt10_List_nodeI7CommandEE8allocateEjPKv
                0x000233fc        0xc ./UltraHeatDriver/UltraHeatDriver.o
 .ARM.extab.text._ZN9__gnu_cxx13new_allocatorIP16CommandParameterEC2Ev
                0x00023408        0x0 ./UltraHeatDriver/UltraHeatDriver.o
 .ARM.extab.text._ZNK9__gnu_cxx13new_allocatorISt10_List_nodeIP16CommandParameterEE8max_sizeEv
                0x00023408        0x0 ./UltraHeatDriver/UltraHeatDriver.o
 .ARM.extab.text._ZNK9__gnu_cxx13new_allocatorISt10_List_nodeI7CommandEE8max_sizeEv
                0x00023408        0x0 ./UltraHeatDriver/UltraHeatDriver.o
 .ARM.extab.text._ZN14EventParameterC2ERKS_
                0x00023408        0x0 ./SysfsGenericGPIODriver/SysfsGenericGPIODriver.o
 .ARM.extab.text._ZN14EventParameterC2EPKciS1_
                0x00023408        0x0 ./SysfsGenericGPIODriver/SysfsGenericGPIODriver.o
 .ARM.extab.text._ZN14EventParameterD2Ev
                0x00023408        0x0 ./SysfsGenericGPIODriver/SysfsGenericGPIODriver.o
 .ARM.extab     0x00023408      0x374 ./SysfsGenericGPIODriver/SysfsGenericGPIODriver.o
 .ARM.extab.text._ZStplIcSt11char_traitsIcESaIcEESbIT_T0_T1_ERKS6_S8_
                0x0002377c       0x1c ./SysfsGenericGPIODriver/SysfsGenericGPIODriver.o
 .ARM.extab.text._ZNSt4listI14EventParameterSaIS0_EEC2Ev
                0x00023798        0xc ./SysfsGenericGPIODriver/SysfsGenericGPIODriver.o
 .ARM.extab.text._ZNSt4listI14EventParameterSaIS0_EE9push_backERKS0_
                0x000237a4        0xc ./SysfsGenericGPIODriver/SysfsGenericGPIODriver.o
 .ARM.extab.text._ZNSt10_List_baseI14EventParameterSaIS0_EE10_List_implD2Ev
                0x000237b0        0x0 ./SysfsGenericGPIODriver/SysfsGenericGPIODriver.o
 .ARM.extab.text._ZNSt10_List_baseI14EventParameterSaIS0_EEC2Ev
                0x000237b0       0x1c ./SysfsGenericGPIODriver/SysfsGenericGPIODriver.o
 .ARM.extab.text._ZNSt4listI14EventParameterSaIS0_EE3endEv
                0x000237cc        0xc ./SysfsGenericGPIODriver/SysfsGenericGPIODriver.o
 .ARM.extab.text._ZNSt4listI14EventParameterSaIS0_EE9_M_insertESt14_List_iteratorIS0_ERKS0_
                0x000237d8        0xc ./SysfsGenericGPIODriver/SysfsGenericGPIODriver.o
 .ARM.extab.text._ZNSt10_List_baseI14EventParameterSaIS0_EE10_List_implC2Ev
                0x000237e4        0x0 ./SysfsGenericGPIODriver/SysfsGenericGPIODriver.o
 .ARM.extab.text._ZNSaISt10_List_nodeI14EventParameterEED2Ev
                0x000237e4        0x0 ./SysfsGenericGPIODriver/SysfsGenericGPIODriver.o
 .ARM.extab.text._ZNSt10_List_baseI14EventParameterSaIS0_EE7_M_initEv
                0x000237e4        0x0 ./SysfsGenericGPIODriver/SysfsGenericGPIODriver.o
 .ARM.extab.text._ZNSt14_List_iteratorI14EventParameterEC2EPNSt8__detail15_List_node_baseE
                0x000237e4        0x0 ./SysfsGenericGPIODriver/SysfsGenericGPIODriver.o
 .ARM.extab.text._ZNSt4listI14EventParameterSaIS0_EE14_M_create_nodeERKS0_
                0x000237e4       0x34 ./SysfsGenericGPIODriver/SysfsGenericGPIODriver.o
 .ARM.extab.text._ZNSaISt10_List_nodeI14EventParameterEEC2Ev
                0x00023818        0x0 ./SysfsGenericGPIODriver/SysfsGenericGPIODriver.o
 .ARM.extab.text._ZN9__gnu_cxx13new_allocatorISt10_List_nodeI14EventParameterEED2Ev
                0x00023818        0x0 ./SysfsGenericGPIODriver/SysfsGenericGPIODriver.o
 .ARM.extab.text._ZNKSt10_List_baseI14EventParameterSaIS0_EE19_M_get_Tp_allocatorEv
                0x00023818        0xc ./SysfsGenericGPIODriver/SysfsGenericGPIODriver.o
 .ARM.extab.text._ZNSaI14EventParameterED2Ev
                0x00023824        0x0 ./SysfsGenericGPIODriver/SysfsGenericGPIODriver.o
 .ARM.extab.text._ZSt11__addressofI14EventParameterEPT_RS1_
                0x00023824        0x0 ./SysfsGenericGPIODriver/SysfsGenericGPIODriver.o
 .ARM.extab.text._ZNSt10_List_baseI14EventParameterSaIS0_EE11_M_put_nodeEPSt10_List_nodeIS0_E
                0x00023824        0xc ./SysfsGenericGPIODriver/SysfsGenericGPIODriver.o
 .ARM.extab.text._ZNSt10_List_baseI14EventParameterSaIS0_EE11_M_get_nodeEv
                0x00023830        0xc ./SysfsGenericGPIODriver/SysfsGenericGPIODriver.o
 .ARM.extab.text._ZN9__gnu_cxx13new_allocatorI14EventParameterE9constructEPS1_RKS1_
                0x0002383c        0x0 ./SysfsGenericGPIODriver/SysfsGenericGPIODriver.o
 .ARM.extab.text._ZN9__gnu_cxx13new_allocatorISt10_List_nodeI14EventParameterEEC2Ev
                0x0002383c        0x0 ./SysfsGenericGPIODriver/SysfsGenericGPIODriver.o
 .ARM.extab.text._ZNKSt10_List_baseI14EventParameterSaIS0_EE21_M_get_Node_allocatorEv
                0x0002383c        0x0 ./SysfsGenericGPIODriver/SysfsGenericGPIODriver.o
 .ARM.extab.text._ZNSaI14EventParameterEC2ISt10_List_nodeIS_EEERKSaIT_E
                0x0002383c        0x0 ./SysfsGenericGPIODriver/SysfsGenericGPIODriver.o
 .ARM.extab.text._ZN9__gnu_cxx13new_allocatorI14EventParameterED2Ev
                0x0002383c        0x0 ./SysfsGenericGPIODriver/SysfsGenericGPIODriver.o
 .ARM.extab.text._ZN9__gnu_cxx13new_allocatorISt10_List_nodeI14EventParameterEE10deallocateEPS3_j
                0x0002383c        0x0 ./SysfsGenericGPIODriver/SysfsGenericGPIODriver.o
 .ARM.extab.text._ZN9__gnu_cxx13new_allocatorISt10_List_nodeI14EventParameterEE8allocateEjPKv
                0x0002383c        0xc ./SysfsGenericGPIODriver/SysfsGenericGPIODriver.o
 .ARM.extab.text._ZN9__gnu_cxx13new_allocatorI14EventParameterEC2Ev
                0x00023848        0x0 ./SysfsGenericGPIODriver/SysfsGenericGPIODriver.o
 .ARM.extab.text._ZNK9__gnu_cxx13new_allocatorISt10_List_nodeI14EventParameterEE8max_sizeEv
                0x00023848        0x0 ./SysfsGenericGPIODriver/SysfsGenericGPIODriver.o
 .ARM.extab     0x00023848      0x2d0 ./SysfsInputDriver/SysfsInputDriver.o
 .ARM.extab.text._ZNSt4listI5EventSaIS0_EE9push_backERKS0_
                0x00023b18        0xc ./SysfsInputDriver/SysfsInputDriver.o
 .ARM.extab.text._ZNSt4listI5EventSaIS0_EE3endEv
                0x00023b24        0xc ./SysfsInputDriver/SysfsInputDriver.o
 .ARM.extab.text._ZNSt4listI5EventSaIS0_EE9_M_insertESt14_List_iteratorIS0_ERKS0_
                0x00023b30        0xc ./SysfsInputDriver/SysfsInputDriver.o
 .ARM.extab.text._ZNSt14_List_iteratorI5EventEC2EPNSt8__detail15_List_node_baseE
                0x00023b3c        0x0 ./SysfsInputDriver/SysfsInputDriver.o
 .ARM.extab.text._ZNSt4listI5EventSaIS0_EE14_M_create_nodeERKS0_
                0x00023b3c       0x34 ./SysfsInputDriver/SysfsInputDriver.o
 .ARM.extab.text._ZNSt10_List_baseI5EventSaIS0_EE11_M_get_nodeEv
                0x00023b70        0xc ./SysfsInputDriver/SysfsInputDriver.o
 .ARM.extab.text._ZNKSt10_List_baseI5EventSaIS0_EE19_M_get_Tp_allocatorEv
                0x00023b7c        0xc ./SysfsInputDriver/SysfsInputDriver.o
 .ARM.extab.text._ZNSaI5EventED2Ev
                0x00023b88        0x0 ./SysfsInputDriver/SysfsInputDriver.o
 .ARM.extab.text._ZSt11__addressofI5EventEPT_RS1_
                0x00023b88        0x0 ./SysfsInputDriver/SysfsInputDriver.o
 .ARM.extab.text._ZN9__gnu_cxx13new_allocatorI5EventE9constructEPS1_RKS1_
                0x00023b88       0x18 ./SysfsInputDriver/SysfsInputDriver.o
 .ARM.extab.text._ZNSt10_List_baseI5EventSaIS0_EE11_M_put_nodeEPSt10_List_nodeIS0_E
                0x00023ba0        0xc ./SysfsInputDriver/SysfsInputDriver.o
 .ARM.extab.text._ZN9__gnu_cxx13new_allocatorISt10_List_nodeI5EventEE8allocateEjPKv
                0x00023bac        0xc ./SysfsInputDriver/SysfsInputDriver.o
 .ARM.extab.text._ZNKSt10_List_baseI5EventSaIS0_EE21_M_get_Node_allocatorEv
                0x00023bb8        0x0 ./SysfsInputDriver/SysfsInputDriver.o
 .ARM.extab.text._ZNSaI5EventEC2ISt10_List_nodeIS_EEERKSaIT_E
                0x00023bb8        0x0 ./SysfsInputDriver/SysfsInputDriver.o
 .ARM.extab.text._ZN9__gnu_cxx13new_allocatorI5EventED2Ev
                0x00023bb8        0x0 ./SysfsInputDriver/SysfsInputDriver.o
 .ARM.extab.text._ZN9__gnu_cxx13new_allocatorISt10_List_nodeI5EventEE10deallocateEPS3_j
                0x00023bb8        0x0 ./SysfsInputDriver/SysfsInputDriver.o
 .ARM.extab.text._ZNK9__gnu_cxx13new_allocatorISt10_List_nodeI5EventEE8max_sizeEv
                0x00023bb8        0x0 ./SysfsInputDriver/SysfsInputDriver.o
 .ARM.extab.text._ZN9__gnu_cxx13new_allocatorI5EventEC2Ev
                0x00023bb8        0x0 ./SysfsInputDriver/SysfsInputDriver.o
 .ARM.extab     0x00023bb8      0x250 ./SysfsOutputDriver/SysfsOutputDriver.o
 .ARM.extab     0x00023e08      0x1e4 ./GPIOLedDriver/GPIOLedDriver.o
 .ARM.extab     0x00023fec      0x288 ./GPIOKeyDriver/GPIOKeyDriver.o
 .ARM.extab.text._ZNSt4listIP10BaseDriverSaIS1_EED2Ev
                0x00024274        0xc ./EntryPoint.o
 .ARM.extab     0x00024280       0x94 ./EntryPoint.o
 .ARM.extab.text._ZNSt4listIP10BaseDriverSaIS1_EEC2Ev
                0x00024314        0xc ./EntryPoint.o
 .ARM.extab.text._ZNSt10_List_baseIP10BaseDriverSaIS1_EE10_List_implD2Ev
                0x00024320        0x0 ./EntryPoint.o
 .ARM.extab.text._ZNSt10_List_baseIP10BaseDriverSaIS1_EED2Ev
                0x00024320       0x18 ./EntryPoint.o
 .ARM.extab.text._ZNSt4listIP10BaseDriverSaIS1_EE9push_backERKS1_
                0x00024338        0xc ./EntryPoint.o
 .ARM.extab.text._ZNSt10_List_baseIP10BaseDriverSaIS1_EEC2Ev
                0x00024344       0x1c ./EntryPoint.o
 .ARM.extab.text._ZNSaISt10_List_nodeIP10BaseDriverEED2Ev
                0x00024360        0x0 ./EntryPoint.o
 .ARM.extab.text._ZNSt10_List_baseIP10BaseDriverSaIS1_EE8_M_clearEv
                0x00024360       0x20 ./EntryPoint.o
 .ARM.extab.text._ZNSt4listIP10BaseDriverSaIS1_EE3endEv
                0x00024380        0xc ./EntryPoint.o
 .ARM.extab.text._ZNSt4listIP10BaseDriverSaIS1_EE9_M_insertESt14_List_iteratorIS1_ERKS1_
                0x0002438c        0xc ./EntryPoint.o
 .ARM.extab.text._ZNKSt10_List_baseIP10BaseDriverSaIS1_EE21_M_get_Node_allocatorEv
                0x00024398        0x0 ./EntryPoint.o
 .ARM.extab.text._ZNSaIP10BaseDriverEC2ISt10_List_nodeIS0_EEERKSaIT_E
                0x00024398        0x0 ./EntryPoint.o
 .ARM.extab.text._ZNSaIP10BaseDriverED2Ev
                0x00024398        0x0 ./EntryPoint.o
 .ARM.extab.text._ZNSt10_List_baseIP10BaseDriverSaIS1_EE10_List_implC2Ev
                0x00024398        0x0 ./EntryPoint.o
 .ARM.extab.text._ZNSt10_List_baseIP10BaseDriverSaIS1_EE7_M_initEv
                0x00024398        0x0 ./EntryPoint.o
 .ARM.extab.text._ZN9__gnu_cxx13new_allocatorISt10_List_nodeIP10BaseDriverEED2Ev
                0x00024398        0x0 ./EntryPoint.o
 .ARM.extab.text._ZNKSt10_List_baseIP10BaseDriverSaIS1_EE19_M_get_Tp_allocatorEv
                0x00024398        0x0 ./EntryPoint.o
 .ARM.extab.text._ZSt11__addressofIP10BaseDriverEPT_RS2_
                0x00024398        0x0 ./EntryPoint.o
 .ARM.extab.text._ZN9__gnu_cxx13new_allocatorIP10BaseDriverE7destroyEPS2_
                0x00024398        0x0 ./EntryPoint.o
 .ARM.extab.text._ZNSt10_List_baseIP10BaseDriverSaIS1_EE11_M_put_nodeEPSt10_List_nodeIS1_E
                0x00024398        0xc ./EntryPoint.o
 .ARM.extab.text._ZNSt14_List_iteratorIP10BaseDriverEC2EPNSt8__detail15_List_node_baseE
                0x000243a4        0x0 ./EntryPoint.o
 .ARM.extab.text._ZNSt4listIP10BaseDriverSaIS1_EE14_M_create_nodeERKS1_
                0x000243a4       0x34 ./EntryPoint.o
 .ARM.extab.text._ZN9__gnu_cxx13new_allocatorIP10BaseDriverEC2Ev
                0x000243d8        0x0 ./EntryPoint.o
 .ARM.extab.text._ZN9__gnu_cxx13new_allocatorIP10BaseDriverED2Ev
                0x000243d8        0x0 ./EntryPoint.o
 .ARM.extab.text._ZNSaISt10_List_nodeIP10BaseDriverEEC2Ev
                0x000243d8        0x0 ./EntryPoint.o
 .ARM.extab.text._ZN9__gnu_cxx13new_allocatorISt10_List_nodeIP10BaseDriverEE10deallocateEPS4_j
                0x000243d8        0x0 ./EntryPoint.o
 .ARM.extab.text._ZNSt10_List_baseIP10BaseDriverSaIS1_EE11_M_get_nodeEv
                0x000243d8        0xc ./EntryPoint.o
 .ARM.extab.text._ZN9__gnu_cxx13new_allocatorIP10BaseDriverE9constructEPS2_RKS2_
                0x000243e4        0x0 ./EntryPoint.o
 .ARM.extab.text._ZN9__gnu_cxx13new_allocatorISt10_List_nodeIP10BaseDriverEEC2Ev