
Discarded input sections

 .note.GNU-stack
                0x00000000        0x0 /home/developer/CodeSourcery/Sourcery_CodeBench_for_ARM_GNU_Linux/bin/../arm-none-linux-gnueabi/libc/usr/lib/crti.o
 .note.GNU-stack
                0x00000000        0x0 /home/developer/CodeSourcery/Sourcery_CodeBench_for_ARM_GNU_Linux/bin/../lib/gcc/arm-none-linux-gnueabi/4.6.1/crtbeginS.o
 .group         0x00000000       0x10 ./UltraHeatDriver/UltraHeatDriver.o
 .group         0x00000000       0x10 ./UltraHeatDriver/UltraHeatDriver.o
 .group         0x00000000       0x10 ./UltraHeatDriver/UltraHeatDriver.o
 .group         0x00000000       0x10 ./UltraHeatDriver/UltraHeatDriver.o
 .group         0x00000000       0x10 ./UltraHeatDriver/UltraHeatDriver.o
 .group         0x00000000       0x10 ./UltraHeatDriver/UltraHeatDriver.o
 .group         0x00000000       0x10 ./UltraHeatDriver/UltraHeatDriver.o
 .group         0x00000000       0x10 ./UltraHeatDriver/UltraHeatDriver.o
 .group         0x00000000       0x10 ./UltraHeatDriver/UltraHeatDriver.o
 .group         0x00000000       0x10 ./UltraHeatDriver/UltraHeatDriver.o
 .group         0x00000000       0x10 ./UltraHeatDriver/UltraHeatDriver.o
 .group         0x00000000       0x10 ./UltraHeatDriver/UltraHeatDriver.o
 .group         0x00000000       0x10 ./UltraHeatDriver/UltraHeatDriver.o
 .group         0x00000000       0x10 ./UltraHeatDriver/UltraHeatDriver.o
 .group         0x00000000       0x10 ./UltraHeatDriver/UltraHeatDriver.o
 .group         0x00000000       0x10 ./UltraHeatDriver/UltraHeatDriver.o
 .group         0x00000000       0x10 ./UltraHeatDriver/UltraHeatDriver.o
 .group         0x00000000       0x10 ./UltraHeatDriver/UltraHeatDriver.o
 .group         0x00000000       0x10 ./UltraHeatDriver/UltraHeatDriver.o
 .group         0x00000000       0x10 ./UltraHeatDriver/UltraHeatDriver.o
 .group         0x00000000       0x10 ./UltraHeatDriver/UltraHeatDriver.o
 .group         0x00000000       0x10 ./UltraHeatDriver/UltraHeatDriver.o
 .group         0x00000000       0x10 ./UltraHeatDriver/UltraHeatDriver.o
 .group         0x00000000       0x10 ./UltraHeatDriver/UltraHeatDriver.o
 .group         0x00000000       0x10 ./UltraHeatDriver/UltraHeatDriver.o
 .group         0x00000000       0x10 ./UltraHeatDriver/UltraHeatDriver.o
 .group         0x00000000       0x10 ./UltraHeatDriver/UltraHeatDriver.o
 .group         0x00000000       0x10 ./UltraHeatDriver/UltraHeatDriver.o
 .group         0x00000000       0x10 ./UltraHeatDriver/UltraHeatDriver.o
 .group         0x00000000       0x10 ./UltraHeatDriver/UltraHeatDriver.o
 .group         0x00000000       0x10 ./UltraHeatDriver/UltraHeatDriver.o
 .group         0x00000000       0x10 ./UltraHeatDriver/UltraHeatDriver.o
 .group         0x00000000       0x10 ./UltraHeatDriver/UltraHeatDriver.o
 .group         0x00000000       0x10 ./UltraHeatDriver/UltraHeatDriver.o
 .group         0x00000000       0x10 ./UltraHeatDriver/UltraHeatDriver.o
 .group         0x00000000       0x10 ./UltraHeatDriver/UltraHeatDriver.o
 .group         0x00000000       0x10 ./UltraHeatDriver/UltraHeatDriver.o
 .group         0x00000000       0x10 ./UltraHeatDriver/UltraHeatDriver.o
 .group         0x00000000       0x10 ./UltraHeatDriver/UltraHeatDriver.o
 .group         0x00000000       0x10 ./UltraHeatDriver/UltraHeatDriver.o
 .group         0x00000000       0x10 ./UltraHeatDriver/UltraHeatDriver.o
 .group         0x00000000       0x10 ./UltraHeatDriver/UltraHeatDriver.o
 .group         0x00000000       0x10 ./UltraHeatDriver/UltraHeatDriver.o
 .group         0x00000000       0x10 ./UltraHeatDriver/UltraHeatDriver.o
 .group         0x00000000       0x10 ./UltraHeatDriver/UltraHeatDriver.o
 .group         0x00000000       0x10 ./UltraHeatDriver/UltraHeatDriver.o
 .group         0x00000000       0x10 ./UltraHeatDriver/UltraHeatDriver.o
 .group         0x00000000       0x10 ./UltraHeatDriver/UltraHeatDriver.o
 .group         0x00000000       0x10 ./UltraHeatDriver/UltraHeatDriver.o
 .group         0x00000000       0x10 ./UltraHeatDriver/UltraHeatDriver.o
 .group         0x00000000       0x10 ./UltraHeatDriver/UltraHeatDriver.o
 .group         0x00000000       0x10 ./UltraHeatDriver/UltraHeatDriver.o
 .group         0x00000000       0x10 ./UltraHeatDriver/UltraHeatDriver.o
 .group         0x00000000       0x10 ./UltraHeatDriver/UltraHeatDriver.o
 .group         0x00000000       0x10 ./UltraHeatDriver/UltraHeatDriver.o
 .group         0x00000000       0x10 ./UltraHeatDriver/UltraHeatDriver.o
 .group         0x00000000       0x10 ./UltraHeatDriver/UltraHeatDriver.o
 .group         0x00000000       0x10 ./UltraHeatDriver/UltraHeatDriver.o
 .group         0x00000000       0x10 ./UltraHeatDriver/UltraHeatDriver.o
 .group         0x00000000       0x10 ./UltraHeatDriver/UltraHeatDriver.o
 .group         0x00000000       0x10 ./UltraHeatDriver/UltraHeatDriver.o
 .group         0x00000000       0x10 ./UltraHeatDriver/UltraHeatDriver.o
[...]
Memory Configuration

Name             Origin             Length             Attributes
*default*        0x00000000         0xffffffff

Linker script and memory map

LOAD /home/developer/CodeSourcery/Sourcery_CodeBench_for_ARM_GNU_Linux/bin/../arm-none-linux-gnueabi/libc/usr/lib/crti.o
LOAD /home/developer/CodeSourcery/Sourcery_CodeBench_for_ARM_GNU_Linux/bin/../lib/gcc/arm-none-linux-gnueabi/4.6.1/crtbeginS.o
LOAD ./UltraHeatDriver/UltraHeatDriver.o
LOAD ./SysfsGenericGPIODriver/SysfsGenericGPIODriver.o
LOAD ./GPIOLedDriver/GPIOLedDriver.o
LOAD ./GPIOKeyDriver/GPIOKeyDriver.o
LOAD ./EntryPoint.o
LOAD ./ADCDriver/ADCDriver.o
LOAD ../../Common/Debug/libCommon.so
LOAD /home/developer/CodeSourcery/Sourcery_CodeBench_for_ARM_GNU_Linux/bin/../arm-none-linux-gnueabi/libc/usr/lib/libstdc++.so
LOAD /home/developer/CodeSourcery/Sourcery_CodeBench_for_ARM_GNU_Linux/bin/../arm-none-linux-gnueabi/libc/usr/lib/libm.so
LOAD /home/developer/CodeSourcery/Sourcery_CodeBench_for_ARM_GNU_Linux/bin/../arm-none-linux-gnueabi/libc/lib/libgcc_s.so
START GROUP
LOAD /home/developer/CodeSourcery/Sourcery_CodeBench_for_ARM_GNU_Linux/bin/../arm-none-linux-gnueabi/libc/lib/libgcc_s.so.1
LOAD /home/developer/CodeSourcery/Sourcery_CodeBench_for_ARM_GNU_Linux/bin/../lib/gcc/arm-none-linux-gnueabi/4.6.1/libgcc.a
END GROUP
LOAD /home/developer/CodeSourcery/Sourcery_CodeBench_for_ARM_GNU_Linux/bin/../arm-none-linux-gnueabi/libc/usr/lib/libc.so
START GROUP
LOAD /home/developer/CodeSourcery/Sourcery_CodeBench_for_ARM_GNU_Linux/bin/../arm-none-linux-gnueabi/libc/lib/libc.so.6
LOAD /home/developer/CodeSourcery/Sourcery_CodeBench_for_ARM_GNU_Linux/bin/../arm-none-linux-gnueabi/libc/usr/lib/libc_nonshared.a
LOAD /home/developer/CodeSourcery/Sourcery_CodeBench_for_ARM_GNU_Linux/bin/../arm-none-linux-gnueabi/libc/lib/ld-linux.so.3
END GROUP
LOAD /home/developer/CodeSourcery/Sourcery_CodeBench_for_ARM_GNU_Linux/bin/../arm-none-linux-gnueabi/libc/lib/libgcc_s.so
START GROUP
LOAD /home/developer/CodeSourcery/Sourcery_CodeBench_for_ARM_GNU_Linux/bin/../arm-none-linux-gnueabi/libc/lib/libgcc_s.so.1
LOAD /home/developer/CodeSourcery/Sourcery_CodeBench_for_ARM_GNU_Linux/bin/../lib/gcc/arm-none-linux-gnueabi/4.6.1/libgcc.a
END GROUP
LOAD /home/developer/CodeSourcery/Sourcery_CodeBench_for_ARM_GNU_Linux/bin/../lib/gcc/arm-none-linux-gnueabi/4.6.1/crtendS.o
LOAD /home/developer/CodeSourcery/Sourcery_CodeBench_for_ARM_GNU_Linux/bin/../arm-none-linux-gnueabi/libc/usr/lib/crtn.o
                0x000000d4                . = (0x0 + SIZEOF_HEADERS)

.note.gnu.build-id
 *(.note.gnu.build-id)

.hash           0x000000d4      0xb54
 *(.hash)
 .hash          0x000000d4      0xb54 /home/developer/CodeSourcery/Sourcery_CodeBench_for_ARM_GNU_Linux/bin/../arm-none-linux-gnueabi/libc/usr/lib/crti.o

.gnu.hash
 *(.gnu.hash)

.dynsym         0x00000c28     0x1cc0
 *(.dynsym)
 .dynsym        0x00000c28     0x1cc0 /home/developer/CodeSourcery/Sourcery_CodeBench_for_ARM_GNU_Linux/bin/../arm-none-linux-gnueabi/libc/usr/lib/crti.o

.dynstr         0x000028e8     0x43c4
 *(.dynstr)
 .dynstr        0x000028e8     0x43c4 /home/developer/CodeSourcery/Sourcery_CodeBench_for_ARM_GNU_Linux/bin/../arm-none-linux-gnueabi/libc/usr/lib/crti.o

.gnu.version    0x00006cac      0x398
 *(.gnu.version)
 .gnu.version   0x00006cac      0x398 /home/developer/CodeSourcery/Sourcery_CodeBench_for_ARM_GNU_Linux/bin/../arm-none-linux-gnueabi/libc/usr/lib/crti.o

.gnu.version_d  0x00007044        0x0
 *(.gnu.version_d)
 .gnu.version_d
                0x00000000        0x0 /home/developer/CodeSourcery/Sourcery_CodeBench_for_ARM_GNU_Linux/bin/../arm-none-linux-gnueabi/libc/usr/lib/crti.o

.gnu.version_r  0x00007044       0x90
 *(.gnu.version_r)
 .gnu.version_r
                0x00007044       0x90 /home/developer/CodeSourcery/Sourcery_CodeBench_for_ARM_GNU_Linux/bin/../arm-none-linux-gnueabi/libc/usr/lib/crti.o

.rel.dyn        0x000070d4      0x3c8
 *(.rel.init)
 *(.rel.text .rel.text.* .rel.gnu.linkonce.t.*)
 .rel.text      0x00000000        0x0 /home/developer/CodeSourcery/Sourcery_CodeBench_for_ARM_GNU_Linux/bin/../arm-none-linux-gnueabi/libc/usr/lib/crti.o
 *(.rel.fini)
 *(.rel.rodata .rel.rodata.* .rel.gnu.linkonce.r.*)
 *(.rel.data.rel.ro* .rel.gnu.linkonce.d.rel.ro.*)
 .rel.data.rel.ro
                0x000070d4      0x2d0 /home/developer/CodeSourcery/Sourcery_CodeBench_for_ARM_GNU_Linux/bin/../arm-none-linux-gnueabi/libc/usr/lib/crti.o
 .rel.data.rel.ro.local
                0x000073a4       0x28 /home/developer/CodeSourcery/Sourcery_CodeBench_for_ARM_GNU_Linux/bin/../arm-none-linux-gnueabi/libc/usr/lib/crti.o
 *(.rel.data .rel.data.* .rel.gnu.linkonce.d.*)
 .rel.data.rel  0x000073cc        0x8 /home/developer/CodeSourcery/Sourcery_CodeBench_for_ARM_GNU_Linux/bin/../arm-none-linux-gnueabi/libc/usr/lib/crti.o
 *(.rel.tdata .rel.tdata.* .rel.gnu.linkonce.td.*)
 *(.rel.tbss .rel.tbss.* .rel.gnu.linkonce.tb.*)
 *(.rel.ctors)
 *(.rel.dtors)
 *(.rel.got)
 .rel.got       0x000073d4       0x88 /home/developer/CodeSourcery/Sourcery_CodeBench_for_ARM_GNU_Linux/bin/../arm-none-linux-gnueabi/libc/usr/lib/crti.o
 *(.rel.bss .rel.bss.* .rel.gnu.linkonce.b.*)
 *(.rel.iplt)
 .rel.iplt      0x00000000        0x0 /home/developer/CodeSourcery/Sourcery_CodeBench_for_ARM_GNU_Linux/bin/../arm-none-linux-gnueabi/libc/usr/lib/crti.o
 .rel.init_array
                0x0000745c       0x38 /home/developer/CodeSourcery/Sourcery_CodeBench_for_ARM_GNU_Linux/bin/../arm-none-linux-gnueabi/libc/usr/lib/crti.o
 .rel.fini_array
                0x00007494        0x8 /home/developer/CodeSourcery/Sourcery_CodeBench_for_ARM_GNU_Linux/bin/../arm-none-linux-gnueabi/libc/usr/lib/crti.o

.rela.dyn
 *(.rela.init)
 *(.rela.text .rela.text.* .rela.gnu.linkonce.t.*)
 *(.rela.fini)
 *(.rela.rodata .rela.rodata.* .rela.gnu.linkonce.r.*)
 *(.rela.data .rela.data.* .rela.gnu.linkonce.d.*)
 *(.rela.tdata .rela.tdata.* .rela.gnu.linkonce.td.*)
 *(.rela.tbss .rela.tbss.* .rela.gnu.linkonce.tb.*)
 *(.rela.ctors)
 *(.rela.dtors)
 *(.rela.got)
 *(.rela.bss .rela.bss.* .rela.gnu.linkonce.b.*)
 *(.rela.iplt)

.rel.plt        0x0000749c      0x8c0
 *(.rel.plt)
 .rel.plt       0x0000749c      0x8c0 /home/developer/CodeSourcery/Sourcery_CodeBench_for_ARM_GNU_Linux/bin/../arm-none-linux-gnueabi/libc/usr/lib/crti.o

.rela.plt
 *(.rela.plt)

.init           0x00007d5c        0xc
 *(.init)
 .init          0x00007d5c        0x8 /home/developer/CodeSourcery/Sourcery_CodeBench_for_ARM_GNU_Linux/bin/../arm-none-linux-gnueabi/libc/usr/lib/crti.o
                0x00007d5c                _init
 .init          0x00007d64        0x4 /home/developer/CodeSourcery/Sourcery_CodeBench_for_ARM_GNU_Linux/bin/../arm-none-linux-gnueabi/libc/usr/lib/crtn.o

.plt            0x00007d68      0xd34
 *(.plt)
 .plt           0x00007d68      0xd34 /home/developer/CodeSourcery/Sourcery_CodeBench_for_ARM_GNU_Linux/bin/../arm-none-linux-gnueabi/libc/usr/lib/crti.o

.iplt           0x00008a9c        0x0
 *(.iplt)
 .iplt          0x00000000        0x0 /home/developer/CodeSourcery/Sourcery_CodeBench_for_ARM_GNU_Linux/bin/../arm-none-linux-gnueabi/libc/usr/lib/crti.o

.text           0x00008aa0     0xb094
 *(.text.unlikely .text.*_unlikely)
 *(.text.exit .text.exit.*)
 *(.text.startup .text.startup.*)
 *(.text.hot .text.hot.*)
 *(.text .stub .text.* .gnu.linkonce.t.*)
 .text          0x00008aa0       0x24 /home/developer/CodeSourcery/Sourcery_CodeBench_for_ARM_GNU_Linux/bin/../arm-none-linux-gnueabi/libc/usr/lib/crti.o
 .text          0x00008ac4       0xa8 /home/developer/CodeSourcery/Sourcery_CodeBench_for_ARM_GNU_Linux/bin/../lib/gcc/arm-none-linux-gnueabi/4.6.1/crtbeginS.o
 *fill*         0x00008b6c        0x4 00000000
 .text          0x00008b70     0x3130 ./UltraHeatDriver/UltraHeatDriver.o
                0x00008b70                UltraHeatDriver::UltraHeatDriver()
                0x00008b70                UltraHeatDriver::UltraHeatDriver()
                0x0000921c                UltraHeatDriver::~UltraHeatDriver()
                0x0000921c                UltraHeatDriver::~UltraHeatDriver()
                0x000092a0                UltraHeatDriver::~UltraHeatDriver()
                0x000092d0                UltraHeatDriver::Type()
                0x000092fc                UltraHeatDriver::Version()
                0x00009328                UltraHeatDriver::Name()
                0x00009354                UltraHeatDriver::Description()
                0x00009380                UltraHeatDriver::Publisher()
                0x000093ac                UltraHeatDriver::ExecuteCommand(Command)
                0x00009fc0                UltraHeatDriver::Commands()
                0x0000a094                UltraHeatDriver::Clone()
                0x0000a0dc                UltraHeatDriver::GetCommand(char const*)
                0x0000a204                UltraHeatDriver::Open_port()
                0x0000ac60                UltraHeatDriver::Close_port(int)
                0x0000ad74                UltraHeatDriver::WriteData(std::string)
                0x0000b07c                UltraHeatDriver::CreateMessage(std::string, std::string)
                0x0000b3e4                ReadDataThreadRun(void*)
                0x0000bae0                UltraHeatDriver::StartReadDataThread()
                0x0000bbac                UltraHeatDriver::StopReadDataThread()
 .text._ZnwjPv  0x0000bca0       0x28 ./UltraHeatDriver/UltraHeatDriver.o
                0x0000bca0                operator new(unsigned int, void*)
 .text._ZdlPvS_
                0x0000bcc8       0x20 ./UltraHeatDriver/UltraHeatDriver.o
                0x0000bcc8                operator delete(void*, void*)
 .text._ZNSt11char_traitsIcE6lengthEPKc
                0x0000bce8       0x28 ./UltraHeatDriver/UltraHeatDriver.o
                0x0000bce8                std::char_traits<char>::length(char const*)
 .text._ZN16CommandParameterC2ESsPvSs
                0x0000bd10       0x9c ./UltraHeatDriver/UltraHeatDriver.o
                0x0000bd10                CommandParameter::CommandParameter(std::string, void*, std::string)
                0x0000bd10                CommandParameter::CommandParameter(std::string, void*, std::string)
 .text._ZN16CommandParameter5CloneEv
                0x0000bdac      0x1a8 ./UltraHeatDriver/UltraHeatDriver.o
                0x0000bdac                CommandParameter::Clone()
 .text._ZN7CommandC2ERKS_
                0x0000bf54      0x170 ./UltraHeatDriver/UltraHeatDriver.o
                0x0000bf54                Command::Command(Command const&)
                0x0000bf54                Command::Command(Command const&)
 .text._ZNSt4listI7CommandSaIS0_EED2Ev
                0x0000c0c4       0x28 ./UltraHeatDriver/UltraHeatDriver.o
                0x0000c0c4                std::list<Command, std::allocator<Command> >::~list()
                0x0000c0c4                std::list<Command, std::allocator<Command> >::~list()
 .text._ZSteqIcSt11char_traitsIcESaIcEEbRKSbIT_T0_T1_EPKS3_
                0x0000c0ec       0x40 ./UltraHeatDriver/UltraHeatDriver.o
                0x0000c0ec                bool std::operator==<char, std::char_traits<char>, std::allocator<char> >(std::basic_string<char, std::char_traits<char>, std::allocator<char> > const&, char const*)
 .text._ZStplIcSt11char_traitsIcESaIcEESbIT_T0_T1_EPKS3_RKS6_
                0x0000c12c       0x8c ./UltraHeatDriver/UltraHeatDriver.o
                0x0000c12c                std::basic_string<char, std::char_traits<char>, std::allocator<char> > std::operator+<char, std::char_traits<char>, std::allocator<char> >(char const*, std::basic_string<char, std::char_traits<char>, std::allocator<char> > const&)
 .text._ZStplIcSt11char_traitsIcESaIcEESbIT_T0_T1_ERKS6_PKS3_
                0x0000c1b8       0x4c ./UltraHeatDriver/UltraHeatDriver.o
                0x0000c1b8                std::basic_string<char, std::char_traits<char>, std::allocator<char> > std::operator+<char, std::char_traits<char>, std::allocator<char> >(std::basic_string<char, std::char_traits<char>, std::allocator<char> > const&, char const*)
 .text._ZNSt4listIP16CommandParameterSaIS1_EEC2Ev
                0x0000c204       0x2c ./UltraHeatDriver/UltraHeatDriver.o
                0x0000c204                std::list<CommandParameter*, std::allocator<CommandParameter*> >::list()
                0x0000c204                std::list<CommandParameter*, std::allocator<CommandParameter*> >::list()
 .text._ZNSt14_List_iteratorIP16CommandParameterEC2Ev
                0x0000c230       0x30 ./UltraHeatDriver/UltraHeatDriver.o
                0x0000c230                std::_List_iterator<CommandParameter*>::_List_iterator()
                0x0000c230                std::_List_iterator<CommandParameter*>::_List_iterator()
 .text._ZNSt4listIP16CommandParameterSaIS1_EE5beginEv
                0x0000c260       0x38 ./UltraHeatDriver/UltraHeatDriver.o
                0x0000c260                std::list<CommandParameter*, std::allocator<CommandParameter*> >::begin()
 .text._ZNSt4listIP16CommandParameterSaIS1_EE3endEv
                0x0000c298       0x34 ./UltraHeatDriver/UltraHeatDriver.o
                0x0000c298                std::list<CommandParameter*, std::allocator<CommandParameter*> >::end()
 .text._ZNKSt14_List_iteratorIP16CommandParameterEneERKS2_
                0x0000c2cc       0x44 ./UltraHeatDriver/UltraHeatDriver.o
                0x0000c2cc                std::_List_iterator<CommandParameter*>::operator!=(std::_List_iterator<CommandParameter*> const&) const
 .text._ZNSt14_List_iteratorIP16CommandParameterEppEi
                0x0000c310       0x48 ./UltraHeatDriver/UltraHeatDriver.o
                0x0000c310                std::_List_iterator<CommandParameter*>::operator++(int)
 .text._ZNKSt14_List_iteratorIP16CommandParameterEdeEv
                0x0000c358       0x2c ./UltraHeatDriver/UltraHeatDriver.o
                0x0000c358                std::_List_iterator<CommandParameter*>::operator*() const
 .text._ZNSt4listIP16CommandParameterSaIS1_EE9push_backERKS1_
                0x0000c384       0x38 ./UltraHeatDriver/UltraHeatDriver.o
                0x0000c384                std::list<CommandParameter*, std::allocator<CommandParameter*> >::push_back(CommandParameter* const&)
 .text._ZNSt4listI7CommandSaIS0_EE9push_backERKS0_
                0x0000c3bc       0x38 ./UltraHeatDriver/UltraHeatDriver.o
                0x0000c3bc                std::list<Command, std::allocator<Command> >::push_back(Command const&)
 .text._ZNSt4listI7CommandSaIS0_EEC2Ev
                0x0000c3f4       0x2c ./UltraHeatDriver/UltraHeatDriver.o
                0x0000c3f4                std::list<Command, std::allocator<Command> >::list()
                0x0000c3f4                std::list<Command, std::allocator<Command> >::list()
 .text._ZNSt10_List_baseI7CommandSaIS0_EE10_List_implD2Ev
                0x0000c420       0x28 ./UltraHeatDriver/UltraHeatDriver.o
                0x0000c420                std::_List_base<Command, std::allocator<Command> >::_List_impl::~_List_impl()
                0x0000c420                std::_List_base<Command, std::allocator<Command> >::_List_impl::~_List_impl()
 .text._ZNSt10_List_baseI7CommandSaIS0_EED2Ev
                0x0000c448       0x44 ./UltraHeatDriver/UltraHeatDriver.o
                0x0000c448                std::_List_base<Command, std::allocator<Command> >::~_List_base()
                0x0000c448                std::_List_base<Command, std::allocator<Command> >::~_List_base()
 .text._ZNSt14_List_iteratorI7CommandEC2Ev
                0x0000c48c       0x30 ./UltraHeatDriver/UltraHeatDriver.o
                0x0000c48c                std::_List_iterator<Command>::_List_iterator()
                0x0000c48c                std::_List_iterator<Command>::_List_iterator()
 .text._ZNSt4listI7CommandSaIS0_EE5beginEv
                0x0000c4bc       0x38 ./UltraHeatDriver/UltraHeatDriver.o
                0x0000c4bc                std::list<Command, std::allocator<Command> >::begin()
 .text._ZNSt4listI7CommandSaIS0_EE3endEv
                0x0000c4f4       0x34 ./UltraHeatDriver/UltraHeatDriver.o
                0x0000c4f4                std::list<Command, std::allocator<Command> >::end()
 .text._ZNKSt14_List_iteratorI7CommandEneERKS1_
                0x0000c528       0x44 ./UltraHeatDriver/UltraHeatDriver.o
                0x0000c528                std::_List_iterator<Command>::operator!=(std::_List_iterator<Command> const&) const
 .text._ZNSt14_List_iteratorI7CommandEppEi
                0x0000c56c       0x48 ./UltraHeatDriver/UltraHeatDriver.o
                0x0000c56c                std::_List_iterator<Command>::operator++(int)
 .text._ZNKSt14_List_iteratorI7CommandEdeEv
                0x0000c5b4       0x2c ./UltraHeatDriver/UltraHeatDriver.o
                0x0000c5b4                std::_List_iterator<Command>::operator*() const
 .text._ZNSt10_List_baseIP16CommandParameterSaIS1_EE10_List_implD2Ev
                0x0000c5e0       0x28 ./UltraHeatDriver/UltraHeatDriver.o
                0x0000c5e0                std::_List_base<CommandParameter*, std::allocator<CommandParameter*> >::_List_impl::~_List_impl()
                0x0000c5e0                std::_List_base<CommandParameter*, std::allocator<CommandParameter*> >::_List_impl::~_List_impl()
 .text._ZNSt10_List_baseIP16CommandParameterSaIS1_EEC2Ev
                0x0000c608       0x44 ./UltraHeatDriver/UltraHeatDriver.o
                0x0000c608                std::_List_base<CommandParameter*, std::allocator<CommandParameter*> >::_List_base()
                0x0000c608                std::_List_base<CommandParameter*, std::allocator<CommandParameter*> >::_List_base()
 .text._ZNSt14_List_iteratorIP16CommandParameterEC2EPNSt8__detail15_List_node_baseE
                0x0000c64c       0x34 ./UltraHeatDriver/UltraHeatDriver.o
                0x0000c64c                std::_List_iterator<CommandParameter*>::_List_iterator(std::__detail::_List_node_base*)
                0x0000c64c                std::_List_iterator<CommandParameter*>::_List_iterator(std::__detail::_List_node_base*)
 .text._ZNSt4listIP16CommandParameterSaIS1_EE9_M_insertESt14_List_iteratorIS1_ERKS1_
                0x0000c680       0x48 ./UltraHeatDriver/UltraHeatDriver.o
                0x0000c680                std::list<CommandParameter*, std::allocator<CommandParameter*> >::_M_insert(std::_List_iterator<CommandParameter*>, CommandParameter* const&)
 .text._ZNSt4listI7CommandSaIS0_EE9_M_insertESt14_List_iteratorIS0_ERKS0_
                0x0000c6c8       0x48 ./UltraHeatDriver/UltraHeatDriver.o
                0x0000c6c8                std::list<Command, std::allocator<Command> >::_M_insert(std::_List_iterator<Command>, Command const&)
 .text._ZNSt10_List_baseI7CommandSaIS0_EEC2Ev
                0x0000c710       0x44 ./UltraHeatDriver/UltraHeatDriver.o
                0x0000c710                std::_List_base<Command, std::allocator<Command> >::_List_base()
                0x0000c710                std::_List_base<Command, std::allocator<Command> >::_List_base()
 .text._ZNSaISt10_List_nodeI7CommandEED2Ev
                0x0000c754       0x28 ./UltraHeatDriver/UltraHeatDriver.o
                0x0000c754                std::allocator<std::_List_node<Command> >::~allocator()
                0x0000c754                std::allocator<std::_List_node<Command> >::~allocator()
 .text._ZNSt10_List_baseI7CommandSaIS0_EE8_M_clearEv
                0x0000c77c       0xbc ./UltraHeatDriver/UltraHeatDriver.o
                0x0000c77c                std::_List_base<Command, std::allocator<Command> >::_M_clear()
 .text._ZNSt14_List_iteratorI7CommandEC2EPNSt8__detail15_List_node_baseE
                0x0000c838       0x34 ./UltraHeatDriver/UltraHeatDriver.o
                0x0000c838                std::_List_iterator<Command>::_List_iterator(std::__detail::_List_node_base*)
                0x0000c838                std::_List_iterator<Command>::_List_iterator(std::__detail::_List_node_base*)
 .text._ZNKSt10_List_baseI7CommandSaIS0_EE21_M_get_Node_allocatorEv
                0x0000c86c       0x24 ./UltraHeatDriver/UltraHeatDriver.o
                0x0000c86c                std::_List_base<Command, std::allocator<Command> >::_M_get_Node_allocator() const
 .text._ZNSaI7CommandEC2ISt10_List_nodeIS_EEERKSaIT_E
                0x0000c890       0x2c ./UltraHeatDriver/UltraHeatDriver.o
                0x0000c890                std::allocator<Command>::allocator<std::_List_node<Command> >(std::allocator<std::_List_node<Command> > const&)
                0x0000c890                std::allocator<Command>::allocator<std::_List_node<Command> >(std::allocator<std::_List_node<Command> > const&)
 .text._ZNSaI7CommandED2Ev
                0x0000c8bc       0x28 ./UltraHeatDriver/UltraHeatDriver.o
                0x0000c8bc                std::allocator<Command>::~allocator()
                0x0000c8bc                std::allocator<Command>::~allocator()
 .text._ZNSt10_List_baseIP16CommandParameterSaIS1_EE10_List_implC2Ev
                0x0000c8e4       0x40 ./UltraHeatDriver/UltraHeatDriver.o
                0x0000c8e4                std::_List_base<CommandParameter*, std::allocator<CommandParameter*> >::_List_impl::_List_impl()
                0x0000c8e4                std::_List_base<CommandParameter*, std::allocator<CommandParameter*> >::_List_impl::_List_impl()
 .text._ZNSaISt10_List_nodeIP16CommandParameterEED2Ev
                0x0000c924       0x28 ./UltraHeatDriver/UltraHeatDriver.o
                0x0000c924                std::allocator<std::_List_node<CommandParameter*> >::~allocator()
                0x0000c924                std::allocator<std::_List_node<CommandParameter*> >::~allocator()
 .text._ZNSt10_List_baseIP16CommandParameterSaIS1_EE7_M_initEv
                0x0000c94c       0x34 ./UltraHeatDriver/UltraHeatDriver.o
                0x0000c94c                std::_List_base<CommandParameter*, std::allocator<CommandParameter*> >::_M_init()
 .text._ZNSt4listIP16CommandParameterSaIS1_EE14_M_create_nodeERKS1_
                0x0000c980       0xc0 ./UltraHeatDriver/UltraHeatDriver.o
                0x0000c980                std::list<CommandParameter*, std::allocator<CommandParameter*> >::_M_create_node(CommandParameter* const&)
 .text._ZNSt4listI7CommandSaIS0_EE14_M_create_nodeERKS0_
                0x0000ca40       0xc0 ./UltraHeatDriver/UltraHeatDriver.o
                0x0000ca40                std::list<Command, std::allocator<Command> >::_M_create_node(Command const&)
 .text._ZNSt10_List_baseI7CommandSaIS0_EE10_List_implC2Ev
                0x0000cb00       0x40 ./UltraHeatDriver/UltraHeatDriver.o
                0x0000cb00                std::_List_base<Command, std::allocator<Command> >::_List_impl::_List_impl()
                0x0000cb00                std::_List_base<Command, std::allocator<Command> >::_List_impl::_List_impl()
 .text._ZNSt10_List_baseI7CommandSaIS0_EE7_M_initEv
                0x0000cb40       0x34 ./UltraHeatDriver/UltraHeatDriver.o
                0x0000cb40                std::_List_base<Command, std::allocator<Command> >::_M_init()
 .text._ZN9__gnu_cxx13new_allocatorISt10_List_nodeI7CommandEED2Ev
                0x0000cb74       0x24 ./UltraHeatDriver/UltraHeatDriver.o
                0x0000cb74                __gnu_cxx::new_allocator<std::_List_node<Command> >::~new_allocator()
                0x0000cb74                __gnu_cxx::new_allocator<std::_List_node<Command> >::~new_allocator()
 .text._ZNKSt10_List_baseI7CommandSaIS0_EE19_M_get_Tp_allocatorEv
                0x0000cb98       0x38 ./UltraHeatDriver/UltraHeatDriver.o
                0x0000cb98                std::_List_base<Command, std::allocator<Command> >::_M_get_Tp_allocator() const
 .text._ZSt11__addressofI7CommandEPT_RS1_
                0x0000cbd0       0x24 ./UltraHeatDriver/UltraHeatDriver.o
                0x0000cbd0                Command* std::__addressof<Command>(Command&)
 .text._ZN9__gnu_cxx13new_allocatorI7CommandE7destroyEPS1_
                0x0000cbf4       0x30 ./UltraHeatDriver/UltraHeatDriver.o
                0x0000cbf4                __gnu_cxx::new_allocator<Command>::destroy(Command*)
 .text._ZNSt10_List_baseI7CommandSaIS0_EE11_M_put_nodeEPSt10_List_nodeIS0_E
                0x0000cc24       0x30 ./UltraHeatDriver/UltraHeatDriver.o
                0x0000cc24                std::_List_base<Command, std::allocator<Command> >::_M_put_node(std::_List_node<Command>*)
 .text._ZN9__gnu_cxx13new_allocatorI7CommandEC2Ev
                0x0000cc54       0x24 ./UltraHeatDriver/UltraHeatDriver.o
                0x0000cc54                __gnu_cxx::new_allocator<Command>::new_allocator()
                0x0000cc54                __gnu_cxx::new_allocator<Command>::new_allocator()
 .text._ZN9__gnu_cxx13new_allocatorI7CommandED2Ev
                0x0000cc78       0x24 ./UltraHeatDriver/UltraHeatDriver.o
                0x0000cc78                __gnu_cxx::new_allocator<Command>::~new_allocator()
                0x0000cc78                __gnu_cxx::new_allocator<Command>::~new_allocator()
 .text._ZNSaISt10_List_nodeIP16CommandParameterEEC2Ev
                0x0000cc9c       0x28 ./UltraHeatDriver/UltraHeatDriver.o
                0x0000cc9c                std::allocator<std::_List_node<CommandParameter*> >::allocator()
                0x0000cc9c                std::allocator<std::_List_node<CommandParameter*> >::allocator()
 .text._ZN9__gnu_cxx13new_allocatorISt10_List_nodeIP16CommandParameterEED2Ev
                0x0000ccc4       0x24 ./UltraHeatDriver/UltraHeatDriver.o
                0x0000ccc4                __gnu_cxx::new_allocator<std::_List_node<CommandParameter*> >::~new_allocator()
                0x0000ccc4                __gnu_cxx::new_allocator<std::_List_node<CommandParameter*> >::~new_allocator()
 .text._ZNKSt10_List_baseIP16CommandParameterSaIS1_EE19_M_get_Tp_allocatorEv
                0x0000cce8       0x38 ./UltraHeatDriver/UltraHeatDriver.o
                0x0000cce8                std::_List_base<CommandParameter*, std::allocator<CommandParameter*> >::_M_get_Tp_allocator() const
 .text._ZNSaIP16CommandParameterED2Ev
                0x0000cd20       0x28 ./UltraHeatDriver/UltraHeatDriver.o
                0x0000cd20                std::allocator<CommandParameter*>::~allocator()
                0x0000cd20                std::allocator<CommandParameter*>::~allocator()
 .text._ZSt11__addressofIP16CommandParameterEPT_RS2_
                0x0000cd48       0x24 ./UltraHeatDriver/UltraHeatDriver.o
                0x0000cd48                CommandParameter** std::__addressof<CommandParameter*>(CommandParameter*&)
 .text._ZNSt10_List_baseIP16CommandParameterSaIS1_EE11_M_put_nodeEPSt10_List_nodeIS1_E
                0x0000cd6c       0x30 ./UltraHeatDriver/UltraHeatDriver.o
                0x0000cd6c                std::_List_base<CommandParameter*, std::allocator<CommandParameter*> >::_M_put_node(std::_List_node<CommandParameter*>*)
 .text._ZNSt10_List_baseIP16CommandParameterSaIS1_EE11_M_get_nodeEv
                0x0000cd9c       0x34 ./UltraHeatDriver/UltraHeatDriver.o
                0x0000cd9c                std::_List_base<CommandParameter*, std::allocator<CommandParameter*> >::_M_get_node()
 .text._ZN9__gnu_cxx13new_allocatorIP16CommandParameterE9constructEPS2_RKS2_
                0x0000cdd0       0x48 ./UltraHeatDriver/UltraHeatDriver.o
                0x0000cdd0                __gnu_cxx::new_allocator<CommandParameter*>::construct(CommandParameter**, CommandParameter* const&)
 .text._ZNSt10_List_baseI7CommandSaIS0_EE11_M_get_nodeEv
                0x0000ce18       0x34 ./UltraHeatDriver/UltraHeatDriver.o
                0x0000ce18                std::_List_base<Command, std::allocator<Command> >::_M_get_node()
 .text._ZN9__gnu_cxx13new_allocatorI7CommandE9constructEPS1_RKS1_
                0x0000ce4c       0x5c ./UltraHeatDriver/UltraHeatDriver.o
                0x0000ce4c                __gnu_cxx::new_allocator<Command>::construct(Command*, Command const&)
 .text._ZNSaISt10_List_nodeI7CommandEEC2Ev
                0x0000cea8       0x28 ./UltraHeatDriver/UltraHeatDriver.o
                0x0000cea8                std::allocator<std::_List_node<Command> >::allocator()
                0x0000cea8                std::allocator<std::_List_node<Command> >::allocator()
 .text._ZN9__gnu_cxx13new_allocatorISt10_List_nodeI7CommandEE10deallocateEPS3_j
                0x0000ced0       0x28 ./UltraHeatDriver/UltraHeatDriver.o
                0x0000ced0                __gnu_cxx::new_allocator<std::_List_node<Command> >::deallocate(std::_List_node<Command>*, unsigned int)
 .text._ZN9__gnu_cxx13new_allocatorISt10_List_nodeI7CommandEEC2Ev
                0x0000cef8       0x24 ./UltraHeatDriver/UltraHeatDriver.o
                0x0000cef8                __gnu_cxx::new_allocator<std::_List_node<Command> >::new_allocator()
                0x0000cef8                __gnu_cxx::new_allocator<std::_List_node<Command> >::new_allocator()
 .text._ZN9__gnu_cxx13new_allocatorISt10_List_nodeIP16CommandParameterEEC2Ev
                0x0000cf1c       0x24 ./UltraHeatDriver/UltraHeatDriver.o
                0x0000cf1c                __gnu_cxx::new_allocator<std::_List_node<CommandParameter*> >::new_allocator()
                0x0000cf1c                __gnu_cxx::new_allocator<std::_List_node<CommandParameter*> >::new_allocator()
 .text._ZNKSt10_List_baseIP16CommandParameterSaIS1_EE21_M_get_Node_allocatorEv
                0x0000cf40       0x24 ./UltraHeatDriver/UltraHeatDriver.o
                0x0000cf40                std::_List_base<CommandParameter*, std::allocator<CommandParameter*> >::_M_get_Node_allocator() const
 .text._ZNSaIP16CommandParameterEC2ISt10_List_nodeIS0_EEERKSaIT_E
                0x0000cf64       0x2c ./UltraHeatDriver/UltraHeatDriver.o
                0x0000cf64                std::allocator<CommandParameter*>::allocator<std::_List_node<CommandParameter*> >(std::allocator<std::_List_node<CommandParameter*> > const&)
                0x0000cf64                std::allocator<CommandParameter*>::allocator<std::_List_node<CommandParameter*> >(std::allocator<std::_List_node<CommandParameter*> > const&)
 .text._ZN9__gnu_cxx13new_allocatorIP16CommandParameterED2Ev
                0x0000cf90       0x24 ./UltraHeatDriver/UltraHeatDriver.o
                0x0000cf90                __gnu_cxx::new_allocator<CommandParameter*>::~new_allocator()
                0x0000cf90                __gnu_cxx::new_allocator<CommandParameter*>::~new_allocator()
 .text._ZN9__gnu_cxx13new_allocatorISt10_List_nodeIP16CommandParameterEE10deallocateEPS4_j
                0x0000cfb4       0x28 ./UltraHeatDriver/UltraHeatDriver.o
                0x0000cfb4                __gnu_cxx::new_allocator<std::_List_node<CommandParameter*> >::deallocate(std::_List_node<CommandParameter*>*, unsigned int)
 .text._ZN9__gnu_cxx13new_allocatorISt10_List_nodeIP16CommandParameterEE8allocateEjPKv
                0x0000cfdc       0x70 ./UltraHeatDriver/UltraHeatDriver.o
                0x0000cfdc                __gnu_cxx::new_allocator<std::_List_node<CommandParameter*> >::allocate(unsigned int, void const*)
 .text._ZN9__gnu_cxx13new_allocatorISt10_List_nodeI7CommandEE8allocateEjPKv
                0x0000d04c       0x70 ./UltraHeatDriver/UltraHeatDriver.o
                0x0000d04c                __gnu_cxx::new_allocator<std::_List_node<Command> >::allocate(unsigned int, void const*)
 .text._ZN9__gnu_cxx13new_allocatorIP16CommandParameterEC2Ev
                0x0000d0bc       0x24 ./UltraHeatDriver/UltraHeatDriver.o
                0x0000d0bc                __gnu_cxx::new_allocator<CommandParameter*>::new_allocator()
                0x0000d0bc                __gnu_cxx::new_allocator<CommandParameter*>::new_allocator()
 .text._ZNK9__gnu_cxx13new_allocatorISt10_List_nodeIP16CommandParameterEE8max_sizeEv
                0x0000d0e0       0x28 ./UltraHeatDriver/UltraHeatDriver.o
                0x0000d0e0                __gnu_cxx::new_allocator<std::_List_node<CommandParameter*> >::max_size() const
 .text._ZNK9__gnu_cxx13new_allocatorISt10_List_nodeI7CommandEE8max_sizeEv
                0x0000d108       0x28 ./UltraHeatDriver/UltraHeatDriver.o
                0x0000d108                __gnu_cxx::new_allocator<std::_List_node<Command> >::max_size() const
 .text          0x0000d130     0x1eec ./SysfsGenericGPIODriver/SysfsGenericGPIODriver.o
                0x0000d130                SysfsGenericGPIODriver::SysfsGenericGPIODriver()
                0x0000d130                SysfsGenericGPIODriver::SysfsGenericGPIODriver()
                0x0000d714                SysfsGenericGPIODriver::~SysfsGenericGPIODriver()
                0x0000d714                SysfsGenericGPIODriver::~SysfsGenericGPIODriver()
                0x0000d77c                SysfsGenericGPIODriver::~SysfsGenericGPIODriver()
                0x0000d7ac                SysfsGenericGPIODriver::Type()
                0x0000d7d8                SysfsGenericGPIODriver::Version()
                0x0000d804                SysfsGenericGPIODriver::Name()
                0x0000d830                SysfsGenericGPIODriver::Description()
                0x0000d85c                SysfsGenericGPIODriver::Publisher()
                0x0000d888                SysfsThreadRun(void*)
                0x0000d96c                SysfsGenericGPIODriver::GetStatus()
                0x0000d994                SysfsGenericGPIODriver::SetStatus(int)
                0x0000d9c0                SysfsGenericGPIODriver::GetPortNumber()
                0x0000d9e8                SysfsGenericGPIODriver::GetGpioValue()
                0x0000daa0                SysfsGenericGPIODriver::SignalPortstatusChanged()
                0x0000de98                SysfsGenericGPIODriver::StartPoolingForStatus()
                0x0000df64                SysfsGenericGPIODriver::StopPoolingForStatus()
                0x0000e064                SysfsGenericGPIODriver::ExecuteCommand(Command)
                0x0000e620                SysfsGenericGPIODriver::Commands()
                0x0000e6f4                SysfsGenericGPIODriver::Clone()
                0x0000e73c                SysfsGenericGPIODriver::GetCommand(char const*)
                0x0000e864                SysfsGenericGPIODriver::OpenPort(int, int)
                0x0000e9e0                SysfsGenericGPIODriver::ClosePort(int)
                0x0000ea14                SysfsGenericGPIODriver::SetValue(int, int)
                0x0000ea6c                SysfsGenericGPIODriver::GetValue(int)
                0x0000eacc                SysfsGenericGPIODriver::gpio_export(unsigned int)
                0x0000eb80                SysfsGenericGPIODriver::gpio_unexport(unsigned int)
                0x0000ec34                SysfsGenericGPIODriver::gpio_set_dir(unsigned int, unsigned int)
                0x0000ed14                SysfsGenericGPIODriver::gpio_set_value(int, int)
                0x0000eddc                SysfsGenericGPIODriver::gpio_get_value(int, int*)
                0x0000ee90                SysfsGenericGPIODriver::gpio_set_edge(unsigned int, char*)
                0x0000eebc                SysfsGenericGPIODriver::gpio_fd_open(unsigned int)
                0x0000ef40                SysfsGenericGPIODriver::gpio_fd_close(int)
 .text._ZN14EventParameterC2ERKS_
                0x0000f01c       0x58 ./SysfsGenericGPIODriver/SysfsGenericGPIODriver.o
                0x0000f01c                EventParameter::EventParameter(EventParameter const&)
                0x0000f01c                EventParameter::EventParameter(EventParameter const&)
 .text._ZN14EventParameterC2EPKciS1_
                0x0000f074       0x54 ./SysfsGenericGPIODriver/SysfsGenericGPIODriver.o
                0x0000f074                EventParameter::EventParameter(char const*, int, char const*)
                0x0000f074                EventParameter::EventParameter(char const*, int, char const*)
 .text._ZN14EventParameterD2Ev
                0x0000f0c8       0x24 ./SysfsGenericGPIODriver/SysfsGenericGPIODriver.o
                0x0000f0c8                EventParameter::~EventParameter()
                0x0000f0c8                EventParameter::~EventParameter()
 .text._ZStplIcSt11char_traitsIcESaIcEESbIT_T0_T1_ERKS6_S8_
                0x0000f0ec       0x4c ./SysfsGenericGPIODriver/SysfsGenericGPIODriver.o
                0x0000f0ec                std::basic_string<char, std::char_traits<char>, std::allocator<char> > std::operator+<char, std::char_traits<char>, std::allocator<char> >(std::basic_string<char, std::char_traits<char>, std::allocator<char> > const&, std::basic_string<char, std::char_traits<char>, std::allocator<char> > const&)
 .text._ZNSt4listI14EventParameterSaIS0_EEC2Ev
                0x0000f138       0x2c ./SysfsGenericGPIODriver/SysfsGenericGPIODriver.o
                0x0000f138                std::list<EventParameter, std::allocator<EventParameter> >::list()
                0x0000f138                std::list<EventParameter, std::allocator<EventParameter> >::list()
 .text._ZNSt4listI14EventParameterSaIS0_EE9push_backERKS0_
                0x0000f164       0x38 ./SysfsGenericGPIODriver/SysfsGenericGPIODriver.o
                0x0000f164                std::list<EventParameter, std::allocator<EventParameter> >::push_back(EventParameter const&)
 .text._ZNSt10_List_baseI14EventParameterSaIS0_EE10_List_implD2Ev
                0x0000f19c       0x28 ./SysfsGenericGPIODriver/SysfsGenericGPIODriver.o
                0x0000f19c                std::_List_base<EventParameter, std::allocator<EventParameter> >::_List_impl::~_List_impl()
                0x0000f19c                std::_List_base<EventParameter, std::allocator<EventParameter> >::_List_impl::~_List_impl()
 .text._ZNSt10_List_baseI14EventParameterSaIS0_EEC2Ev
                0x0000f1c4       0x44 ./SysfsGenericGPIODriver/SysfsGenericGPIODriver.o
                0x0000f1c4                std::_List_base<EventParameter, std::allocator<EventParameter> >::_List_base()
                0x0000f1c4                std::_List_base<EventParameter, std::allocator<EventParameter> >::_List_base()
 .text._ZNSt4listI14EventParameterSaIS0_EE3endEv
                0x0000f208       0x34 ./SysfsGenericGPIODriver/SysfsGenericGPIODriver.o
                0x0000f208                std::list<EventParameter, std::allocator<EventParameter> >::end()
 .text._ZNSt4listI14EventParameterSaIS0_EE9_M_insertESt14_List_iteratorIS0_ERKS0_
                0x0000f23c       0x48 ./SysfsGenericGPIODriver/SysfsGenericGPIODriver.o
                0x0000f23c                std::list<EventParameter, std::allocator<EventParameter> >::_M_insert(std::_List_iterator<EventParameter>, EventParameter const&)
 .text._ZNSt10_List_baseI14EventParameterSaIS0_EE10_List_implC2Ev
                0x0000f284       0x40 ./SysfsGenericGPIODriver/SysfsGenericGPIODriver.o
                0x0000f284                std::_List_base<EventParameter, std::allocator<EventParameter> >::_List_impl::_List_impl()
                0x0000f284                std::_List_base<EventParameter, std::allocator<EventParameter> >::_List_impl::_List_impl()
 .text._ZNSaISt10_List_nodeI14EventParameterEED2Ev
                0x0000f2c4       0x28 ./SysfsGenericGPIODriver/SysfsGenericGPIODriver.o
                0x0000f2c4                std::allocator<std::_List_node<EventParameter> >::~allocator()
                0x0000f2c4                std::allocator<std::_List_node<EventParameter> >::~allocator()
 .text._ZNSt10_List_baseI14EventParameterSaIS0_EE7_M_initEv
                0x0000f2ec       0x34 ./SysfsGenericGPIODriver/SysfsGenericGPIODriver.o
                0x0000f2ec                std::_List_base<EventParameter, std::allocator<EventParameter> >::_M_init()
 .text._ZNSt14_List_iteratorI14EventParameterEC2EPNSt8__detail15_List_node_baseE
                0x0000f320       0x34 ./SysfsGenericGPIODriver/SysfsGenericGPIODriver.o
                0x0000f320                std::_List_iterator<EventParameter>::_List_iterator(std::__detail::_List_node_base*)
                0x0000f320                std::_List_iterator<EventParameter>::_List_iterator(std::__detail::_List_node_base*)
 .text._ZNSt4listI14EventParameterSaIS0_EE14_M_create_nodeERKS0_
                0x0000f354       0xc0 ./SysfsGenericGPIODriver/SysfsGenericGPIODriver.o
                0x0000f354                std::list<EventParameter, std::allocator<EventParameter> >::_M_create_node(EventParameter const&)
 .text._ZNSaISt10_List_nodeI14EventParameterEEC2Ev
                0x0000f414       0x28 ./SysfsGenericGPIODriver/SysfsGenericGPIODriver.o
                0x0000f414                std::allocator<std::_List_node<EventParameter> >::allocator()
                0x0000f414                std::allocator<std::_List_node<EventParameter> >::allocator()
 .text._ZN9__gnu_cxx13new_allocatorISt10_List_nodeI14EventParameterEED2Ev
                0x0000f43c       0x24 ./SysfsGenericGPIODriver/SysfsGenericGPIODriver.o
                0x0000f43c                __gnu_cxx::new_allocator<std::_List_node<EventParameter> >::~new_allocator()
                0x0000f43c                __gnu_cxx::new_allocator<std::_List_node<EventParameter> >::~new_allocator()
 .text._ZNKSt10_List_baseI14EventParameterSaIS0_EE19_M_get_Tp_allocatorEv
                0x0000f460       0x38 ./SysfsGenericGPIODriver/SysfsGenericGPIODriver.o
                0x0000f460                std::_List_base<EventParameter, std::allocator<EventParameter> >::_M_get_Tp_allocator() const
 .text._ZNSaI14EventParameterED2Ev
                0x0000f498       0x28 ./SysfsGenericGPIODriver/SysfsGenericGPIODriver.o
                0x0000f498                std::allocator<EventParameter>::~allocator()
                0x0000f498                std::allocator<EventParameter>::~allocator()
 .text._ZSt11__addressofI14EventParameterEPT_RS1_
                0x0000f4c0       0x24 ./SysfsGenericGPIODriver/SysfsGenericGPIODriver.o
                0x0000f4c0                EventParameter* std::__addressof<EventParameter>(EventParameter&)
 .text._ZNSt10_List_baseI14EventParameterSaIS0_EE11_M_put_nodeEPSt10_List_nodeIS0_E
                0x0000f4e4       0x30 ./SysfsGenericGPIODriver/SysfsGenericGPIODriver.o
                0x0000f4e4                std::_List_base<EventParameter, std::allocator<EventParameter> >::_M_put_node(std::_List_node<EventParameter>*)
 .text._ZNSt10_List_baseI14EventParameterSaIS0_EE11_M_get_nodeEv
                0x0000f514       0x34 ./SysfsGenericGPIODriver/SysfsGenericGPIODriver.o
                0x0000f514                std::_List_base<EventParameter, std::allocator<EventParameter> >::_M_get_node()
 .text._ZN9__gnu_cxx13new_allocatorI14EventParameterE9constructEPS1_RKS1_
                0x0000f548       0x48 ./SysfsGenericGPIODriver/SysfsGenericGPIODriver.o
                0x0000f548                __gnu_cxx::new_allocator<EventParameter>::construct(EventParameter*, EventParameter const&)
 .text._ZN9__gnu_cxx13new_allocatorISt10_List_nodeI14EventParameterEEC2Ev
                0x0000f590       0x24 ./SysfsGenericGPIODriver/SysfsGenericGPIODriver.o
                0x0000f590                __gnu_cxx::new_allocator<std::_List_node<EventParameter> >::new_allocator()
                0x0000f590                __gnu_cxx::new_allocator<std::_List_node<EventParameter> >::new_allocator()
 .text._ZNKSt10_List_baseI14EventParameterSaIS0_EE21_M_get_Node_allocatorEv
                0x0000f5b4       0x24 ./SysfsGenericGPIODriver/SysfsGenericGPIODriver.o
                0x0000f5b4                std::_List_base<EventParameter, std::allocator<EventParameter> >::_M_get_Node_allocator() const
 .text._ZNSaI14EventParameterEC2ISt10_List_nodeIS_EEERKSaIT_E
                0x0000f5d8       0x2c ./SysfsGenericGPIODriver/SysfsGenericGPIODriver.o
                0x0000f5d8                std::allocator<EventParameter>::allocator<std::_List_node<EventParameter> >(std::allocator<std::_List_node<EventParameter> > const&)
                0x0000f5d8                std::allocator<EventParameter>::allocator<std::_List_node<EventParameter> >(std::allocator<std::_List_node<EventParameter> > const&)
 .text._ZN9__gnu_cxx13new_allocatorI14EventParameterED2Ev
                0x0000f604       0x24 ./SysfsGenericGPIODriver/SysfsGenericGPIODriver.o
                0x0000f604                __gnu_cxx::new_allocator<EventParameter>::~new_allocator()
                0x0000f604                __gnu_cxx::new_allocator<EventParameter>::~new_allocator()
 .text._ZN9__gnu_cxx13new_allocatorISt10_List_nodeI14EventParameterEE10deallocateEPS3_j
                0x0000f628       0x28 ./SysfsGenericGPIODriver/SysfsGenericGPIODriver.o
                0x0000f628                __gnu_cxx::new_allocator<std::_List_node<EventParameter> >::deallocate(std::_List_node<EventParameter>*, unsigned int)
 .text._ZN9__gnu_cxx13new_allocatorISt10_List_nodeI14EventParameterEE8allocateEjPKv
                0x0000f650       0x70 ./SysfsGenericGPIODriver/SysfsGenericGPIODriver.o
                0x0000f650                __gnu_cxx::new_allocator<std::_List_node<EventParameter> >::allocate(unsigned int, void const*)
 .text._ZN9__gnu_cxx13new_allocatorI14EventParameterEC2Ev
                0x0000f6c0       0x24 ./SysfsGenericGPIODriver/SysfsGenericGPIODriver.o
                0x0000f6c0                __gnu_cxx::new_allocator<EventParameter>::new_allocator()
                0x0000f6c0                __gnu_cxx::new_allocator<EventParameter>::new_allocator()
 .text._ZNK9__gnu_cxx13new_allocatorISt10_List_nodeI14EventParameterEE8max_sizeEv
                0x0000f6e4       0x28 ./SysfsGenericGPIODriver/SysfsGenericGPIODriver.o
                0x0000f6e4                __gnu_cxx::new_allocator<std::_List_node<EventParameter> >::max_size() const
 .text          0x0000f70c      0xe6c ./GPIOLedDriver/GPIOLedDriver.o
                0x0000f70c                GPIOLedDriver::GPIOLedDriver()
                0x0000f70c                GPIOLedDriver::GPIOLedDriver()
                0x0000fbe4                GPIOLedDriver::~GPIOLedDriver()
                0x0000fbe4                GPIOLedDriver::~GPIOLedDriver()
                0x0000fc4c                GPIOLedDriver::~GPIOLedDriver()
                0x0000fc7c                GPIOLedDriver::Type()
                0x0000fca8                GPIOLedDriver::Version()
                0x0000fcd4                GPIOLedDriver::Name()
                0x0000fd00                GPIOLedDriver::Description()
                0x0000fd2c                GPIOLedDriver::Publisher()
                0x0000fd58                GPIOLedDriver::ExecuteCommand(Command)
                0x000101d0                GPIOLedDriver::Commands()
                0x000102a4                GPIOLedDriver::Clone()
                0x000102ec                GPIOLedDriver::GetCommand(char const*)
                0x00010414                GPIOLedDriver::SetValue(int, int)
 .text          0x00010578     0x1278 ./GPIOKeyDriver/GPIOKeyDriver.o
                0x00010578                GPIOKeyDriver::GPIOKeyDriver()
                0x00010578                GPIOKeyDriver::GPIOKeyDriver()
                0x00010a40                GPIOKeyDriver::~GPIOKeyDriver()
                0x00010a40                GPIOKeyDriver::~GPIOKeyDriver()
                0x00010aa8                GPIOKeyDriver::~GPIOKeyDriver()
                0x00010ad8                GPIOKeyDriver::Type()
                0x00010b04                GPIOKeyDriver::Version()
                0x00010b30                GPIOKeyDriver::Name()
                0x00010b5c                GPIOKeyDriver::Description()
                0x00010b88                GPIOKeyDriver::Publisher()
                0x00010bb4                GPIOKeyDriver::ExecuteCommand(Command)
                0x00010e0c                GPIOKeyDriver::GetCommand(char const*)
                0x00010f34                GPIOKeyDriver::Commands()
                0x00011008                GPIOKeyDriver::Clone()
                0x00011050                GPIOKeyDriver::OpenPort()
                0x000110c4                GPIOKeyDriver::ClosePort()
                0x000110ec                GPIOKeyDriver::SetCurrentValue(input_event)
                0x0001136c                GPIOKeyDriver::ReadValue()
                0x000113f0                ReadKeyThreadRun(void*)
                0x00011480                GPIOKeyDriver::StartReadingKeyThread()
                0x00011640                GPIOKeyDriver::StopReadingKeyThread()
                0x00011724                GPIOKeyDriver::UpdateInitialState()
 .text._ZNSt4listI5EventSaIS0_EE9push_backERKS0_
                0x000117f0       0x38 ./GPIOKeyDriver/GPIOKeyDriver.o
                0x000117f0                std::list<Event, std::allocator<Event> >::push_back(Event const&)
 .text._ZNSt4listI5EventSaIS0_EE3endEv
                0x00011828       0x34 ./GPIOKeyDriver/GPIOKeyDriver.o
                0x00011828                std::list<Event, std::allocator<Event> >::end()
 .text._ZNSt4listI5EventSaIS0_EE9_M_insertESt14_List_iteratorIS0_ERKS0_
                0x0001185c       0x48 ./GPIOKeyDriver/GPIOKeyDriver.o
                0x0001185c                std::list<Event, std::allocator<Event> >::_M_insert(std::_List_iterator<Event>, Event const&)
 .text._ZNSt14_List_iteratorI5EventEC2EPNSt8__detail15_List_node_baseE
                0x000118a4       0x34 ./GPIOKeyDriver/GPIOKeyDriver.o
                0x000118a4                std::_List_iterator<Event>::_List_iterator(std::__detail::_List_node_base*)
                0x000118a4                std::_List_iterator<Event>::_List_iterator(std::__detail::_List_node_base*)
 .text._ZNSt4listI5EventSaIS0_EE14_M_create_nodeERKS0_
                0x000118d8       0xc0 ./GPIOKeyDriver/GPIOKeyDriver.o
                0x000118d8                std::list<Event, std::allocator<Event> >::_M_create_node(Event const&)
 .text._ZNSt10_List_baseI5EventSaIS0_EE11_M_get_nodeEv
                0x00011998       0x34 ./GPIOKeyDriver/GPIOKeyDriver.o
                0x00011998                std::_List_base<Event, std::allocator<Event> >::_M_get_node()
 .text._ZNKSt10_List_baseI5EventSaIS0_EE19_M_get_Tp_allocatorEv
                0x000119cc       0x38 ./GPIOKeyDriver/GPIOKeyDriver.o
                0x000119cc                std::_List_base<Event, std::allocator<Event> >::_M_get_Tp_allocator() const
 .text._ZNSaI5EventED2Ev
                0x00011a04       0x28 ./GPIOKeyDriver/GPIOKeyDriver.o
                0x00011a04                std::allocator<Event>::~allocator()
                0x00011a04                std::allocator<Event>::~allocator()
 .text._ZSt11__addressofI5EventEPT_RS1_
                0x00011a2c       0x24 ./GPIOKeyDriver/GPIOKeyDriver.o
                0x00011a2c                Event* std::__addressof<Event>(Event&)
 .text._ZN9__gnu_cxx13new_allocatorI5EventE9constructEPS1_RKS1_
                0x00011a50       0x5c ./GPIOKeyDriver/GPIOKeyDriver.o
                0x00011a50                __gnu_cxx::new_allocator<Event>::construct(Event*, Event const&)
 .text._ZNSt10_List_baseI5EventSaIS0_EE11_M_put_nodeEPSt10_List_nodeIS0_E
                0x00011aac       0x30 ./GPIOKeyDriver/GPIOKeyDriver.o
                0x00011aac                std::_List_base<Event, std::allocator<Event> >::_M_put_node(std::_List_node<Event>*)
 .text._ZN9__gnu_cxx13new_allocatorISt10_List_nodeI5EventEE8allocateEjPKv
                0x00011adc       0x70 ./GPIOKeyDriver/GPIOKeyDriver.o
                0x00011adc                __gnu_cxx::new_allocator<std::_List_node<Event> >::allocate(unsigned int, void const*)
 .text._ZNKSt10_List_baseI5EventSaIS0_EE21_M_get_Node_allocatorEv
                0x00011b4c       0x24 ./GPIOKeyDriver/GPIOKeyDriver.o
                0x00011b4c                std::_List_base<Event, std::allocator<Event> >::_M_get_Node_allocator() const
 .text._ZNSaI5EventEC2ISt10_List_nodeIS_EEERKSaIT_E
                0x00011b70       0x2c ./GPIOKeyDriver/GPIOKeyDriver.o
                0x00011b70                std::allocator<Event>::allocator<std::_List_node<Event> >(std::allocator<std::_List_node<Event> > const&)
                0x00011b70                std::allocator<Event>::allocator<std::_List_node<Event> >(std::allocator<std::_List_node<Event> > const&)
 .text._ZN9__gnu_cxx13new_allocatorI5EventED2Ev
                0x00011b9c       0x24 ./GPIOKeyDriver/GPIOKeyDriver.o
                0x00011b9c                __gnu_cxx::new_allocator<Event>::~new_allocator()
                0x00011b9c                __gnu_cxx::new_allocator<Event>::~new_allocator()
 .text._ZN9__gnu_cxx13new_allocatorISt10_List_nodeI5EventEE10deallocateEPS3_j
                0x00011bc0       0x28 ./GPIOKeyDriver/GPIOKeyDriver.o
                0x00011bc0                __gnu_cxx::new_allocator<std::_List_node<Event> >::deallocate(std::_List_node<Event>*, unsigned int)
 .text._ZNK9__gnu_cxx13new_allocatorISt10_List_nodeI5EventEE8max_sizeEv
                0x00011be8       0x28 ./GPIOKeyDriver/GPIOKeyDriver.o
                0x00011be8                __gnu_cxx::new_allocator<std::_List_node<Event> >::max_size() const
 .text._ZN9__gnu_cxx13new_allocatorI5EventEC2Ev
                0x00011c10       0x24 ./GPIOKeyDriver/GPIOKeyDriver.o
                0x00011c10                __gnu_cxx::new_allocator<Event>::new_allocator()
                0x00011c10                __gnu_cxx::new_allocator<Event>::new_allocator()
 .text          0x00011c34      0x27c ./EntryPoint.o
                0x00011c34                CreateDrivers
 .text._ZNSt4listIP10BaseDriverSaIS1_EED2Ev
                0x00011eb0       0x28 ./EntryPoint.o
                0x00011eb0                std::list<BaseDriver*, std::allocator<BaseDriver*> >::~list()
                0x00011eb0                std::list<BaseDriver*, std::allocator<BaseDriver*> >::~list()
 .text._ZNSt4listIP10BaseDriverSaIS1_EEC2Ev
                0x00011ed8       0x2c ./EntryPoint.o
                0x00011ed8                std::list<BaseDriver*, std::allocator<BaseDriver*> >::list()
                0x00011ed8                std::list<BaseDriver*, std::allocator<BaseDriver*> >::list()
 .text._ZNSt10_List_baseIP10BaseDriverSaIS1_EE10_List_implD2Ev
                0x00011f04       0x28 ./EntryPoint.o
                0x00011f04                std::_List_base<BaseDriver*, std::allocator<BaseDriver*> >::_List_impl::~_List_impl()
                0x00011f04                std::_List_base<BaseDriver*, std::allocator<BaseDriver*> >::_List_impl::~_List_impl()
 .text._ZNSt10_List_baseIP10BaseDriverSaIS1_EED2Ev
                0x00011f2c       0x44 ./EntryPoint.o
                0x00011f2c                std::_List_base<BaseDriver*, std::allocator<BaseDriver*> >::~_List_base()
                0x00011f2c                std::_List_base<BaseDriver*, std::allocator<BaseDriver*> >::~_List_base()
 .text._ZNSt4listIP10BaseDriverSaIS1_EE9push_backERKS1_
                0x00011f70       0x38 ./EntryPoint.o
                0x00011f70                std::list<BaseDriver*, std::allocator<BaseDriver*> >::push_back(BaseDriver* const&)
 .text._ZNSt10_List_baseIP10BaseDriverSaIS1_EEC2Ev
                0x00011fa8       0x44 ./EntryPoint.o
                0x00011fa8                std::_List_base<BaseDriver*, std::allocator<BaseDriver*> >::_List_base()
                0x00011fa8                std::_List_base<BaseDriver*, std::allocator<BaseDriver*> >::_List_base()
 .text._ZNSaISt10_List_nodeIP10BaseDriverEED2Ev
                0x00011fec       0x28 ./EntryPoint.o
                0x00011fec                std::allocator<std::_List_node<BaseDriver*> >::~allocator()
                0x00011fec                std::allocator<std::_List_node<BaseDriver*> >::~allocator()
 .text._ZNSt10_List_baseIP10BaseDriverSaIS1_EE8_M_clearEv
                0x00012014       0xbc ./EntryPoint.o
                0x00012014                std::_List_base<BaseDriver*, std::allocator<BaseDriver*> >::_M_clear()
 .text._ZNSt4listIP10BaseDriverSaIS1_EE3endEv
                0x000120d0       0x34 ./EntryPoint.o
                0x000120d0                std::list<BaseDriver*, std::allocator<BaseDriver*> >::end()
 .text._ZNSt4listIP10BaseDriverSaIS1_EE9_M_insertESt14_List_iteratorIS1_ERKS1_
                0x00012104       0x48 ./EntryPoint.o
                0x00012104                std::list<BaseDriver*, std::allocator<BaseDriver*> >::_M_insert(std::_List_iterator<BaseDriver*>, BaseDriver* const&)
 .text._ZNKSt10_List_baseIP10BaseDriverSaIS1_EE21_M_get_Node_allocatorEv
                0x0001214c       0x24 ./EntryPoint.o
                0x0001214c                std::_List_base<BaseDriver*, std::allocator<BaseDriver*> >::_M_get_Node_allocator() const
 .text._ZNSaIP10BaseDriverEC2ISt10_List_nodeIS0_EEERKSaIT_E
                0x00012170       0x2c ./EntryPoint.o
                0x00012170                std::allocator<BaseDriver*>::allocator<std::_List_node<BaseDriver*> >(std::allocator<std::_List_node<BaseDriver*> > const&)
                0x00012170                std::allocator<BaseDriver*>::allocator<std::_List_node<BaseDriver*> >(std::allocator<std::_List_node<BaseDriver*> > const&)
 .text._ZNSaIP10BaseDriverED2Ev
                0x0001219c       0x28 ./EntryPoint.o
                0x0001219c                std::allocator<BaseDriver*>::~allocator()
                0x0001219c                std::allocator<BaseDriver*>::~allocator()
 .text._ZNSt10_List_baseIP10BaseDriverSaIS1_EE10_List_implC2Ev
                0x000121c4       0x40 ./EntryPoint.o
                0x000121c4                std::_List_base<BaseDriver*, std::allocator<BaseDriver*> >::_List_impl::_List_impl()
                0x000121c4                std::_List_base<BaseDriver*, std::allocator<BaseDriver*> >::_List_impl::_List_impl()
 .text._ZNSt10_List_baseIP10BaseDriverSaIS1_EE7_M_initEv
                0x00012204       0x34 ./EntryPoint.o
                0x00012204                std::_List_base<BaseDriver*, std::allocator<BaseDriver*> >::_M_init()
 .text._ZN9__gnu_cxx13new_allocatorISt10_List_nodeIP10BaseDriverEED2Ev
                0x00012238       0x24 ./EntryPoint.o
                0x00012238                __gnu_cxx::new_allocator<std::_List_node<BaseDriver*> >::~new_allocator()
                0x00012238                __gnu_cxx::new_allocator<std::_List_node<BaseDriver*> >::~new_allocator()
 .text._ZNKSt10_List_baseIP10BaseDriverSaIS1_EE19_M_get_Tp_allocatorEv
                0x0001225c       0x38 ./EntryPoint.o
                0x0001225c                std::_List_base<BaseDriver*, std::allocator<BaseDriver*> >::_M_get_Tp_allocator() const
 .text._ZSt11__addressofIP10BaseDriverEPT_RS2_
                0x00012294       0x24 ./EntryPoint.o
                0x00012294                BaseDriver** std::__addressof<BaseDriver*>(BaseDriver*&)
 .text._ZN9__gnu_cxx13new_allocatorIP10BaseDriverE7destroyEPS2_
                0x000122b8       0x20 ./EntryPoint.o
                0x000122b8                __gnu_cxx::new_allocator<BaseDriver*>::destroy(BaseDriver**)
 .text._ZNSt10_List_baseIP10BaseDriverSaIS1_EE11_M_put_nodeEPSt10_List_nodeIS1_E
                0x000122d8       0x30 ./EntryPoint.o
                0x000122d8                std::_List_base<BaseDriver*, std::allocator<BaseDriver*> >::_M_put_node(std::_List_node<BaseDriver*>*)
 .text._ZNSt14_List_iteratorIP10BaseDriverEC2EPNSt8__detail15_List_node_baseE
                0x00012308       0x34 ./EntryPoint.o
                0x00012308                std::_List_iterator<BaseDriver*>::_List_iterator(std::__detail::_List_node_base*)
                0x00012308                std::_List_iterator<BaseDriver*>::_List_iterator(std::__detail::_List_node_base*)
 .text._ZNSt4listIP10BaseDriverSaIS1_EE14_M_create_nodeERKS1_
                0x0001233c       0xbc ./EntryPoint.o
                0x0001233c                std::list<BaseDriver*, std::allocator<BaseDriver*> >::_M_create_node(BaseDriver* const&)
 .text._ZN9__gnu_cxx13new_allocatorIP10BaseDriverEC2Ev
                0x000123f8       0x24 ./EntryPoint.o
                0x000123f8                __gnu_cxx::new_allocator<BaseDriver*>::new_allocator()
                0x000123f8                __gnu_cxx::new_allocator<BaseDriver*>::new_allocator()
 .text._ZN9__gnu_cxx13new_allocatorIP10BaseDriverED2Ev
                0x0001241c       0x24 ./EntryPoint.o
                0x0001241c                __gnu_cxx::new_allocator<BaseDriver*>::~new_allocator()
                0x0001241c                __gnu_cxx::new_allocator<BaseDriver*>::~new_allocator()
 .text._ZNSaISt10_List_nodeIP10BaseDriverEEC2Ev
                0x00012440       0x28 ./EntryPoint.o
                0x00012440                std::allocator<std::_List_node<BaseDriver*> >::allocator()
                0x00012440                std::allocator<std::_List_node<BaseDriver*> >::allocator()
 .text._ZN9__gnu_cxx13new_allocatorISt10_List_nodeIP10BaseDriverEE10deallocateEPS4_j
                0x00012468       0x28 ./EntryPoint.o
                0x00012468                __gnu_cxx::new_allocator<std::_List_node<BaseDriver*> >::deallocate(std::_List_node<BaseDriver*>*, unsigned int)
 .text._ZNSt10_List_baseIP10BaseDriverSaIS1_EE11_M_get_nodeEv
                0x00012490       0x34 ./EntryPoint.o
                0x00012490                std::_List_base<BaseDriver*, std::allocator<BaseDriver*> >::_M_get_node()
 .text._ZN9__gnu_cxx13new_allocatorIP10BaseDriverE9constructEPS2_RKS2_
                0x000124c4       0x48 ./EntryPoint.o
                0x000124c4                __gnu_cxx::new_allocator<BaseDriver*>::construct(BaseDriver**, BaseDriver* const&)
 .text._ZN9__gnu_cxx13new_allocatorISt10_List_nodeIP10BaseDriverEEC2Ev
                0x0001250c       0x24 ./EntryPoint.o
                0x0001250c                __gnu_cxx::new_allocator<std::_List_node<BaseDriver*> >::new_allocator()
                0x0001250c                __gnu_cxx::new_allocator<std::_List_node<BaseDriver*> >::new_allocator()
 .text._ZN9__gnu_cxx13new_allocatorISt10_List_nodeIP10BaseDriverEE8allocateEjPKv
                0x00012530       0x70 ./EntryPoint.o
                0x00012530                __gnu_cxx::new_allocator<std::_List_node<BaseDriver*> >::allocate(unsigned int, void const*)
 .text._ZNK9__gnu_cxx13new_allocatorISt10_List_nodeIP10BaseDriverEE8max_sizeEv
                0x000125a0       0x28 ./EntryPoint.o
                0x000125a0                __gnu_cxx::new_allocator<std::_List_node<BaseDriver*> >::max_size() const
 .text          0x000125c8     0x156c ./ADCDriver/ADCDriver.o
                0x000125c8                ADCDriver::ADCDriver()
                0x000125c8                ADCDriver::ADCDriver()
                0x00012cfc                ADCDriver::~ADCDriver()
                0x00012cfc                ADCDriver::~ADCDriver()
                0x00012d64                ADCDriver::~ADCDriver()
                0x00012d94                ADCDriver::Type()
                0x00012dc0                ADCDriver::Version()
                0x00012dec                ADCDriver::Name()
                0x00012e18                ADCDriver::Description()
                0x00012e44                ADCDriver::Publisher()
                0x00012e70                ADCDriver::ExecuteCommand(Command)
                0x00013278                ADCDriver::GetCommand(char const*)
                0x000133a0                ADCDriver::Commands()
                0x00013474                ADCDriver::Clone()
                0x000134bc                ADCDriver::OpenPort()
                0x000134e0                ADCDriver::ClosePort()
                0x000134fc                ADCDriver::SetCurrentValue(int)
                0x000136ac                ReadADCValueThreadRun(void*)
                0x00013794                ADCDriver::StartReadingKeyThread()
                0x00013954                ADCDriver::StopReadingKeyThread()
                0x00013a38                ADCDriver::UpdateInitialState()
 .text          0x00013b34        0x0 /home/developer/CodeSourcery/Sourcery_CodeBench_for_ARM_GNU_Linux/bin/../lib/gcc/arm-none-linux-gnueabi/4.6.1/crtendS.o
 .text          0x00013b34        0x0 /home/developer/CodeSourcery/Sourcery_CodeBench_for_ARM_GNU_Linux/bin/../arm-none-linux-gnueabi/libc/usr/lib/crtn.o
 *(.gnu.warning)
 *(.glue_7t)
 .glue_7t       0x00000000        0x0 linker stubs
 *(.glue_7)
 .glue_7        0x00000000        0x0 linker stubs
 *(.vfp11_veneer)
 .vfp11_veneer  0x00000000        0x0 linker stubs
 *(.v4_bx)
 .v4_bx         0x00000000        0x0 linker stubs

.fini           0x00013b34        0x8
 *(.fini)
 .fini          0x00013b34        0x4 /home/developer/CodeSourcery/Sourcery_CodeBench_for_ARM_GNU_Linux/bin/../arm-none-linux-gnueabi/libc/usr/lib/crti.o
                0x00013b34                _fini
 .fini          0x00013b38        0x4 /home/developer/CodeSourcery/Sourcery_CodeBench_for_ARM_GNU_Linux/bin/../arm-none-linux-gnueabi/libc/usr/lib/crtn.o
                0x00013b3c                PROVIDE (__etext, .)
                0x00013b3c                PROVIDE (_etext, .)
                0x00013b3c                PROVIDE (etext, .)

.rodata         0x00013b3c      0xf20
 *(.rodata .rodata.* .gnu.linkonce.r.*)
 .rodata        0x00013b3c      0x630 ./UltraHeatDriver/UltraHeatDriver.o
                0x00014158                typeinfo name for UltraHeatDriver
 .rodata        0x0001416c      0x3d8 ./SysfsGenericGPIODriver/SysfsGenericGPIODriver.o
                0x00014528                typeinfo name for SysfsGenericGPIODriver
 .rodata        0x00014544      0x164 ./GPIOLedDriver/GPIOLedDriver.o
                0x00014698                typeinfo name for GPIOLedDriver
 .rodata        0x000146a8      0x1c8 ./GPIOKeyDriver/GPIOKeyDriver.o
                0x00014860                typeinfo name for GPIOKeyDriver
 .rodata        0x00014870       0x44 ./EntryPoint.o
 .rodata        0x000148b4      0x1a8 ./ADCDriver/ADCDriver.o
                0x00014a50                typeinfo name for ADCDriver

.rodata1
 *(.rodata1)

.ARM.extab      0x00014a5c     0x17fc
 *(.ARM.extab* .gnu.linkonce.armextab.*)
 .ARM.extab     0x00014a5c       0x18 /home/developer/CodeSourcery/Sourcery_CodeBench_for_ARM_GNU_Linux/bin/../lib/gcc/arm-none-linux-gnueabi/4.6.1/crtbeginS.o
 .ARM.extab.text._ZnwjPv
                0x00014a74        0x0 ./UltraHeatDriver/UltraHeatDriver.o
 .ARM.extab.text._ZdlPvS_
                0x00014a74        0x0 ./UltraHeatDriver/UltraHeatDriver.o
 .ARM.extab.text._ZNSt11char_traitsIcE6lengthEPKc
                0x00014a74        0xc ./UltraHeatDriver/UltraHeatDriver.o
 .ARM.extab.text._ZN16CommandParameterC2ESsPvSs
                0x00014a80       0x24 ./UltraHeatDriver/UltraHeatDriver.o
 .ARM.extab.text._ZN16CommandParameter5CloneEv
                0x00014aa4       0x44 ./UltraHeatDriver/UltraHeatDriver.o
 .ARM.extab.text._ZN7CommandC2ERKS_
                0x00014ae8       0x2c ./UltraHeatDriver/UltraHeatDriver.o
 .ARM.extab     0x00014b14      0x570 ./UltraHeatDriver/UltraHeatDriver.o
 .ARM.extab.text._ZNSt4listI7CommandSaIS0_EED2Ev
                0x00015084        0xc ./UltraHeatDriver/UltraHeatDriver.o
 .ARM.extab.text._ZSteqIcSt11char_traitsIcESaIcEEbRKSbIT_T0_T1_EPKS3_
                0x00015090        0xc ./UltraHeatDriver/UltraHeatDriver.o
 .ARM.extab.text._ZStplIcSt11char_traitsIcESaIcEESbIT_T0_T1_EPKS3_RKS6_
                0x0001509c       0x1c ./UltraHeatDriver/UltraHeatDriver.o
 .ARM.extab.text._ZStplIcSt11char_traitsIcESaIcEESbIT_T0_T1_ERKS6_PKS3_
                0x000150b8       0x1c ./UltraHeatDriver/UltraHeatDriver.o
 .ARM.extab.text._ZNSt4listIP16CommandParameterSaIS1_EEC2Ev
                0x000150d4        0xc ./UltraHeatDriver/UltraHeatDriver.o
 .ARM.extab.text._ZNSt14_List_iteratorIP16CommandParameterEC2Ev
                0x000150e0        0x0 ./UltraHeatDriver/UltraHeatDriver.o
 .ARM.extab.text._ZNSt4listIP16CommandParameterSaIS1_EE5beginEv
                0x000150e0        0xc ./UltraHeatDriver/UltraHeatDriver.o
 .ARM.extab.text._ZNSt4listIP16CommandParameterSaIS1_EE3endEv
                0x000150ec        0xc ./UltraHeatDriver/UltraHeatDriver.o
 .ARM.extab.text._ZNKSt14_List_iteratorIP16CommandParameterEneERKS2_
                0x000150f8        0x0 ./UltraHeatDriver/UltraHeatDriver.o
 .ARM.extab.text._ZNSt14_List_iteratorIP16CommandParameterEppEi
                0x000150f8        0x0 ./UltraHeatDriver/UltraHeatDriver.o
 .ARM.extab.text._ZNKSt14_List_iteratorIP16CommandParameterEdeEv
                0x000150f8        0x0 ./UltraHeatDriver/UltraHeatDriver.o
 .ARM.extab.text._ZNSt4listIP16CommandParameterSaIS1_EE9push_backERKS1_
                0x000150f8        0xc ./UltraHeatDriver/UltraHeatDriver.o
 .ARM.extab.text._ZNSt4listI7CommandSaIS0_EE9push_backERKS0_
                0x00015104        0xc ./UltraHeatDriver/UltraHeatDriver.o
 .ARM.extab.text._ZNSt4listI7CommandSaIS0_EEC2Ev
                0x00015110        0xc ./UltraHeatDriver/UltraHeatDriver.o
 .ARM.extab.text._ZNSt10_List_baseI7CommandSaIS0_EE10_List_implD2Ev
                0x0001511c        0xc ./UltraHeatDriver/UltraHeatDriver.o
 .ARM.extab.text._ZNSt10_List_baseI7CommandSaIS0_EED2Ev
                0x00015128       0x18 ./UltraHeatDriver/UltraHeatDriver.o
 .ARM.extab.text._ZNSt14_List_iteratorI7CommandEC2Ev
                0x00015140        0x0 ./UltraHeatDriver/UltraHeatDriver.o
 .ARM.extab.text._ZNSt4listI7CommandSaIS0_EE5beginEv
                0x00015140        0xc ./UltraHeatDriver/UltraHeatDriver.o
 .ARM.extab.text._ZNSt4listI7CommandSaIS0_EE3endEv
                0x0001514c        0xc ./UltraHeatDriver/UltraHeatDriver.o
 .ARM.extab.text._ZNKSt14_List_iteratorI7CommandEneERKS1_
                0x00015158        0x0 ./UltraHeatDriver/UltraHeatDriver.o
 .ARM.extab.text._ZNSt14_List_iteratorI7CommandEppEi
                0x00015158        0x0 ./UltraHeatDriver/UltraHeatDriver.o
 .ARM.extab.text._ZNKSt14_List_iteratorI7CommandEdeEv
                0x00015158        0x0 ./UltraHeatDriver/UltraHeatDriver.o
 .ARM.extab.text._ZNSt10_List_baseIP16CommandParameterSaIS1_EE10_List_implD2Ev
                0x00015158        0xc ./UltraHeatDriver/UltraHeatDriver.o
 .ARM.extab.text._ZNSt10_List_baseIP16CommandParameterSaIS1_EEC2Ev
                0x00015164       0x1c ./UltraHeatDriver/UltraHeatDriver.o
 .ARM.extab.text._ZNSt14_List_iteratorIP16CommandParameterEC2EPNSt8__detail15_List_node_baseE
                0x00015180        0x0 ./UltraHeatDriver/UltraHeatDriver.o
 .ARM.extab.text._ZNSt4listIP16CommandParameterSaIS1_EE9_M_insertESt14_List_iteratorIS1_ERKS1_
                0x00015180        0xc ./UltraHeatDriver/UltraHeatDriver.o
 .ARM.extab.text._ZNSt4listI7CommandSaIS0_EE9_M_insertESt14_List_iteratorIS0_ERKS0_
                0x0001518c        0xc ./UltraHeatDriver/UltraHeatDriver.o
 .ARM.extab.text._ZNSt10_List_baseI7CommandSaIS0_EEC2Ev
                0x00015198       0x1c ./UltraHeatDriver/UltraHeatDriver.o
 .ARM.extab.text._ZNSaISt10_List_nodeI7CommandEED2Ev
                0x000151b4        0xc ./UltraHeatDriver/UltraHeatDriver.o
 .ARM.extab.text._ZNSt10_List_baseI7CommandSaIS0_EE8_M_clearEv
                0x000151c0       0x20 ./UltraHeatDriver/UltraHeatDriver.o
 .ARM.extab.text._ZNSt14_List_iteratorI7CommandEC2EPNSt8__detail15_List_node_baseE
                0x000151e0        0x0 ./UltraHeatDriver/UltraHeatDriver.o
 .ARM.extab.text._ZNKSt10_List_baseI7CommandSaIS0_EE21_M_get_Node_allocatorEv
                0x000151e0        0x0 ./UltraHeatDriver/UltraHeatDriver.o
 .ARM.extab.text._ZNSaI7CommandEC2ISt10_List_nodeIS_EEERKSaIT_E
                0x000151e0        0xc ./UltraHeatDriver/UltraHeatDriver.o
 .ARM.extab.text._ZNSaI7CommandED2Ev
                0x000151ec        0xc ./UltraHeatDriver/UltraHeatDriver.o
 .ARM.extab.text._ZNSt10_List_baseIP16CommandParameterSaIS1_EE10_List_implC2Ev
                0x000151f8        0xc ./UltraHeatDriver/UltraHeatDriver.o
 .ARM.extab.text._ZNSaISt10_List_nodeIP16CommandParameterEED2Ev
                0x00015204        0xc ./UltraHeatDriver/UltraHeatDriver.o
 .ARM.extab.text._ZNSt10_List_baseIP16CommandParameterSaIS1_EE7_M_initEv
                0x00015210        0x0 ./UltraHeatDriver/UltraHeatDriver.o
 .ARM.extab.text._ZNSt4listIP16CommandParameterSaIS1_EE14_M_create_nodeERKS1_
                0x00015210       0x34 ./UltraHeatDriver/UltraHeatDriver.o
 .ARM.extab.text._ZNSt4listI7CommandSaIS0_EE14_M_create_nodeERKS0_
                0x00015244       0x34 ./UltraHeatDriver/UltraHeatDriver.o
 .ARM.extab.text._ZNSt10_List_baseI7CommandSaIS0_EE10_List_implC2Ev
                0x00015278        0xc ./UltraHeatDriver/UltraHeatDriver.o
 .ARM.extab.text._ZNSt10_List_baseI7CommandSaIS0_EE7_M_initEv
                0x00015284        0x0 ./UltraHeatDriver/UltraHeatDriver.o
 .ARM.extab.text._ZN9__gnu_cxx13new_allocatorISt10_List_nodeI7CommandEED2Ev
                0x00015284        0x0 ./UltraHeatDriver/UltraHeatDriver.o
 .ARM.extab.text._ZNKSt10_List_baseI7CommandSaIS0_EE19_M_get_Tp_allocatorEv
                0x00015284        0xc ./UltraHeatDriver/UltraHeatDriver.o
 .ARM.extab.text._ZSt11__addressofI7CommandEPT_RS1_
                0x00015290        0x0 ./UltraHeatDriver/UltraHeatDriver.o
 .ARM.extab.text._ZN9__gnu_cxx13new_allocatorI7CommandE7destroyEPS1_
                0x00015290        0xc ./UltraHeatDriver/UltraHeatDriver.o
 .ARM.extab.text._ZNSt10_List_baseI7CommandSaIS0_EE11_M_put_nodeEPSt10_List_nodeIS0_E
                0x0001529c        0xc ./UltraHeatDriver/UltraHeatDriver.o
 .ARM.extab.text._ZN9__gnu_cxx13new_allocatorI7CommandEC2Ev
                0x000152a8        0x0 ./UltraHeatDriver/UltraHeatDriver.o
 .ARM.extab.text._ZN9__gnu_cxx13new_allocatorI7CommandED2Ev
                0x000152a8        0x0 ./UltraHeatDriver/UltraHeatDriver.o
 .ARM.extab.text._ZNSaISt10_List_nodeIP16CommandParameterEEC2Ev
                0x000152a8        0xc ./UltraHeatDriver/UltraHeatDriver.o
 .ARM.extab.text._ZN9__gnu_cxx13new_allocatorISt10_List_nodeIP16CommandParameterEED2Ev
                0x000152b4        0x0 ./UltraHeatDriver/UltraHeatDriver.o
 .ARM.extab.text._ZNKSt10_List_baseIP16CommandParameterSaIS1_EE19_M_get_Tp_allocatorEv
                0x000152b4        0xc ./UltraHeatDriver/UltraHeatDriver.o
 .ARM.extab.text._ZNSaIP16CommandParameterED2Ev
                0x000152c0        0xc ./UltraHeatDriver/UltraHeatDriver.o
 .ARM.extab.text._ZSt11__addressofIP16CommandParameterEPT_RS2_
                0x000152cc        0x0 ./UltraHeatDriver/UltraHeatDriver.o
 .ARM.extab.text._ZNSt10_List_baseIP16CommandParameterSaIS1_EE11_M_put_nodeEPSt10_List_nodeIS1_E
                0x000152cc        0xc ./UltraHeatDriver/UltraHeatDriver.o
 .ARM.extab.text._ZNSt10_List_baseIP16CommandParameterSaIS1_EE11_M_get_nodeEv
                0x000152d8        0xc ./UltraHeatDriver/UltraHeatDriver.o
 .ARM.extab.text._ZN9__gnu_cxx13new_allocatorIP16CommandParameterE9constructEPS2_RKS2_
                0x000152e4        0xc ./UltraHeatDriver/UltraHeatDriver.o
 .ARM.extab.text._ZNSt10_List_baseI7CommandSaIS0_EE11_M_get_nodeEv
                0x000152f0        0xc ./UltraHeatDriver/UltraHeatDriver.o
 .ARM.extab.text._ZN9__gnu_cxx13new_allocatorI7CommandE9constructEPS1_RKS1_
                0x000152fc       0x18 ./UltraHeatDriver/UltraHeatDriver.o
 .ARM.extab.text._ZNSaISt10_List_nodeI7CommandEEC2Ev
                0x00015314        0xc ./UltraHeatDriver/UltraHeatDriver.o
 .ARM.extab.text._ZN9__gnu_cxx13new_allocatorISt10_List_nodeI7CommandEE10deallocateEPS3_j
                0x00015320        0xc ./UltraHeatDriver/UltraHeatDriver.o
 .ARM.extab.text._ZN9__gnu_cxx13new_allocatorISt10_List_nodeI7CommandEEC2Ev
                0x0001532c        0x0 ./UltraHeatDriver/UltraHeatDriver.o
 .ARM.extab.text._ZN9__gnu_cxx13new_allocatorISt10_List_nodeIP16CommandParameterEEC2Ev
                0x0001532c        0x0 ./UltraHeatDriver/UltraHeatDriver.o
 .ARM.extab.text._ZNKSt10_List_baseIP16CommandParameterSaIS1_EE21_M_get_Node_allocatorEv
                0x0001532c        0x0 ./UltraHeatDriver/UltraHeatDriver.o
 .ARM.extab.text._ZNSaIP16CommandParameterEC2ISt10_List_nodeIS0_EEERKSaIT_E
                0x0001532c        0xc ./UltraHeatDriver/UltraHeatDriver.o
 .ARM.extab.text._ZN9__gnu_cxx13new_allocatorIP16CommandParameterED2Ev
                0x00015338        0x0 ./UltraHeatDriver/UltraHeatDriver.o
 .ARM.extab.text._ZN9__gnu_cxx13new_allocatorISt10_List_nodeIP16CommandParameterEE10deallocateEPS4_j
                0x00015338        0xc ./UltraHeatDriver/UltraHeatDriver.o
 .ARM.extab.text._ZN9__gnu_cxx13new_allocatorISt10_List_nodeIP16CommandParameterEE8allocateEjPKv
                0x00015344        0xc ./UltraHeatDriver/UltraHeatDriver.o
 .ARM.extab.text._ZN9__gnu_cxx13new_allocatorISt10_List_nodeI7CommandEE8allocateEjPKv
                0x00015350        0xc ./UltraHeatDriver/UltraHeatDriver.o
 .ARM.extab.text._ZN9__gnu_cxx13new_allocatorIP16CommandParameterEC2Ev
                0x0001535c        0x0 ./UltraHeatDriver/UltraHeatDriver.o
 .ARM.extab.text._ZNK9__gnu_cxx13new_allocatorISt10_List_nodeIP16CommandParameterEE8max_sizeEv
                0x0001535c        0x0 ./UltraHeatDriver/UltraHeatDriver.o
 .ARM.extab.text._ZNK9__gnu_cxx13new_allocatorISt10_List_nodeI7CommandEE8max_sizeEv
                0x0001535c        0x0 ./UltraHeatDriver/UltraHeatDriver.o
 .ARM.extab.text._ZN14EventParameterC2ERKS_
                0x0001535c        0x0 ./SysfsGenericGPIODriver/SysfsGenericGPIODriver.o
 .ARM.extab.text._ZN14EventParameterC2EPKciS1_
                0x0001535c        0x0 ./SysfsGenericGPIODriver/SysfsGenericGPIODriver.o
 .ARM.extab.text._ZN14EventParameterD2Ev
                0x0001535c        0x0 ./SysfsGenericGPIODriver/SysfsGenericGPIODriver.o
 .ARM.extab     0x0001535c      0x38c ./SysfsGenericGPIODriver/SysfsGenericGPIODriver.o
 .ARM.extab.text._ZStplIcSt11char_traitsIcESaIcEESbIT_T0_T1_ERKS6_S8_
                0x000156e8       0x1c ./SysfsGenericGPIODriver/SysfsGenericGPIODriver.o
 .ARM.extab.text._ZNSt4listI14EventParameterSaIS0_EEC2Ev
                0x00015704        0xc ./SysfsGenericGPIODriver/SysfsGenericGPIODriver.o
 .ARM.extab.text._ZNSt4listI14EventParameterSaIS0_EE9push_backERKS0_
                0x00015710        0xc ./SysfsGenericGPIODriver/SysfsGenericGPIODriver.o
 .ARM.extab.text._ZNSt10_List_baseI14EventParameterSaIS0_EE10_List_implD2Ev
                0x0001571c        0xc ./SysfsGenericGPIODriver/SysfsGenericGPIODriver.o
 .ARM.extab.text._ZNSt10_List_baseI14EventParameterSaIS0_EEC2Ev
                0x00015728       0x1c ./SysfsGenericGPIODriver/SysfsGenericGPIODriver.o
 .ARM.extab.text._ZNSt4listI14EventParameterSaIS0_EE3endEv
                0x00015744        0xc ./SysfsGenericGPIODriver/SysfsGenericGPIODriver.o
 .ARM.extab.text._ZNSt4listI14EventParameterSaIS0_EE9_M_insertESt14_List_iteratorIS0_ERKS0_
                0x00015750        0xc ./SysfsGenericGPIODriver/SysfsGenericGPIODriver.o
 .ARM.extab.text._ZNSt10_List_baseI14EventParameterSaIS0_EE10_List_implC2Ev
                0x0001575c        0xc ./SysfsGenericGPIODriver/SysfsGenericGPIODriver.o
 .ARM.extab.text._ZNSaISt10_List_nodeI14EventParameterEED2Ev
                0x00015768        0xc ./SysfsGenericGPIODriver/SysfsGenericGPIODriver.o
 .ARM.extab.text._ZNSt10_List_baseI14EventParameterSaIS0_EE7_M_initEv
                0x00015774        0x0 ./SysfsGenericGPIODriver/SysfsGenericGPIODriver.o
 .ARM.extab.text._ZNSt14_List_iteratorI14EventParameterEC2EPNSt8__detail15_List_node_baseE
                0x00015774        0x0 ./SysfsGenericGPIODriver/SysfsGenericGPIODriver.o
 .ARM.extab.text._ZNSt4listI14EventParameterSaIS0_EE14_M_create_nodeERKS0_
                0x00015774       0x34 ./SysfsGenericGPIODriver/SysfsGenericGPIODriver.o
 .ARM.extab.text._ZNSaISt10_List_nodeI14EventParameterEEC2Ev
                0x000157a8        0xc ./SysfsGenericGPIODriver/SysfsGenericGPIODriver.o
 .ARM.extab.text._ZN9__gnu_cxx13new_allocatorISt10_List_nodeI14EventParameterEED2Ev
                0x000157b4        0x0 ./SysfsGenericGPIODriver/SysfsGenericGPIODriver.o
 .ARM.extab.text._ZNKSt10_List_baseI14EventParameterSaIS0_EE19_M_get_Tp_allocatorEv
                0x000157b4        0xc ./SysfsGenericGPIODriver/SysfsGenericGPIODriver.o
 .ARM.extab.text._ZNSaI14EventParameterED2Ev
                0x000157c0        0xc ./SysfsGenericGPIODriver/SysfsGenericGPIODriver.o
 .ARM.extab.text._ZSt11__addressofI14EventParameterEPT_RS1_
                0x000157cc        0x0 ./SysfsGenericGPIODriver/SysfsGenericGPIODriver.o
 .ARM.extab.text._ZNSt10_List_baseI14EventParameterSaIS0_EE11_M_put_nodeEPSt10_List_nodeIS0_E
                0x000157cc        0xc ./SysfsGenericGPIODriver/SysfsGenericGPIODriver.o
 .ARM.extab.text._ZNSt10_List_baseI14EventParameterSaIS0_EE11_M_get_nodeEv
                0x000157d8        0xc ./SysfsGenericGPIODriver/SysfsGenericGPIODriver.o
 .ARM.extab.text._ZN9__gnu_cxx13new_allocatorI14EventParameterE9constructEPS1_RKS1_
                0x000157e4        0xc ./SysfsGenericGPIODriver/SysfsGenericGPIODriver.o
 .ARM.extab.text._ZN9__gnu_cxx13new_allocatorISt10_List_nodeI14EventParameterEEC2Ev
                0x000157f0        0x0 ./SysfsGenericGPIODriver/SysfsGenericGPIODriver.o
 .ARM.extab.text._ZNKSt10_List_baseI14EventParameterSaIS0_EE21_M_get_Node_allocatorEv
                0x000157f0        0x0 ./SysfsGenericGPIODriver/SysfsGenericGPIODriver.o
 .ARM.extab.text._ZNSaI14EventParameterEC2ISt10_List_nodeIS_EEERKSaIT_E
                0x000157f0        0xc ./SysfsGenericGPIODriver/SysfsGenericGPIODriver.o
 .ARM.extab.text._ZN9__gnu_cxx13new_allocatorI14EventParameterED2Ev
                0x000157fc        0x0 ./SysfsGenericGPIODriver/SysfsGenericGPIODriver.o
 .ARM.extab.text._ZN9__gnu_cxx13new_allocatorISt10_List_nodeI14EventParameterEE10deallocateEPS3_j
                0x000157fc        0xc ./SysfsGenericGPIODriver/SysfsGenericGPIODriver.o
 .ARM.extab.text._ZN9__gnu_cxx13new_allocatorISt10_List_nodeI14EventParameterEE8allocateEjPKv
                0x00015808        0xc ./SysfsGenericGPIODriver/SysfsGenericGPIODriver.o
 .ARM.extab.text._ZN9__gnu_cxx13new_allocatorI14EventParameterEC2Ev
                0x00015814        0x0 ./SysfsGenericGPIODriver/SysfsGenericGPIODriver.o
 .ARM.extab.text._ZNK9__gnu_cxx13new_allocatorISt10_List_nodeI14EventParameterEE8max_sizeEv
                0x00015814        0x0 ./SysfsGenericGPIODriver/SysfsGenericGPIODriver.o
 .ARM.extab     0x00015814      0x1fc ./GPIOLedDriver/GPIOLedDriver.o
 .ARM.extab     0x00015a10      0x2a0 ./GPIOKeyDriver/GPIOKeyDriver.o
 .ARM.extab.text._ZNSt4listI5EventSaIS0_EE9push_backERKS0_
                0x00015cb0        0xc ./GPIOKeyDriver/GPIOKeyDriver.o
 .ARM.extab.text._ZNSt4listI5EventSaIS0_EE3endEv
                0x00015cbc        0xc ./GPIOKeyDriver/GPIOKeyDriver.o
 .ARM.extab.text._ZNSt4listI5EventSaIS0_EE9_M_insertESt14_List_iteratorIS0_ERKS0_
                0x00015cc8        0xc ./GPIOKeyDriver/GPIOKeyDriver.o
 .ARM.extab.text._ZNSt14_List_iteratorI5EventEC2EPNSt8__detail15_List_node_baseE
                0x00015cd4        0x0 ./GPIOKeyDriver/GPIOKeyDriver.o
 .ARM.extab.text._ZNSt4listI5EventSaIS0_EE14_M_create_nodeERKS0_
                0x00015cd4       0x34 ./GPIOKeyDriver/GPIOKeyDriver.o
 .ARM.extab.text._ZNSt10_List_baseI5EventSaIS0_EE11_M_get_nodeEv
                0x00015d08        0xc ./GPIOKeyDriver/GPIOKeyDriver.o
 .ARM.extab.text._ZNKSt10_List_baseI5EventSaIS0_EE19_M_get_Tp_allocatorEv
                0x00015d14        0xc ./GPIOKeyDriver/GPIOKeyDriver.o
 .ARM.extab.text._ZNSaI5EventED2Ev
                0x00015d20        0xc ./GPIOKeyDriver/GPIOKeyDriver.o
 .ARM.extab.text._ZSt11__addressofI5EventEPT_RS1_
                0x00015d2c        0x0 ./GPIOKeyDriver/GPIOKeyDriver.o
 .ARM.extab.text._ZN9__gnu_cxx13new_allocatorI5EventE9constructEPS1_RKS1_
                0x00015d2c       0x18 ./GPIOKeyDriver/GPIOKeyDriver.o
 .ARM.extab.text._ZNSt10_List_baseI5EventSaIS0_EE11_M_put_nodeEPSt10_List_nodeIS0_E
                0x00015d44        0xc ./GPIOKeyDriver/GPIOKeyDriver.o
 .ARM.extab.text._ZN9__gnu_cxx13new_allocatorISt10_List_nodeI5EventEE8allocateEjPKv
                0x00015d50        0xc ./GPIOKeyDriver/GPIOKeyDriver.o
 .ARM.extab.text._ZNKSt10_List_baseI5EventSaIS0_EE21_M_get_Node_allocatorEv
                0x00015d5c        0x0 ./GPIOKeyDriver/GPIOKeyDriver.o
 .ARM.extab.text._ZNSaI5EventEC2ISt10_List_nodeIS_EEERKSaIT_E
                0x00015d5c        0xc ./GPIOKeyDriver/GPIOKeyDriver.o
 .ARM.extab.text._ZN9__gnu_cxx13new_allocatorI5EventED2Ev
                0x00015d68        0x0 ./GPIOKeyDriver/GPIOKeyDriver.o
 .ARM.extab.text._ZN9__gnu_cxx13new_allocatorISt10_List_nodeI5EventEE10deallocateEPS3_j
                0x00015d68        0xc ./GPIOKeyDriver/GPIOKeyDriver.o
 .ARM.extab.text._ZNK9__gnu_cxx13new_allocatorISt10_List_nodeI5EventEE8max_sizeEv
                0x00015d74        0x0 ./GPIOKeyDriver/GPIOKeyDriver.o
 .ARM.extab.text._ZN9__gnu_cxx13new_allocatorI5EventEC2Ev
                0x00015d74        0x0 ./GPIOKeyDriver/GPIOKeyDriver.o
 .ARM.extab.text._ZNSt4listIP10BaseDriverSaIS1_EED2Ev
                0x00015d74        0xc ./EntryPoint.o
 .ARM.extab     0x00015d80       0x70 ./EntryPoint.o
 .ARM.extab.text._ZNSt4listIP10BaseDriverSaIS1_EEC2Ev
                0x00015df0        0xc ./EntryPoint.o
 .ARM.extab.text._ZNSt10_List_baseIP10BaseDriverSaIS1_EE10_List_implD2Ev
                0x00015dfc        0xc ./EntryPoint.o
 .ARM.extab.text._ZNSt10_List_baseIP10BaseDriverSaIS1_EED2Ev
                0x00015e08       0x18 ./EntryPoint.o
 .ARM.extab.text._ZNSt4listIP10BaseDriverSaIS1_EE9push_backERKS1_
                0x00015e20        0xc ./EntryPoint.o
 .ARM.extab.text._ZNSt10_List_baseIP10BaseDriverSaIS1_EEC2Ev
                0x00015e2c       0x1c ./EntryPoint.o
 .ARM.extab.text._ZNSaISt10_List_nodeIP10BaseDriverEED2Ev
                0x00015e48        0xc ./EntryPoint.o
 .ARM.extab.text._ZNSt10_List_baseIP10BaseDriverSaIS1_EE8_M_clearEv
                0x00015e54       0x20 ./EntryPoint.o
 .ARM.extab.text._ZNSt4listIP10BaseDriverSaIS1_EE3endEv
                0x00015e74        0xc ./EntryPoint.o
 .ARM.extab.text._ZNSt4listIP10BaseDriverSaIS1_EE9_M_insertESt14_List_iteratorIS1_ERKS1_
                0x00015e80        0xc ./EntryPoint.o
 .ARM.extab.text._ZNKSt10_List_baseIP10BaseDriverSaIS1_EE21_M_get_Node_allocatorEv
                0x00015e8c        0x0 ./EntryPoint.o
 .ARM.extab.text._ZNSaIP10BaseDriverEC2ISt10_List_nodeIS0_EEERKSaIT_E
                0x00015e8c        0xc ./EntryPoint.o
 .ARM.extab.text._ZNSaIP10BaseDriverED2Ev
                0x00015e98        0xc ./EntryPoint.o
 .ARM.extab.text._ZNSt10_List_baseIP10BaseDriverSaIS1_EE10_List_implC2Ev
                0x00015ea4        0xc ./EntryPoint.o
 .ARM.extab.text._ZNSt10_List_baseIP10BaseDriverSaIS1_EE7_M_initEv
                0x00015eb0        0x0 ./EntryPoint.o
 .ARM.extab.text._ZN9__gnu_cxx13new_allocatorISt10_List_nodeIP10BaseDriverEED2Ev
                0x00015eb0        0x0 ./EntryPoint.o
 .ARM.extab.text._ZNKSt10_List_baseIP10BaseDriverSaIS1_EE19_M_get_Tp_allocatorEv
                0x00015eb0        0xc ./EntryPoint.o
 .ARM.extab.text._ZSt11__addressofIP10BaseDriverEPT_RS2_
                0x00015ebc        0x0 ./EntryPoint.o
 .ARM.extab.text._ZN9__gnu_cxx13new_allocatorIP10BaseDriverE7destroyEPS2_
                0x00015ebc        0x0 ./EntryPoint.o
 .ARM.extab.text._ZNSt10_List_baseIP10BaseDriverSaIS1_EE11_M_put_nodeEPSt10_List_nodeIS1_E
                0x00015ebc        0xc ./EntryPoint.o
 .ARM.extab.text._ZNSt14_List_iteratorIP10BaseDriverEC2EPNSt8__detail15_List_node_baseE
                0x00015ec8        0x0 ./EntryPoint.o
 .ARM.extab.text._ZNSt4listIP10BaseDriverSaIS1_EE14_M_create_nodeERKS1_
                0x00015ec8       0x34 ./EntryPoint.o
 .ARM.extab.text._ZN9__gnu_cxx13new_allocatorIP10BaseDriverEC2Ev
                0x00015efc        0x0 ./EntryPoint.o
 .ARM.extab.text._ZN9__gnu_cxx13new_allocatorIP10BaseDriverED2Ev
                0x00015efc        0x0 ./EntryPoint.o
 .ARM.extab.text._ZNSaISt10_List_nodeIP10BaseDriverEEC2Ev
                0x00015efc        0xc ./EntryPoint.o
 .ARM.extab.text._ZN9__gnu_cxx13new_allocatorISt10_List_nodeIP10BaseDriverEE10deallocateEPS4_j
                0x00015f08        0xc ./EntryPoint.o
 .ARM.extab.text._ZNSt10_List_baseIP10BaseDriverSaIS1_EE11_M_get_nodeEv
                0x00015f14        0xc ./EntryPoint.o
 .ARM.extab.text._ZN9__gnu_cxx13new_allocatorIP10BaseDriverE9constructEPS2_RKS2_
                0x00015f20        0xc ./EntryPoint.o
 .ARM.extab.text._ZN9__gnu_cxx13new_allocatorISt10_List_nodeIP10BaseDriverEEC2Ev
                0x00015f2c        0x0 ./EntryPoint.o
 .ARM.extab.text._ZN9__gnu_cxx13new_allocatorISt10_List_nodeIP10BaseDriverEE8allocateEjPKv
                0x00015f2c        0xc ./EntryPoint.o
 .ARM.extab.text._ZNK9__gnu_cxx13new_allocatorISt10_List_nodeIP10BaseDriverEE8max_sizeEv
                0x00015f38        0x0 ./EntryPoint.o
 .ARM.extab     0x00015f38      0x320 ./ADCDriver/ADCDriver.o
                0x00016258                PROVIDE (__exidx_start, .)

.ARM.exidx      0x00016258      0x740
 *(.ARM.exidx* .gnu.linkonce.armexidx.*)
 .ARM.exidx     0x00016258       0x10 /home/developer/CodeSourcery/Sourcery_CodeBench_for_ARM_GNU_Linux/bin/../lib/gcc/arm-none-linux-gnueabi/4.6.1/crtbeginS.o
 .ARM.exidx.text._ZnwjPv
                0x000162f0        0x8 ./UltraHeatDriver/UltraHeatDriver.o
 .ARM.exidx.text._ZdlPvS_
                0x000162f8        0x0 ./UltraHeatDriver/UltraHeatDriver.o
                                  0x8 (size before relaxing)
 .ARM.exidx.text._ZNSt11char_traitsIcE6lengthEPKc
                0x000162f8        0x8 ./UltraHeatDriver/UltraHeatDriver.o
 .ARM.exidx.text._ZN16CommandParameterC2ESsPvSs
                0x00016300        0x8 ./UltraHeatDriver/UltraHeatDriver.o
 .ARM.exidx.text._ZN16CommandParameter5CloneEv
                0x00016308        0x8 ./UltraHeatDriver/UltraHeatDriver.o
 .ARM.exidx.text._ZN7CommandC2ERKS_
                0x00016310        0x8 ./UltraHeatDriver/UltraHeatDriver.o
 .ARM.exidx     0x00016268       0x88 ./UltraHeatDriver/UltraHeatDriver.o
                                 0xa8 (size before relaxing)
 .ARM.exidx.text._ZNSt4listI7CommandSaIS0_EED2Ev
                0x00016318        0x8 ./UltraHeatDriver/UltraHeatDriver.o
 .ARM.exidx.text._ZSteqIcSt11char_traitsIcESaIcEEbRKSbIT_T0_T1_EPKS3_
                0x00016320        0x8 ./UltraHeatDriver/UltraHeatDriver.o
 .ARM.exidx.text._ZStplIcSt11char_traitsIcESaIcEESbIT_T0_T1_EPKS3_RKS6_
                0x00016328        0x8 ./UltraHeatDriver/UltraHeatDriver.o
 .ARM.exidx.text._ZStplIcSt11char_traitsIcESaIcEESbIT_T0_T1_ERKS6_PKS3_
                0x00016330        0x8 ./UltraHeatDriver/UltraHeatDriver.o
 .ARM.exidx.text._ZNSt4listIP16CommandParameterSaIS1_EEC2Ev
                0x00016338        0x8 ./UltraHeatDriver/UltraHeatDriver.o
 .ARM.exidx.text._ZNSt14_List_iteratorIP16CommandParameterEC2Ev
                0x00016340        0x8 ./UltraHeatDriver/UltraHeatDriver.o
 .ARM.exidx.text._ZNSt4listIP16CommandParameterSaIS1_EE5beginEv
                0x00016348        0x8 ./UltraHeatDriver/UltraHeatDriver.o
 .ARM.exidx.text._ZNSt4listIP16CommandParameterSaIS1_EE3endEv
                0x00016350        0x8 ./UltraHeatDriver/UltraHeatDriver.o
 .ARM.exidx.text._ZNKSt14_List_iteratorIP16CommandParameterEneERKS2_
                0x00016358        0x8 ./UltraHeatDriver/UltraHeatDriver.o
 .ARM.exidx.text._ZNSt14_List_iteratorIP16CommandParameterEppEi
                0x00016360        0x0 ./UltraHeatDriver/UltraHeatDriver.o
                                  0x8 (size before relaxing)
 .ARM.exidx.text._ZNKSt14_List_iteratorIP16CommandParameterEdeEv
                0x00016360        0x0 ./UltraHeatDriver/UltraHeatDriver.o
                                  0x8 (size before relaxing)
 .ARM.exidx.text._ZNSt4listIP16CommandParameterSaIS1_EE9push_backERKS1_
                0x00016360        0x8 ./UltraHeatDriver/UltraHeatDriver.o
 .ARM.exidx.text._ZNSt4listI7CommandSaIS0_EE9push_backERKS0_
                0x00016368        0x8 ./UltraHeatDriver/UltraHeatDriver.o
 .ARM.exidx.text._ZNSt4listI7CommandSaIS0_EEC2Ev
                0x00016370        0x8 ./UltraHeatDriver/UltraHeatDriver.o
 .ARM.exidx.text._ZNSt10_List_baseI7CommandSaIS0_EE10_List_implD2Ev
                0x00016378        0x8 ./UltraHeatDriver/UltraHeatDriver.o
 .ARM.exidx.text._ZNSt10_List_baseI7CommandSaIS0_EED2Ev
                0x00016380        0x8 ./UltraHeatDriver/UltraHeatDriver.o
 .ARM.exidx.text._ZNSt14_List_iteratorI7CommandEC2Ev
                0x00016388        0x8 ./UltraHeatDriver/UltraHeatDriver.o
 .ARM.exidx.text._ZNSt4listI7CommandSaIS0_EE5beginEv
                0x00016390        0x8 ./UltraHeatDriver/UltraHeatDriver.o
 .ARM.exidx.text._ZNSt4listI7CommandSaIS0_EE3endEv
                0x00016398        0x8 ./UltraHeatDriver/UltraHeatDriver.o
 .ARM.exidx.text._ZNKSt14_List_iteratorI7CommandEneERKS1_
                0x000163a0        0x8 ./UltraHeatDriver/UltraHeatDriver.o
 .ARM.exidx.text._ZNSt14_List_iteratorI7CommandEppEi
                0x000163a8        0x0 ./UltraHeatDriver/UltraHeatDriver.o
                                  0x8 (size before relaxing)
 .ARM.exidx.text._ZNKSt14_List_iteratorI7CommandEdeEv
                0x000163a8        0x0 ./UltraHeatDriver/UltraHeatDriver.o
                                  0x8 (size before relaxing)
 .ARM.exidx.text._ZNSt10_List_baseIP16CommandParameterSaIS1_EE10_List_implD2Ev
                0x000163a8        0x8 ./UltraHeatDriver/UltraHeatDriver.o
 .ARM.exidx.text._ZNSt10_List_baseIP16CommandParameterSaIS1_EEC2Ev
                0x000163b0        0x8 ./UltraHeatDriver/UltraHeatDriver.o
 .ARM.exidx.text._ZNSt14_List_iteratorIP16CommandParameterEC2EPNSt8__detail15_List_node_baseE
                0x000163b8        0x8 ./UltraHeatDriver/UltraHeatDriver.o
 .ARM.exidx.text._ZNSt4listIP16CommandParameterSaIS1_EE9_M_insertESt14_List_iteratorIS1_ERKS1_
                0x000163c0        0x8 ./UltraHeatDriver/UltraHeatDriver.o
 .ARM.exidx.text._ZNSt4listI7CommandSaIS0_EE9_M_insertESt14_List_iteratorIS0_ERKS0_
                0x000163c8        0x8 ./UltraHeatDriver/UltraHeatDriver.o
 .ARM.exidx.text._ZNSt10_List_baseI7CommandSaIS0_EEC2Ev
                0x000163d0        0x8 ./UltraHeatDriver/UltraHeatDriver.o
 .ARM.exidx.text._ZNSaISt10_List_nodeI7CommandEED2Ev
                0x000163d8        0x8 ./UltraHeatDriver/UltraHeatDriver.o
 .ARM.exidx.text._ZNSt10_List_baseI7CommandSaIS0_EE8_M_clearEv
                0x000163e0        0x8 ./UltraHeatDriver/UltraHeatDriver.o
 .ARM.exidx.text._ZNSt14_List_iteratorI7CommandEC2EPNSt8__detail15_List_node_baseE
                0x000163e8        0x8 ./UltraHeatDriver/UltraHeatDriver.o
 .ARM.exidx.text._ZNKSt10_List_baseI7CommandSaIS0_EE21_M_get_Node_allocatorEv
                0x000163f0        0x0 ./UltraHeatDriver/UltraHeatDriver.o
                                  0x8 (size before relaxing)