
Discarded input sections

 .note.GNU-stack
                0x0000000000000000        0x0 /usr/lib/gcc/x86_64-linux-gnu/4.6/../../../x86_64-linux-gnu/crti.o
 .gnu_debuglink
                0x0000000000000000        0xc /usr/lib/gcc/x86_64-linux-gnu/4.6/../../../x86_64-linux-gnu/crti.o
 .note.GNU-stack
                0x0000000000000000        0x0 /usr/lib/gcc/x86_64-linux-gnu/4.6/crtbeginS.o
 .group         0x0000000000000000        0x8 ./UltraHeatDriver/UltraHeatDriver.o
 .group         0x0000000000000000        0x8 ./UltraHeatDriver/UltraHeatDriver.o
 .group         0x0000000000000000        0x8 ./UltraHeatDriver/UltraHeatDriver.o
 .group         0x0000000000000000        0x8 ./UltraHeatDriver/UltraHeatDriver.o
 .group         0x0000000000000000        0x8 ./UltraHeatDriver/UltraHeatDriver.o
 .group         0x0000000000000000        0x8 ./UltraHeatDriver/UltraHeatDriver.o
 .group         0x0000000000000000        0x8 ./UltraHeatDriver/UltraHeatDriver.o
 .group         0x0000000000000000        0x8 ./UltraHeatDriver/UltraHeatDriver.o
 .group         0x0000000000000000        0x8 ./UltraHeatDriver/UltraHeatDriver.o
 .group         0x0000000000000000        0x8 ./UltraHeatDriver/UltraHeatDriver.o
 .group         0x0000000000000000        0x8 ./UltraHeatDriver/UltraHeatDriver.o
 .group         0x0000000000000000        0x8 ./UltraHeatDriver/UltraHeatDriver.o
 .group         0x0000000000000000        0x8 ./UltraHeatDriver/UltraHeatDriver.o
 .group         0x0000000000000000        0x8 ./UltraHeatDriver/UltraHeatDriver.o
 .group         0x0000000000000000        0x8 ./UltraHeatDriver/UltraHeatDriver.o
 .group         0x0000000000000000        0x8 ./UltraHeatDriver/UltraHeatDriver.o
 .group         0x0000000000000000        0x8 ./UltraHeatDriver/UltraHeatDriver.o
 .group         0x0000000000000000        0x8 ./UltraHeatDriver/UltraHeatDriver.o
 .group         0x0000000000000000        0x8 ./UltraHeatDriver/UltraHeatDriver.o
 .group         0x0000000000000000        0x8 ./UltraHeatDriver/UltraHeatDriver.o
 .group         0x0000000000000000        0x8 ./UltraHeatDriver/UltraHeatDriver.o
 .group         0x0000000000000000        0x8 ./UltraHeatDriver/UltraHeatDriver.o
 .group         0x0000000000000000        0x8 ./UltraHeatDriver/UltraHeatDriver.o
 .group         0x0000000000000000        0x8 ./UltraHeatDriver/UltraHeatDriver.o
 .group         0x0000000000000000        0x8 ./UltraHeatDriver/UltraHeatDriver.o
 .group         0x0000000000000000        0x8 ./UltraHeatDriver/UltraHeatDriver.o
 .group         0x0000000000000000        0x8 ./UltraHeatDriver/UltraHeatDriver.o
 .group         0x0000000000000000        0x8 ./UltraHeatDriver/UltraHeatDriver.o
 .group         0x0000000000000000        0x8 ./UltraHeatDriver/UltraHeatDriver.o
 .group         0x0000000000000000        0x8 ./UltraHeatDriver/UltraHeatDriver.o
 .group         0x0000000000000000        0x8 ./UltraHeatDriver/UltraHeatDriver.o
 .group         0x0000000000000000        0x8 ./UltraHeatDriver/UltraHeatDriver.o
 .group         0x0000000000000000        0x8 ./UltraHeatDriver/UltraHeatDriver.o
 .group         0x0000000000000000        0x8 ./UltraHeatDriver/UltraHeatDriver.o
 .group         0x0000000000000000        0x8 ./UltraHeatDriver/UltraHeatDriver.o
 .group         0x0000000000000000        0x8 ./UltraHeatDriver/UltraHeatDriver.o
 .group         0x0000000000000000        0x8 ./UltraHeatDriver/UltraHeatDriver.o
 .group         0x0000000000000000        0x8 ./UltraHeatDriver/UltraHeatDriver.o
 .group         0x0000000000000000        0x8 ./UltraHeatDriver/UltraHeatDriver.o
 .group         0x0000000000000000        0x8 ./UltraHeatDriver/UltraHeatDriver.o
 .group         0x0000000000000000        0x8 ./UltraHeatDriver/UltraHeatDriver.o
 .group         0x0000000000000000        0x8 ./UltraHeatDriver/UltraHeatDriver.o
 .group         0x0000000000000000        0x8 ./UltraHeatDriver/UltraHeatDriver.o
 .group         0x0000000000000000        0x8 ./UltraHeatDriver/UltraHeatDriver.o
 .group         0x0000000000000000        0x8 ./UltraHeatDriver/UltraHeatDriver.o
 .group         0x0000000000000000        0x8 ./UltraHeatDriver/UltraHeatDriver.o
 .group         0x0000000000000000        0x8 ./UltraHeatDriver/UltraHeatDriver.o
 .group         0x0000000000000000        0x8 ./UltraHeatDriver/UltraHeatDriver.o
 .group         0x0000000000000000        0x8 ./UltraHeatDriver/UltraHeatDriver.o
 .group         0x0000000000000000        0x8 ./UltraHeatDriver/UltraHeatDriver.o
 .group         0x0000000000000000        0x8 ./UltraHeatDriver/UltraHeatDriver.o
 .group         0x0000000000000000        0x8 ./UltraHeatDriver/UltraHeatDriver.o
 .group         0x0000000000000000        0x8 ./UltraHeatDriver/UltraHeatDriver.o
 .group         0x0000000000000000        0x8 ./UltraHeatDriver/UltraHeatDriver.o
 .group         0x0000000000000000        0x8 ./UltraHeatDriver/UltraHeatDriver.o
 .group         0x0000000000000000        0x8 ./UltraHeatDriver/UltraHeatDriver.o
[...]
Memory Configuration

Name             Origin             Length             Attributes
*default*        0x0000000000000000 0xffffffffffffffff

Linker script and memory map

LOAD /usr/lib/gcc/x86_64-linux-gnu/4.6/../../../x86_64-linux-gnu/crti.o
LOAD /usr/lib/gcc/x86_64-linux-gnu/4.6/crtbeginS.o
LOAD ./UltraHeatDriver/UltraHeatDriver.o
LOAD ./SysfsGenericGPIODriver/SysfsGenericGPIODriver.o
LOAD ./SysfsInputDriver/SysfsInputDriver.o
LOAD ./SysfsOutputDriver/SysfsOutputDriver.o
LOAD ./GPIOLedDriver/GPIOLedDriver.o
LOAD ./GPIOKeyDriver/GPIOKeyDriver.o
LOAD ./EntryPoint.o
LOAD ./ADCDriver/ADCDriver.o
LOAD ./RaspiGPIO/RaspiGPInputDriver.o
LOAD ./RaspiGPIO/RaspiGPOutputDriver.o
LOAD ./RaspiGPIO/bcm2835.o
LOAD ../../Common/Debug/libCommon.so
LOAD /usr/lib/gcc/x86_64-linux-gnu/4.6/libstdc++.so
LOAD /usr/lib/gcc/x86_64-linux-gnu/4.6/../../../x86_64-linux-gnu/libm.so
LOAD /usr/lib/gcc/x86_64-linux-gnu/4.6/libgcc_s.so
LOAD /usr/lib/gcc/x86_64-linux-gnu/4.6/../../../x86_64-linux-gnu/libc.so
START GROUP
LOAD /lib/x86_64-linux-gnu/libc.so.6
LOAD /usr/lib/x86_64-linux-gnu/libc_nonshared.a
LOAD /lib/x86_64-linux-gnu/ld-linux-x86-64.so.2
END GROUP
LOAD /usr/lib/gcc/x86_64-linux-gnu/4.6/libgcc_s.so
LOAD /usr/lib/gcc/x86_64-linux-gnu/4.6/crtendS.o
LOAD /usr/lib/gcc/x86_64-linux-gnu/4.6/../../../x86_64-linux-gnu/crtn.o
                0x00000000000001c8                . = (0x0 + SIZEOF_HEADERS)

.note.gnu.build-id
                0x00000000000001c8       0x24
 *(.note.gnu.build-id)
 .note.gnu.build-id
                0x00000000000001c8       0x24 /usr/lib/gcc/x86_64-linux-gnu/4.6/../../../x86_64-linux-gnu/crti.o

.hash
 *(.hash)

.gnu.hash       0x00000000000001f0      0xe38
 *(.gnu.hash)
 .gnu.hash      0x00000000000001f0      0xe38 /usr/lib/gcc/x86_64-linux-gnu/4.6/../../../x86_64-linux-gnu/crti.o

.dynsym         0x0000000000001028     0x3960
 *(.dynsym)
 .dynsym        0x0000000000001028     0x3960 /usr/lib/gcc/x86_64-linux-gnu/4.6/../../../x86_64-linux-gnu/crti.o

.dynstr         0x0000000000004988     0x5590
 *(.dynstr)
 .dynstr        0x0000000000004988     0x5590 /usr/lib/gcc/x86_64-linux-gnu/4.6/../../../x86_64-linux-gnu/crti.o

.gnu.version    0x0000000000009f18      0x4c8
 *(.gnu.version)
 .gnu.version   0x0000000000009f18      0x4c8 /usr/lib/gcc/x86_64-linux-gnu/4.6/../../../x86_64-linux-gnu/crti.o

.gnu.version_d  0x000000000000a3e0        0x0
 *(.gnu.version_d)
 .gnu.version_d
                0x0000000000000000        0x0 /usr/lib/gcc/x86_64-linux-gnu/4.6/../../../x86_64-linux-gnu/crti.o

.gnu.version_r  0x000000000000a3e0       0x90
 *(.gnu.version_r)
 .gnu.version_r
                0x000000000000a3e0       0x90 /usr/lib/gcc/x86_64-linux-gnu/4.6/../../../x86_64-linux-gnu/crti.o

.rela.dyn       0x000000000000a470     0x1308
 *(.rela.init)
 *(.rela.text .rela.text.* .rela.gnu.linkonce.t.*)
 .rela.text     0x0000000000000000        0x0 /usr/lib/gcc/x86_64-linux-gnu/4.6/../../../x86_64-linux-gnu/crti.o
 *(.rela.fini)
 *(.rela.rodata .rela.rodata.* .rela.gnu.linkonce.r.*)
 *(.rela.data .rela.data.* .rela.gnu.linkonce.d.*)
 .rela.data.rel
                0x000000000000a470       0x18 /usr/lib/gcc/x86_64-linux-gnu/4.6/../../../x86_64-linux-gnu/crti.o
 .rela.data.rel.ro._ZTV15UltraHeatDriver
                0x000000000000a488      0x138 /usr/lib/gcc/x86_64-linux-gnu/4.6/../../../x86_64-linux-gnu/crti.o
 .rela.data.rel.ro._ZTI15UltraHeatDriver
                0x000000000000a5c0       0x48 /usr/lib/gcc/x86_64-linux-gnu/4.6/../../../x86_64-linux-gnu/crti.o
 .rela.data.rel.ro.local
                0x000000000000a608       0xd8 /usr/lib/gcc/x86_64-linux-gnu/4.6/../../../x86_64-linux-gnu/crti.o
 .rela.data.DW.ref.__gxx_personality_v0
                0x000000000000a6e0       0x18 /usr/lib/gcc/x86_64-linux-gnu/4.6/../../../x86_64-linux-gnu/crti.o
 .rela.data.rel.ro._ZTV22SysfsGenericGPIODriver
                0x000000000000a6f8      0x198 /usr/lib/gcc/x86_64-linux-gnu/4.6/../../../x86_64-linux-gnu/crti.o
 .rela.data.rel.ro._ZTI22SysfsGenericGPIODriver
                0x000000000000a890       0x48 /usr/lib/gcc/x86_64-linux-gnu/4.6/../../../x86_64-linux-gnu/crti.o
 .rela.data.rel.ro._ZTV16SysfsInputDriver
                0x000000000000a8d8      0x198 /usr/lib/gcc/x86_64-linux-gnu/4.6/../../../x86_64-linux-gnu/crti.o
 .rela.data.rel.ro._ZTI16SysfsInputDriver
                0x000000000000aa70       0x48 /usr/lib/gcc/x86_64-linux-gnu/4.6/../../../x86_64-linux-gnu/crti.o
 .rela.data.rel.ro._ZTV17SysfsOutputDriver
                0x000000000000aab8      0x198 /usr/lib/gcc/x86_64-linux-gnu/4.6/../../../x86_64-linux-gnu/crti.o
 .rela.data.rel.ro._ZTI17SysfsOutputDriver
                0x000000000000ac50       0x48 /usr/lib/gcc/x86_64-linux-gnu/4.6/../../../x86_64-linux-gnu/crti.o
 .rela.data.rel.ro._ZTV13GPIOLedDriver
                0x000000000000ac98      0x150 /usr/lib/gcc/x86_64-linux-gnu/4.6/../../../x86_64-linux-gnu/crti.o
 .rela.data.rel.ro._ZTI13GPIOLedDriver
                0x000000000000ade8       0x48 /usr/lib/gcc/x86_64-linux-gnu/4.6/../../../x86_64-linux-gnu/crti.o
 .rela.data.rel.ro._ZTV13GPIOKeyDriver
                0x000000000000ae30      0x138 /usr/lib/gcc/x86_64-linux-gnu/4.6/../../../x86_64-linux-gnu/crti.o
 .rela.data.rel.ro._ZTI13GPIOKeyDriver
                0x000000000000af68       0x48 /usr/lib/gcc/x86_64-linux-gnu/4.6/../../../x86_64-linux-gnu/crti.o
 .rela.data.rel.ro._ZTV9ADCDriver
                0x000000000000afb0      0x138 /usr/lib/gcc/x86_64-linux-gnu/4.6/../../../x86_64-linux-gnu/crti.o
 .rela.data.rel.ro._ZTI9ADCDriver
                0x000000000000b0e8       0x48 /usr/lib/gcc/x86_64-linux-gnu/4.6/../../../x86_64-linux-gnu/crti.o
 .rela.data.rel.ro._ZTV18RaspiGPInputDriver
                0x000000000000b130      0x138 /usr/lib/gcc/x86_64-linux-gnu/4.6/../../../x86_64-linux-gnu/crti.o
 .rela.data.rel.ro._ZTI18RaspiGPInputDriver
                0x000000000000b268       0x48 /usr/lib/gcc/x86_64-linux-gnu/4.6/../../../x86_64-linux-gnu/crti.o
 .rela.data.rel.ro._ZTV19RaspiGPOutputDriver
                0x000000000000b2b0      0x150 /usr/lib/gcc/x86_64-linux-gnu/4.6/../../../x86_64-linux-gnu/crti.o
 .rela.data.rel.ro._ZTI19RaspiGPOutputDriver
                0x000000000000b400       0x48 /usr/lib/gcc/x86_64-linux-gnu/4.6/../../../x86_64-linux-gnu/crti.o
 *(.rela.tdata .rela.tdata.* .rela.gnu.linkonce.td.*)
 *(.rela.tbss .rela.tbss.* .rela.gnu.linkonce.tb.*)
 *(.rela.ctors)
 .rela.ctors    0x000000000000b448       0xf0 /usr/lib/gcc/x86_64-linux-gnu/4.6/../../../x86_64-linux-gnu/crti.o
 *(.rela.dtors)
 *(.rela.got)
 .rela.got      0x000000000000b538      0x240 /usr/lib/gcc/x86_64-linux-gnu/4.6/../../../x86_64-linux-gnu/crti.o
 *(.rela.bss .rela.bss.* .rela.gnu.linkonce.b.*)
 *(.rela.ldata .rela.ldata.* .rela.gnu.linkonce.l.*)
 *(.rela.lbss .rela.lbss.* .rela.gnu.linkonce.lb.*)
 *(.rela.lrodata .rela.lrodata.* .rela.gnu.linkonce.lr.*)
 *(.rela.ifunc)
 .rela.ifunc    0x0000000000000000        0x0 /usr/lib/gcc/x86_64-linux-gnu/4.6/../../../x86_64-linux-gnu/crti.o
 .rela.eh_frame
                0x0000000000000000        0x0 /usr/lib/gcc/x86_64-linux-gnu/4.6/../../../x86_64-linux-gnu/crti.o

.rela.plt       0x000000000000b778     0x1e78
 *(.rela.plt)
 .rela.plt      0x000000000000b778     0x1e78 /usr/lib/gcc/x86_64-linux-gnu/4.6/../../../x86_64-linux-gnu/crti.o
 *(.rela.iplt)

.init           0x000000000000d5f0       0x18
 *(.init)
 .init          0x000000000000d5f0        0x9 /usr/lib/gcc/x86_64-linux-gnu/4.6/../../../x86_64-linux-gnu/crti.o
                0x000000000000d5f0                _init
 .init          0x000000000000d5f9        0x5 /usr/lib/gcc/x86_64-linux-gnu/4.6/crtbeginS.o
 .init          0x000000000000d5fe        0x5 /usr/lib/gcc/x86_64-linux-gnu/4.6/crtendS.o
 .init          0x000000000000d603        0x5 /usr/lib/gcc/x86_64-linux-gnu/4.6/../../../x86_64-linux-gnu/crtn.o

.plt            0x000000000000d610     0x1460
 *(.plt)
 .plt           0x000000000000d610     0x1460 /usr/lib/gcc/x86_64-linux-gnu/4.6/../../../x86_64-linux-gnu/crti.o
 *(.iplt)

.text           0x000000000000ea70    0x10038
 *(.text.unlikely .text.*_unlikely)
 *(.text.exit .text.exit.*)
 *(.text.startup .text.startup.*)
 *(.text.hot .text.hot.*)
 *(.text .stub .text.* .gnu.linkonce.t.*)
 .text          0x000000000000ea70       0x17 /usr/lib/gcc/x86_64-linux-gnu/4.6/../../../x86_64-linux-gnu/crti.o
 *fill*         0x000000000000ea87        0x9 90909090
 .text          0x000000000000ea90       0xaa /usr/lib/gcc/x86_64-linux-gnu/4.6/crtbeginS.o
 *fill*         0x000000000000eb3a        0x2 90909090
 .text          0x000000000000eb3c     0x3017 ./UltraHeatDriver/UltraHeatDriver.o
                0x000000000000eb3c                _ZN15UltraHeatDriverC1Ev
                0x000000000000eb3c                _ZN15UltraHeatDriverC2Ev
                0x000000000000f288                _ZN15UltraHeatDriverD1Ev
                0x000000000000f288                _ZN15UltraHeatDriverD2Ev
                0x000000000000f2fe                _ZN15UltraHeatDriverD0Ev
                0x000000000000f324                _ZN15UltraHeatDriver4TypeEv
                0x000000000000f336                _ZN15UltraHeatDriver7VersionEv
                0x000000000000f348                _ZN15UltraHeatDriver4NameEv
                0x000000000000f35a                _ZN15UltraHeatDriver11DescriptionEv
                0x000000000000f36c                _ZN15UltraHeatDriver9PublisherEv
                0x000000000000f37e                _ZN15UltraHeatDriver14ExecuteCommandE7Command
                0x0000000000010064                _ZN15UltraHeatDriver8CommandsEv
                0x0000000000010132                _ZN15UltraHeatDriver5CloneEv
                0x000000000001017e                _ZN15UltraHeatDriver10GetCommandEPKc
                0x000000000001027c                _ZN15UltraHeatDriver9Open_portEv
                0x0000000000010d08                _ZN15UltraHeatDriver10Close_portEi
                0x0000000000010e02                _ZN15UltraHeatDriver9WriteDataESs
                0x00000000000110a4                _ZN15UltraHeatDriver13CreateMessageESsSs
                0x00000000000113b3                _Z17ReadDataThreadRunPv
                0x0000000000011a38                _ZN15UltraHeatDriver19StartReadDataThreadEv
                0x0000000000011ac0                _ZN15UltraHeatDriver18StopReadDataThreadEv
 .text._ZnwmPv  0x0000000000011b53       0x12 ./UltraHeatDriver/UltraHeatDriver.o
                0x0000000000011b53                _ZnwmPv
 .text._ZdlPvS_
                0x0000000000011b65        0xe ./UltraHeatDriver/UltraHeatDriver.o
                0x0000000000011b65                _ZdlPvS_
 .text._ZNSt11char_traitsIcE6lengthEPKc
                0x0000000000011b73       0x31 ./UltraHeatDriver/UltraHeatDriver.o
                0x0000000000011b73                _ZNSt11char_traitsIcE6lengthEPKc
 .text._ZN16CommandParameterC2ESsPvSs
                0x0000000000011ba4       0xa3 ./UltraHeatDriver/UltraHeatDriver.o
                0x0000000000011ba4                _ZN16CommandParameterC2ESsPvSs
                0x0000000000011ba4                _ZN16CommandParameterC1ESsPvSs
 *fill*         0x0000000000011c47        0x1 90909090
 .text._ZN16CommandParameter5CloneEv
                0x0000000000011c48      0x195 ./UltraHeatDriver/UltraHeatDriver.o
                0x0000000000011c48                _ZN16CommandParameter5CloneEv
 *fill*         0x0000000000011ddd        0x1 90909090
 .text._ZN7CommandC2ERKS_
                0x0000000000011dde      0x148 ./UltraHeatDriver/UltraHeatDriver.o
                0x0000000000011dde                _ZN7CommandC1ERKS_
                0x0000000000011dde                _ZN7CommandC2ERKS_
 .text._ZNSt4listI7CommandSaIS0_EED2Ev
                0x0000000000011f26       0x1a ./UltraHeatDriver/UltraHeatDriver.o
                0x0000000000011f26                _ZNSt4listI7CommandSaIS0_EED1Ev
                0x0000000000011f26                _ZNSt4listI7CommandSaIS0_EED2Ev
 .text._ZSteqIcSt11char_traitsIcESaIcEEbRKSbIT_T0_T1_EPKS3_
                0x0000000000011f40       0x2a ./UltraHeatDriver/UltraHeatDriver.o
                0x0000000000011f40                _ZSteqIcSt11char_traitsIcESaIcEEbRKSbIT_T0_T1_EPKS3_
 .text._ZStplIcSt11char_traitsIcESaIcEESbIT_T0_T1_EPKS3_RKS6_
                0x0000000000011f6a       0xa4 ./UltraHeatDriver/UltraHeatDriver.o
                0x0000000000011f6a                _ZStplIcSt11char_traitsIcESaIcEESbIT_T0_T1_EPKS3_RKS6_
 .text._ZStplIcSt11char_traitsIcESaIcEESbIT_T0_T1_ERKS6_PKS3_
                0x000000000001200e       0x62 ./UltraHeatDriver/UltraHeatDriver.o
                0x000000000001200e                _ZStplIcSt11char_traitsIcESaIcEESbIT_T0_T1_ERKS6_PKS3_
 .text._ZNSt4listIP16CommandParameterSaIS1_EEC2Ev
                0x0000000000012070       0x1a ./UltraHeatDriver/UltraHeatDriver.o
                0x0000000000012070                _ZNSt4listIP16CommandParameterSaIS1_EEC2Ev
                0x0000000000012070                _ZNSt4listIP16CommandParameterSaIS1_EEC1Ev
 .text._ZNSt14_List_iteratorIP16CommandParameterEC2Ev
                0x000000000001208a       0x15 ./UltraHeatDriver/UltraHeatDriver.o
                0x000000000001208a                _ZNSt14_List_iteratorIP16CommandParameterEC1Ev
                0x000000000001208a                _ZNSt14_List_iteratorIP16CommandParameterEC2Ev
 *fill*         0x000000000001209f        0x1 90909090
 .text._ZNSt4listIP16CommandParameterSaIS1_EE5beginEv
                0x00000000000120a0       0x28 ./UltraHeatDriver/UltraHeatDriver.o
                0x00000000000120a0                _ZNSt4listIP16CommandParameterSaIS1_EE5beginEv
 .text._ZNSt4listIP16CommandParameterSaIS1_EE3endEv
                0x00000000000120c8       0x25 ./UltraHeatDriver/UltraHeatDriver.o
                0x00000000000120c8                _ZNSt4listIP16CommandParameterSaIS1_EE3endEv
 *fill*         0x00000000000120ed        0x1 90909090
 .text._ZNKSt14_List_iteratorIP16CommandParameterEneERKS2_
                0x00000000000120ee       0x22 ./UltraHeatDriver/UltraHeatDriver.o
                0x00000000000120ee                _ZNKSt14_List_iteratorIP16CommandParameterEneERKS2_
 .text._ZNSt14_List_iteratorIP16CommandParameterEppEi
                0x0000000000012110       0x2d ./UltraHeatDriver/UltraHeatDriver.o
                0x0000000000012110                _ZNSt14_List_iteratorIP16CommandParameterEppEi
 *fill*         0x000000000001213d        0x1 90909090
 .text._ZNKSt14_List_iteratorIP16CommandParameterEdeEv
                0x000000000001213e       0x15 ./UltraHeatDriver/UltraHeatDriver.o
                0x000000000001213e                _ZNKSt14_List_iteratorIP16CommandParameterEdeEv
 *fill*         0x0000000000012153        0x1 90909090
 .text._ZNSt4listIP16CommandParameterSaIS1_EE9push_backERKS1_
                0x0000000000012154       0x34 ./UltraHeatDriver/UltraHeatDriver.o
                0x0000000000012154                _ZNSt4listIP16CommandParameterSaIS1_EE9push_backERKS1_
 .text._ZNSt4listI7CommandSaIS0_EE9push_backERKS0_
                0x0000000000012188       0x34 ./UltraHeatDriver/UltraHeatDriver.o
                0x0000000000012188                _ZNSt4listI7CommandSaIS0_EE9push_backERKS0_
 .text._ZNSt4listI7CommandSaIS0_EEC2Ev
                0x00000000000121bc       0x1a ./UltraHeatDriver/UltraHeatDriver.o
                0x00000000000121bc                _ZNSt4listI7CommandSaIS0_EEC1Ev
                0x00000000000121bc                _ZNSt4listI7CommandSaIS0_EEC2Ev
 .text._ZNSt10_List_baseI7CommandSaIS0_EE10_List_implD2Ev
                0x00000000000121d6       0x1a ./UltraHeatDriver/UltraHeatDriver.o
                0x00000000000121d6                _ZNSt10_List_baseI7CommandSaIS0_EE10_List_implD1Ev
                0x00000000000121d6                _ZNSt10_List_baseI7CommandSaIS0_EE10_List_implD2Ev
 .text._ZNSt10_List_baseI7CommandSaIS0_EED2Ev
                0x00000000000121f0       0x46 ./UltraHeatDriver/UltraHeatDriver.o
                0x00000000000121f0                _ZNSt10_List_baseI7CommandSaIS0_EED1Ev
                0x00000000000121f0                _ZNSt10_List_baseI7CommandSaIS0_EED2Ev
 .text._ZNSt14_List_iteratorI7CommandEC2Ev
                0x0000000000012236       0x15 ./UltraHeatDriver/UltraHeatDriver.o
                0x0000000000012236                _ZNSt14_List_iteratorI7CommandEC2Ev
                0x0000000000012236                _ZNSt14_List_iteratorI7CommandEC1Ev
 *fill*         0x000000000001224b        0x1 90909090
 .text._ZNSt4listI7CommandSaIS0_EE5beginEv
                0x000000000001224c       0x28 ./UltraHeatDriver/UltraHeatDriver.o
                0x000000000001224c                _ZNSt4listI7CommandSaIS0_EE5beginEv
 .text._ZNSt4listI7CommandSaIS0_EE3endEv
                0x0000000000012274       0x25 ./UltraHeatDriver/UltraHeatDriver.o
                0x0000000000012274                _ZNSt4listI7CommandSaIS0_EE3endEv
 *fill*         0x0000000000012299        0x1 90909090
 .text._ZNKSt14_List_iteratorI7CommandEneERKS1_
                0x000000000001229a       0x22 ./UltraHeatDriver/UltraHeatDriver.o
                0x000000000001229a                _ZNKSt14_List_iteratorI7CommandEneERKS1_
 .text._ZNSt14_List_iteratorI7CommandEppEi
                0x00000000000122bc       0x2d ./UltraHeatDriver/UltraHeatDriver.o
                0x00000000000122bc                _ZNSt14_List_iteratorI7CommandEppEi
 *fill*         0x00000000000122e9        0x1 90909090
 .text._ZNKSt14_List_iteratorI7CommandEdeEv
                0x00000000000122ea       0x15 ./UltraHeatDriver/UltraHeatDriver.o
                0x00000000000122ea                _ZNKSt14_List_iteratorI7CommandEdeEv
 *fill*         0x00000000000122ff        0x1 90909090
 .text._ZNSt10_List_baseIP16CommandParameterSaIS1_EE10_List_implD2Ev
                0x0000000000012300       0x1a ./UltraHeatDriver/UltraHeatDriver.o
                0x0000000000012300                _ZNSt10_List_baseIP16CommandParameterSaIS1_EE10_List_implD1Ev
                0x0000000000012300                _ZNSt10_List_baseIP16CommandParameterSaIS1_EE10_List_implD2Ev
 .text._ZNSt10_List_baseIP16CommandParameterSaIS1_EEC2Ev
                0x000000000001231a       0x48 ./UltraHeatDriver/UltraHeatDriver.o
                0x000000000001231a                _ZNSt10_List_baseIP16CommandParameterSaIS1_EEC2Ev
                0x000000000001231a                _ZNSt10_List_baseIP16CommandParameterSaIS1_EEC1Ev
 .text._ZNSt14_List_iteratorIP16CommandParameterEC2EPNSt8__detail15_List_node_baseE
                0x0000000000012362       0x19 ./UltraHeatDriver/UltraHeatDriver.o
                0x0000000000012362                _ZNSt14_List_iteratorIP16CommandParameterEC2EPNSt8__detail15_List_node_baseE
                0x0000000000012362                _ZNSt14_List_iteratorIP16CommandParameterEC1EPNSt8__detail15_List_node_baseE
 *fill*         0x000000000001237b        0x1 90909090
 .text._ZNSt4listIP16CommandParameterSaIS1_EE9_M_insertESt14_List_iteratorIS1_ERKS1_
                0x000000000001237c       0x40 ./UltraHeatDriver/UltraHeatDriver.o
                0x000000000001237c                _ZNSt4listIP16CommandParameterSaIS1_EE9_M_insertESt14_List_iteratorIS1_ERKS1_
 .text._ZNSt4listI7CommandSaIS0_EE9_M_insertESt14_List_iteratorIS0_ERKS0_
                0x00000000000123bc       0x40 ./UltraHeatDriver/UltraHeatDriver.o
                0x00000000000123bc                _ZNSt4listI7CommandSaIS0_EE9_M_insertESt14_List_iteratorIS0_ERKS0_
 .text._ZNSt10_List_baseI7CommandSaIS0_EEC2Ev
                0x00000000000123fc       0x48 ./UltraHeatDriver/UltraHeatDriver.o
                0x00000000000123fc                _ZNSt10_List_baseI7CommandSaIS0_EEC2Ev
                0x00000000000123fc                _ZNSt10_List_baseI7CommandSaIS0_EEC1Ev
 .text._ZNSaISt10_List_nodeI7CommandEED2Ev
                0x0000000000012444       0x1a ./UltraHeatDriver/UltraHeatDriver.o
                0x0000000000012444                _ZNSaISt10_List_nodeI7CommandEED2Ev
                0x0000000000012444                _ZNSaISt10_List_nodeI7CommandEED1Ev
 .text._ZNSt10_List_baseI7CommandSaIS0_EE8_M_clearEv
                0x000000000001245e       0xb3 ./UltraHeatDriver/UltraHeatDriver.o
                0x000000000001245e                _ZNSt10_List_baseI7CommandSaIS0_EE8_M_clearEv
 *fill*         0x0000000000012511        0x1 90909090
 .text._ZNSt14_List_iteratorI7CommandEC2EPNSt8__detail15_List_node_baseE
                0x0000000000012512       0x19 ./UltraHeatDriver/UltraHeatDriver.o
                0x0000000000012512                _ZNSt14_List_iteratorI7CommandEC2EPNSt8__detail15_List_node_baseE
                0x0000000000012512                _ZNSt14_List_iteratorI7CommandEC1EPNSt8__detail15_List_node_baseE
 *fill*         0x000000000001252b        0x1 90909090
 .text._ZNKSt10_List_baseI7CommandSaIS0_EE21_M_get_Node_allocatorEv
                0x000000000001252c        0xe ./UltraHeatDriver/UltraHeatDriver.o
                0x000000000001252c                _ZNKSt10_List_baseI7CommandSaIS0_EE21_M_get_Node_allocatorEv
 .text._ZNSaI7CommandEC2ISt10_List_nodeIS_EEERKSaIT_E
                0x000000000001253a       0x1e ./UltraHeatDriver/UltraHeatDriver.o
                0x000000000001253a                _ZNSaI7CommandEC2ISt10_List_nodeIS_EEERKSaIT_E
                0x000000000001253a                _ZNSaI7CommandEC1ISt10_List_nodeIS_EEERKSaIT_E
 .text._ZNSaI7CommandED2Ev
                0x0000000000012558       0x1a ./UltraHeatDriver/UltraHeatDriver.o
                0x0000000000012558                _ZNSaI7CommandED1Ev
                0x0000000000012558                _ZNSaI7CommandED2Ev
 .text._ZNSt10_List_baseIP16CommandParameterSaIS1_EE10_List_implC2Ev
                0x0000000000012572       0x31 ./UltraHeatDriver/UltraHeatDriver.o
                0x0000000000012572                _ZNSt10_List_baseIP16CommandParameterSaIS1_EE10_List_implC2Ev
                0x0000000000012572                _ZNSt10_List_baseIP16CommandParameterSaIS1_EE10_List_implC1Ev
 *fill*         0x00000000000125a3        0x1 90909090
 .text._ZNSaISt10_List_nodeIP16CommandParameterEED2Ev
                0x00000000000125a4       0x1a ./UltraHeatDriver/UltraHeatDriver.o
                0x00000000000125a4                _ZNSaISt10_List_nodeIP16CommandParameterEED1Ev
                0x00000000000125a4                _ZNSaISt10_List_nodeIP16CommandParameterEED2Ev
 .text._ZNSt10_List_baseIP16CommandParameterSaIS1_EE7_M_initEv
                0x00000000000125be       0x21 ./UltraHeatDriver/UltraHeatDriver.o
                0x00000000000125be                _ZNSt10_List_baseIP16CommandParameterSaIS1_EE7_M_initEv
 *fill*         0x00000000000125df        0x1 90909090
 .text._ZNSt4listIP16CommandParameterSaIS1_EE14_M_create_nodeERKS1_
                0x00000000000125e0       0xb8 ./UltraHeatDriver/UltraHeatDriver.o
                0x00000000000125e0                _ZNSt4listIP16CommandParameterSaIS1_EE14_M_create_nodeERKS1_
 .text._ZNSt4listI7CommandSaIS0_EE14_M_create_nodeERKS0_
                0x0000000000012698       0xb8 ./UltraHeatDriver/UltraHeatDriver.o
                0x0000000000012698                _ZNSt4listI7CommandSaIS0_EE14_M_create_nodeERKS0_
 .text._ZNSt10_List_baseI7CommandSaIS0_EE10_List_implC2Ev
                0x0000000000012750       0x31 ./UltraHeatDriver/UltraHeatDriver.o
                0x0000000000012750                _ZNSt10_List_baseI7CommandSaIS0_EE10_List_implC2Ev
                0x0000000000012750                _ZNSt10_List_baseI7CommandSaIS0_EE10_List_implC1Ev
 *fill*         0x0000000000012781        0x1 90909090
 .text._ZNSt10_List_baseI7CommandSaIS0_EE7_M_initEv
                0x0000000000012782       0x21 ./UltraHeatDriver/UltraHeatDriver.o
                0x0000000000012782                _ZNSt10_List_baseI7CommandSaIS0_EE7_M_initEv
 *fill*         0x00000000000127a3        0x1 90909090
 .text._ZN9__gnu_cxx13new_allocatorISt10_List_nodeI7CommandEED2Ev
                0x00000000000127a4        0xa ./UltraHeatDriver/UltraHeatDriver.o
                0x00000000000127a4                _ZN9__gnu_cxx13new_allocatorISt10_List_nodeI7CommandEED2Ev
                0x00000000000127a4                _ZN9__gnu_cxx13new_allocatorISt10_List_nodeI7CommandEED1Ev
 .text._ZNKSt10_List_baseI7CommandSaIS0_EE19_M_get_Tp_allocatorEv
                0x00000000000127ae       0x34 ./UltraHeatDriver/UltraHeatDriver.o
                0x00000000000127ae                _ZNKSt10_List_baseI7CommandSaIS0_EE19_M_get_Tp_allocatorEv
 .text._ZSt11__addressofI7CommandEPT_RS1_
                0x00000000000127e2        0xe ./UltraHeatDriver/UltraHeatDriver.o
                0x00000000000127e2                _ZSt11__addressofI7CommandEPT_RS1_
 .text._ZN9__gnu_cxx13new_allocatorI7CommandE7destroyEPS1_
                0x00000000000127f0       0x25 ./UltraHeatDriver/UltraHeatDriver.o
                0x00000000000127f0                _ZN9__gnu_cxx13new_allocatorI7CommandE7destroyEPS1_
 *fill*         0x0000000000012815        0x1 90909090
 .text._ZNSt10_List_baseI7CommandSaIS0_EE11_M_put_nodeEPSt10_List_nodeIS0_E
                0x0000000000012816       0x2a ./UltraHeatDriver/UltraHeatDriver.o
                0x0000000000012816                _ZNSt10_List_baseI7CommandSaIS0_EE11_M_put_nodeEPSt10_List_nodeIS0_E
 .text._ZN9__gnu_cxx13new_allocatorI7CommandEC2Ev
                0x0000000000012840        0xa ./UltraHeatDriver/UltraHeatDriver.o
                0x0000000000012840                _ZN9__gnu_cxx13new_allocatorI7CommandEC2Ev
                0x0000000000012840                _ZN9__gnu_cxx13new_allocatorI7CommandEC1Ev
 .text._ZN9__gnu_cxx13new_allocatorI7CommandED2Ev
                0x000000000001284a        0xa ./UltraHeatDriver/UltraHeatDriver.o
                0x000000000001284a                _ZN9__gnu_cxx13new_allocatorI7CommandED1Ev
                0x000000000001284a                _ZN9__gnu_cxx13new_allocatorI7CommandED2Ev
 .text._ZNSaISt10_List_nodeIP16CommandParameterEEC2Ev
                0x0000000000012854       0x1a ./UltraHeatDriver/UltraHeatDriver.o
                0x0000000000012854                _ZNSaISt10_List_nodeIP16CommandParameterEEC2Ev
                0x0000000000012854                _ZNSaISt10_List_nodeIP16CommandParameterEEC1Ev
 .text._ZN9__gnu_cxx13new_allocatorISt10_List_nodeIP16CommandParameterEED2Ev
                0x000000000001286e        0xa ./UltraHeatDriver/UltraHeatDriver.o
                0x000000000001286e                _ZN9__gnu_cxx13new_allocatorISt10_List_nodeIP16CommandParameterEED1Ev
                0x000000000001286e                _ZN9__gnu_cxx13new_allocatorISt10_List_nodeIP16CommandParameterEED2Ev
 .text._ZNKSt10_List_baseIP16CommandParameterSaIS1_EE19_M_get_Tp_allocatorEv
                0x0000000000012878       0x34 ./UltraHeatDriver/UltraHeatDriver.o
                0x0000000000012878                _ZNKSt10_List_baseIP16CommandParameterSaIS1_EE19_M_get_Tp_allocatorEv
 .text._ZNSaIP16CommandParameterED2Ev
                0x00000000000128ac       0x1a ./UltraHeatDriver/UltraHeatDriver.o
                0x00000000000128ac                _ZNSaIP16CommandParameterED1Ev
                0x00000000000128ac                _ZNSaIP16CommandParameterED2Ev
 .text._ZSt11__addressofIP16CommandParameterEPT_RS2_
                0x00000000000128c6        0xe ./UltraHeatDriver/UltraHeatDriver.o
                0x00000000000128c6                _ZSt11__addressofIP16CommandParameterEPT_RS2_
 .text._ZNSt10_List_baseIP16CommandParameterSaIS1_EE11_M_put_nodeEPSt10_List_nodeIS1_E
                0x00000000000128d4       0x2a ./UltraHeatDriver/UltraHeatDriver.o
                0x00000000000128d4                _ZNSt10_List_baseIP16CommandParameterSaIS1_EE11_M_put_nodeEPSt10_List_nodeIS1_E
 .text._ZNSt10_List_baseIP16CommandParameterSaIS1_EE11_M_get_nodeEv
                0x00000000000128fe       0x24 ./UltraHeatDriver/UltraHeatDriver.o
                0x00000000000128fe                _ZNSt10_List_baseIP16CommandParameterSaIS1_EE11_M_get_nodeEv
 .text._ZN9__gnu_cxx13new_allocatorIP16CommandParameterE9constructEPS2_RKS2_
                0x0000000000012922       0x36 ./UltraHeatDriver/UltraHeatDriver.o
                0x0000000000012922                _ZN9__gnu_cxx13new_allocatorIP16CommandParameterE9constructEPS2_RKS2_
 .text._ZNSt10_List_baseI7CommandSaIS0_EE11_M_get_nodeEv
                0x0000000000012958       0x24 ./UltraHeatDriver/UltraHeatDriver.o
                0x0000000000012958                _ZNSt10_List_baseI7CommandSaIS0_EE11_M_get_nodeEv
 .text._ZN9__gnu_cxx13new_allocatorI7CommandE9constructEPS1_RKS1_
                0x000000000001297c       0x67 ./UltraHeatDriver/UltraHeatDriver.o
                0x000000000001297c                _ZN9__gnu_cxx13new_allocatorI7CommandE9constructEPS1_RKS1_
 *fill*         0x00000000000129e3        0x1 90909090
 .text._ZNSaISt10_List_nodeI7CommandEEC2Ev
                0x00000000000129e4       0x1a ./UltraHeatDriver/UltraHeatDriver.o
                0x00000000000129e4                _ZNSaISt10_List_nodeI7CommandEEC2Ev
                0x00000000000129e4                _ZNSaISt10_List_nodeI7CommandEEC1Ev
 .text._ZN9__gnu_cxx13new_allocatorISt10_List_nodeI7CommandEE10deallocateEPS3_m
                0x00000000000129fe       0x22 ./UltraHeatDriver/UltraHeatDriver.o
                0x00000000000129fe                _ZN9__gnu_cxx13new_allocatorISt10_List_nodeI7CommandEE10deallocateEPS3_m
 .text._ZN9__gnu_cxx13new_allocatorISt10_List_nodeI7CommandEEC2Ev
                0x0000000000012a20        0xa ./UltraHeatDriver/UltraHeatDriver.o
                0x0000000000012a20                _ZN9__gnu_cxx13new_allocatorISt10_List_nodeI7CommandEEC1Ev
                0x0000000000012a20                _ZN9__gnu_cxx13new_allocatorISt10_List_nodeI7CommandEEC2Ev
 .text._ZN9__gnu_cxx13new_allocatorISt10_List_nodeIP16CommandParameterEEC2Ev
                0x0000000000012a2a        0xa ./UltraHeatDriver/UltraHeatDriver.o
                0x0000000000012a2a                _ZN9__gnu_cxx13new_allocatorISt10_List_nodeIP16CommandParameterEEC2Ev
                0x0000000000012a2a                _ZN9__gnu_cxx13new_allocatorISt10_List_nodeIP16CommandParameterEEC1Ev
 .text._ZNKSt10_List_baseIP16CommandParameterSaIS1_EE21_M_get_Node_allocatorEv
                0x0000000000012a34        0xe ./UltraHeatDriver/UltraHeatDriver.o
                0x0000000000012a34                _ZNKSt10_List_baseIP16CommandParameterSaIS1_EE21_M_get_Node_allocatorEv
 .text._ZNSaIP16CommandParameterEC2ISt10_List_nodeIS0_EEERKSaIT_E
                0x0000000000012a42       0x1e ./UltraHeatDriver/UltraHeatDriver.o
                0x0000000000012a42                _ZNSaIP16CommandParameterEC2ISt10_List_nodeIS0_EEERKSaIT_E
                0x0000000000012a42                _ZNSaIP16CommandParameterEC1ISt10_List_nodeIS0_EEERKSaIT_E
 .text._ZN9__gnu_cxx13new_allocatorIP16CommandParameterED2Ev
                0x0000000000012a60        0xa ./UltraHeatDriver/UltraHeatDriver.o
                0x0000000000012a60                _ZN9__gnu_cxx13new_allocatorIP16CommandParameterED1Ev
                0x0000000000012a60                _ZN9__gnu_cxx13new_allocatorIP16CommandParameterED2Ev
 .text._ZN9__gnu_cxx13new_allocatorISt10_List_nodeIP16CommandParameterEE10deallocateEPS4_m
                0x0000000000012a6a       0x22 ./UltraHeatDriver/UltraHeatDriver.o
                0x0000000000012a6a                _ZN9__gnu_cxx13new_allocatorISt10_List_nodeIP16CommandParameterEE10deallocateEPS4_m
 .text._ZN9__gnu_cxx13new_allocatorISt10_List_nodeIP16CommandParameterEE8allocateEmPKv
                0x0000000000012a8c       0x4b ./UltraHeatDriver/UltraHeatDriver.o
                0x0000000000012a8c                _ZN9__gnu_cxx13new_allocatorISt10_List_nodeIP16CommandParameterEE8allocateEmPKv
 *fill*         0x0000000000012ad7        0x1 90909090
 .text._ZN9__gnu_cxx13new_allocatorISt10_List_nodeI7CommandEE8allocateEmPKv
                0x0000000000012ad8       0x4c ./UltraHeatDriver/UltraHeatDriver.o
                0x0000000000012ad8                _ZN9__gnu_cxx13new_allocatorISt10_List_nodeI7CommandEE8allocateEmPKv
 .text._ZN9__gnu_cxx13new_allocatorIP16CommandParameterEC2Ev
                0x0000000000012b24        0xa ./UltraHeatDriver/UltraHeatDriver.o
                0x0000000000012b24                _ZN9__gnu_cxx13new_allocatorIP16CommandParameterEC2Ev
                0x0000000000012b24                _ZN9__gnu_cxx13new_allocatorIP16CommandParameterEC1Ev
 .text._ZNK9__gnu_cxx13new_allocatorISt10_List_nodeIP16CommandParameterEE8max_sizeEv
                0x0000000000012b2e       0x14 ./UltraHeatDriver/UltraHeatDriver.o
                0x0000000000012b2e                _ZNK9__gnu_cxx13new_allocatorISt10_List_nodeIP16CommandParameterEE8max_sizeEv
 .text._ZNK9__gnu_cxx13new_allocatorISt10_List_nodeI7CommandEE8max_sizeEv
                0x0000000000012b42       0x14 ./UltraHeatDriver/UltraHeatDriver.o
                0x0000000000012b42                _ZNK9__gnu_cxx13new_allocatorISt10_List_nodeI7CommandEE8max_sizeEv
 *fill*         0x0000000000012b56        0x2 90909090
 .text          0x0000000000012b58     0x1ce0 ./SysfsGenericGPIODriver/SysfsGenericGPIODriver.o
                0x0000000000012b58                _ZN22SysfsGenericGPIODriverC2Ev
                0x0000000000012b58                _ZN22SysfsGenericGPIODriverC1Ev
                0x000000000001318c                _ZN22SysfsGenericGPIODriverD1Ev
                0x000000000001318c                _ZN22SysfsGenericGPIODriverD2Ev
                0x00000000000131d0                _ZN22SysfsGenericGPIODriverD0Ev
                0x00000000000131f6                _ZN22SysfsGenericGPIODriver4TypeEv
                0x0000000000013208                _ZN22SysfsGenericGPIODriver7VersionEv
                0x000000000001321a                _ZN22SysfsGenericGPIODriver4NameEv
                0x000000000001322c                _ZN22SysfsGenericGPIODriver11DescriptionEv
                0x000000000001323e                _ZN22SysfsGenericGPIODriver9PublisherEv
                0x000000000001324f                _Z14SysfsThreadRunPv
                0x00000000000132fc                _ZN22SysfsGenericGPIODriver9GetStatusEv
                0x000000000001330e                _ZN22SysfsGenericGPIODriver9SetStatusEi
                0x0000000000013326                _ZN22SysfsGenericGPIODriver13GetPortNumberEv
                0x0000000000013338                _ZN22SysfsGenericGPIODriver12GetGpioValueEv
                0x00000000000133ac                _ZN22SysfsGenericGPIODriver23SignalPortstatusChangedEv
                0x0000000000013800                _ZN22SysfsGenericGPIODriver21StartPoolingForStatusEv
                0x0000000000013888                _ZN22SysfsGenericGPIODriver20StopPoolingForStatusEv
                0x000000000001397e                _ZN22SysfsGenericGPIODriver14ExecuteCommandE7Command
                0x0000000000013fdc                _ZN22SysfsGenericGPIODriver8CommandsEv
                0x00000000000140aa                _ZN22SysfsGenericGPIODriver5CloneEv
                0x00000000000140f6                _ZN22SysfsGenericGPIODriver10GetCommandEPKc
                0x00000000000141f4                _ZN22SysfsGenericGPIODriver8OpenPortEii
                0x0000000000014336                _ZN22SysfsGenericGPIODriver9ClosePortEi
                0x000000000001435e                _ZN22SysfsGenericGPIODriver8SetValueEii
                0x000000000001439c                _ZN22SysfsGenericGPIODriver8GetValueEi
                0x00000000000143da                _ZN22SysfsGenericGPIODriver11gpio_exportEj
                0x000000000001448a                _ZN22SysfsGenericGPIODriver13gpio_unexportEj
                0x000000000001453a                _ZN22SysfsGenericGPIODriver12gpio_set_dirEjj
                0x000000000001460a                _ZN22SysfsGenericGPIODriver14gpio_set_valueEii
                0x0000000000014698                _ZN22SysfsGenericGPIODriver14gpio_get_valueEiPi
                0x0000000000014722                _ZN22SysfsGenericGPIODriver13gpio_set_edgeEjPc
                0x0000000000014738                _ZN22SysfsGenericGPIODriver12gpio_fd_openEj
                0x00000000000147c0                _ZN22SysfsGenericGPIODriver13gpio_fd_closeEi
 .text._ZN14EventParameterC2ERKS_
                0x0000000000014838       0x3a ./SysfsGenericGPIODriver/SysfsGenericGPIODriver.o
                0x0000000000014838                _ZN14EventParameterC2ERKS_
                0x0000000000014838                _ZN14EventParameterC1ERKS_
 .text._ZN14EventParameterC2EPKciS1_
                0x0000000000014872       0x36 ./SysfsGenericGPIODriver/SysfsGenericGPIODriver.o
                0x0000000000014872                _ZN14EventParameterC1EPKciS1_
                0x0000000000014872                _ZN14EventParameterC2EPKciS1_
 .text._ZN14EventParameterD2Ev
                0x00000000000148a8        0xa ./SysfsGenericGPIODriver/SysfsGenericGPIODriver.o
                0x00000000000148a8                _ZN14EventParameterD1Ev
                0x00000000000148a8                _ZN14EventParameterD2Ev
 .text._ZStplIcSt11char_traitsIcESaIcEESbIT_T0_T1_ERKS6_S8_
                0x00000000000148b2       0x62 ./SysfsGenericGPIODriver/SysfsGenericGPIODriver.o
                0x00000000000148b2                _ZStplIcSt11char_traitsIcESaIcEESbIT_T0_T1_ERKS6_S8_
 .text._ZNSt4listI14EventParameterSaIS0_EEC2Ev
                0x0000000000014914       0x1a ./SysfsGenericGPIODriver/SysfsGenericGPIODriver.o
                0x0000000000014914                _ZNSt4listI14EventParameterSaIS0_EEC1Ev
                0x0000000000014914                _ZNSt4listI14EventParameterSaIS0_EEC2Ev
 .text._ZNSt4listI14EventParameterSaIS0_EE9push_backERKS0_
                0x000000000001492e       0x34 ./SysfsGenericGPIODriver/SysfsGenericGPIODriver.o
                0x000000000001492e                _ZNSt4listI14EventParameterSaIS0_EE9push_backERKS0_
 .text._ZNSt10_List_baseI14EventParameterSaIS0_EE10_List_implD2Ev
                0x0000000000014962       0x1a ./SysfsGenericGPIODriver/SysfsGenericGPIODriver.o
                0x0000000000014962                _ZNSt10_List_baseI14EventParameterSaIS0_EE10_List_implD1Ev
                0x0000000000014962                _ZNSt10_List_baseI14EventParameterSaIS0_EE10_List_implD2Ev
 .text._ZNSt10_List_baseI14EventParameterSaIS0_EEC2Ev
                0x000000000001497c       0x48 ./SysfsGenericGPIODriver/SysfsGenericGPIODriver.o
                0x000000000001497c                _ZNSt10_List_baseI14EventParameterSaIS0_EEC1Ev
                0x000000000001497c                _ZNSt10_List_baseI14EventParameterSaIS0_EEC2Ev
 .text._ZNSt4listI14EventParameterSaIS0_EE3endEv
                0x00000000000149c4       0x25 ./SysfsGenericGPIODriver/SysfsGenericGPIODriver.o
                0x00000000000149c4                _ZNSt4listI14EventParameterSaIS0_EE3endEv
 *fill*         0x00000000000149e9        0x1 90909090
 .text._ZNSt4listI14EventParameterSaIS0_EE9_M_insertESt14_List_iteratorIS0_ERKS0_
                0x00000000000149ea       0x40 ./SysfsGenericGPIODriver/SysfsGenericGPIODriver.o
                0x00000000000149ea                _ZNSt4listI14EventParameterSaIS0_EE9_M_insertESt14_List_iteratorIS0_ERKS0_
 .text._ZNSt10_List_baseI14EventParameterSaIS0_EE10_List_implC2Ev
                0x0000000000014a2a       0x31 ./SysfsGenericGPIODriver/SysfsGenericGPIODriver.o
                0x0000000000014a2a                _ZNSt10_List_baseI14EventParameterSaIS0_EE10_List_implC2Ev
                0x0000000000014a2a                _ZNSt10_List_baseI14EventParameterSaIS0_EE10_List_implC1Ev
 *fill*         0x0000000000014a5b        0x1 90909090
 .text._ZNSaISt10_List_nodeI14EventParameterEED2Ev
                0x0000000000014a5c       0x1a ./SysfsGenericGPIODriver/SysfsGenericGPIODriver.o
                0x0000000000014a5c                _ZNSaISt10_List_nodeI14EventParameterEED2Ev
                0x0000000000014a5c                _ZNSaISt10_List_nodeI14EventParameterEED1Ev
 .text._ZNSt10_List_baseI14EventParameterSaIS0_EE7_M_initEv
                0x0000000000014a76       0x21 ./SysfsGenericGPIODriver/SysfsGenericGPIODriver.o
                0x0000000000014a76                _ZNSt10_List_baseI14EventParameterSaIS0_EE7_M_initEv
 *fill*         0x0000000000014a97        0x1 90909090
 .text._ZNSt14_List_iteratorI14EventParameterEC2EPNSt8__detail15_List_node_baseE
                0x0000000000014a98       0x19 ./SysfsGenericGPIODriver/SysfsGenericGPIODriver.o
                0x0000000000014a98                _ZNSt14_List_iteratorI14EventParameterEC2EPNSt8__detail15_List_node_baseE
                0x0000000000014a98                _ZNSt14_List_iteratorI14EventParameterEC1EPNSt8__detail15_List_node_baseE
 *fill*         0x0000000000014ab1        0x1 90909090
 .text._ZNSt4listI14EventParameterSaIS0_EE14_M_create_nodeERKS0_
                0x0000000000014ab2       0xb8 ./SysfsGenericGPIODriver/SysfsGenericGPIODriver.o
                0x0000000000014ab2                _ZNSt4listI14EventParameterSaIS0_EE14_M_create_nodeERKS0_
 .text._ZNSaISt10_List_nodeI14EventParameterEEC2Ev
                0x0000000000014b6a       0x1a ./SysfsGenericGPIODriver/SysfsGenericGPIODriver.o
                0x0000000000014b6a                _ZNSaISt10_List_nodeI14EventParameterEEC1Ev
                0x0000000000014b6a                _ZNSaISt10_List_nodeI14EventParameterEEC2Ev
 .text._ZN9__gnu_cxx13new_allocatorISt10_List_nodeI14EventParameterEED2Ev
                0x0000000000014b84        0xa ./SysfsGenericGPIODriver/SysfsGenericGPIODriver.o
                0x0000000000014b84                _ZN9__gnu_cxx13new_allocatorISt10_List_nodeI14EventParameterEED1Ev
                0x0000000000014b84                _ZN9__gnu_cxx13new_allocatorISt10_List_nodeI14EventParameterEED2Ev
 .text._ZNKSt10_List_baseI14EventParameterSaIS0_EE19_M_get_Tp_allocatorEv
                0x0000000000014b8e       0x34 ./SysfsGenericGPIODriver/SysfsGenericGPIODriver.o
                0x0000000000014b8e                _ZNKSt10_List_baseI14EventParameterSaIS0_EE19_M_get_Tp_allocatorEv
 .text._ZNSaI14EventParameterED2Ev
                0x0000000000014bc2       0x1a ./SysfsGenericGPIODriver/SysfsGenericGPIODriver.o
                0x0000000000014bc2                _ZNSaI14EventParameterED2Ev
                0x0000000000014bc2                _ZNSaI14EventParameterED1Ev
 .text._ZSt11__addressofI14EventParameterEPT_RS1_
                0x0000000000014bdc        0xe ./SysfsGenericGPIODriver/SysfsGenericGPIODriver.o
                0x0000000000014bdc                _ZSt11__addressofI14EventParameterEPT_RS1_
 .text._ZNSt10_List_baseI14EventParameterSaIS0_EE11_M_put_nodeEPSt10_List_nodeIS0_E
                0x0000000000014bea       0x2a ./SysfsGenericGPIODriver/SysfsGenericGPIODriver.o
                0x0000000000014bea                _ZNSt10_List_baseI14EventParameterSaIS0_EE11_M_put_nodeEPSt10_List_nodeIS0_E
 .text._ZNSt10_List_baseI14EventParameterSaIS0_EE11_M_get_nodeEv
                0x0000000000014c14       0x24 ./SysfsGenericGPIODriver/SysfsGenericGPIODriver.o
                0x0000000000014c14                _ZNSt10_List_baseI14EventParameterSaIS0_EE11_M_get_nodeEv
 .text._ZN9__gnu_cxx13new_allocatorI14EventParameterE9constructEPS1_RKS1_
                0x0000000000014c38       0x3b ./SysfsGenericGPIODriver/SysfsGenericGPIODriver.o
                0x0000000000014c38                _ZN9__gnu_cxx13new_allocatorI14EventParameterE9constructEPS1_RKS1_
 *fill*         0x0000000000014c73        0x1 90909090
 .text._ZN9__gnu_cxx13new_allocatorISt10_List_nodeI14EventParameterEEC2Ev
                0x0000000000014c74        0xa ./SysfsGenericGPIODriver/SysfsGenericGPIODriver.o
                0x0000000000014c74                _ZN9__gnu_cxx13new_allocatorISt10_List_nodeI14EventParameterEEC2Ev
                0x0000000000014c74                _ZN9__gnu_cxx13new_allocatorISt10_List_nodeI14EventParameterEEC1Ev
 .text._ZNKSt10_List_baseI14EventParameterSaIS0_EE21_M_get_Node_allocatorEv
                0x0000000000014c7e        0xe ./SysfsGenericGPIODriver/SysfsGenericGPIODriver.o
                0x0000000000014c7e                _ZNKSt10_List_baseI14EventParameterSaIS0_EE21_M_get_Node_allocatorEv
 .text._ZNSaI14EventParameterEC2ISt10_List_nodeIS_EEERKSaIT_E
                0x0000000000014c8c       0x1e ./SysfsGenericGPIODriver/SysfsGenericGPIODriver.o
                0x0000000000014c8c                _ZNSaI14EventParameterEC1ISt10_List_nodeIS_EEERKSaIT_E
                0x0000000000014c8c                _ZNSaI14EventParameterEC2ISt10_List_nodeIS_EEERKSaIT_E
 .text._ZN9__gnu_cxx13new_allocatorI14EventParameterED2Ev
                0x0000000000014caa        0xa ./SysfsGenericGPIODriver/SysfsGenericGPIODriver.o
                0x0000000000014caa                _ZN9__gnu_cxx13new_allocatorI14EventParameterED2Ev
                0x0000000000014caa                _ZN9__gnu_cxx13new_allocatorI14EventParameterED1Ev
 .text._ZN9__gnu_cxx13new_allocatorISt10_List_nodeI14EventParameterEE10deallocateEPS3_m
                0x0000000000014cb4       0x22 ./SysfsGenericGPIODriver/SysfsGenericGPIODriver.o
                0x0000000000014cb4                _ZN9__gnu_cxx13new_allocatorISt10_List_nodeI14EventParameterEE10deallocateEPS3_m
 .text._ZN9__gnu_cxx13new_allocatorISt10_List_nodeI14EventParameterEE8allocateEmPKv
                0x0000000000014cd6       0x4c ./SysfsGenericGPIODriver/SysfsGenericGPIODriver.o
                0x0000000000014cd6                _ZN9__gnu_cxx13new_allocatorISt10_List_nodeI14EventParameterEE8allocateEmPKv
 .text._ZN9__gnu_cxx13new_allocatorI14EventParameterEC2Ev
                0x0000000000014d22        0xa ./SysfsGenericGPIODriver/SysfsGenericGPIODriver.o
                0x0000000000014d22                _ZN9__gnu_cxx13new_allocatorI14EventParameterEC1Ev
                0x0000000000014d22                _ZN9__gnu_cxx13new_allocatorI14EventParameterEC2Ev
 .text._ZNK9__gnu_cxx13new_allocatorISt10_List_nodeI14EventParameterEE8max_sizeEv
                0x0000000000014d2c       0x14 ./SysfsGenericGPIODriver/SysfsGenericGPIODriver.o
                0x0000000000014d2c                _ZNK9__gnu_cxx13new_allocatorISt10_List_nodeI14EventParameterEE8max_sizeEv
 .text          0x0000000000014d40     0x16f8 ./SysfsInputDriver/SysfsInputDriver.o
                0x0000000000014d40                _ZN16SysfsInputDriverC1Ev
                0x0000000000014d40                _ZN16SysfsInputDriverC2Ev
                0x0000000000015240                _ZN16SysfsInputDriverD1Ev
                0x0000000000015240                _ZN16SysfsInputDriverD2Ev
                0x0000000000015284                _ZN16SysfsInputDriverD0Ev
                0x00000000000152aa                _ZN16SysfsInputDriver4TypeEv
                0x00000000000152bc                _ZN16SysfsInputDriver7VersionEv
                0x00000000000152ce                _ZN16SysfsInputDriver4NameEv
                0x00000000000152e0                _ZN16SysfsInputDriver11DescriptionEv
                0x00000000000152f2                _ZN16SysfsInputDriver9PublisherEv
                0x0000000000015303                _Z19SysfsInputThreadRunPv
                0x00000000000153b0                _ZN16SysfsInputDriver9GetStatusEv
                0x00000000000153c2                _ZN16SysfsInputDriver9SetStatusEi
                0x00000000000153da                _ZN16SysfsInputDriver13GetPortNumberEv
                0x00000000000153ec                _ZN16SysfsInputDriver12GetGpioValueEv
                0x0000000000015460                _ZN16SysfsInputDriver23SignalPortstatusChangedEv
                0x00000000000158b4                _ZN16SysfsInputDriver21StartPoolingForStatusEv
                0x000000000001593c                _ZN16SysfsInputDriver20StopPoolingForStatusEv
                0x00000000000159ac                _ZN16SysfsInputDriver14ExecuteCommandE7Command
                0x0000000000015c1a                _ZN16SysfsInputDriver8CommandsEv
                0x0000000000015ce8                _ZN16SysfsInputDriver5CloneEv
                0x0000000000015d34                _ZN16SysfsInputDriver10GetCommandEPKc
                0x0000000000015e32                _ZN16SysfsInputDriver8OpenPortEii
                0x0000000000015f36                _ZN16SysfsInputDriver9ClosePortEi
                0x0000000000015f5e                _ZN16SysfsInputDriver8SetValueEii
                0x0000000000015f9c                _ZN16SysfsInputDriver8GetValueEi
                0x0000000000015fda                _ZN16SysfsInputDriver11gpio_exportEj
                0x000000000001608a                _ZN16SysfsInputDriver13gpio_unexportEj
                0x000000000001613a                _ZN16SysfsInputDriver12gpio_set_dirEjj
                0x000000000001620a                _ZN16SysfsInputDriver14gpio_set_valueEii
                0x0000000000016298                _ZN16SysfsInputDriver14gpio_get_valueEiPi
                0x0000000000016322                _ZN16SysfsInputDriver13gpio_set_edgeEjPc
                0x0000000000016338                _ZN16SysfsInputDriver12gpio_fd_openEj
                0x00000000000163c0                _ZN16SysfsInputDriver13gpio_fd_closeEi
 .text._ZNSt4listI5EventSaIS0_EE9push_backERKS0_
                0x0000000000016438       0x34 ./SysfsInputDriver/SysfsInputDriver.o
                0x0000000000016438                _ZNSt4listI5EventSaIS0_EE9push_backERKS0_
 .text._ZNSt4listI5EventSaIS0_EE3endEv
                0x000000000001646c       0x25 ./SysfsInputDriver/SysfsInputDriver.o
                0x000000000001646c                _ZNSt4listI5EventSaIS0_EE3endEv
 *fill*         0x0000000000016491        0x1 90909090
 .text._ZNSt4listI5EventSaIS0_EE9_M_insertESt14_List_iteratorIS0_ERKS0_
                0x0000000000016492       0x40 ./SysfsInputDriver/SysfsInputDriver.o
                0x0000000000016492                _ZNSt4listI5EventSaIS0_EE9_M_insertESt14_List_iteratorIS0_ERKS0_
 .text._ZNSt14_List_iteratorI5EventEC2EPNSt8__detail15_List_node_baseE
                0x00000000000164d2       0x19 ./SysfsInputDriver/SysfsInputDriver.o
                0x00000000000164d2                _ZNSt14_List_iteratorI5EventEC2EPNSt8__detail15_List_node_baseE
                0x00000000000164d2                _ZNSt14_List_iteratorI5EventEC1EPNSt8__detail15_List_node_baseE
 *fill*         0x00000000000164eb        0x1 90909090
 .text._ZNSt4listI5EventSaIS0_EE14_M_create_nodeERKS0_
                0x00000000000164ec       0xb8 ./SysfsInputDriver/SysfsInputDriver.o
                0x00000000000164ec                _ZNSt4listI5EventSaIS0_EE14_M_create_nodeERKS0_
 .text._ZNSt10_List_baseI5EventSaIS0_EE11_M_get_nodeEv
                0x00000000000165a4       0x24 ./SysfsInputDriver/SysfsInputDriver.o
                0x00000000000165a4                _ZNSt10_List_baseI5EventSaIS0_EE11_M_get_nodeEv
 .text._ZNKSt10_List_baseI5EventSaIS0_EE19_M_get_Tp_allocatorEv
                0x00000000000165c8       0x34 ./SysfsInputDriver/SysfsInputDriver.o
                0x00000000000165c8                _ZNKSt10_List_baseI5EventSaIS0_EE19_M_get_Tp_allocatorEv
 .text._ZNSaI5EventED2Ev
                0x00000000000165fc       0x1a ./SysfsInputDriver/SysfsInputDriver.o
                0x00000000000165fc                _ZNSaI5EventED1Ev
                0x00000000000165fc                _ZNSaI5EventED2Ev
 .text._ZSt11__addressofI5EventEPT_RS1_
                0x0000000000016616        0xe ./SysfsInputDriver/SysfsInputDriver.o
                0x0000000000016616                _ZSt11__addressofI5EventEPT_RS1_
 .text._ZN9__gnu_cxx13new_allocatorI5EventE9constructEPS1_RKS1_
                0x0000000000016624       0x67 ./SysfsInputDriver/SysfsInputDriver.o
                0x0000000000016624                _ZN9__gnu_cxx13new_allocatorI5EventE9constructEPS1_RKS1_
 *fill*         0x000000000001668b        0x1 90909090
 .text._ZNSt10_List_baseI5EventSaIS0_EE11_M_put_nodeEPSt10_List_nodeIS0_E
                0x000000000001668c       0x2a ./SysfsInputDriver/SysfsInputDriver.o
                0x000000000001668c                _ZNSt10_List_baseI5EventSaIS0_EE11_M_put_nodeEPSt10_List_nodeIS0_E
 .text._ZN9__gnu_cxx13new_allocatorISt10_List_nodeI5EventEE8allocateEmPKv
                0x00000000000166b6       0x4c ./SysfsInputDriver/SysfsInputDriver.o
                0x00000000000166b6                _ZN9__gnu_cxx13new_allocatorISt10_List_nodeI5EventEE8allocateEmPKv
 .text._ZNKSt10_List_baseI5EventSaIS0_EE21_M_get_Node_allocatorEv
                0x0000000000016702        0xe ./SysfsInputDriver/SysfsInputDriver.o
                0x0000000000016702                _ZNKSt10_List_baseI5EventSaIS0_EE21_M_get_Node_allocatorEv
 .text._ZNSaI5EventEC2ISt10_List_nodeIS_EEERKSaIT_E
                0x0000000000016710       0x1e ./SysfsInputDriver/SysfsInputDriver.o
                0x0000000000016710                _ZNSaI5EventEC1ISt10_List_nodeIS_EEERKSaIT_E
                0x0000000000016710                _ZNSaI5EventEC2ISt10_List_nodeIS_EEERKSaIT_E
 .text._ZN9__gnu_cxx13new_allocatorI5EventED2Ev
                0x000000000001672e        0xa ./SysfsInputDriver/SysfsInputDriver.o
                0x000000000001672e                _ZN9__gnu_cxx13new_allocatorI5EventED1Ev
                0x000000000001672e                _ZN9__gnu_cxx13new_allocatorI5EventED2Ev
 .text._ZN9__gnu_cxx13new_allocatorISt10_List_nodeI5EventEE10deallocateEPS3_m
                0x0000000000016738       0x22 ./SysfsInputDriver/SysfsInputDriver.o
                0x0000000000016738                _ZN9__gnu_cxx13new_allocatorISt10_List_nodeI5EventEE10deallocateEPS3_m
 .text._ZNK9__gnu_cxx13new_allocatorISt10_List_nodeI5EventEE8max_sizeEv
                0x000000000001675a       0x14 ./SysfsInputDriver/SysfsInputDriver.o
                0x000000000001675a                _ZNK9__gnu_cxx13new_allocatorISt10_List_nodeI5EventEE8max_sizeEv
 .text._ZN9__gnu_cxx13new_allocatorI5EventEC2Ev
                0x000000000001676e        0xa ./SysfsInputDriver/SysfsInputDriver.o
                0x000000000001676e                _ZN9__gnu_cxx13new_allocatorI5EventEC2Ev
                0x000000000001676e                _ZN9__gnu_cxx13new_allocatorI5EventEC1Ev
 .text          0x0000000000016778     0x134a ./SysfsOutputDriver/SysfsOutputDriver.o
                0x0000000000016778                _ZN17SysfsOutputDriverC1Ev
                0x0000000000016778                _ZN17SysfsOutputDriverC2Ev
                0x0000000000016c86                _ZN17SysfsOutputDriverD2Ev
                0x0000000000016c86                _ZN17SysfsOutputDriverD1Ev
                0x0000000000016cca                _ZN17SysfsOutputDriverD0Ev
                0x0000000000016cf0                _ZN17SysfsOutputDriver4TypeEv
                0x0000000000016d02                _ZN17SysfsOutputDriver7VersionEv
                0x0000000000016d14                _ZN17SysfsOutputDriver4NameEv
                0x0000000000016d26                _ZN17SysfsOutputDriver11DescriptionEv
                0x0000000000016d38                _ZN17SysfsOutputDriver9PublisherEv
                0x0000000000016d4a                _ZN17SysfsOutputDriver9GetStatusEv
                0x0000000000016d5c                _ZN17SysfsOutputDriver9SetStatusEi
                0x0000000000016d74                _ZN17SysfsOutputDriver13GetPortNumberEv
                0x0000000000016d86                _ZN17SysfsOutputDriver12GetGpioValueEv
                0x0000000000016dfa                _ZN17SysfsOutputDriver14ExecuteCommandE7Command
                0x0000000000017266                _ZN17SysfsOutputDriver8CommandsEv
                0x0000000000017334                _ZN17SysfsOutputDriver5CloneEv
                0x0000000000017380                _ZN17SysfsOutputDriver10GetCommandEPKc
                0x000000000001747e                _ZN17SysfsOutputDriver8OpenPortEii
                0x00000000000175c0                _ZN17SysfsOutputDriver9ClosePortEi
                0x00000000000175e8                _ZN17SysfsOutputDriver8SetValueEii
                0x0000000000017626                _ZN17SysfsOutputDriver8GetValueEi
                0x0000000000017664                _ZN17SysfsOutputDriver11gpio_exportEj
                0x0000000000017714                _ZN17SysfsOutputDriver13gpio_unexportEj
                0x00000000000177c4                _ZN17SysfsOutputDriver12gpio_set_dirEjj
                0x0000000000017894                _ZN17SysfsOutputDriver14gpio_set_valueEii
                0x0000000000017922                _ZN17SysfsOutputDriver14gpio_get_valueEiPi
                0x00000000000179ac                _ZN17SysfsOutputDriver13gpio_set_edgeEjPc
                0x00000000000179c2                _ZN17SysfsOutputDriver12gpio_fd_openEj
                0x0000000000017a4a                _ZN17SysfsOutputDriver13gpio_fd_closeEi
 *fill*         0x0000000000017ac2        0x2 90909090
 .text          0x0000000000017ac4      0xd28 ./GPIOLedDriver/GPIOLedDriver.o
                0x0000000000017ac4                _ZN13GPIOLedDriverC2Ev
                0x0000000000017ac4                _ZN13GPIOLedDriverC1Ev
                0x0000000000017fd2                _ZN13GPIOLedDriverD1Ev
                0x0000000000017fd2                _ZN13GPIOLedDriverD2Ev
                0x0000000000018016                _ZN13GPIOLedDriverD0Ev
                0x000000000001803c                _ZN13GPIOLedDriver4TypeEv
                0x000000000001804e                _ZN13GPIOLedDriver7VersionEv
                0x0000000000018060                _ZN13GPIOLedDriver4NameEv
                0x0000000000018072                _ZN13GPIOLedDriver11DescriptionEv
                0x0000000000018084                _ZN13GPIOLedDriver9PublisherEv
                0x0000000000018096                _ZN13GPIOLedDriver14ExecuteCommandE7Command
                0x00000000000184de                _ZN13GPIOLedDriver8CommandsEv
                0x00000000000185ac                _ZN13GPIOLedDriver5CloneEv
                0x00000000000185f8                _ZN13GPIOLedDriver10GetCommandEPKc
                0x00000000000186f6                _ZN13GPIOLedDriver8SetValueEii
 .text          0x00000000000187ec     0x10eb ./GPIOKeyDriver/GPIOKeyDriver.o
                0x00000000000187ec                _ZN13GPIOKeyDriverC2Ev
                0x00000000000187ec                _ZN13GPIOKeyDriverC1Ev
                0x0000000000018cec                _ZN13GPIOKeyDriverD1Ev
                0x0000000000018cec                _ZN13GPIOKeyDriverD2Ev
                0x0000000000018d30                _ZN13GPIOKeyDriverD0Ev
                0x0000000000018d56                _ZN13GPIOKeyDriver4TypeEv
                0x0000000000018d68                _ZN13GPIOKeyDriver7VersionEv
                0x0000000000018d7a                _ZN13GPIOKeyDriver4NameEv
                0x0000000000018d8c                _ZN13GPIOKeyDriver11DescriptionEv
                0x0000000000018d9e                _ZN13GPIOKeyDriver9PublisherEv
                0x0000000000018db0                _ZN13GPIOKeyDriver14ExecuteCommandE7Command
                0x0000000000018fd4                _ZN13GPIOKeyDriver10GetCommandEPKc
                0x00000000000190d2                _ZN13GPIOKeyDriver8CommandsEv
                0x00000000000191a0                _ZN13GPIOKeyDriver5CloneEv
                0x00000000000191ec                _ZN13GPIOKeyDriver8OpenPortEv
                0x000000000001923e                _ZN13GPIOKeyDriver9ClosePortEv
                0x000000000001925a                _ZN13GPIOKeyDriver15SetCurrentValueE11input_event
                0x0000000000019504                _ZN13GPIOKeyDriver9ReadValueEv
                0x0000000000019565                _Z16ReadKeyThreadRunPv
                0x0000000000019604                _ZN13GPIOKeyDriver21StartReadingKeyThreadEv
                0x000000000001978e                _ZN13GPIOKeyDriver20StopReadingKeyThreadEv
                0x0000000000019870                _ZN13GPIOKeyDriver18UpdateInitialStateEv
 *fill*         0x00000000000198d7        0x1 90909090
 .text          0x00000000000198d8      0x386 ./EntryPoint.o
                0x00000000000198d8                CreateDrivers
 .text._ZNSt4listIP10BaseDriverSaIS1_EED2Ev
                0x0000000000019c5e       0x1a ./EntryPoint.o
                0x0000000000019c5e                _ZNSt4listIP10BaseDriverSaIS1_EED1Ev
                0x0000000000019c5e                _ZNSt4listIP10BaseDriverSaIS1_EED2Ev
 .text._ZNSt4listIP10BaseDriverSaIS1_EEC2Ev
                0x0000000000019c78       0x1a ./EntryPoint.o
                0x0000000000019c78                _ZNSt4listIP10BaseDriverSaIS1_EEC2Ev
                0x0000000000019c78                _ZNSt4listIP10BaseDriverSaIS1_EEC1Ev
 .text._ZNSt10_List_baseIP10BaseDriverSaIS1_EE10_List_implD2Ev
                0x0000000000019c92       0x1a ./EntryPoint.o
                0x0000000000019c92                _ZNSt10_List_baseIP10BaseDriverSaIS1_EE10_List_implD1Ev
                0x0000000000019c92                _ZNSt10_List_baseIP10BaseDriverSaIS1_EE10_List_implD2Ev
 .text._ZNSt10_List_baseIP10BaseDriverSaIS1_EED2Ev
                0x0000000000019cac       0x46 ./EntryPoint.o
                0x0000000000019cac                _ZNSt10_List_baseIP10BaseDriverSaIS1_EED2Ev
                0x0000000000019cac                _ZNSt10_List_baseIP10BaseDriverSaIS1_EED1Ev
 .text._ZNSt4listIP10BaseDriverSaIS1_EE9push_backERKS1_
                0x0000000000019cf2       0x34 ./EntryPoint.o
                0x0000000000019cf2                _ZNSt4listIP10BaseDriverSaIS1_EE9push_backERKS1_
 .text._ZNSt10_List_baseIP10BaseDriverSaIS1_EEC2Ev
                0x0000000000019d26       0x48 ./EntryPoint.o
                0x0000000000019d26                _ZNSt10_List_baseIP10BaseDriverSaIS1_EEC2Ev
                0x0000000000019d26                _ZNSt10_List_baseIP10BaseDriverSaIS1_EEC1Ev
 .text._ZNSaISt10_List_nodeIP10BaseDriverEED2Ev
                0x0000000000019d6e       0x1a ./EntryPoint.o
                0x0000000000019d6e                _ZNSaISt10_List_nodeIP10BaseDriverEED1Ev
                0x0000000000019d6e                _ZNSaISt10_List_nodeIP10BaseDriverEED2Ev
 .text._ZNSt10_List_baseIP10BaseDriverSaIS1_EE8_M_clearEv
                0x0000000000019d88       0xb3 ./EntryPoint.o
                0x0000000000019d88                _ZNSt10_List_baseIP10BaseDriverSaIS1_EE8_M_clearEv
 *fill*         0x0000000000019e3b        0x1 90909090
 .text._ZNSt4listIP10BaseDriverSaIS1_EE3endEv
                0x0000000000019e3c       0x25 ./EntryPoint.o
                0x0000000000019e3c                _ZNSt4listIP10BaseDriverSaIS1_EE3endEv
 *fill*         0x0000000000019e61        0x1 90909090
 .text._ZNSt4listIP10BaseDriverSaIS1_EE9_M_insertESt14_List_iteratorIS1_ERKS1_
                0x0000000000019e62       0x40 ./EntryPoint.o
                0x0000000000019e62                _ZNSt4listIP10BaseDriverSaIS1_EE9_M_insertESt14_List_iteratorIS1_ERKS1_
 .text._ZNKSt10_List_baseIP10BaseDriverSaIS1_EE21_M_get_Node_allocatorEv
                0x0000000000019ea2        0xe ./EntryPoint.o
                0x0000000000019ea2                _ZNKSt10_List_baseIP10BaseDriverSaIS1_EE21_M_get_Node_allocatorEv
 .text._ZNSaIP10BaseDriverEC2ISt10_List_nodeIS0_EEERKSaIT_E
                0x0000000000019eb0       0x1e ./EntryPoint.o
                0x0000000000019eb0                _ZNSaIP10BaseDriverEC2ISt10_List_nodeIS0_EEERKSaIT_E
                0x0000000000019eb0                _ZNSaIP10BaseDriverEC1ISt10_List_nodeIS0_EEERKSaIT_E
 .text._ZNSaIP10BaseDriverED2Ev
                0x0000000000019ece       0x1a ./EntryPoint.o
                0x0000000000019ece                _ZNSaIP10BaseDriverED1Ev
                0x0000000000019ece                _ZNSaIP10BaseDriverED2Ev
 .text._ZNSt10_List_baseIP10BaseDriverSaIS1_EE10_List_implC2Ev
                0x0000000000019ee8       0x31 ./EntryPoint.o
                0x0000000000019ee8                _ZNSt10_List_baseIP10BaseDriverSaIS1_EE10_List_implC2Ev
                0x0000000000019ee8                _ZNSt10_List_baseIP10BaseDriverSaIS1_EE10_List_implC1Ev
 *fill*         0x0000000000019f19        0x1 90909090
 .text._ZNSt10_List_baseIP10BaseDriverSaIS1_EE7_M_initEv
                0x0000000000019f1a       0x21 ./EntryPoint.o
                0x0000000000019f1a                _ZNSt10_List_baseIP10BaseDriverSaIS1_EE7_M_initEv
 *fill*         0x0000000000019f3b        0x1 90909090
 .text._ZN9__gnu_cxx13new_allocatorISt10_List_nodeIP10BaseDriverEED2Ev
                0x0000000000019f3c        0xa ./EntryPoint.o
                0x0000000000019f3c                _ZN9__gnu_cxx13new_allocatorISt10_List_nodeIP10BaseDriverEED1Ev
                0x0000000000019f3c                _ZN9__gnu_cxx13new_allocatorISt10_List_nodeIP10BaseDriverEED2Ev
 .text._ZNKSt10_List_baseIP10BaseDriverSaIS1_EE19_M_get_Tp_allocatorEv
                0x0000000000019f46       0x34 ./EntryPoint.o
                0x0000000000019f46                _ZNKSt10_List_baseIP10BaseDriverSaIS1_EE19_M_get_Tp_allocatorEv
 .text._ZSt11__addressofIP10BaseDriverEPT_RS2_
                0x0000000000019f7a        0xe ./EntryPoint.o
                0x0000000000019f7a                _ZSt11__addressofIP10BaseDriverEPT_RS2_
 .text._ZN9__gnu_cxx13new_allocatorIP10BaseDriverE7destroyEPS2_
                0x0000000000019f88        0xe ./EntryPoint.o
                0x0000000000019f88                _ZN9__gnu_cxx13new_allocatorIP10BaseDriverE7destroyEPS2_
 .text._ZNSt10_List_baseIP10BaseDriverSaIS1_EE11_M_put_nodeEPSt10_List_nodeIS1_E
                0x0000000000019f96       0x2a ./EntryPoint.o
                0x0000000000019f96                _ZNSt10_List_baseIP10BaseDriverSaIS1_EE11_M_put_nodeEPSt10_List_nodeIS1_E
 .text._ZNSt14_List_iteratorIP10BaseDriverEC2EPNSt8__detail15_List_node_baseE
                0x0000000000019fc0       0x19 ./EntryPoint.o
                0x0000000000019fc0                _ZNSt14_List_iteratorIP10BaseDriverEC1EPNSt8__detail15_List_node_baseE
                0x0000000000019fc0                _ZNSt14_List_iteratorIP10BaseDriverEC2EPNSt8__detail15_List_node_baseE
 *fill*         0x0000000000019fd9        0x1 90909090
 .text._ZNSt4listIP10BaseDriverSaIS1_EE14_M_create_nodeERKS1_
                0x0000000000019fda       0xb8 ./EntryPoint.o
                0x0000000000019fda                _ZNSt4listIP10BaseDriverSaIS1_EE14_M_create_nodeERKS1_
 .text._ZN9__gnu_cxx13new_allocatorIP10BaseDriverEC2Ev
                0x000000000001a092        0xa ./EntryPoint.o
                0x000000000001a092                _ZN9__gnu_cxx13new_allocatorIP10BaseDriverEC1Ev
                0x000000000001a092                _ZN9__gnu_cxx13new_allocatorIP10BaseDriverEC2Ev
 .text._ZN9__gnu_cxx13new_allocatorIP10BaseDriverED2Ev
                0x000000000001a09c        0xa ./EntryPoint.o
                0x000000000001a09c                _ZN9__gnu_cxx13new_allocatorIP10BaseDriverED2Ev
                0x000000000001a09c                _ZN9__gnu_cxx13new_allocatorIP10BaseDriverED1Ev
 .text._ZNSaISt10_List_nodeIP10BaseDriverEEC2Ev
                0x000000000001a0a6       0x1a ./EntryPoint.o
                0x000000000001a0a6                _ZNSaISt10_List_nodeIP10BaseDriverEEC1Ev
                0x000000000001a0a6                _ZNSaISt10_List_nodeIP10BaseDriverEEC2Ev
 .text._ZN9__gnu_cxx13new_allocatorISt10_List_nodeIP10BaseDriverEE10deallocateEPS4_m
                0x000000000001a0c0       0x22 ./EntryPoint.o
                0x000000000001a0c0                _ZN9__gnu_cxx13new_allocatorISt10_List_nodeIP10BaseDriverEE10deallocateEPS4_m
 .text._ZNSt10_List_baseIP10BaseDriverSaIS1_EE11_M_get_nodeEv
                0x000000000001a0e2       0x24 ./EntryPoint.o
                0x000000000001a0e2                _ZNSt10_List_baseIP10BaseDriverSaIS1_EE11_M_get_nodeEv
 .text._ZN9__gnu_cxx13new_allocatorIP10BaseDriverE9constructEPS2_RKS2_
                0x000000000001a106       0x36 ./EntryPoint.o
                0x000000000001a106                _ZN9__gnu_cxx13new_allocatorIP10BaseDriverE9constructEPS2_RKS2_
 .text._ZN9__gnu_cxx13new_allocatorISt10_List_nodeIP10BaseDriverEEC2Ev
                0x000000000001a13c        0xa ./EntryPoint.o
                0x000000000001a13c                _ZN9__gnu_cxx13new_allocatorISt10_List_nodeIP10BaseDriverEEC1Ev
                0x000000000001a13c                _ZN9__gnu_cxx13new_allocatorISt10_List_nodeIP10BaseDriverEEC2Ev
 .text._ZN9__gnu_cxx13new_allocatorISt10_List_nodeIP10BaseDriverEE8allocateEmPKv
                0x000000000001a146       0x4b ./EntryPoint.o
                0x000000000001a146                _ZN9__gnu_cxx13new_allocatorISt10_List_nodeIP10BaseDriverEE8allocateEmPKv
 *fill*         0x000000000001a191        0x1 90909090
 .text._ZNK9__gnu_cxx13new_allocatorISt10_List_nodeIP10BaseDriverEE8max_sizeEv
                0x000000000001a192       0x14 ./EntryPoint.o
                0x000000000001a192                _ZNK9__gnu_cxx13new_allocatorISt10_List_nodeIP10BaseDriverEE8max_sizeEv
 *fill*         0x000000000001a1a6        0x2 90909090
 .text          0x000000000001a1a8     0x142f ./ADCDriver/ADCDriver.o
                0x000000000001a1a8                _ZN9ADCDriverC1Ev
                0x000000000001a1a8                _ZN9ADCDriverC2Ev
                0x000000000001a936                _ZN9ADCDriverD2Ev
                0x000000000001a936                _ZN9ADCDriverD1Ev
                0x000000000001a97a                _ZN9ADCDriverD0Ev
                0x000000000001a9a0                _ZN9ADCDriver4TypeEv
                0x000000000001a9b2                _ZN9ADCDriver7VersionEv
                0x000000000001a9c4                _ZN9ADCDriver4NameEv
                0x000000000001a9d6                _ZN9ADCDriver11DescriptionEv
                0x000000000001a9e8                _ZN9ADCDriver9PublisherEv
                0x000000000001a9fa                _ZN9ADCDriver14ExecuteCommandE7Command
                0x000000000001ae10                _ZN9ADCDriver10GetCommandEPKc
                0x000000000001af0e                _ZN9ADCDriver8CommandsEv
                0x000000000001afdc                _ZN9ADCDriver5CloneEv
                0x000000000001b028                _ZN9ADCDriver8OpenPortEv
                0x000000000001b038                _ZN9ADCDriver9ClosePortEv
                0x000000000001b042                _ZN9ADCDriver15SetCurrentValueEi
                0x000000000001b21e                _Z21ReadADCValueThreadRunPv
                0x000000000001b2d2                _ZN9ADCDriver21StartReadingKeyThreadEv
                0x000000000001b45c                _ZN9ADCDriver20StopReadingKeyThreadEv
                0x000000000001b53e                _ZN9ADCDriver18UpdateInitialStateEv
 *fill*         0x000000000001b5d7        0x1 90909090
 .text          0x000000000001b5d8     0x1061 ./RaspiGPIO/RaspiGPInputDriver.o
                0x000000000001b5d8                _ZN18RaspiGPInputDriverC1Ev
                0x000000000001b5d8                _ZN18RaspiGPInputDriverC2Ev
                0x000000000001bad8                _ZN18RaspiGPInputDriverD1Ev
                0x000000000001bad8                _ZN18RaspiGPInputDriverD2Ev
                0x000000000001bb1c                _ZN18RaspiGPInputDriverD0Ev
                0x000000000001bb42                _ZN18RaspiGPInputDriver4TypeEv
                0x000000000001bb54                _ZN18RaspiGPInputDriver7VersionEv
                0x000000000001bb66                _ZN18RaspiGPInputDriver4NameEv
                0x000000000001bb78                _ZN18RaspiGPInputDriver11DescriptionEv
                0x000000000001bb8a                _ZN18RaspiGPInputDriver9PublisherEv
                0x000000000001bb9c                _ZN18RaspiGPInputDriver14ExecuteCommandE7Command
                0x000000000001bdc0                _ZN18RaspiGPInputDriver10GetCommandEPKc
                0x000000000001bebe                _ZN18RaspiGPInputDriver8CommandsEv
                0x000000000001bf8c                _ZN18RaspiGPInputDriver5CloneEv
                0x000000000001bfd8                _ZN18RaspiGPInputDriver8OpenPortEv
                0x000000000001bfec                _ZN18RaspiGPInputDriver9ClosePortEv
                0x000000000001bff6                _ZN18RaspiGPInputDriver15SetCurrentValueEi
                0x000000000001c2a2                _ZN18RaspiGPInputDriver9ReadValueEv
                0x000000000001c2ef                _Z21RaspiReadKeyThreadRunPv
                0x000000000001c366                _ZN18RaspiGPInputDriver21StartReadingKeyThreadEv
                0x000000000001c4f0                _ZN18RaspiGPInputDriver20StopReadingKeyThreadEv
                0x000000000001c5d2                _ZN18RaspiGPInputDriver18UpdateInitialStateEv
 *fill*         0x000000000001c639        0x3 90909090
 .text          0x000000000001c63c      0xd98 ./RaspiGPIO/RaspiGPOutputDriver.o
                0x000000000001c63c                _ZN19RaspiGPOutputDriverC1Ev
                0x000000000001c63c                _ZN19RaspiGPOutputDriverC2Ev
                0x000000000001cb4a                _ZN19RaspiGPOutputDriverD2Ev
                0x000000000001cb4a                _ZN19RaspiGPOutputDriverD1Ev
                0x000000000001cb8e                _ZN19RaspiGPOutputDriverD0Ev
                0x000000000001cbb4                _ZN19RaspiGPOutputDriver4TypeEv
                0x000000000001cbc6                _ZN19RaspiGPOutputDriver7VersionEv
                0x000000000001cbd8                _ZN19RaspiGPOutputDriver4NameEv
                0x000000000001cbea                _ZN19RaspiGPOutputDriver11DescriptionEv
                0x000000000001cbfc                _ZN19RaspiGPOutputDriver9PublisherEv
                0x000000000001cc0e                _ZN19RaspiGPOutputDriver14ExecuteCommandE7Command
                0x000000000001d106                _ZN19RaspiGPOutputDriver8CommandsEv
                0x000000000001d1d4                _ZN19RaspiGPOutputDriver5CloneEv
                0x000000000001d220                _ZN19RaspiGPOutputDriver10GetCommandEPKc
                0x000000000001d31e                _ZN19RaspiGPOutputDriver8SetValueEii
 .text          0x000000000001d3d4     0x1693 ./RaspiGPIO/bcm2835.o
                0x000000000001d3d4                bcm2835_set_debug
                0x000000000001d3e9                bcm2835_peri_read
                0x000000000001d439                bcm2835_peri_read_nb
                0x000000000001d47a                bcm2835_peri_write
                0x000000000001d4c8                bcm2835_peri_write_nb
                0x000000000001d50d                bcm2835_peri_set_bits
                0x000000000001d556                bcm2835_gpio_fsel
                0x000000000001d61e                bcm2835_gpio_set
                0x000000000001d67e                bcm2835_gpio_clr
                0x000000000001d6de                bcm2835_gpio_lev
                0x000000000001d745                bcm2835_gpio_eds
                0x000000000001d7ac                bcm2835_gpio_set_eds
                0x000000000001d810                bcm2835_gpio_ren
                0x000000000001d877                bcm2835_gpio_clr_ren
                0x000000000001d8de                bcm2835_gpio_fen
                0x000000000001d945                bcm2835_gpio_clr_fen
                0x000000000001d9ac                bcm2835_gpio_hen
                0x000000000001da13                bcm2835_gpio_clr_hen
                0x000000000001da7a                bcm2835_gpio_len
                0x000000000001dae1                bcm2835_gpio_clr_len
                0x000000000001db48                bcm2835_gpio_aren
                0x000000000001dbaf                bcm2835_gpio_clr_aren
                0x000000000001dc16                bcm2835_gpio_afen
                0x000000000001dc7d                bcm2835_gpio_clr_afen
                0x000000000001dce4                bcm2835_gpio_pud
                0x000000000001dd16                bcm2835_gpio_pudclk
                0x000000000001dd80                bcm2835_gpio_pad
                0x000000000001ddb5                bcm2835_gpio_set_pad
                0x000000000001ddf2                delay
                0x000000000001de5c                delayMicroseconds
                0x000000000001de98                bcm2835_gpio_write
                0x000000000001deca                bcm2835_gpio_set_pud
                0x000000000001df27                bcm2835_spi_begin
                0x000000000001dfa9                bcm2835_spi_end
                0x000000000001dffa                bcm2835_spi_setBitOrder
                0x000000000001e005                bcm2835_spi_setClockDivider
                0x000000000001e036                bcm2835_spi_setDataMode
                0x000000000001e06c                bcm2835_spi_transfer
                0x000000000001e13d                bcm2835_spi_transfern
                0x000000000001e25c                bcm2835_spi_chipSelect
                0x000000000001e28d                bcm2835_spi_setChipSelectPolarity
                0x000000000001e2ef                bcm2835_init
                0x000000000001e8df                bcm2835_close
 *fill*         0x000000000001ea67        0x9 90909090
 .text          0x000000000001ea70       0x36 /usr/lib/gcc/x86_64-linux-gnu/4.6/crtendS.o
 *fill*         0x000000000001eaa6        0x2 90909090
 .text          0x000000000001eaa8        0x0 /usr/lib/gcc/x86_64-linux-gnu/4.6/../../../x86_64-linux-gnu/crtn.o
 *(.gnu.warning)

.fini           0x000000000001eaa8        0xe
 *(.fini)
 .fini          0x000000000001eaa8        0x4 /usr/lib/gcc/x86_64-linux-gnu/4.6/../../../x86_64-linux-gnu/crti.o
                0x000000000001eaa8                _fini
 .fini          0x000000000001eaac        0x5 /usr/lib/gcc/x86_64-linux-gnu/4.6/crtbeginS.o
 .fini          0x000000000001eab1        0x5 /usr/lib/gcc/x86_64-linux-gnu/4.6/../../../x86_64-linux-gnu/crtn.o
                0x000000000001eab6                PROVIDE (__etext, .)
                0x000000000001eab6                PROVIDE (_etext, .)
                0x000000000001eab6                PROVIDE (etext, .)

.rodata         0x000000000001eac0     0x1aee
 *(.rodata .rodata.* .gnu.linkonce.r.*)
 .rodata        0x000000000001eac0      0x608 ./UltraHeatDriver/UltraHeatDriver.o
 *fill*         0x000000000001f0c8        0x8 00
 .rodata._ZTS15UltraHeatDriver
                0x000000000001f0d0       0x12 ./UltraHeatDriver/UltraHeatDriver.o
                0x000000000001f0d0                _ZTS15UltraHeatDriver
 *fill*         0x000000000001f0e2        0x6 00
 .rodata        0x000000000001f0e8      0x38c ./SysfsGenericGPIODriver/SysfsGenericGPIODriver.o
 *fill*         0x000000000001f474        0xc 00
 .rodata._ZTS22SysfsGenericGPIODriver
                0x000000000001f480       0x19 ./SysfsGenericGPIODriver/SysfsGenericGPIODriver.o
                0x000000000001f480                _ZTS22SysfsGenericGPIODriver
 *fill*         0x000000000001f499        0x7 00
 .rodata        0x000000000001f4a0      0x36c ./SysfsInputDriver/SysfsInputDriver.o
 *fill*         0x000000000001f80c        0x4 00
 .rodata._ZTS16SysfsInputDriver
                0x000000000001f810       0x13 ./SysfsInputDriver/SysfsInputDriver.o
                0x000000000001f810                _ZTS16SysfsInputDriver
 *fill*         0x000000000001f823        0x5 00
 .rodata        0x000000000001f828      0x2c4 ./SysfsOutputDriver/SysfsOutputDriver.o
 *fill*         0x000000000001faec        0x4 00
 .rodata._ZTS17SysfsOutputDriver
                0x000000000001faf0       0x14 ./SysfsOutputDriver/SysfsOutputDriver.o
                0x000000000001faf0                _ZTS17SysfsOutputDriver
 *fill*         0x000000000001fb04        0x4 00
 .rodata        0x000000000001fb08      0x155 ./GPIOLedDriver/GPIOLedDriver.o
 *fill*         0x000000000001fc5d        0x3 00
 .rodata._ZTS13GPIOLedDriver
                0x000000000001fc60       0x10 ./GPIOLedDriver/GPIOLedDriver.o
                0x000000000001fc60                _ZTS13GPIOLedDriver
 .rodata        0x000000000001fc70      0x1b0 ./GPIOKeyDriver/GPIOKeyDriver.o
 .rodata._ZTS13GPIOKeyDriver
                0x000000000001fe20       0x10 ./GPIOKeyDriver/GPIOKeyDriver.o
                0x000000000001fe20                _ZTS13GPIOKeyDriver
 .rodata        0x000000000001fe30       0x46 ./EntryPoint.o
 *fill*         0x000000000001fe76        0x2 00
 .rodata        0x000000000001fe78      0x18f ./ADCDriver/ADCDriver.o
 .rodata._ZTS9ADCDriver
                0x0000000000020007        0xb ./ADCDriver/ADCDriver.o
                0x0000000000020007                _ZTS9ADCDriver
 *fill*         0x0000000000020012        0x6 00
 .rodata        0x0000000000020018      0x1a5 ./RaspiGPIO/RaspiGPInputDriver.o
 *fill*         0x00000000000201bd        0x3 00
 .rodata._ZTS18RaspiGPInputDriver
                0x00000000000201c0       0x15 ./RaspiGPIO/RaspiGPInputDriver.o
                0x00000000000201c0                _ZTS18RaspiGPInputDriver
 *fill*         0x00000000000201d5        0x3 00
 .rodata        0x00000000000201d8      0x146 ./RaspiGPIO/RaspiGPOutputDriver.o
 *fill*         0x000000000002031e        0x2 00
 .rodata._ZTS19RaspiGPOutputDriver
                0x0000000000020320       0x16 ./RaspiGPIO/RaspiGPOutputDriver.o
                0x0000000000020320                _ZTS19RaspiGPOutputDriver
 *fill*         0x0000000000020336        0x2 00
 .rodata        0x0000000000020338      0x276 ./RaspiGPIO/bcm2835.o

.rodata1
 *(.rodata1)

.eh_frame_hdr   0x00000000000205b0      0xd1c
 *(.eh_frame_hdr)
 .eh_frame_hdr  0x00000000000205b0      0xd1c /usr/lib/gcc/x86_64-linux-gnu/4.6/../../../x86_64-linux-gnu/crti.o

.eh_frame       0x00000000000212d0     0x386c
 *(.eh_frame)
 .eh_frame      0x00000000000212d0       0x40 /usr/lib/gcc/x86_64-linux-gnu/4.6/../../../x86_64-linux-gnu/crti.o
 .eh_frame      0x0000000000021310      0xd40 ./UltraHeatDriver/UltraHeatDriver.o
                                        0xd38 (size before relaxing)
 .eh_frame      0x0000000000022050      0x888 ./SysfsGenericGPIODriver/SysfsGenericGPIODriver.o
                                       0x12a8 (size before relaxing)
 .eh_frame      0x00000000000228d8      0x6e0 ./SysfsInputDriver/SysfsInputDriver.o
                                       0x14f8 (size before relaxing)
 .eh_frame      0x0000000000022fb8      0x400 ./SysfsOutputDriver/SysfsOutputDriver.o
                                        0xe08 (size before relaxing)
 .eh_frame      0x00000000000233b8      0x228 ./GPIOLedDriver/GPIOLedDriver.o
                                        0xc30 (size before relaxing)
 .eh_frame      0x00000000000235e0      0x328 ./GPIOKeyDriver/GPIOKeyDriver.o
                                       0x1348 (size before relaxing)
 .eh_frame      0x0000000000023908      0x468 ./EntryPoint.o
                                        0x4c0 (size before relaxing)
 .eh_frame      0x0000000000023d70      0x308 ./ADCDriver/ADCDriver.o
                                       0x1328 (size before relaxing)
 .eh_frame      0x0000000000024078      0x328 ./RaspiGPIO/RaspiGPInputDriver.o
                                       0x1348 (size before relaxing)
 .eh_frame      0x00000000000243a0      0x220 ./RaspiGPIO/RaspiGPOutputDriver.o
                                        0xc28 (size before relaxing)
 .eh_frame      0x00000000000245c0      0x578 ./RaspiGPIO/bcm2835.o
                                        0x588 (size before relaxing)
 .eh_frame      0x0000000000024b38        0x4 /usr/lib/gcc/x86_64-linux-gnu/4.6/crtendS.o

.gcc_except_table
                0x0000000000024b3c     0x1ff8
 *(.gcc_except_table .gcc_except_table.*)
 .gcc_except_table
                0x0000000000024b3c      0x5cc ./UltraHeatDriver/UltraHeatDriver.o
 .gcc_except_table
                0x0000000000025108      0x3c4 ./SysfsGenericGPIODriver/SysfsGenericGPIODriver.o
 .gcc_except_table
                0x00000000000254cc      0x354 ./SysfsInputDriver/SysfsInputDriver.o
 .gcc_except_table
                0x0000000000025820      0x27c ./SysfsOutputDriver/SysfsOutputDriver.o
 .gcc_except_table
                0x0000000000025a9c      0x294 ./GPIOLedDriver/GPIOLedDriver.o
 .gcc_except_table
                0x0000000000025d30      0x350 ./GPIOKeyDriver/GPIOKeyDriver.o
 .gcc_except_table
                0x0000000000026080       0xd0 ./EntryPoint.o
 .gcc_except_table
                0x0000000000026150      0x3ec ./ADCDriver/ADCDriver.o
 .gcc_except_table
                0x000000000002653c      0x350 ./RaspiGPIO/RaspiGPInputDriver.o
 .gcc_except_table
                0x000000000002688c      0x2a8 ./RaspiGPIO/RaspiGPOutputDriver.o

.exception_ranges
 *(.exception_ranges .exception_ranges*)
                0x0000000000026b34                . = (ALIGN (0x200000) - ((0x200000 - .) & 0x1fffff))
                0x0000000000227674                . = DATA_SEGMENT_ALIGN (0x200000, 0x1000)

.eh_frame
 *(.eh_frame)

.gcc_except_table
 *(.gcc_except_table .gcc_except_table.*)

.exception_ranges
 *(.exception_ranges .exception_ranges*)

.tdata
 *(.tdata .tdata.* .gnu.linkonce.td.*)

.tbss
 *(.tbss .tbss.* .gnu.linkonce.tb.*)
 *(.tcommon)

.preinit_array
 *(.preinit_array)

.init_array     0x0000000000227678       0x50
 *(SORT(.init_array.*) SORT(.ctors.*))
 *(.init_array)
 *(EXCLUDE_FILE(*crtend?.o *crtend.o *crtbegin?.o *crtbegin.o) .ctors)
 .ctors         0x0000000000227678        0x8 ./UltraHeatDriver/UltraHeatDriver.o
 .ctors         0x0000000000227680        0x8 ./SysfsGenericGPIODriver/SysfsGenericGPIODriver.o
 .ctors         0x0000000000227688        0x8 ./SysfsInputDriver/SysfsInputDriver.o
 .ctors         0x0000000000227690        0x8 ./SysfsOutputDriver/SysfsOutputDriver.o
 .ctors         0x0000000000227698        0x8 ./GPIOLedDriver/GPIOLedDriver.o
 .ctors         0x00000000002276a0        0x8 ./GPIOKeyDriver/GPIOKeyDriver.o
 .ctors         0x00000000002276a8        0x8 ./EntryPoint.o
 .ctors         0x00000000002276b0        0x8 ./ADCDriver/ADCDriver.o
 .ctors         0x00000000002276b8        0x8 ./RaspiGPIO/RaspiGPInputDriver.o
 .ctors         0x00000000002276c0        0x8 ./RaspiGPIO/RaspiGPOutputDriver.o

.fini_array
 *(SORT(.fini_array.*) SORT(.dtors.*))
 *(.fini_array)
 *(EXCLUDE_FILE(*crtend?.o *crtend.o *crtbegin?.o *crtbegin.o) .dtors)

.ctors          0x00000000002276c8       0x10
 *crtbegin.o(.ctors)
 *crtbegin?.o(.ctors)
 .ctors         0x00000000002276c8        0x8 /usr/lib/gcc/x86_64-linux-gnu/4.6/crtbeginS.o
 *(EXCLUDE_FILE(*crtend?.o *crtend.o) .ctors)
 *(SORT(.ctors.*))
 *(.ctors)
 .ctors         0x00000000002276d0        0x8 /usr/lib/gcc/x86_64-linux-gnu/4.6/crtendS.o

.dtors          0x00000000002276d8       0x10
 *crtbegin.o(.dtors)
 *crtbegin?.o(.dtors)
 .dtors         0x00000000002276d8        0x8 /usr/lib/gcc/x86_64-linux-gnu/4.6/crtbeginS.o
 *(EXCLUDE_FILE(*crtend?.o *crtend.o) .dtors)
 *(SORT(.dtors.*))
 *(.dtors)
 .dtors         0x00000000002276e0        0x8 /usr/lib/gcc/x86_64-linux-gnu/4.6/crtendS.o
                0x00000000002276e0                __DTOR_END__

.jcr            0x00000000002276e8        0x8
 *(.jcr)
 .jcr           0x00000000002276e8        0x0 /usr/lib/gcc/x86_64-linux-gnu/4.6/crtbeginS.o
 .jcr           0x00000000002276e8        0x8 /usr/lib/gcc/x86_64-linux-gnu/4.6/crtendS.o

.data.rel.ro    0x0000000000227700      0x658
 *(.data.rel.ro.local* .gnu.linkonce.d.rel.ro.local.*)
 .data.rel.ro.local
                0x0000000000227700        0x8 ./UltraHeatDriver/UltraHeatDriver.o
 .data.rel.ro.local
                0x0000000000227708        0x8 ./SysfsGenericGPIODriver/SysfsGenericGPIODriver.o
 .data.rel.ro.local
                0x0000000000227710        0x8 ./SysfsInputDriver/SysfsInputDriver.o
 .data.rel.ro.local
                0x0000000000227718        0x8 ./SysfsOutputDriver/SysfsOutputDriver.o
 .data.rel.ro.local
                0x0000000000227720        0x8 ./GPIOLedDriver/GPIOLedDriver.o
 .data.rel.ro.local
                0x0000000000227728        0x8 ./GPIOKeyDriver/GPIOKeyDriver.o
 .data.rel.ro.local
                0x0000000000227730        0x8 ./ADCDriver/ADCDriver.o
 .data.rel.ro.local
                0x0000000000227738        0x8 ./RaspiGPIO/RaspiGPInputDriver.o
 .data.rel.ro.local
                0x0000000000227740        0x8 ./RaspiGPIO/RaspiGPOutputDriver.o
 *(.data.rel.ro* .gnu.linkonce.d.rel.ro.*)
 *fill*         0x0000000000227748       0x18 00
 .data.rel.ro._ZTV15UltraHeatDriver
                0x0000000000227760       0x70 ./UltraHeatDriver/UltraHeatDriver.o
                0x0000000000227760                _ZTV15UltraHeatDriver
 .data.rel.ro._ZTI15UltraHeatDriver
                0x00000000002277d0       0x18 ./UltraHeatDriver/UltraHeatDriver.o
                0x00000000002277d0                _ZTI15UltraHeatDriver
 *fill*         0x00000000002277e8       0x18 00
 .data.rel.ro._ZTV22SysfsGenericGPIODriver
                0x0000000000227800       0x90 ./SysfsGenericGPIODriver/SysfsGenericGPIODriver.o
                0x0000000000227800                _ZTV22SysfsGenericGPIODriver
 .data.rel.ro._ZTI22SysfsGenericGPIODriver
                0x0000000000227890       0x18 ./SysfsGenericGPIODriver/SysfsGenericGPIODriver.o
                0x0000000000227890                _ZTI22SysfsGenericGPIODriver
 *fill*         0x00000000002278a8       0x18 00
 .data.rel.ro._ZTV16SysfsInputDriver
                0x00000000002278c0       0x90 ./SysfsInputDriver/SysfsInputDriver.o
                0x00000000002278c0                _ZTV16SysfsInputDriver
 .data.rel.ro._ZTI16SysfsInputDriver
                0x0000000000227950       0x18 ./SysfsInputDriver/SysfsInputDriver.o
                0x0000000000227950                _ZTI16SysfsInputDriver
 *fill*         0x0000000000227968       0x18 00
 .data.rel.ro._ZTV17SysfsOutputDriver
                0x0000000000227980       0x90 ./SysfsOutputDriver/SysfsOutputDriver.o
                0x0000000000227980                _ZTV17SysfsOutputDriver
 .data.rel.ro._ZTI17SysfsOutputDriver
                0x0000000000227a10       0x18 ./SysfsOutputDriver/SysfsOutputDriver.o
                0x0000000000227a10                _ZTI17SysfsOutputDriver
 *fill*         0x0000000000227a28       0x18 00
 .data.rel.ro._ZTV13GPIOLedDriver
                0x0000000000227a40       0x78 ./GPIOLedDriver/GPIOLedDriver.o
                0x0000000000227a40                _ZTV13GPIOLedDriver
 *fill*         0x0000000000227ab8        0x8 00
 .data.rel.ro._ZTI13GPIOLedDriver
                0x0000000000227ac0       0x18 ./GPIOLedDriver/GPIOLedDriver.o
                0x0000000000227ac0                _ZTI13GPIOLedDriver
 *fill*         0x0000000000227ad8        0x8 00
 .data.rel.ro._ZTV13GPIOKeyDriver
                0x0000000000227ae0       0x70 ./GPIOKeyDriver/GPIOKeyDriver.o
                0x0000000000227ae0                _ZTV13GPIOKeyDriver
 .data.rel.ro._ZTI13GPIOKeyDriver
                0x0000000000227b50       0x18 ./GPIOKeyDriver/GPIOKeyDriver.o
                0x0000000000227b50                _ZTI13GPIOKeyDriver
 *fill*         0x0000000000227b68       0x18 00
 .data.rel.ro._ZTV9ADCDriver
                0x0000000000227b80       0x70 ./ADCDriver/ADCDriver.o
                0x0000000000227b80                _ZTV9ADCDriver
 .data.rel.ro._ZTI9ADCDriver
                0x0000000000227bf0       0x18 ./ADCDriver/ADCDriver.o
                0x0000000000227bf0                _ZTI9ADCDriver
 *fill*         0x0000000000227c08       0x18 00
 .data.rel.ro._ZTV18RaspiGPInputDriver
                0x0000000000227c20       0x70 ./RaspiGPIO/RaspiGPInputDriver.o
                0x0000000000227c20                _ZTV18RaspiGPInputDriver
 .data.rel.ro._ZTI18RaspiGPInputDriver
                0x0000000000227c90       0x18 ./RaspiGPIO/RaspiGPInputDriver.o
                0x0000000000227c90                _ZTI18RaspiGPInputDriver
 *fill*         0x0000000000227ca8       0x18 00
 .data.rel.ro._ZTV19RaspiGPOutputDriver
                0x0000000000227cc0       0x78 ./RaspiGPIO/RaspiGPOutputDriver.o
                0x0000000000227cc0                _ZTV19RaspiGPOutputDriver
 *fill*         0x0000000000227d38        0x8 00
 .data.rel.ro._ZTI19RaspiGPOutputDriver
                0x0000000000227d40       0x18 ./RaspiGPIO/RaspiGPOutputDriver.o
                0x0000000000227d40                _ZTI19RaspiGPOutputDriver

.dynamic        0x0000000000227d58      0x1d0
 *(.dynamic)
 .dynamic       0x0000000000227d58      0x1d0 /usr/lib/gcc/x86_64-linux-gnu/4.6/../../../x86_64-linux-gnu/crti.o
                0x0000000000227d58                _DYNAMIC

.got            0x0000000000227f28       0xc0
 *(.got)
 .got           0x0000000000227f28       0xc0 /usr/lib/gcc/x86_64-linux-gnu/4.6/../../../x86_64-linux-gnu/crti.o
 *(.igot)
                0x0000000000227fe8                . = DATA_SEGMENT_RELRO_END (., 0x18)

.got.plt        0x0000000000227fe8      0xa40
 *(.got.plt)
 .got.plt       0x0000000000227fe8      0xa40 /usr/lib/gcc/x86_64-linux-gnu/4.6/../../../x86_64-linux-gnu/crti.o
                0x0000000000227fe8                _GLOBAL_OFFSET_TABLE_
 *(.igot.plt)

.data           0x0000000000228a28       0x3c
 *(.data .data.* .gnu.linkonce.d.*)
 .data          0x0000000000228a28        0x0 /usr/lib/gcc/x86_64-linux-gnu/4.6/../../../x86_64-linux-gnu/crti.o
 .data          0x0000000000228a28        0x0 /usr/lib/gcc/x86_64-linux-gnu/4.6/crtbeginS.o
 .data.rel      0x0000000000228a28        0x8 /usr/lib/gcc/x86_64-linux-gnu/4.6/crtbeginS.o
                0x0000000000228a28                __dso_handle
 .data          0x0000000000228a30        0x0 ./UltraHeatDriver/UltraHeatDriver.o
 .data.DW.ref.__gxx_personality_v0
                0x0000000000228a30        0x8 ./UltraHeatDriver/UltraHeatDriver.o
                0x0000000000228a30                DW.ref.__gxx_personality_v0
 .data          0x0000000000228a38        0x0 ./SysfsGenericGPIODriver/SysfsGenericGPIODriver.o
 .data          0x0000000000228a38        0x0 ./SysfsInputDriver/SysfsInputDriver.o
 .data          0x0000000000228a38        0x0 ./SysfsOutputDriver/SysfsOutputDriver.o
 .data          0x0000000000228a38        0x0 ./GPIOLedDriver/GPIOLedDriver.o
 .data          0x0000000000228a38        0x0 ./GPIOKeyDriver/GPIOKeyDriver.o
 .data          0x0000000000228a38        0x0 ./EntryPoint.o
 .data          0x0000000000228a38        0x0 ./ADCDriver/ADCDriver.o
 .data          0x0000000000228a38        0x0 ./RaspiGPIO/RaspiGPInputDriver.o
 .data          0x0000000000228a38        0x0 ./RaspiGPIO/RaspiGPOutputDriver.o
 .data          0x0000000000228a38       0x2c ./RaspiGPIO/bcm2835.o
 .data          0x0000000000228a64        0x0 /usr/lib/gcc/x86_64-linux-gnu/4.6/crtendS.o