
Discarded input sections

 .note.GNU-stack
                0x00000000        0x0 /usr/lib/gcc/arm-linux-gnueabihf/4.6/../../../arm-linux-gnueabihf/crti.o
 .gnu_debuglink
                0x00000000        0xc /usr/lib/gcc/arm-linux-gnueabihf/4.6/../../../arm-linux-gnueabihf/crti.o
 .note.GNU-stack
                0x00000000        0x0 /usr/lib/gcc/arm-linux-gnueabihf/4.6/crtbeginS.o
 .group         0x00000000       0x10 ./UltraHeatDriver/UltraHeatDriver.o
 .note.GNU-stack
                0x00000000        0x0 ./UltraHeatDriver/UltraHeatDriver.o
 .group         0x00000000       0x10 ./SysfsGenericGPIODriver/SysfsGenericGPIODriver.o
 .text._ZStplIcSt11char_traitsIcESaIcEESbIT_T0_T1_EPKS3_RKS6_
                0x00000000       0x80 ./SysfsGenericGPIODriver/SysfsGenericGPIODriver.o
 .ARM.extab.text._ZStplIcSt11char_traitsIcESaIcEESbIT_T0_T1_EPKS3_RKS6_
                0x00000000       0x14 ./SysfsGenericGPIODriver/SysfsGenericGPIODriver.o
 .ARM.exidx.text._ZStplIcSt11char_traitsIcESaIcEESbIT_T0_T1_EPKS3_RKS6_
                0x00000000        0x8 ./SysfsGenericGPIODriver/SysfsGenericGPIODriver.o
 .note.GNU-stack
                0x00000000        0x0 ./SysfsGenericGPIODriver/SysfsGenericGPIODriver.o
 .group         0x00000000       0x10 ./SysfsInputDriver/SysfsInputDriver.o
 .text._ZStplIcSt11char_traitsIcESaIcEESbIT_T0_T1_EPKS3_RKS6_
                0x00000000       0x80 ./SysfsInputDriver/SysfsInputDriver.o
 .ARM.extab.text._ZStplIcSt11char_traitsIcESaIcEESbIT_T0_T1_EPKS3_RKS6_
                0x00000000       0x14 ./SysfsInputDriver/SysfsInputDriver.o
 .ARM.exidx.text._ZStplIcSt11char_traitsIcESaIcEESbIT_T0_T1_EPKS3_RKS6_
                0x00000000        0x8 ./SysfsInputDriver/SysfsInputDriver.o
 .note.GNU-stack
                0x00000000        0x0 ./SysfsInputDriver/SysfsInputDriver.o
 .note.GNU-stack
                0x00000000        0x0 ./SysfsOutputDriver/SysfsOutputDriver.o
 .note.GNU-stack
                0x00000000        0x0 ./GPIOLedDriver/GPIOLedDriver.o
 .note.GNU-stack
                0x00000000        0x0 ./GPIOKeyDriver/GPIOKeyDriver.o
 .note.GNU-stack
                0x00000000        0x0 ./EntryPoint.o
 .note.GNU-stack
                0x00000000        0x0 ./ADCDriver/ADCDriver.o
 .note.GNU-stack
                0x00000000        0x0 ./RaspiGPIO/RaspiGPInputDriver.o
 .note.GNU-stack
                0x00000000        0x0 ./RaspiGPIO/RaspiGPOutputDriver.o
 .note.GNU-stack
                0x00000000        0x0 ./RaspiGPIO/bcm2835.o
 .group         0x00000000       0x10 ./FeedSocketDriver/FeedSocketDriver.o
 .group         0x00000000       0x10 ./FeedSocketDriver/FeedSocketDriver.o
 .group         0x00000000       0x10 ./FeedSocketDriver/FeedSocketDriver.o
 .group         0x00000000       0x10 ./FeedSocketDriver/FeedSocketDriver.o
 .group         0x00000000       0x10 ./FeedSocketDriver/FeedSocketDriver.o
 .group         0x00000000       0x10 ./FeedSocketDriver/FeedSocketDriver.o
 .group         0x00000000       0x10 ./FeedSocketDriver/FeedSocketDriver.o
 .group         0x00000000       0x10 ./FeedSocketDriver/FeedSocketDriver.o
 .group         0x00000000       0x10 ./FeedSocketDriver/FeedSocketDriver.o
 .group         0x00000000       0x10 ./FeedSocketDriver/FeedSocketDriver.o
 .group         0x00000000       0x10 ./FeedSocketDriver/FeedSocketDriver.o
 .group         0x00000000       0x10 ./FeedSocketDriver/FeedSocketDriver.o
 .group         0x00000000       0x10 ./FeedSocketDriver/FeedSocketDriver.o
 .group         0x00000000       0x10 ./FeedSocketDriver/FeedSocketDriver.o
 .group         0x00000000       0x10 ./FeedSocketDriver/FeedSocketDriver.o
 .group         0x00000000       0x10 ./FeedSocketDriver/FeedSocketDriver.o
 .group         0x00000000       0x10 ./FeedSocketDriver/FeedSocketDriver.o
 .group         0x00000000       0x10 ./FeedSocketDriver/FeedSocketDriver.o
 .group         0x00000000       0x10 ./FeedSocketDriver/FeedSocketDriver.o
 .group         0x00000000       0x10 ./FeedSocketDriver/FeedSocketDriver.o
 .group         0x00000000       0x10 ./FeedSocketDriver/FeedSocketDriver.o
 .group         0x00000000       0x10 ./FeedSocketDriver/FeedSocketDriver.o
 .group         0x00000000       0x10 ./FeedSocketDriver/FeedSocketDriver.o
 .group         0x00000000       0x10 ./FeedSocketDriver/FeedSocketDriver.o
 .group         0x00000000       0x10 ./FeedSocketDriver/FeedSocketDriver.o
 .group         0x00000000       0x10 ./FeedSocketDriver/FeedSocketDriver.o
 .group         0x00000000       0x10 ./FeedSocketDriver/FeedSocketDriver.o
 .group         0x00000000       0x10 ./FeedSocketDriver/FeedSocketDriver.o
 .group         0x00000000       0x10 ./FeedSocketDriver/FeedSocketDriver.o
 .group         0x00000000       0x10 ./FeedSocketDriver/FeedSocketDriver.o
 .group         0x00000000       0x10 ./FeedSocketDriver/FeedSocketDriver.o
 .group         0x00000000       0x10 ./FeedSocketDriver/FeedSocketDriver.o
 .group         0x00000000       0x10 ./FeedSocketDriver/FeedSocketDriver.o
[...]
Memory Configuration

Name             Origin             Length             Attributes
*default*        0x00000000         0xffffffff

Linker script and memory map

LOAD /usr/lib/gcc/arm-linux-gnueabihf/4.6/../../../arm-linux-gnueabihf/crti.o
LOAD /usr/lib/gcc/arm-linux-gnueabihf/4.6/crtbeginS.o
LOAD ./UltraHeatDriver/UltraHeatDriver.o
LOAD ./SysfsGenericGPIODriver/SysfsGenericGPIODriver.o
LOAD ./SysfsInputDriver/SysfsInputDriver.o
LOAD ./SysfsOutputDriver/SysfsOutputDriver.o
LOAD ./GPIOLedDriver/GPIOLedDriver.o
LOAD ./GPIOKeyDriver/GPIOKeyDriver.o
LOAD ./EntryPoint.o
LOAD ./ADCDriver/ADCDriver.o
LOAD ./RaspiGPIO/RaspiGPInputDriver.o
LOAD ./RaspiGPIO/RaspiGPOutputDriver.o
LOAD ./RaspiGPIO/bcm2835.o
LOAD ./FeedSocketDriver/FeedSocketDriver.o
LOAD ./FeedSocketDriver/FeedsSocketClient.o
LOAD ../../Common/Debug/libCommon.so
LOAD /usr/lib/gcc/arm-linux-gnueabihf/4.6/libstdc++.so
LOAD /usr/lib/gcc/arm-linux-gnueabihf/4.6/../../../arm-linux-gnueabihf/libm.so
LOAD /usr/lib/gcc/arm-linux-gnueabihf/4.6/libgcc_s.so
START GROUP
LOAD /usr/lib/gcc/arm-linux-gnueabihf/4.6/libgcc_s.so.1
LOAD /usr/lib/gcc/arm-linux-gnueabihf/4.6/libgcc.a
END GROUP
LOAD /usr/lib/gcc/arm-linux-gnueabihf/4.6/../../../arm-linux-gnueabihf/libc.so
START GROUP
LOAD /lib/arm-linux-gnueabihf/libc.so.6
LOAD /usr/lib/arm-linux-gnueabihf/libc_nonshared.a
LOAD /lib/arm-linux-gnueabihf/ld-linux-armhf.so.3
END GROUP
LOAD /usr/lib/gcc/arm-linux-gnueabihf/4.6/libgcc_s.so
START GROUP
LOAD /usr/lib/gcc/arm-linux-gnueabihf/4.6/libgcc_s.so.1
LOAD /usr/lib/gcc/arm-linux-gnueabihf/4.6/libgcc.a
END GROUP
LOAD /usr/lib/gcc/arm-linux-gnueabihf/4.6/crtendS.o
LOAD /usr/lib/gcc/arm-linux-gnueabihf/4.6/../../../arm-linux-gnueabihf/crtn.o
                0x000000f4                . = (0x0 + SIZEOF_HEADERS)

.note.gnu.build-id
                0x000000f4       0x24
 *(.note.gnu.build-id)
 .note.gnu.build-id
                0x000000f4       0x24 linker stubs

.hash           0x00000118     0x10c8
 *(.hash)
 .hash          0x00000118     0x10c8 /usr/lib/gcc/arm-linux-gnueabihf/4.6/../../../arm-linux-gnueabihf/crti.o

.gnu.hash       0x000011e0      0xcf8
 *(.gnu.hash)
 .gnu.hash      0x000011e0      0xcf8 /usr/lib/gcc/arm-linux-gnueabihf/4.6/../../../arm-linux-gnueabihf/crti.o

.dynsym         0x00001ed8     0x2270
 *(.dynsym)
 .dynsym        0x00001ed8     0x2270 /usr/lib/gcc/arm-linux-gnueabihf/4.6/../../../arm-linux-gnueabihf/crti.o

.dynstr         0x00004148     0x43a8
 *(.dynstr)
 .dynstr        0x00004148     0x43a8 /usr/lib/gcc/arm-linux-gnueabihf/4.6/../../../arm-linux-gnueabihf/crti.o

.gnu.version    0x000084f0      0x44e
 *(.gnu.version)
 .gnu.version   0x000084f0      0x44e /usr/lib/gcc/arm-linux-gnueabihf/4.6/../../../arm-linux-gnueabihf/crti.o

.gnu.version_d  0x00008940        0x0
 *(.gnu.version_d)
 .gnu.version_d
                0x00000000        0x0 /usr/lib/gcc/arm-linux-gnueabihf/4.6/../../../arm-linux-gnueabihf/crti.o

.gnu.version_r  0x00008940       0xb0
 *(.gnu.version_r)
 .gnu.version_r
                0x00008940       0xb0 /usr/lib/gcc/arm-linux-gnueabihf/4.6/../../../arm-linux-gnueabihf/crti.o

.rel.dyn        0x000089f0      0x708
 *(.rel.init)
 *(.rel.text .rel.text.* .rel.gnu.linkonce.t.*)
 .rel.text      0x00000000        0x0 /usr/lib/gcc/arm-linux-gnueabihf/4.6/../../../arm-linux-gnueabihf/crti.o
 *(.rel.fini)
 *(.rel.rodata .rel.rodata.* .rel.gnu.linkonce.r.*)
 *(.rel.data.rel.ro* .rel.gnu.linkonce.d.rel.ro.*)
 .rel.data.rel.ro
                0x000089f0      0x598 /usr/lib/gcc/arm-linux-gnueabihf/4.6/../../../arm-linux-gnueabihf/crti.o
 .rel.data.rel.ro.local
                0x00008f88        0x8 /usr/lib/gcc/arm-linux-gnueabihf/4.6/../../../arm-linux-gnueabihf/crti.o
 *(.rel.data .rel.data.* .rel.gnu.linkonce.d.*)
 .rel.data.rel  0x00008f90        0x8 /usr/lib/gcc/arm-linux-gnueabihf/4.6/../../../arm-linux-gnueabihf/crti.o
 *(.rel.tdata .rel.tdata.* .rel.gnu.linkonce.td.*)
 *(.rel.tbss .rel.tbss.* .rel.gnu.linkonce.tb.*)
 *(.rel.ctors)
 *(.rel.dtors)
 *(.rel.got)
 .rel.got       0x00008f98       0xf0 /usr/lib/gcc/arm-linux-gnueabihf/4.6/../../../arm-linux-gnueabihf/crti.o
 *(.rel.bss .rel.bss.* .rel.gnu.linkonce.b.*)
 *(.rel.iplt)
 .rel.iplt      0x00000000        0x0 /usr/lib/gcc/arm-linux-gnueabihf/4.6/../../../arm-linux-gnueabihf/crti.o
 .rel.init_array
                0x00009088       0x68 /usr/lib/gcc/arm-linux-gnueabihf/4.6/../../../arm-linux-gnueabihf/crti.o
 .rel.fini_array
                0x000090f0        0x8 /usr/lib/gcc/arm-linux-gnueabihf/4.6/../../../arm-linux-gnueabihf/crti.o

.rela.dyn
 *(.rela.init)
 *(.rela.text .rela.text.* .rela.gnu.linkonce.t.*)
 *(.rela.fini)
 *(.rela.rodata .rela.rodata.* .rela.gnu.linkonce.r.*)
 *(.rela.data .rela.data.* .rela.gnu.linkonce.d.*)
 *(.rela.tdata .rela.tdata.* .rela.gnu.linkonce.td.*)
 *(.rela.tbss .rela.tbss.* .rela.gnu.linkonce.tb.*)
 *(.rela.ctors)
 *(.rela.dtors)
 *(.rela.got)
 *(.rela.bss .rela.bss.* .rela.gnu.linkonce.b.*)
 *(.rela.iplt)

.rel.plt        0x000090f8      0x858
 *(.rel.plt)
 .rel.plt       0x000090f8      0x858 /usr/lib/gcc/arm-linux-gnueabihf/4.6/../../../arm-linux-gnueabihf/crti.o

.rela.plt
 *(.rela.plt)

.init           0x00009950        0xc
 *(.init)
 .init          0x00009950        0x8 /usr/lib/gcc/arm-linux-gnueabihf/4.6/../../../arm-linux-gnueabihf/crti.o
                0x00009950                _init
 .init          0x00009958        0x4 /usr/lib/gcc/arm-linux-gnueabihf/4.6/../../../arm-linux-gnueabihf/crtn.o

.plt            0x0000995c      0xc98
 *(.plt)
 .plt           0x0000995c      0xc98 /usr/lib/gcc/arm-linux-gnueabihf/4.6/../../../arm-linux-gnueabihf/crti.o

.iplt           0x0000a5f4        0x0
 *(.iplt)
 .iplt          0x00000000        0x0 /usr/lib/gcc/arm-linux-gnueabihf/4.6/../../../arm-linux-gnueabihf/crti.o

.text           0x0000a5f8    0x19e5c
 *(.text.unlikely .text.*_unlikely)
 *(.text.exit .text.exit.*)
 *(.text.startup .text.startup.*)
 .text.startup  0x0000a5f8       0x48 ./UltraHeatDriver/UltraHeatDriver.o
 .text.startup  0x0000a640       0x48 ./SysfsGenericGPIODriver/SysfsGenericGPIODriver.o
 .text.startup  0x0000a688       0x48 ./SysfsInputDriver/SysfsInputDriver.o
 .text.startup  0x0000a6d0       0x48 ./SysfsOutputDriver/SysfsOutputDriver.o
 .text.startup  0x0000a718       0x48 ./GPIOLedDriver/GPIOLedDriver.o
 .text.startup  0x0000a760       0x48 ./GPIOKeyDriver/GPIOKeyDriver.o
 .text.startup  0x0000a7a8       0x48 ./EntryPoint.o
 .text.startup  0x0000a7f0       0x48 ./ADCDriver/ADCDriver.o
 .text.startup  0x0000a838       0x48 ./RaspiGPIO/RaspiGPInputDriver.o
 .text.startup  0x0000a880       0x48 ./RaspiGPIO/RaspiGPOutputDriver.o
 *(.text.hot .text.hot.*)
 *(.text .stub .text.* .gnu.linkonce.t.*)
 .text          0x0000a8c8       0x24 /usr/lib/gcc/arm-linux-gnueabihf/4.6/../../../arm-linux-gnueabihf/crti.o
 .text          0x0000a8ec       0xa8 /usr/lib/gcc/arm-linux-gnueabihf/4.6/crtbeginS.o
 *fill*         0x0000a994        0x4 00000000
 .text          0x0000a998     0x4a90 ./UltraHeatDriver/UltraHeatDriver.o
                0x0000a998                _ZN15UltraHeatDriver4TypeEv
                0x0000a9a8                _ZN15UltraHeatDriver7VersionEv
                0x0000a9b8                _ZN15UltraHeatDriver4NameEv
                0x0000a9c8                _ZN15UltraHeatDriver11DescriptionEv
                0x0000a9d8                _ZN15UltraHeatDriver9PublisherEv
                0x0000a9e8                _ZN15UltraHeatDriver8CommandsEv
                0x0000adb0                _ZN15UltraHeatDriver10GetCommandEPKc
                0x0000aea4                _ZN15UltraHeatDriverD1Ev
                0x0000aea4                _ZN15UltraHeatDriverD2Ev
                0x0000af60                _ZN15UltraHeatDriverD0Ev
                0x0000af7c                _ZN15UltraHeatDriverC1Ev
                0x0000af7c                _ZN15UltraHeatDriverC2Ev
                0x0000c5b4                _ZN15UltraHeatDriver5CloneEv
                0x0000c5dc                _ZN15UltraHeatDriver10Close_portEi
                0x0000c6d8                _ZN15UltraHeatDriver13CreateMessageESsSs
                0x0000ca3c                _ZN15UltraHeatDriver19StartReadDataThreadEv
                0x0000cac8                _ZN15UltraHeatDriver18StopReadDataThreadEv
                0x0000caf0                _Z17ReadDataThreadRunPv
                0x0000d268                _ZN15UltraHeatDriver9WriteDataESs
                0x0000d558                _ZN15UltraHeatDriver9Open_portEv
                0x0000e268                _ZN15UltraHeatDriver14ExecuteCommandE7Command
 .text._ZStplIcSt11char_traitsIcESaIcEESbIT_T0_T1_EPKS3_RKS6_
                0x0000f428       0x80 ./UltraHeatDriver/UltraHeatDriver.o
                0x0000f428                _ZStplIcSt11char_traitsIcESaIcEESbIT_T0_T1_EPKS3_RKS6_
 .text          0x0000f4a8     0x2e74 ./SysfsGenericGPIODriver/SysfsGenericGPIODriver.o
                0x0000f4a8                _ZN22SysfsGenericGPIODriver4TypeEv
                0x0000f4b8                _ZN22SysfsGenericGPIODriver7VersionEv
                0x0000f4c8                _ZN22SysfsGenericGPIODriver4NameEv
                0x0000f4d8                _ZN22SysfsGenericGPIODriver11DescriptionEv
                0x0000f4e8                _ZN22SysfsGenericGPIODriver9PublisherEv
                0x0000f4f8                _ZN22SysfsGenericGPIODriverD1Ev
                0x0000f4f8                _ZN22SysfsGenericGPIODriverD2Ev
                0x0000f52c                _ZN22SysfsGenericGPIODriverD0Ev
                0x0000f548                _ZN22SysfsGenericGPIODriver10GetCommandEPKc
                0x0000f63c                _ZN22SysfsGenericGPIODriver8CommandsEv
                0x0000fa04                _ZN22SysfsGenericGPIODriverC2Ev
                0x0000fa04                _ZN22SysfsGenericGPIODriverC1Ev
                0x00010fac                _ZN22SysfsGenericGPIODriver5CloneEv
                0x00010fd4                _ZN22SysfsGenericGPIODriver9GetStatusEv
                0x00010fdc                _ZN22SysfsGenericGPIODriver9SetStatusEi
                0x00010fe4                _ZN22SysfsGenericGPIODriver13GetPortNumberEv
                0x00010fec                _ZN22SysfsGenericGPIODriver21StartPoolingForStatusEv
                0x00011078                _ZN22SysfsGenericGPIODriver20StopPoolingForStatusEv
                0x0001117c                _ZN22SysfsGenericGPIODriver11gpio_exportEj
                0x000111fc                _ZN22SysfsGenericGPIODriver13gpio_unexportEj
                0x0001127c                _ZN22SysfsGenericGPIODriver9ClosePortEi
                0x0001128c                _ZN22SysfsGenericGPIODriver12gpio_set_dirEjj
                0x00011328                _ZN22SysfsGenericGPIODriver8OpenPortEii
                0x00011428                _ZN22SysfsGenericGPIODriver14gpio_set_valueEii
                0x000114a8                _ZN22SysfsGenericGPIODriver8SetValueEii
                0x000114cc                _ZN22SysfsGenericGPIODriver14gpio_get_valueEiPi
                0x00011544                _ZN22SysfsGenericGPIODriver8GetValueEi
                0x00011578                _ZN22SysfsGenericGPIODriver12GetGpioValueEv
                0x000115f0                _ZN22SysfsGenericGPIODriver13gpio_set_edgeEjPc
                0x000115f8                _ZN22SysfsGenericGPIODriver12gpio_fd_openEj
                0x00011650                _ZN22SysfsGenericGPIODriver13gpio_fd_closeEi
                0x00011658                _ZN22SysfsGenericGPIODriver23SignalPortstatusChangedEv
                0x00011b30                _Z14SysfsThreadRunPv
                0x00011ba4                _ZN22SysfsGenericGPIODriver14ExecuteCommandE7Command
 .text          0x0001231c     0x22c8 ./SysfsInputDriver/SysfsInputDriver.o
                0x0001231c                _ZN16SysfsInputDriver4TypeEv
                0x0001232c                _ZN16SysfsInputDriver7VersionEv
                0x0001233c                _ZN16SysfsInputDriver4NameEv
                0x0001234c                _ZN16SysfsInputDriver11DescriptionEv
                0x0001235c                _ZN16SysfsInputDriver9PublisherEv
                0x0001236c                _ZN16SysfsInputDriverD1Ev
                0x0001236c                _ZN16SysfsInputDriverD2Ev
                0x000123a0                _ZN16SysfsInputDriverD0Ev
                0x000123bc                _ZN16SysfsInputDriver10GetCommandEPKc
                0x000124b0                _ZN16SysfsInputDriver8CommandsEv
                0x00012878                _ZN16SysfsInputDriverC1Ev
                0x00012878                _ZN16SysfsInputDriverC2Ev
                0x00013624                _ZN16SysfsInputDriver5CloneEv
                0x0001364c                _ZN16SysfsInputDriver9GetStatusEv
                0x00013654                _ZN16SysfsInputDriver9SetStatusEi
                0x0001365c                _ZN16SysfsInputDriver13GetPortNumberEv
                0x00013664                _ZN16SysfsInputDriver21StartPoolingForStatusEv
                0x000136f0                _ZN16SysfsInputDriver20StopPoolingForStatusEv
                0x00013740                _ZN16SysfsInputDriver11gpio_exportEj
                0x000137c0                _ZN16SysfsInputDriver13gpio_unexportEj
                0x00013840                _ZN16SysfsInputDriver9ClosePortEi
                0x00013850                _ZN16SysfsInputDriver12gpio_set_dirEjj
                0x000138ec                _ZN16SysfsInputDriver8OpenPortEii
                0x00013ad8                _ZN16SysfsInputDriver14gpio_set_valueEii
                0x00013b58                _ZN16SysfsInputDriver8SetValueEii
                0x00013b7c                _ZN16SysfsInputDriver14gpio_get_valueEiPi
                0x00013bf4                _ZN16SysfsInputDriver8GetValueEi
                0x00013c28                _ZN16SysfsInputDriver12GetGpioValueEv
                0x00013ca4                _ZN16SysfsInputDriver13gpio_set_edgeEjPc
                0x00013cac                _ZN16SysfsInputDriver12gpio_fd_openEj
                0x00013d04                _ZN16SysfsInputDriver13gpio_fd_closeEi
                0x00013d0c                _ZN16SysfsInputDriver23SignalPortstatusChangedEv
                0x000141e4                _Z19SysfsInputThreadRunPv
                0x00014258                _ZN16SysfsInputDriver14ExecuteCommandE7Command
 .text          0x000145e4     0x2474 ./SysfsOutputDriver/SysfsOutputDriver.o
                0x000145e4                _ZN17SysfsOutputDriver4TypeEv
                0x000145f4                _ZN17SysfsOutputDriver7VersionEv
                0x00014604                _ZN17SysfsOutputDriver4NameEv
                0x00014614                _ZN17SysfsOutputDriver11DescriptionEv
                0x00014624                _ZN17SysfsOutputDriver9PublisherEv
                0x00014634                _ZN17SysfsOutputDriverD2Ev
                0x00014634                _ZN17SysfsOutputDriverD1Ev
                0x00014668                _ZN17SysfsOutputDriverD0Ev
                0x00014684                _ZN17SysfsOutputDriver10GetCommandEPKc
                0x00014778                _ZN17SysfsOutputDriver14ExecuteCommandE7Command
                0x00014d58                _ZN17SysfsOutputDriver8CommandsEv
                0x00015120                _ZN17SysfsOutputDriverC1Ev
                0x00015120                _ZN17SysfsOutputDriverC2Ev
                0x0001653c                _ZN17SysfsOutputDriver5CloneEv
                0x00016564                _ZN17SysfsOutputDriver9GetStatusEv
                0x0001656c                _ZN17SysfsOutputDriver9SetStatusEi
                0x00016574                _ZN17SysfsOutputDriver13GetPortNumberEv
                0x0001657c                _ZN17SysfsOutputDriver11gpio_exportEj
                0x000165fc                _ZN17SysfsOutputDriver13gpio_unexportEj
                0x0001667c                _ZN17SysfsOutputDriver9ClosePortEi
                0x0001668c                _ZN17SysfsOutputDriver12gpio_set_dirEjj
                0x00016728                _ZN17SysfsOutputDriver8OpenPortEii
                0x00016828                _ZN17SysfsOutputDriver14gpio_set_valueEii
                0x000168a8                _ZN17SysfsOutputDriver8SetValueEii
                0x000168cc                _ZN17SysfsOutputDriver14gpio_get_valueEiPi
                0x00016944                _ZN17SysfsOutputDriver8GetValueEi
                0x00016978                _ZN17SysfsOutputDriver12GetGpioValueEv
                0x000169f0                _ZN17SysfsOutputDriver13gpio_set_edgeEjPc
                0x000169f8                _ZN17SysfsOutputDriver12gpio_fd_openEj
                0x00016a50                _ZN17SysfsOutputDriver13gpio_fd_closeEi
 .text          0x00016a58     0x2030 ./GPIOLedDriver/GPIOLedDriver.o
                0x00016a58                _ZN13GPIOLedDriver4TypeEv
                0x00016a68                _ZN13GPIOLedDriver7VersionEv
                0x00016a78                _ZN13GPIOLedDriver4NameEv
                0x00016a88                _ZN13GPIOLedDriver11DescriptionEv
                0x00016a98                _ZN13GPIOLedDriver9PublisherEv
                0x00016aa8                _ZN13GPIOLedDriver8SetValueEii
                0x00016b1c                _ZN13GPIOLedDriverD1Ev
                0x00016b1c                _ZN13GPIOLedDriverD2Ev
                0x00016b50                _ZN13GPIOLedDriverD0Ev
                0x00016b6c                _ZN13GPIOLedDriver10GetCommandEPKc
                0x00016c60                _ZN13GPIOLedDriver14ExecuteCommandE7Command
                0x0001727c                _ZN13GPIOLedDriver8CommandsEv
                0x00017644                _ZN13GPIOLedDriverC2Ev
                0x00017644                _ZN13GPIOLedDriverC1Ev
                0x00018a60                _ZN13GPIOLedDriver5CloneEv
 .text          0x00018a88     0x1c8c ./GPIOKeyDriver/GPIOKeyDriver.o
                0x00018a88                _ZN13GPIOKeyDriver4TypeEv
                0x00018a98                _ZN13GPIOKeyDriver7VersionEv
                0x00018aa8                _ZN13GPIOKeyDriver4NameEv
                0x00018ab8                _ZN13GPIOKeyDriver11DescriptionEv
                0x00018ac8                _ZN13GPIOKeyDriver9PublisherEv
                0x00018ad8                _ZN13GPIOKeyDriverD1Ev
                0x00018ad8                _ZN13GPIOKeyDriverD2Ev
                0x00018b0c                _ZN13GPIOKeyDriverD0Ev
                0x00018b28                _ZN13GPIOKeyDriver10GetCommandEPKc
                0x00018c1c                _ZN13GPIOKeyDriver8CommandsEv
                0x00018fe4                _ZN13GPIOKeyDriverC2Ev
                0x00018fe4                _ZN13GPIOKeyDriverC1Ev
                0x00019d90                _ZN13GPIOKeyDriver5CloneEv
                0x00019db8                _ZN13GPIOKeyDriver8OpenPortEv
                0x00019dfc                _ZN13GPIOKeyDriver9ClosePortEv
                0x00019e04                _ZN13GPIOKeyDriver15SetCurrentValueE11input_event
                0x0001a01c                _ZN13GPIOKeyDriver9ReadValueEv
                0x0001a060                _Z16ReadKeyThreadRunPv
                0x0001a0bc                _ZN13GPIOKeyDriver21StartReadingKeyThreadEv
                0x0001a280                _ZN13GPIOKeyDriver20StopReadingKeyThreadEv
                0x0001a378                _ZN13GPIOKeyDriver18UpdateInitialStateEv
                0x0001a37c                _ZN13GPIOKeyDriver14ExecuteCommandE7Command
 .text          0x0001a714      0x28c ./EntryPoint.o
                0x0001a714                CreateDrivers
 .text          0x0001a9a0     0x218c ./ADCDriver/ADCDriver.o
                0x0001a9a0                _ZN9ADCDriver4TypeEv
                0x0001a9b0                _ZN9ADCDriver7VersionEv
                0x0001a9c0                _ZN9ADCDriver4NameEv
                0x0001a9d0                _ZN9ADCDriver11DescriptionEv
                0x0001a9e0                _ZN9ADCDriver9PublisherEv
                0x0001a9f0                _ZN9ADCDriverD2Ev
                0x0001a9f0                _ZN9ADCDriverD1Ev
                0x0001aa24                _ZN9ADCDriverD0Ev
                0x0001aa40                _ZN9ADCDriver10GetCommandEPKc
                0x0001ab34                _ZN9ADCDriver8CommandsEv
                0x0001aefc                _ZN9ADCDriverC1Ev
                0x0001aefc                _ZN9ADCDriverC2Ev
                0x0001c0e4                _ZN9ADCDriver5CloneEv
                0x0001c10c                _ZN9ADCDriver8OpenPortEv
                0x0001c114                _ZN9ADCDriver9ClosePortEv
                0x0001c118                _ZN9ADCDriver15SetCurrentValueEi
                0x0001c2c0                _Z21ReadADCValueThreadRunPv
                0x0001c350                _ZN9ADCDriver21StartReadingKeyThreadEv
                0x0001c514                _ZN9ADCDriver20StopReadingKeyThreadEv
                0x0001c558                _ZN9ADCDriver18UpdateInitialStateEv
                0x0001c584                _ZN9ADCDriver14ExecuteCommandE7Command
 .text          0x0001cb2c     0x1c1c ./RaspiGPIO/RaspiGPInputDriver.o
                0x0001cb2c                _ZN18RaspiGPInputDriver4TypeEv
                0x0001cb3c                _ZN18RaspiGPInputDriver7VersionEv
                0x0001cb4c                _ZN18RaspiGPInputDriver4NameEv
                0x0001cb5c                _ZN18RaspiGPInputDriver11DescriptionEv
                0x0001cb6c                _ZN18RaspiGPInputDriver9PublisherEv
                0x0001cb7c                _ZN18RaspiGPInputDriverD1Ev
                0x0001cb7c                _ZN18RaspiGPInputDriverD2Ev
                0x0001cbb0                _ZN18RaspiGPInputDriverD0Ev
                0x0001cbcc                _ZN18RaspiGPInputDriver10GetCommandEPKc
                0x0001ccc0                _ZN18RaspiGPInputDriver8CommandsEv
                0x0001d088                _ZN18RaspiGPInputDriverC1Ev
                0x0001d088                _ZN18RaspiGPInputDriverC2Ev
                0x0001de34                _ZN18RaspiGPInputDriver5CloneEv
                0x0001de5c                _ZN18RaspiGPInputDriver8OpenPortEv
                0x0001de60                _ZN18RaspiGPInputDriver9ClosePortEv
                0x0001de64                _ZN18RaspiGPInputDriver15SetCurrentValueEi
                0x0001e060                _ZN18RaspiGPInputDriver9ReadValueEv
                0x0001e0a4                _Z21RaspiReadKeyThreadRunPv
                0x0001e0f0                _ZN18RaspiGPInputDriver21StartReadingKeyThreadEv
                0x0001e2b4                _ZN18RaspiGPInputDriver20StopReadingKeyThreadEv
                0x0001e3ac                _ZN18RaspiGPInputDriver18UpdateInitialStateEv
                0x0001e3b0                _ZN18RaspiGPInputDriver14ExecuteCommandE7Command
 .text          0x0001e748     0x2114 ./RaspiGPIO/RaspiGPOutputDriver.o
                0x0001e748                _ZN19RaspiGPOutputDriver4TypeEv
                0x0001e758                _ZN19RaspiGPOutputDriver7VersionEv
                0x0001e768                _ZN19RaspiGPOutputDriver4NameEv
                0x0001e778                _ZN19RaspiGPOutputDriver11DescriptionEv
                0x0001e788                _ZN19RaspiGPOutputDriver9PublisherEv
                0x0001e798                _ZN19RaspiGPOutputDriver8SetValueEii
                0x0001e7d4                _ZN19RaspiGPOutputDriverD2Ev
                0x0001e7d4                _ZN19RaspiGPOutputDriverD1Ev
                0x0001e808                _ZN19RaspiGPOutputDriverD0Ev
                0x0001e824                _ZN19RaspiGPOutputDriver10GetCommandEPKc
                0x0001e918                _ZN19RaspiGPOutputDriver14ExecuteCommandE7Command
                0x0001f050                _ZN19RaspiGPOutputDriver8CommandsEv
                0x0001f418                _ZN19RaspiGPOutputDriverC1Ev
                0x0001f418                _ZN19RaspiGPOutputDriverC2Ev
                0x00020834                _ZN19RaspiGPOutputDriver5CloneEv
 .text          0x0002085c      0xf68 ./RaspiGPIO/bcm2835.o
                0x0002085c                bcm2835_set_debug
                0x00020870                bcm2835_peri_read
                0x000208b4                bcm2835_peri_read_nb
                0x000208f4                bcm2835_peri_write
                0x00020930                bcm2835_peri_write_nb
                0x00020968                bcm2835_peri_set_bits
                0x00020994                bcm2835_gpio_fsel
                0x000209d4                bcm2835_gpio_set
                0x000209fc                bcm2835_gpio_clr
                0x00020a24                bcm2835_gpio_lev
                0x00020a64                bcm2835_gpio_eds
                0x00020aa4                bcm2835_gpio_set_eds
                0x00020acc                bcm2835_gpio_ren
                0x00020afc                bcm2835_gpio_clr_ren
                0x00020b28                bcm2835_gpio_fen
                0x00020b58                bcm2835_gpio_clr_fen
                0x00020b84                bcm2835_gpio_hen
                0x00020bb4                bcm2835_gpio_clr_hen
                0x00020be0                bcm2835_gpio_len
                0x00020c10                bcm2835_gpio_clr_len
                0x00020c3c                bcm2835_gpio_aren
                0x00020c6c                bcm2835_gpio_clr_aren
                0x00020c98                bcm2835_gpio_afen
                0x00020cc8                bcm2835_gpio_clr_afen
                0x00020cf4                bcm2835_gpio_pud
                0x00020d0c                bcm2835_gpio_pudclk
                0x00020d38                bcm2835_gpio_pad
                0x00020d58                bcm2835_gpio_set_pad
                0x00020d78                delay
                0x00020dc8                delayMicroseconds
                0x00020df4                bcm2835_gpio_write
                0x00020e04                bcm2835_gpio_set_pud
                0x00020e48                bcm2835_spi_begin
                0x00020eb4                bcm2835_spi_end
                0x00020ef8                bcm2835_spi_setBitOrder
                0x00020efc                bcm2835_spi_setClockDivider
                0x00020f18                bcm2835_spi_setDataMode
                0x00020f34                bcm2835_spi_transfer
                0x00020fd8                bcm2835_spi_transfern
                0x000210c0                bcm2835_spi_chipSelect
                0x000210dc                bcm2835_spi_setChipSelectPolarity
                0x00021104                bcm2835_init
                0x0002164c                bcm2835_close
 .text          0x000217c4     0x11e8 ./FeedSocketDriver/FeedSocketDriver.o
                0x000217c4                _ZN16FeedSocketDriverC2Ev
                0x000217c4                _ZN16FeedSocketDriverC1Ev
                0x00021f20                _ZN16FeedSocketDriverD1Ev
                0x00021f20                _ZN16FeedSocketDriverD2Ev
                0x00021fac                _ZN16FeedSocketDriverD0Ev
                0x00021fdc                _ZN16FeedSocketDriver4TypeEv
                0x00022008                _ZN16FeedSocketDriver7VersionEv
                0x00022034                _ZN16FeedSocketDriver4NameEv
                0x00022060                _ZN16FeedSocketDriver11DescriptionEv
                0x0002208c                _ZN16FeedSocketDriver9PublisherEv
                0x000220b8                _ZN16FeedSocketDriver14ExecuteCommandE7Command
                0x0002269c                _ZN16FeedSocketDriver10GetCommandEPKc
                0x000227c4                _ZN16FeedSocketDriver8CommandsEv
                0x00022898                _ZN16FeedSocketDriver5CloneEv
                0x000228e0                _Z11ReportErrorPKc
 .text._ZNSt11char_traitsIcE6lengthEPKc
                0x000229ac       0x28 ./FeedSocketDriver/FeedSocketDriver.o
                0x000229ac                _ZNSt11char_traitsIcE6lengthEPKc
 .text._ZnwjPv  0x000229d4       0x28 ./FeedSocketDriver/FeedSocketDriver.o
                0x000229d4                _ZnwjPv
 .text._ZdlPvS_
                0x000229fc       0x20 ./FeedSocketDriver/FeedSocketDriver.o
                0x000229fc                _ZdlPvS_
 .text._ZN16CommandParameterC2ESsPvSs
                0x00022a1c       0x9c ./FeedSocketDriver/FeedSocketDriver.o
                0x00022a1c                _ZN16CommandParameterC2ESsPvSs
                0x00022a1c                _ZN16CommandParameterC1ESsPvSs
 .text._ZN16CommandParameter5CloneEv
                0x00022ab8      0x1a8 ./FeedSocketDriver/FeedSocketDriver.o
                0x00022ab8                _ZN16CommandParameter5CloneEv
 .text._ZN7CommandC2ERKS_
                0x00022c60      0x170 ./FeedSocketDriver/FeedSocketDriver.o
                0x00022c60                _ZN7CommandC1ERKS_
                0x00022c60                _ZN7CommandC2ERKS_
 .text._ZNSt4listI7CommandSaIS0_EED2Ev
                0x00022dd0       0x2c ./FeedSocketDriver/FeedSocketDriver.o
                0x00022dd0                _ZNSt4listI7CommandSaIS0_EED1Ev
                0x00022dd0                _ZNSt4listI7CommandSaIS0_EED2Ev
 .text._ZSteqIcSt11char_traitsIcESaIcEEbRKSbIT_T0_T1_EPKS3_
                0x00022dfc       0x40 ./FeedSocketDriver/FeedSocketDriver.o
                0x00022dfc                _ZSteqIcSt11char_traitsIcESaIcEEbRKSbIT_T0_T1_EPKS3_
 .text._ZStplIcSt11char_traitsIcESaIcEESbIT_T0_T1_ERKS6_PKS3_
                0x00022e3c       0x4c ./FeedSocketDriver/FeedSocketDriver.o
                0x00022e3c                _ZStplIcSt11char_traitsIcESaIcEESbIT_T0_T1_ERKS6_PKS3_
 .text._ZNSt4listIP16CommandParameterSaIS1_EEC2Ev
                0x00022e88       0x2c ./FeedSocketDriver/FeedSocketDriver.o
                0x00022e88                _ZNSt4listIP16CommandParameterSaIS1_EEC2Ev
                0x00022e88                _ZNSt4listIP16CommandParameterSaIS1_EEC1Ev
 .text._ZNSt14_List_iteratorIP16CommandParameterEC2Ev
                0x00022eb4       0x30 ./FeedSocketDriver/FeedSocketDriver.o
                0x00022eb4                _ZNSt14_List_iteratorIP16CommandParameterEC1Ev
                0x00022eb4                _ZNSt14_List_iteratorIP16CommandParameterEC2Ev
 .text._ZNSt4listIP16CommandParameterSaIS1_EE5beginEv
                0x00022ee4       0x38 ./FeedSocketDriver/FeedSocketDriver.o
                0x00022ee4                _ZNSt4listIP16CommandParameterSaIS1_EE5beginEv
 .text._ZNSt4listIP16CommandParameterSaIS1_EE3endEv
                0x00022f1c       0x34 ./FeedSocketDriver/FeedSocketDriver.o
                0x00022f1c                _ZNSt4listIP16CommandParameterSaIS1_EE3endEv
 .text._ZNKSt14_List_iteratorIP16CommandParameterEneERKS2_
                0x00022f50       0x44 ./FeedSocketDriver/FeedSocketDriver.o
                0x00022f50                _ZNKSt14_List_iteratorIP16CommandParameterEneERKS2_
 .text._ZNSt14_List_iteratorIP16CommandParameterEppEi
                0x00022f94       0x48 ./FeedSocketDriver/FeedSocketDriver.o
                0x00022f94                _ZNSt14_List_iteratorIP16CommandParameterEppEi
 .text._ZNKSt14_List_iteratorIP16CommandParameterEdeEv
                0x00022fdc       0x2c ./FeedSocketDriver/FeedSocketDriver.o
                0x00022fdc                _ZNKSt14_List_iteratorIP16CommandParameterEdeEv
 .text._ZNSt4listIP16CommandParameterSaIS1_EE9push_backERKS1_
                0x00023008       0x38 ./FeedSocketDriver/FeedSocketDriver.o
                0x00023008                _ZNSt4listIP16CommandParameterSaIS1_EE9push_backERKS1_
 .text._ZNSt4listI7CommandSaIS0_EE9push_backERKS0_
                0x00023040       0x38 ./FeedSocketDriver/FeedSocketDriver.o
                0x00023040                _ZNSt4listI7CommandSaIS0_EE9push_backERKS0_
 .text._ZNSt14_List_iteratorI7CommandEC2Ev
                0x00023078       0x30 ./FeedSocketDriver/FeedSocketDriver.o
                0x00023078                _ZNSt14_List_iteratorI7CommandEC2Ev
                0x00023078                _ZNSt14_List_iteratorI7CommandEC1Ev
 .text._ZNSt4listI7CommandSaIS0_EE5beginEv
                0x000230a8       0x38 ./FeedSocketDriver/FeedSocketDriver.o
                0x000230a8                _ZNSt4listI7CommandSaIS0_EE5beginEv
 .text._ZNSt4listI7CommandSaIS0_EE3endEv
                0x000230e0       0x34 ./FeedSocketDriver/FeedSocketDriver.o
                0x000230e0                _ZNSt4listI7CommandSaIS0_EE3endEv
 .text._ZNKSt14_List_iteratorI7CommandEneERKS1_
                0x00023114       0x44 ./FeedSocketDriver/FeedSocketDriver.o
                0x00023114                _ZNKSt14_List_iteratorI7CommandEneERKS1_
 .text._ZNSt14_List_iteratorI7CommandEppEi
                0x00023158       0x48 ./FeedSocketDriver/FeedSocketDriver.o
                0x00023158                _ZNSt14_List_iteratorI7CommandEppEi
 .text._ZNKSt14_List_iteratorI7CommandEdeEv
                0x000231a0       0x2c ./FeedSocketDriver/FeedSocketDriver.o
                0x000231a0                _ZNKSt14_List_iteratorI7CommandEdeEv
 .text._ZNSt4listI7CommandSaIS0_EEC2Ev
                0x000231cc       0x2c ./FeedSocketDriver/FeedSocketDriver.o
                0x000231cc                _ZNSt4listI7CommandSaIS0_EEC1Ev
                0x000231cc                _ZNSt4listI7CommandSaIS0_EEC2Ev
 .text._ZNSt10_List_baseI7CommandSaIS0_EE10_List_implD2Ev
                0x000231f8       0x28 ./FeedSocketDriver/FeedSocketDriver.o
                0x000231f8                _ZNSt10_List_baseI7CommandSaIS0_EE10_List_implD1Ev
                0x000231f8                _ZNSt10_List_baseI7CommandSaIS0_EE10_List_implD2Ev
 .text._ZNSt10_List_baseI7CommandSaIS0_EED2Ev
                0x00023220       0x44 ./FeedSocketDriver/FeedSocketDriver.o
                0x00023220                _ZNSt10_List_baseI7CommandSaIS0_EED1Ev
                0x00023220                _ZNSt10_List_baseI7CommandSaIS0_EED2Ev
 .text._ZNSt10_List_baseIP16CommandParameterSaIS1_EE10_List_implD2Ev
                0x00023264       0x28 ./FeedSocketDriver/FeedSocketDriver.o
                0x00023264                _ZNSt10_List_baseIP16CommandParameterSaIS1_EE10_List_implD1Ev
                0x00023264                _ZNSt10_List_baseIP16CommandParameterSaIS1_EE10_List_implD2Ev
 .text._ZNSt10_List_baseIP16CommandParameterSaIS1_EEC2Ev
                0x0002328c       0x44 ./FeedSocketDriver/FeedSocketDriver.o
                0x0002328c                _ZNSt10_List_baseIP16CommandParameterSaIS1_EEC2Ev
                0x0002328c                _ZNSt10_List_baseIP16CommandParameterSaIS1_EEC1Ev
 .text._ZNSt14_List_iteratorIP16CommandParameterEC2EPNSt8__detail15_List_node_baseE
                0x000232d0       0x34 ./FeedSocketDriver/FeedSocketDriver.o
                0x000232d0                _ZNSt14_List_iteratorIP16CommandParameterEC2EPNSt8__detail15_List_node_baseE
                0x000232d0                _ZNSt14_List_iteratorIP16CommandParameterEC1EPNSt8__detail15_List_node_baseE
 .text._ZNSt4listIP16CommandParameterSaIS1_EE9_M_insertESt14_List_iteratorIS1_ERKS1_
                0x00023304       0x48 ./FeedSocketDriver/FeedSocketDriver.o
                0x00023304                _ZNSt4listIP16CommandParameterSaIS1_EE9_M_insertESt14_List_iteratorIS1_ERKS1_
 .text._ZNSt4listI7CommandSaIS0_EE9_M_insertESt14_List_iteratorIS0_ERKS0_
                0x0002334c       0x48 ./FeedSocketDriver/FeedSocketDriver.o
                0x0002334c                _ZNSt4listI7CommandSaIS0_EE9_M_insertESt14_List_iteratorIS0_ERKS0_
 .text._ZNSt14_List_iteratorI7CommandEC2EPNSt8__detail15_List_node_baseE
                0x00023394       0x34 ./FeedSocketDriver/FeedSocketDriver.o
                0x00023394                _ZNSt14_List_iteratorI7CommandEC2EPNSt8__detail15_List_node_baseE
                0x00023394                _ZNSt14_List_iteratorI7CommandEC1EPNSt8__detail15_List_node_baseE
 .text._ZNSt10_List_baseI7CommandSaIS0_EEC2Ev
                0x000233c8       0x44 ./FeedSocketDriver/FeedSocketDriver.o
                0x000233c8                _ZNSt10_List_baseI7CommandSaIS0_EEC2Ev
                0x000233c8                _ZNSt10_List_baseI7CommandSaIS0_EEC1Ev
 .text._ZNSaISt10_List_nodeI7CommandEED2Ev
                0x0002340c       0x28 ./FeedSocketDriver/FeedSocketDriver.o
                0x0002340c                _ZNSaISt10_List_nodeI7CommandEED2Ev
                0x0002340c                _ZNSaISt10_List_nodeI7CommandEED1Ev
 .text._ZNSt10_List_baseI7CommandSaIS0_EE8_M_clearEv
                0x00023434       0xbc ./FeedSocketDriver/FeedSocketDriver.o
                0x00023434                _ZNSt10_List_baseI7CommandSaIS0_EE8_M_clearEv
 .text._ZNKSt10_List_baseI7CommandSaIS0_EE21_M_get_Node_allocatorEv
                0x000234f0       0x24 ./FeedSocketDriver/FeedSocketDriver.o
                0x000234f0                _ZNKSt10_List_baseI7CommandSaIS0_EE21_M_get_Node_allocatorEv
 .text._ZNSaI7CommandEC2ISt10_List_nodeIS_EEERKSaIT_E
                0x00023514       0x2c ./FeedSocketDriver/FeedSocketDriver.o
                0x00023514                _ZNSaI7CommandEC2ISt10_List_nodeIS_EEERKSaIT_E
                0x00023514                _ZNSaI7CommandEC1ISt10_List_nodeIS_EEERKSaIT_E
 .text._ZNSaI7CommandED2Ev
                0x00023540       0x28 ./FeedSocketDriver/FeedSocketDriver.o
                0x00023540                _ZNSaI7CommandED1Ev
                0x00023540                _ZNSaI7CommandED2Ev
 .text._ZNSt10_List_baseIP16CommandParameterSaIS1_EE10_List_implC2Ev
                0x00023568       0x40 ./FeedSocketDriver/FeedSocketDriver.o
                0x00023568                _ZNSt10_List_baseIP16CommandParameterSaIS1_EE10_List_implC2Ev
                0x00023568                _ZNSt10_List_baseIP16CommandParameterSaIS1_EE10_List_implC1Ev
 .text._ZNSaISt10_List_nodeIP16CommandParameterEED2Ev
                0x000235a8       0x28 ./FeedSocketDriver/FeedSocketDriver.o
                0x000235a8                _ZNSaISt10_List_nodeIP16CommandParameterEED1Ev
                0x000235a8                _ZNSaISt10_List_nodeIP16CommandParameterEED2Ev
 .text._ZNSt10_List_baseIP16CommandParameterSaIS1_EE7_M_initEv
                0x000235d0       0x34 ./FeedSocketDriver/FeedSocketDriver.o
                0x000235d0                _ZNSt10_List_baseIP16CommandParameterSaIS1_EE7_M_initEv
 .text._ZNSt4listIP16CommandParameterSaIS1_EE14_M_create_nodeERKS1_
                0x00023604       0xc0 ./FeedSocketDriver/FeedSocketDriver.o
                0x00023604                _ZNSt4listIP16CommandParameterSaIS1_EE14_M_create_nodeERKS1_
 .text._ZNSt4listI7CommandSaIS0_EE14_M_create_nodeERKS0_
                0x000236c4       0xc0 ./FeedSocketDriver/FeedSocketDriver.o
                0x000236c4                _ZNSt4listI7CommandSaIS0_EE14_M_create_nodeERKS0_
 .text._ZNSt10_List_baseI7CommandSaIS0_EE10_List_implC2Ev
                0x00023784       0x40 ./FeedSocketDriver/FeedSocketDriver.o
                0x00023784                _ZNSt10_List_baseI7CommandSaIS0_EE10_List_implC2Ev
                0x00023784                _ZNSt10_List_baseI7CommandSaIS0_EE10_List_implC1Ev
 .text._ZNSt10_List_baseI7CommandSaIS0_EE7_M_initEv
                0x000237c4       0x34 ./FeedSocketDriver/FeedSocketDriver.o
                0x000237c4                _ZNSt10_List_baseI7CommandSaIS0_EE7_M_initEv
 .text._ZN9__gnu_cxx13new_allocatorISt10_List_nodeI7CommandEED2Ev
                0x000237f8       0x24 ./FeedSocketDriver/FeedSocketDriver.o
                0x000237f8                _ZN9__gnu_cxx13new_allocatorISt10_List_nodeI7CommandEED2Ev
                0x000237f8                _ZN9__gnu_cxx13new_allocatorISt10_List_nodeI7CommandEED1Ev
 .text._ZNKSt10_List_baseI7CommandSaIS0_EE19_M_get_Tp_allocatorEv
                0x0002381c       0x38 ./FeedSocketDriver/FeedSocketDriver.o
                0x0002381c                _ZNKSt10_List_baseI7CommandSaIS0_EE19_M_get_Tp_allocatorEv
 .text._ZSt11__addressofI7CommandEPT_RS1_
                0x00023854       0x24 ./FeedSocketDriver/FeedSocketDriver.o
                0x00023854                _ZSt11__addressofI7CommandEPT_RS1_
 .text._ZN9__gnu_cxx13new_allocatorI7CommandE7destroyEPS1_
                0x00023878       0x30 ./FeedSocketDriver/FeedSocketDriver.o
                0x00023878                _ZN9__gnu_cxx13new_allocatorI7CommandE7destroyEPS1_
 .text._ZNSt10_List_baseI7CommandSaIS0_EE11_M_put_nodeEPSt10_List_nodeIS0_E
                0x000238a8       0x30 ./FeedSocketDriver/FeedSocketDriver.o
                0x000238a8                _ZNSt10_List_baseI7CommandSaIS0_EE11_M_put_nodeEPSt10_List_nodeIS0_E
 .text._ZN9__gnu_cxx13new_allocatorI7CommandEC2Ev
                0x000238d8       0x24 ./FeedSocketDriver/FeedSocketDriver.o
                0x000238d8                _ZN9__gnu_cxx13new_allocatorI7CommandEC2Ev
                0x000238d8                _ZN9__gnu_cxx13new_allocatorI7CommandEC1Ev
 .text._ZN9__gnu_cxx13new_allocatorI7CommandED2Ev
                0x000238fc       0x24 ./FeedSocketDriver/FeedSocketDriver.o
                0x000238fc                _ZN9__gnu_cxx13new_allocatorI7CommandED1Ev
                0x000238fc                _ZN9__gnu_cxx13new_allocatorI7CommandED2Ev
 .text._ZNSaISt10_List_nodeIP16CommandParameterEEC2Ev
                0x00023920       0x28 ./FeedSocketDriver/FeedSocketDriver.o
                0x00023920                _ZNSaISt10_List_nodeIP16CommandParameterEEC2Ev
                0x00023920                _ZNSaISt10_List_nodeIP16CommandParameterEEC1Ev
 .text._ZN9__gnu_cxx13new_allocatorISt10_List_nodeIP16CommandParameterEED2Ev
                0x00023948       0x24 ./FeedSocketDriver/FeedSocketDriver.o
                0x00023948                _ZN9__gnu_cxx13new_allocatorISt10_List_nodeIP16CommandParameterEED1Ev
                0x00023948                _ZN9__gnu_cxx13new_allocatorISt10_List_nodeIP16CommandParameterEED2Ev
 .text._ZNKSt10_List_baseIP16CommandParameterSaIS1_EE19_M_get_Tp_allocatorEv
                0x0002396c       0x38 ./FeedSocketDriver/FeedSocketDriver.o
                0x0002396c                _ZNKSt10_List_baseIP16CommandParameterSaIS1_EE19_M_get_Tp_allocatorEv
 .text._ZNSaIP16CommandParameterED2Ev
                0x000239a4       0x28 ./FeedSocketDriver/FeedSocketDriver.o
                0x000239a4                _ZNSaIP16CommandParameterED1Ev
                0x000239a4                _ZNSaIP16CommandParameterED2Ev
 .text._ZSt11__addressofIP16CommandParameterEPT_RS2_
                0x000239cc       0x24 ./FeedSocketDriver/FeedSocketDriver.o
                0x000239cc                _ZSt11__addressofIP16CommandParameterEPT_RS2_
 .text._ZNSt10_List_baseIP16CommandParameterSaIS1_EE11_M_put_nodeEPSt10_List_nodeIS1_E
                0x000239f0       0x30 ./FeedSocketDriver/FeedSocketDriver.o
                0x000239f0                _ZNSt10_List_baseIP16CommandParameterSaIS1_EE11_M_put_nodeEPSt10_List_nodeIS1_E
 .text._ZNSt10_List_baseIP16CommandParameterSaIS1_EE11_M_get_nodeEv
                0x00023a20       0x34 ./FeedSocketDriver/FeedSocketDriver.o
                0x00023a20                _ZNSt10_List_baseIP16CommandParameterSaIS1_EE11_M_get_nodeEv
 .text._ZN9__gnu_cxx13new_allocatorIP16CommandParameterE9constructEPS2_RKS2_
                0x00023a54       0x48 ./FeedSocketDriver/FeedSocketDriver.o
                0x00023a54                _ZN9__gnu_cxx13new_allocatorIP16CommandParameterE9constructEPS2_RKS2_
 .text._ZNSt10_List_baseI7CommandSaIS0_EE11_M_get_nodeEv
                0x00023a9c       0x34 ./FeedSocketDriver/FeedSocketDriver.o
                0x00023a9c                _ZNSt10_List_baseI7CommandSaIS0_EE11_M_get_nodeEv
 .text._ZN9__gnu_cxx13new_allocatorI7CommandE9constructEPS1_RKS1_
                0x00023ad0       0x5c ./FeedSocketDriver/FeedSocketDriver.o
                0x00023ad0                _ZN9__gnu_cxx13new_allocatorI7CommandE9constructEPS1_RKS1_
 .text._ZNSaISt10_List_nodeI7CommandEEC2Ev
                0x00023b2c       0x28 ./FeedSocketDriver/FeedSocketDriver.o
                0x00023b2c                _ZNSaISt10_List_nodeI7CommandEEC2Ev
                0x00023b2c                _ZNSaISt10_List_nodeI7CommandEEC1Ev
 .text._ZN9__gnu_cxx13new_allocatorISt10_List_nodeI7CommandEE10deallocateEPS3_j
                0x00023b54       0x28 ./FeedSocketDriver/FeedSocketDriver.o
                0x00023b54                _ZN9__gnu_cxx13new_allocatorISt10_List_nodeI7CommandEE10deallocateEPS3_j
 .text._ZN9__gnu_cxx13new_allocatorISt10_List_nodeI7CommandEEC2Ev
                0x00023b7c       0x24 ./FeedSocketDriver/FeedSocketDriver.o
                0x00023b7c                _ZN9__gnu_cxx13new_allocatorISt10_List_nodeI7CommandEEC1Ev
                0x00023b7c                _ZN9__gnu_cxx13new_allocatorISt10_List_nodeI7CommandEEC2Ev
 .text._ZN9__gnu_cxx13new_allocatorISt10_List_nodeIP16CommandParameterEEC2Ev
                0x00023ba0       0x24 ./FeedSocketDriver/FeedSocketDriver.o
                0x00023ba0                _ZN9__gnu_cxx13new_allocatorISt10_List_nodeIP16CommandParameterEEC2Ev
                0x00023ba0                _ZN9__gnu_cxx13new_allocatorISt10_List_nodeIP16CommandParameterEEC1Ev
 .text._ZNKSt10_List_baseIP16CommandParameterSaIS1_EE21_M_get_Node_allocatorEv
                0x00023bc4       0x24 ./FeedSocketDriver/FeedSocketDriver.o
                0x00023bc4                _ZNKSt10_List_baseIP16CommandParameterSaIS1_EE21_M_get_Node_allocatorEv
 .text._ZNSaIP16CommandParameterEC2ISt10_List_nodeIS0_EEERKSaIT_E
                0x00023be8       0x2c ./FeedSocketDriver/FeedSocketDriver.o
                0x00023be8                _ZNSaIP16CommandParameterEC2ISt10_List_nodeIS0_EEERKSaIT_E
                0x00023be8                _ZNSaIP16CommandParameterEC1ISt10_List_nodeIS0_EEERKSaIT_E
 .text._ZN9__gnu_cxx13new_allocatorIP16CommandParameterED2Ev
                0x00023c14       0x24 ./FeedSocketDriver/FeedSocketDriver.o
                0x00023c14                _ZN9__gnu_cxx13new_allocatorIP16CommandParameterED1Ev
                0x00023c14                _ZN9__gnu_cxx13new_allocatorIP16CommandParameterED2Ev
 .text._ZN9__gnu_cxx13new_allocatorISt10_List_nodeIP16CommandParameterEE10deallocateEPS4_j
                0x00023c38       0x28 ./FeedSocketDriver/FeedSocketDriver.o
                0x00023c38                _ZN9__gnu_cxx13new_allocatorISt10_List_nodeIP16CommandParameterEE10deallocateEPS4_j
 .text._ZN9__gnu_cxx13new_allocatorISt10_List_nodeIP16CommandParameterEE8allocateEjPKv
                0x00023c60       0x70 ./FeedSocketDriver/FeedSocketDriver.o
                0x00023c60                _ZN9__gnu_cxx13new_allocatorISt10_List_nodeIP16CommandParameterEE8allocateEjPKv
 .text._ZN9__gnu_cxx13new_allocatorISt10_List_nodeI7CommandEE8allocateEjPKv
                0x00023cd0       0x70 ./FeedSocketDriver/FeedSocketDriver.o
                0x00023cd0                _ZN9__gnu_cxx13new_allocatorISt10_List_nodeI7CommandEE8allocateEjPKv
 .text._ZN9__gnu_cxx13new_allocatorIP16CommandParameterEC2Ev
                0x00023d40       0x24 ./FeedSocketDriver/FeedSocketDriver.o
                0x00023d40                _ZN9__gnu_cxx13new_allocatorIP16CommandParameterEC2Ev
                0x00023d40                _ZN9__gnu_cxx13new_allocatorIP16CommandParameterEC1Ev
 .text._ZNK9__gnu_cxx13new_allocatorISt10_List_nodeIP16CommandParameterEE8max_sizeEv
                0x00023d64       0x28 ./FeedSocketDriver/FeedSocketDriver.o
                0x00023d64                _ZNK9__gnu_cxx13new_allocatorISt10_List_nodeIP16CommandParameterEE8max_sizeEv
 .text._ZNK9__gnu_cxx13new_allocatorISt10_List_nodeI7CommandEE8max_sizeEv
                0x00023d8c       0x28 ./FeedSocketDriver/FeedSocketDriver.o
                0x00023d8c                _ZNK9__gnu_cxx13new_allocatorISt10_List_nodeI7CommandEE8max_sizeEv
 .text          0x00023db4      0x6a0 ./FeedSocketDriver/FeedsSocketClient.o
                0x00023db4                _ZN17FeedsSocketClientC2Ev
                0x00023db4                _ZN17FeedsSocketClientC1Ev
                0x00023e14                _ZN17FeedsSocketClientD2Ev
                0x00023e14                _ZN17FeedsSocketClientD1Ev
                0x00023ed0                _ZN17FeedsSocketClientD0Ev
                0x00023f00                _ZN17FeedsSocketClient8InstanceEv
                0x00023f70                _ZN17FeedsSocketClient10InitializeESsi
                0x0002412c                _ZN17FeedsSocketClient11SendMessageESs
                0x000242d4                _ZN17FeedsSocketClient5CloseEv
                0x0002435c                _ZN17FeedsSocketClient7OnErrorEPKc
 .text          0x00024454        0x0 /usr/lib/gcc/arm-linux-gnueabihf/4.6/crtendS.o
 .text          0x00024454        0x0 /usr/lib/gcc/arm-linux-gnueabihf/4.6/../../../arm-linux-gnueabihf/crtn.o
 *(.gnu.warning)
 *(.glue_7t)
 .glue_7t       0x00000000        0x0 linker stubs
 *(.glue_7)
 .glue_7        0x00000000        0x0 linker stubs
 *(.vfp11_veneer)
 .vfp11_veneer  0x00000000        0x0 linker stubs
 *(.v4_bx)
 .v4_bx         0x00000000        0x0 linker stubs

.fini           0x00024454        0x8
 *(.fini)
 .fini          0x00024454        0x4 /usr/lib/gcc/arm-linux-gnueabihf/4.6/../../../arm-linux-gnueabihf/crti.o
                0x00024454                _fini
 .fini          0x00024458        0x4 /usr/lib/gcc/arm-linux-gnueabihf/4.6/../../../arm-linux-gnueabihf/crtn.o
                0x0002445c                PROVIDE (__etext, .)
                0x0002445c                PROVIDE (_etext, .)
                0x0002445c                PROVIDE (etext, .)

.rodata         0x0002445c     0x1710
 *(.rodata .rodata.* .gnu.linkonce.r.*)
 .rodata        0x0002445c       0x14 ./UltraHeatDriver/UltraHeatDriver.o
                0x0002445c                _ZTS15UltraHeatDriver
 .rodata.str1.4
                0x00024470      0x5da ./UltraHeatDriver/UltraHeatDriver.o
                                0x5ec (size before relaxing)
 *fill*         0x00024a4a        0x2 00
 .rodata        0x00024a4c       0x1c ./SysfsGenericGPIODriver/SysfsGenericGPIODriver.o
                0x00024a4c                _ZTS22SysfsGenericGPIODriver
 .rodata.str1.4
                0x00024a68      0x361 ./SysfsGenericGPIODriver/SysfsGenericGPIODriver.o
                                0x3bc (size before relaxing)
 *fill*         0x00024dc9        0x3 00
 .rodata        0x00024dcc       0x14 ./SysfsInputDriver/SysfsInputDriver.o
                0x00024dcc                _ZTS16SysfsInputDriver
 .rodata.str1.4
                0x00024de0      0x1a0 ./SysfsInputDriver/SysfsInputDriver.o
                                0x380 (size before relaxing)
 .rodata        0x00024f80       0x14 ./SysfsOutputDriver/SysfsOutputDriver.o
                0x00024f80                _ZTS17SysfsOutputDriver
 .rodata.str1.4
                0x00024f94       0x90 ./SysfsOutputDriver/SysfsOutputDriver.o
                                0x2d8 (size before relaxing)
 .rodata        0x00025024       0x10 ./GPIOLedDriver/GPIOLedDriver.o
                0x00025024                _ZTS13GPIOLedDriver
 .rodata.str1.4
                0x00025034      0x108 ./GPIOLedDriver/GPIOLedDriver.o
                                0x154 (size before relaxing)
 .rodata        0x0002513c       0x10 ./GPIOKeyDriver/GPIOKeyDriver.o
                0x0002513c                _ZTS13GPIOKeyDriver
 .rodata.str1.4
                0x0002514c      0x131 ./GPIOKeyDriver/GPIOKeyDriver.o
                                0x1b8 (size before relaxing)
 *fill*         0x0002527d        0x3 00
 .rodata.str1.4
                0x00025280       0x42 ./EntryPoint.o
                                 0x44 (size before relaxing)
 *fill*         0x000252c2        0x2 00
 .rodata        0x000252c4        0xc ./ADCDriver/ADCDriver.o
                0x000252c4                _ZTS9ADCDriver
 .rodata.str1.4
                0x000252d0      0x19d ./ADCDriver/ADCDriver.o
                                0x1e0 (size before relaxing)
 *fill*         0x0002546d        0x3 00
 .rodata        0x00025470       0x18 ./RaspiGPIO/RaspiGPInputDriver.o
                0x00025470                _ZTS18RaspiGPInputDriver
 .rodata.str1.4
                0x00025488       0xd6 ./RaspiGPIO/RaspiGPInputDriver.o
                                0x1bc (size before relaxing)
 *fill*         0x0002555e        0x2 00
 .rodata        0x00025560       0x18 ./RaspiGPIO/RaspiGPOutputDriver.o
                0x00025560                _ZTS19RaspiGPOutputDriver
 .rodata.str1.4
                0x00025578       0xfe ./RaspiGPIO/RaspiGPOutputDriver.o
                                0x154 (size before relaxing)
 *fill*         0x00025676        0x2 00
 .rodata.str1.4
                0x00025678      0x264 ./RaspiGPIO/bcm2835.o
 .rodata        0x000258dc      0x158 ./FeedSocketDriver/FeedSocketDriver.o
                0x00025a20                _ZTS16FeedSocketDriver
 .rodata        0x00025a34      0x138 ./FeedSocketDriver/FeedsSocketClient.o
                0x00025b58                _ZTS17FeedsSocketClient

.rodata1
 *(.rodata1)

.ARM.extab      0x00025b6c     0x1ca4
 *(.ARM.extab* .gnu.linkonce.armextab.*)
 .ARM.extab     0x00025b6c      0x47c ./UltraHeatDriver/UltraHeatDriver.o
 .ARM.extab.text._ZStplIcSt11char_traitsIcESaIcEESbIT_T0_T1_EPKS3_RKS6_
                0x00025fe8       0x14 ./UltraHeatDriver/UltraHeatDriver.o
 .ARM.extab.text.startup
                0x00025ffc        0x0 ./UltraHeatDriver/UltraHeatDriver.o
 .ARM.extab     0x00025ffc      0x2e4 ./SysfsGenericGPIODriver/SysfsGenericGPIODriver.o
 .ARM.extab.text.startup
                0x000262e0        0x0 ./SysfsGenericGPIODriver/SysfsGenericGPIODriver.o
 .ARM.extab     0x000262e0      0x210 ./SysfsInputDriver/SysfsInputDriver.o
 .ARM.extab.text.startup
                0x000264f0        0x0 ./SysfsInputDriver/SysfsInputDriver.o
 .ARM.extab     0x000264f0      0x228 ./SysfsOutputDriver/SysfsOutputDriver.o
 .ARM.extab.text.startup
                0x00026718        0x0 ./SysfsOutputDriver/SysfsOutputDriver.o
 .ARM.extab     0x00026718      0x21c ./GPIOLedDriver/GPIOLedDriver.o
 .ARM.extab.text.startup
                0x00026934        0x0 ./GPIOLedDriver/GPIOLedDriver.o
 .ARM.extab     0x00026934      0x210 ./GPIOKeyDriver/GPIOKeyDriver.o
 .ARM.extab.text.startup
                0x00026b44        0x0 ./GPIOKeyDriver/GPIOKeyDriver.o
 .ARM.extab     0x00026b44       0x8c ./EntryPoint.o
 .ARM.extab.text.startup
                0x00026bd0        0x0 ./EntryPoint.o
 .ARM.extab     0x00026bd0      0x270 ./ADCDriver/ADCDriver.o
 .ARM.extab.text.startup
                0x00026e40        0x0 ./ADCDriver/ADCDriver.o
 .ARM.extab     0x00026e40      0x20c ./RaspiGPIO/RaspiGPInputDriver.o
 .ARM.extab.text.startup
                0x0002704c        0x0 ./RaspiGPIO/RaspiGPInputDriver.o
 .ARM.extab     0x0002704c      0x228 ./RaspiGPIO/RaspiGPOutputDriver.o
 .ARM.extab.text.startup
                0x00027274        0x0 ./RaspiGPIO/RaspiGPOutputDriver.o
 .ARM.extab.text._ZNSt11char_traitsIcE6lengthEPKc
                0x00027274        0x0 ./FeedSocketDriver/FeedSocketDriver.o
 .ARM.extab.text._ZnwjPv
                0x00027274        0x0 ./FeedSocketDriver/FeedSocketDriver.o
 .ARM.extab.text._ZdlPvS_
                0x00027274        0x0 ./FeedSocketDriver/FeedSocketDriver.o
 .ARM.extab.text._ZN16CommandParameterC2ESsPvSs
                0x00027274       0x24 ./FeedSocketDriver/FeedSocketDriver.o
 .ARM.extab.text._ZN16CommandParameter5CloneEv
                0x00027298       0x44 ./FeedSocketDriver/FeedSocketDriver.o
 .ARM.extab.text._ZN7CommandC2ERKS_
                0x000272dc       0x2c ./FeedSocketDriver/FeedSocketDriver.o
 .ARM.extab     0x00027308      0x2a8 ./FeedSocketDriver/FeedSocketDriver.o
 .ARM.extab.text._ZNSt4listI7CommandSaIS0_EED2Ev
                0x000275b0        0xc ./FeedSocketDriver/FeedSocketDriver.o
 .ARM.extab.text._ZSteqIcSt11char_traitsIcESaIcEEbRKSbIT_T0_T1_EPKS3_
                0x000275bc        0xc ./FeedSocketDriver/FeedSocketDriver.o
 .ARM.extab.text._ZStplIcSt11char_traitsIcESaIcEESbIT_T0_T1_ERKS6_PKS3_
                0x000275c8       0x1c ./FeedSocketDriver/FeedSocketDriver.o
 .ARM.extab.text._ZNSt4listIP16CommandParameterSaIS1_EEC2Ev
                0x000275e4        0xc ./FeedSocketDriver/FeedSocketDriver.o
 .ARM.extab.text._ZNSt14_List_iteratorIP16CommandParameterEC2Ev
                0x000275f0        0x0 ./FeedSocketDriver/FeedSocketDriver.o
 .ARM.extab.text._ZNSt4listIP16CommandParameterSaIS1_EE5beginEv
                0x000275f0        0xc ./FeedSocketDriver/FeedSocketDriver.o
 .ARM.extab.text._ZNSt4listIP16CommandParameterSaIS1_EE3endEv
                0x000275fc        0xc ./FeedSocketDriver/FeedSocketDriver.o
 .ARM.extab.text._ZNKSt14_List_iteratorIP16CommandParameterEneERKS2_
                0x00027608        0x0 ./FeedSocketDriver/FeedSocketDriver.o
 .ARM.extab.text._ZNSt14_List_iteratorIP16CommandParameterEppEi
                0x00027608        0x0 ./FeedSocketDriver/FeedSocketDriver.o
 .ARM.extab.text._ZNKSt14_List_iteratorIP16CommandParameterEdeEv
                0x00027608        0x0 ./FeedSocketDriver/FeedSocketDriver.o
 .ARM.extab.text._ZNSt4listIP16CommandParameterSaIS1_EE9push_backERKS1_
                0x00027608        0xc ./FeedSocketDriver/FeedSocketDriver.o
 .ARM.extab.text._ZNSt4listI7CommandSaIS0_EE9push_backERKS0_
                0x00027614        0xc ./FeedSocketDriver/FeedSocketDriver.o
 .ARM.extab.text._ZNSt14_List_iteratorI7CommandEC2Ev
                0x00027620        0x0 ./FeedSocketDriver/FeedSocketDriver.o
 .ARM.extab.text._ZNSt4listI7CommandSaIS0_EE5beginEv
                0x00027620        0xc ./FeedSocketDriver/FeedSocketDriver.o
 .ARM.extab.text._ZNSt4listI7CommandSaIS0_EE3endEv
                0x0002762c        0xc ./FeedSocketDriver/FeedSocketDriver.o
 .ARM.extab.text._ZNKSt14_List_iteratorI7CommandEneERKS1_
                0x00027638        0x0 ./FeedSocketDriver/FeedSocketDriver.o
 .ARM.extab.text._ZNSt14_List_iteratorI7CommandEppEi
                0x00027638        0x0 ./FeedSocketDriver/FeedSocketDriver.o
 .ARM.extab.text._ZNKSt14_List_iteratorI7CommandEdeEv
                0x00027638        0x0 ./FeedSocketDriver/FeedSocketDriver.o
 .ARM.extab.text._ZNSt4listI7CommandSaIS0_EEC2Ev
                0x00027638        0xc ./FeedSocketDriver/FeedSocketDriver.o
 .ARM.extab.text._ZNSt10_List_baseI7CommandSaIS0_EE10_List_implD2Ev
                0x00027644        0x0 ./FeedSocketDriver/FeedSocketDriver.o
 .ARM.extab.text._ZNSt10_List_baseI7CommandSaIS0_EED2Ev
                0x00027644       0x18 ./FeedSocketDriver/FeedSocketDriver.o
 .ARM.extab.text._ZNSt10_List_baseIP16CommandParameterSaIS1_EE10_List_implD2Ev
                0x0002765c        0x0 ./FeedSocketDriver/FeedSocketDriver.o
 .ARM.extab.text._ZNSt10_List_baseIP16CommandParameterSaIS1_EEC2Ev
                0x0002765c       0x1c ./FeedSocketDriver/FeedSocketDriver.o
 .ARM.extab.text._ZNSt14_List_iteratorIP16CommandParameterEC2EPNSt8__detail15_List_node_baseE
                0x00027678        0x0 ./FeedSocketDriver/FeedSocketDriver.o
 .ARM.extab.text._ZNSt4listIP16CommandParameterSaIS1_EE9_M_insertESt14_List_iteratorIS1_ERKS1_
                0x00027678        0xc ./FeedSocketDriver/FeedSocketDriver.o
 .ARM.extab.text._ZNSt4listI7CommandSaIS0_EE9_M_insertESt14_List_iteratorIS0_ERKS0_
                0x00027684        0xc ./FeedSocketDriver/FeedSocketDriver.o
 .ARM.extab.text._ZNSt14_List_iteratorI7CommandEC2EPNSt8__detail15_List_node_baseE
                0x00027690        0x0 ./FeedSocketDriver/FeedSocketDriver.o
 .ARM.extab.text._ZNSt10_List_baseI7CommandSaIS0_EEC2Ev
                0x00027690       0x1c ./FeedSocketDriver/FeedSocketDriver.o
 .ARM.extab.text._ZNSaISt10_List_nodeI7CommandEED2Ev
                0x000276ac        0x0 ./FeedSocketDriver/FeedSocketDriver.o
 .ARM.extab.text._ZNSt10_List_baseI7CommandSaIS0_EE8_M_clearEv
                0x000276ac       0x20 ./FeedSocketDriver/FeedSocketDriver.o
 .ARM.extab.text._ZNKSt10_List_baseI7CommandSaIS0_EE21_M_get_Node_allocatorEv
                0x000276cc        0x0 ./FeedSocketDriver/FeedSocketDriver.o
 .ARM.extab.text._ZNSaI7CommandEC2ISt10_List_nodeIS_EEERKSaIT_E
                0x000276cc        0x0 ./FeedSocketDriver/FeedSocketDriver.o
 .ARM.extab.text._ZNSaI7CommandED2Ev
                0x000276cc        0x0 ./FeedSocketDriver/FeedSocketDriver.o
 .ARM.extab.text._ZNSt10_List_baseIP16CommandParameterSaIS1_EE10_List_implC2Ev
                0x000276cc        0x0 ./FeedSocketDriver/FeedSocketDriver.o
 .ARM.extab.text._ZNSaISt10_List_nodeIP16CommandParameterEED2Ev
                0x000276cc        0x0 ./FeedSocketDriver/FeedSocketDriver.o
 .ARM.extab.text._ZNSt10_List_baseIP16CommandParameterSaIS1_EE7_M_initEv
                0x000276cc        0x0 ./FeedSocketDriver/FeedSocketDriver.o
 .ARM.extab.text._ZNSt4listIP16CommandParameterSaIS1_EE14_M_create_nodeERKS1_
                0x000276cc       0x34 ./FeedSocketDriver/FeedSocketDriver.o
 .ARM.extab.text._ZNSt4listI7CommandSaIS0_EE14_M_create_nodeERKS0_
                0x00027700       0x34 ./FeedSocketDriver/FeedSocketDriver.o
 .ARM.extab.text._ZNSt10_List_baseI7CommandSaIS0_EE10_List_implC2Ev
                0x00027734        0x0 ./FeedSocketDriver/FeedSocketDriver.o
 .ARM.extab.text._ZNSt10_List_baseI7CommandSaIS0_EE7_M_initEv
                0x00027734        0x0 ./FeedSocketDriver/FeedSocketDriver.o
 .ARM.extab.text._ZN9__gnu_cxx13new_allocatorISt10_List_nodeI7CommandEED2Ev
                0x00027734        0x0 ./FeedSocketDriver/FeedSocketDriver.o
 .ARM.extab.text._ZNKSt10_List_baseI7CommandSaIS0_EE19_M_get_Tp_allocatorEv
                0x00027734        0x0 ./FeedSocketDriver/FeedSocketDriver.o
 .ARM.extab.text._ZSt11__addressofI7CommandEPT_RS1_
                0x00027734        0x0 ./FeedSocketDriver/FeedSocketDriver.o
 .ARM.extab.text._ZN9__gnu_cxx13new_allocatorI7CommandE7destroyEPS1_
                0x00027734        0xc ./FeedSocketDriver/FeedSocketDriver.o
 .ARM.extab.text._ZNSt10_List_baseI7CommandSaIS0_EE11_M_put_nodeEPSt10_List_nodeIS0_E
                0x00027740        0xc ./FeedSocketDriver/FeedSocketDriver.o
 .ARM.extab.text._ZN9__gnu_cxx13new_allocatorI7CommandEC2Ev
                0x0002774c        0x0 ./FeedSocketDriver/FeedSocketDriver.o
 .ARM.extab.text._ZN9__gnu_cxx13new_allocatorI7CommandED2Ev
                0x0002774c        0x0 ./FeedSocketDriver/FeedSocketDriver.o
 .ARM.extab.text._ZNSaISt10_List_nodeIP16CommandParameterEEC2Ev
                0x0002774c        0x0 ./FeedSocketDriver/FeedSocketDriver.o
 .ARM.extab.text._ZN9__gnu_cxx13new_allocatorISt10_List_nodeIP16CommandParameterEED2Ev
                0x0002774c        0x0 ./FeedSocketDriver/FeedSocketDriver.o
 .ARM.extab.text._ZNKSt10_List_baseIP16CommandParameterSaIS1_EE19_M_get_Tp_allocatorEv
                0x0002774c        0xc ./FeedSocketDriver/FeedSocketDriver.o
 .ARM.extab.text._ZNSaIP16CommandParameterED2Ev
                0x00027758        0x0 ./FeedSocketDriver/FeedSocketDriver.o
 .ARM.extab.text._ZSt11__addressofIP16CommandParameterEPT_RS2_
                0x00027758        0x0 ./FeedSocketDriver/FeedSocketDriver.o
 .ARM.extab.text._ZNSt10_List_baseIP16CommandParameterSaIS1_EE11_M_put_nodeEPSt10_List_nodeIS1_E
                0x00027758        0xc ./FeedSocketDriver/FeedSocketDriver.o
 .ARM.extab.text._ZNSt10_List_baseIP16CommandParameterSaIS1_EE11_M_get_nodeEv
                0x00027764        0xc ./FeedSocketDriver/FeedSocketDriver.o
 .ARM.extab.text._ZN9__gnu_cxx13new_allocatorIP16CommandParameterE9constructEPS2_RKS2_
                0x00027770        0x0 ./FeedSocketDriver/FeedSocketDriver.o
 .ARM.extab.text._ZNSt10_List_baseI7CommandSaIS0_EE11_M_get_nodeEv
                0x00027770        0xc ./FeedSocketDriver/FeedSocketDriver.o
 .ARM.extab.text._ZN9__gnu_cxx13new_allocatorI7CommandE9constructEPS1_RKS1_
                0x0002777c       0x18 ./FeedSocketDriver/FeedSocketDriver.o
 .ARM.extab.text._ZNSaISt10_List_nodeI7CommandEEC2Ev
                0x00027794        0x0 ./FeedSocketDriver/FeedSocketDriver.o
 .ARM.extab.text._ZN9__gnu_cxx13new_allocatorISt10_List_nodeI7CommandEE10deallocateEPS3_j
                0x00027794        0x0 ./FeedSocketDriver/FeedSocketDriver.o
 .ARM.extab.text._ZN9__gnu_cxx13new_allocatorISt10_List_nodeI7CommandEEC2Ev
                0x00027794        0x0 ./FeedSocketDriver/FeedSocketDriver.o
 .ARM.extab.text._ZN9__gnu_cxx13new_allocatorISt10_List_nodeIP16CommandParameterEEC2Ev
                0x00027794        0x0 ./FeedSocketDriver/FeedSocketDriver.o
 .ARM.extab.text._ZNKSt10_List_baseIP16CommandParameterSaIS1_EE21_M_get_Node_allocatorEv
                0x00027794        0x0 ./FeedSocketDriver/FeedSocketDriver.o
 .ARM.extab.text._ZNSaIP16CommandParameterEC2ISt10_List_nodeIS0_EEERKSaIT_E
                0x00027794        0x0 ./FeedSocketDriver/FeedSocketDriver.o
 .ARM.extab.text._ZN9__gnu_cxx13new_allocatorIP16CommandParameterED2Ev
                0x00027794        0x0 ./FeedSocketDriver/FeedSocketDriver.o
 .ARM.extab.text._ZN9__gnu_cxx13new_allocatorISt10_List_nodeIP16CommandParameterEE10deallocateEPS4_j
                0x00027794        0x0 ./FeedSocketDriver/FeedSocketDriver.o
 .ARM.extab.text._ZN9__gnu_cxx13new_allocatorISt10_List_nodeIP16CommandParameterEE8allocateEjPKv
                0x00027794        0xc ./FeedSocketDriver/FeedSocketDriver.o
 .ARM.extab.text._ZN9__gnu_cxx13new_allocatorISt10_List_nodeI7CommandEE8allocateEjPKv
                0x000277a0        0xc ./FeedSocketDriver/FeedSocketDriver.o
 .ARM.extab.text._ZN9__gnu_cxx13new_allocatorIP16CommandParameterEC2Ev
                0x000277ac        0x0 ./FeedSocketDriver/FeedSocketDriver.o
 .ARM.extab.text._ZNK9__gnu_cxx13new_allocatorISt10_List_nodeIP16CommandParameterEE8max_sizeEv
                0x000277ac        0x0 ./FeedSocketDriver/FeedSocketDriver.o
 .ARM.extab.text._ZNK9__gnu_cxx13new_allocatorISt10_List_nodeI7CommandEE8max_sizeEv
                0x000277ac        0x0 ./FeedSocketDriver/FeedSocketDriver.o
 .ARM.extab     0x000277ac       0x64 ./FeedSocketDriver/FeedsSocketClient.o
                0x00027810                PROVIDE (__exidx_start, .)

.ARM.exidx      0x00027810      0x660
 *(.ARM.exidx* .gnu.linkonce.armexidx.*)
 .ARM.exidx     0x00027818       0x68 ./UltraHeatDriver/UltraHeatDriver.o
                                 0x98 (size before relaxing)
 .ARM.exidx.text._ZStplIcSt11char_traitsIcESaIcEESbIT_T0_T1_EPKS3_RKS6_
                0x00027880        0x8 ./UltraHeatDriver/UltraHeatDriver.o
 .ARM.exidx.text.startup
                0x00027810        0x8 ./UltraHeatDriver/UltraHeatDriver.o
 .ARM.exidx     0x00027888       0xb8 ./SysfsGenericGPIODriver/SysfsGenericGPIODriver.o
                                0x100 (size before relaxing)
 .ARM.exidx.text.startup
                0x00027818        0x0 ./SysfsGenericGPIODriver/SysfsGenericGPIODriver.o
                                  0x8 (size before relaxing)
 .ARM.exidx     0x00027940       0xb8 ./SysfsInputDriver/SysfsInputDriver.o
                                0x100 (size before relaxing)
 .ARM.exidx.text.startup
                0x00027818        0x0 ./SysfsInputDriver/SysfsInputDriver.o
                                  0x8 (size before relaxing)
 .ARM.exidx     0x000279f8       0xa0 ./SysfsOutputDriver/SysfsOutputDriver.o
                                 0xe0 (size before relaxing)
 .ARM.exidx.text.startup
                0x00027818        0x0 ./SysfsOutputDriver/SysfsOutputDriver.o
                                  0x8 (size before relaxing)
 .ARM.exidx     0x00027a98       0x38 ./GPIOLedDriver/GPIOLedDriver.o
                                 0x68 (size before relaxing)
 .ARM.exidx.text.startup
                0x00027818        0x0 ./GPIOLedDriver/GPIOLedDriver.o
                                  0x8 (size before relaxing)
 .ARM.exidx     0x00027ad0       0x78 ./GPIOKeyDriver/GPIOKeyDriver.o
                                 0xa0 (size before relaxing)
 .ARM.exidx.text.startup
                0x00027818        0x0 ./GPIOKeyDriver/GPIOKeyDriver.o
                                  0x8 (size before relaxing)
 .ARM.exidx     0x00027b48        0x8 ./EntryPoint.o
 .ARM.exidx.text.startup
                0x00027818        0x0 ./EntryPoint.o
                                  0x8 (size before relaxing)
 .ARM.exidx     0x00027b50       0x68 ./ADCDriver/ADCDriver.o
                                 0x98 (size before relaxing)
 .ARM.exidx.text.startup
                0x00027818        0x0 ./ADCDriver/ADCDriver.o
                                  0x8 (size before relaxing)
 .ARM.exidx     0x00027bb8       0x70 ./RaspiGPIO/RaspiGPInputDriver.o
                                 0xa0 (size before relaxing)
 .ARM.exidx.text.startup
                0x00027818        0x0 ./RaspiGPIO/RaspiGPInputDriver.o
                                  0x8 (size before relaxing)
 .ARM.exidx     0x00027c28       0x40 ./RaspiGPIO/RaspiGPOutputDriver.o
                                 0x68 (size before relaxing)
 .ARM.exidx.text.startup
                0x00027818        0x0 ./RaspiGPIO/RaspiGPOutputDriver.o
                                  0x8 (size before relaxing)
 .ARM.exidx.text._ZNSt11char_traitsIcE6lengthEPKc
                0x00027cb8        0x0 ./FeedSocketDriver/FeedSocketDriver.o
                                  0x8 (size before relaxing)
 .ARM.exidx.text._ZnwjPv
                0x00027cb8        0x0 ./FeedSocketDriver/FeedSocketDriver.o
                                  0x8 (size before relaxing)
 .ARM.exidx.text._ZdlPvS_
                0x00027cb8        0x0 ./FeedSocketDriver/FeedSocketDriver.o
                                  0x8 (size before relaxing)
 .ARM.exidx.text._ZN16CommandParameterC2ESsPvSs
                0x00027cb8        0x8 ./FeedSocketDriver/FeedSocketDriver.o
 .ARM.exidx.text._ZN16CommandParameter5CloneEv
                0x00027cc0        0x8 ./FeedSocketDriver/FeedSocketDriver.o
 .ARM.exidx.text._ZN7CommandC2ERKS_
                0x00027cc8        0x8 ./FeedSocketDriver/FeedSocketDriver.o
 .ARM.exidx     0x00027c68       0x50 ./FeedSocketDriver/FeedSocketDriver.o
                                 0x78 (size before relaxing)
 .ARM.exidx.text._ZNSt4listI7CommandSaIS0_EED2Ev
                0x00027cd0        0x8 ./FeedSocketDriver/FeedSocketDriver.o
 .ARM.exidx.text._ZSteqIcSt11char_traitsIcESaIcEEbRKSbIT_T0_T1_EPKS3_
                0x00027cd8        0x8 ./FeedSocketDriver/FeedSocketDriver.o
 .ARM.exidx.text._ZStplIcSt11char_traitsIcESaIcEESbIT_T0_T1_ERKS6_PKS3_
                0x00027ce0        0x8 ./FeedSocketDriver/FeedSocketDriver.o
 .ARM.exidx.text._ZNSt4listIP16CommandParameterSaIS1_EEC2Ev
                0x00027ce8        0x8 ./FeedSocketDriver/FeedSocketDriver.o
 .ARM.exidx.text._ZNSt14_List_iteratorIP16CommandParameterEC2Ev
                0x00027cf0        0x8 ./FeedSocketDriver/FeedSocketDriver.o
 .ARM.exidx.text._ZNSt4listIP16CommandParameterSaIS1_EE5beginEv
                0x00027cf8        0x8 ./FeedSocketDriver/FeedSocketDriver.o
 .ARM.exidx.text._ZNSt4listIP16CommandParameterSaIS1_EE3endEv
                0x00027d00        0x8 ./FeedSocketDriver/FeedSocketDriver.o
 .ARM.exidx.text._ZNKSt14_List_iteratorIP16CommandParameterEneERKS2_
                0x00027d08        0x8 ./FeedSocketDriver/FeedSocketDriver.o
 .ARM.exidx.text._ZNSt14_List_iteratorIP16CommandParameterEppEi
                0x00027d10        0x0 ./FeedSocketDriver/FeedSocketDriver.o
                                  0x8 (size before relaxing)
 .ARM.exidx.text._ZNKSt14_List_iteratorIP16CommandParameterEdeEv
                0x00027d10        0x0 ./FeedSocketDriver/FeedSocketDriver.o
                                  0x8 (size before relaxing)
 .ARM.exidx.text._ZNSt4listIP16CommandParameterSaIS1_EE9push_backERKS1_
                0x00027d10        0x8 ./FeedSocketDriver/FeedSocketDriver.o
 .ARM.exidx.text._ZNSt4listI7CommandSaIS0_EE9push_backERKS0_
                0x00027d18        0x8 ./FeedSocketDriver/FeedSocketDriver.o
 .ARM.exidx.text._ZNSt14_List_iteratorI7CommandEC2Ev
                0x00027d20        0x8 ./FeedSocketDriver/FeedSocketDriver.o
 .ARM.exidx.text._ZNSt4listI7CommandSaIS0_EE5beginEv
                0x00027d28        0x8 ./FeedSocketDriver/FeedSocketDriver.o
 .ARM.exidx.text._ZNSt4listI7CommandSaIS0_EE3endEv
                0x00027d30        0x8 ./FeedSocketDriver/FeedSocketDriver.o
 .ARM.exidx.text._ZNKSt14_List_iteratorI7CommandEneERKS1_
                0x00027d38        0x8 ./FeedSocketDriver/FeedSocketDriver.o
 .ARM.exidx.text._ZNSt14_List_iteratorI7CommandEppEi
                0x00027d40        0x0 ./FeedSocketDriver/FeedSocketDriver.o
                                  0x8 (size before relaxing)
 .ARM.exidx.text._ZNKSt14_List_iteratorI7CommandEdeEv
                0x00027d40        0x0 ./FeedSocketDriver/FeedSocketDriver.o
                                  0x8 (size before relaxing)
 .ARM.exidx.text._ZNSt4listI7CommandSaIS0_EEC2Ev
                0x00027d40        0x8 ./FeedSocketDriver/FeedSocketDriver.o
 .ARM.exidx.text._ZNSt10_List_baseI7CommandSaIS0_EE10_List_implD2Ev
                0x00027d48        0x8 ./FeedSocketDriver/FeedSocketDriver.o
 .ARM.exidx.text._ZNSt10_List_baseI7CommandSaIS0_EED2Ev
                0x00027d50        0x8 ./FeedSocketDriver/FeedSocketDriver.o
 .ARM.exidx.text._ZNSt10_List_baseIP16CommandParameterSaIS1_EE10_List_implD2Ev
                0x00027d58        0x8 ./FeedSocketDriver/FeedSocketDriver.o
 .ARM.exidx.text._ZNSt10_List_baseIP16CommandParameterSaIS1_EEC2Ev
                0x00027d60        0x8 ./FeedSocketDriver/FeedSocketDriver.o
 .ARM.exidx.text._ZNSt14_List_iteratorIP16CommandParameterEC2EPNSt8__detail15_List_node_baseE
                0x00027d68        0x8 ./FeedSocketDriver/FeedSocketDriver.o
 .ARM.exidx.text._ZNSt4listIP16CommandParameterSaIS1_EE9_M_insertESt14_List_iteratorIS1_ERKS1_
                0x00027d70        0x8 ./FeedSocketDriver/FeedSocketDriver.o
 .ARM.exidx.text._ZNSt4listI7CommandSaIS0_EE9_M_insertESt14_List_iteratorIS0_ERKS0_
                0x00027d78        0x8 ./FeedSocketDriver/FeedSocketDriver.o
 .ARM.exidx.text._ZNSt14_List_iteratorI7CommandEC2EPNSt8__detail15_List_node_baseE
                0x00027d80        0x8 ./FeedSocketDriver/FeedSocketDriver.o
 .ARM.exidx.text._ZNSt10_List_baseI7CommandSaIS0_EEC2Ev
                0x00027d88        0x8 ./FeedSocketDriver/FeedSocketDriver.o
 .ARM.exidx.text._ZNSaISt10_List_nodeI7CommandEED2Ev
                0x00027d90        0x8 ./FeedSocketDriver/FeedSocketDriver.o
 .ARM.exidx.text._ZNSt10_List_baseI7CommandSaIS0_EE8_M_clearEv
                0x00027d98        0x8 ./FeedSocketDriver/FeedSocketDriver.o
 .ARM.exidx.text._ZNKSt10_List_baseI7CommandSaIS0_EE21_M_get_Node_allocatorEv
                0x00027da0        0x8 ./FeedSocketDriver/FeedSocketDriver.o
 .ARM.exidx.text._ZNSaI7CommandEC2ISt10_List_nodeIS_EEERKSaIT_E
                0x00027da8        0x0 ./FeedSocketDriver/FeedSocketDriver.o
                                  0x8 (size before relaxing)
 .ARM.exidx.text._ZNSaI7CommandED2Ev
                0x00027da8        0x0 ./FeedSocketDriver/FeedSocketDriver.o
                                  0x8 (size before relaxing)
 .ARM.exidx.text._ZNSt10_List_baseIP16CommandParameterSaIS1_EE10_List_implC2Ev
                0x00027da8        0x0 ./FeedSocketDriver/FeedSocketDriver.o
                                  0x8 (size before relaxing)
 .ARM.exidx.text._ZNSaISt10_List_nodeIP16CommandParameterEED2Ev
                0x00027da8        0x0 ./FeedSocketDriver/FeedSocketDriver.o
                                  0x8 (size before relaxing)
 .ARM.exidx.text._ZNSt10_List_baseIP16CommandParameterSaIS1_EE7_M_initEv
                0x00027da8        0x0 ./FeedSocketDriver/FeedSocketDriver.o
                                  0x8 (size before relaxing)
 .ARM.exidx.text._ZNSt4listIP16CommandParameterSaIS1_EE14_M_create_nodeERKS1_
                0x00027da8        0x8 ./FeedSocketDriver/FeedSocketDriver.o
 .ARM.exidx.text._ZNSt4listI7CommandSaIS0_EE14_M_create_nodeERKS0_
                0x00027db0        0x8 ./FeedSocketDriver/FeedSocketDriver.o
 .ARM.exidx.text._ZNSt10_List_baseI7CommandSaIS0_EE10_List_implC2Ev
                0x00027db8        0x8 ./FeedSocketDriver/FeedSocketDriver.o
 .ARM.exidx.text._ZNSt10_List_baseI7CommandSaIS0_EE7_M_initEv
                0x00027dc0        0x0 ./FeedSocketDriver/FeedSocketDriver.o
                                  0x8 (size before relaxing)
 .ARM.exidx.text._ZN9__gnu_cxx13new_allocatorISt10_List_nodeI7CommandEED2Ev
                0x00027dc0        0x0 ./FeedSocketDriver/FeedSocketDriver.o
                                  0x8 (size before relaxing)
 .ARM.exidx.text._ZNKSt10_List_baseI7CommandSaIS0_EE19_M_get_Tp_allocatorEv
                0x00027dc0        0x0 ./FeedSocketDriver/FeedSocketDriver.o
                                  0x8 (size before relaxing)
 .ARM.exidx.text._ZSt11__addressofI7CommandEPT_RS1_
                0x00027dc0        0x0 ./FeedSocketDriver/FeedSocketDriver.o
                                  0x8 (size before relaxing)
 .ARM.exidx.text._ZN9__gnu_cxx13new_allocatorI7CommandE7destroyEPS1_
                0x00027dc0        0x8 ./FeedSocketDriver/FeedSocketDriver.o
 .ARM.exidx.text._ZNSt10_List_baseI7CommandSaIS0_EE11_M_put_nodeEPSt10_List_nodeIS0_E
                0x00027dc8        0x8 ./FeedSocketDriver/FeedSocketDriver.o
 .ARM.exidx.text._ZN9__gnu_cxx13new_allocatorI7CommandEC2Ev
                0x00027dd0        0x8 ./FeedSocketDriver/FeedSocketDriver.o
 .ARM.exidx.text._ZN9__gnu_cxx13new_allocatorI7CommandED2Ev
                0x00027dd8        0x0 ./FeedSocketDriver/FeedSocketDriver.o
                                  0x8 (size before relaxing)
 .ARM.exidx.text._ZNSaISt10_List_nodeIP16CommandParameterEEC2Ev
                0x00027dd8        0x0 ./FeedSocketDriver/FeedSocketDriver.o
                                  0x8 (size before relaxing)
 .ARM.exidx.text._ZN9__gnu_cxx13new_allocatorISt10_List_nodeIP16CommandParameterEED2Ev
                0x00027dd8        0x0 ./FeedSocketDriver/FeedSocketDriver.o
                                  0x8 (size before relaxing)
 .ARM.exidx.text._ZNKSt10_List_baseIP16CommandParameterSaIS1_EE19_M_get_Tp_allocatorEv
                0x00027dd8        0x8 ./FeedSocketDriver/FeedSocketDriver.o
 .ARM.exidx.text._ZNSaIP16CommandParameterED2Ev
                0x00027de0        0x8 ./FeedSocketDriver/FeedSocketDriver.o
 .ARM.exidx.text._ZSt11__addressofIP16CommandParameterEPT_RS2_
                0x00027de8        0x0 ./FeedSocketDriver/FeedSocketDriver.o
                                  0x8 (size before relaxing)
 .ARM.exidx.text._ZNSt10_List_baseIP16CommandParameterSaIS1_EE11_M_put_nodeEPSt10_List_nodeIS1_E
                0x00027de8        0x8 ./FeedSocketDriver/FeedSocketDriver.o
 .ARM.exidx.text._ZNSt10_List_baseIP16CommandParameterSaIS1_EE11_M_get_nodeEv
                0x00027df0        0x8 ./FeedSocketDriver/FeedSocketDriver.o
 .ARM.exidx.text._ZN9__gnu_cxx13new_allocatorIP16CommandParameterE9constructEPS2_RKS2_
                0x00027df8        0x8 ./FeedSocketDriver/FeedSocketDriver.o
 .ARM.exidx.text._ZNSt10_List_baseI7CommandSaIS0_EE11_M_get_nodeEv
                0x00027e00        0x8 ./FeedSocketDriver/FeedSocketDriver.o
 .ARM.exidx.text._ZN9__gnu_cxx13new_allocatorI7CommandE9constructEPS1_RKS1_
                0x00027e08        0x8 ./FeedSocketDriver/FeedSocketDriver.o
 .ARM.exidx.text._ZNSaISt10_List_nodeI7CommandEEC2Ev
                0x00027e10        0x8 ./FeedSocketDriver/FeedSocketDriver.o
 .ARM.exidx.text._ZN9__gnu_cxx13new_allocatorISt10_List_nodeI7CommandEE10deallocateEPS3_j
                0x00027e18        0x0 ./FeedSocketDriver/FeedSocketDriver.o
                                  0x8 (size before relaxing)
 .ARM.exidx.text._ZN9__gnu_cxx13new_allocatorISt10_List_nodeI7CommandEEC2Ev
                0x00027e18        0x0 ./FeedSocketDriver/FeedSocketDriver.o
                                  0x8 (size before relaxing)
 .ARM.exidx.text._ZN9__gnu_cxx13new_allocatorISt10_List_nodeIP16CommandParameterEEC2Ev
                0x00027e18        0x0 ./FeedSocketDriver/FeedSocketDriver.o
                                  0x8 (size before relaxing)
 .ARM.exidx.text._ZNKSt10_List_baseIP16CommandParameterSaIS1_EE21_M_get_Node_allocatorEv
                0x00027e18        0x0 ./FeedSocketDriver/FeedSocketDriver.o
                                  0x8 (size before relaxing)
 .ARM.exidx.text._ZNSaIP16CommandParameterEC2ISt10_List_nodeIS0_EEERKSaIT_E
                0x00027e18        0x0 ./FeedSocketDriver/FeedSocketDriver.o
                                  0x8 (size before relaxing)
 .ARM.exidx.text._ZN9__gnu_cxx13new_allocatorIP16CommandParameterED2Ev
                0x00027e18        0x0 ./FeedSocketDriver/FeedSocketDriver.o
                                  0x8 (size before relaxing)
 .ARM.exidx.text._ZN9__gnu_cxx13new_allocatorISt10_List_nodeIP16CommandParameterEE10deallocateEPS4_j
                0x00027e18        0x0 ./FeedSocketDriver/FeedSocketDriver.o
                                  0x8 (size before relaxing)
 .ARM.exidx.text._ZN9__gnu_cxx13new_allocatorISt10_List_nodeIP16CommandParameterEE8allocateEjPKv
                0x00027e18        0x8 ./FeedSocketDriver/FeedSocketDriver.o
 .ARM.exidx.text._ZN9__gnu_cxx13new_allocatorISt10_List_nodeI7CommandEE8allocateEjPKv
                0x00027e20        0x8 ./FeedSocketDriver/FeedSocketDriver.o
 .ARM.exidx.text._ZN9__gnu_cxx13new_allocatorIP16CommandParameterEC2Ev
                0x00027e28        0x8 ./FeedSocketDriver/FeedSocketDriver.o
 .ARM.exidx.text._ZNK9__gnu_cxx13new_allocatorISt10_List_nodeIP16CommandParameterEE8max_sizeEv
                0x00027e30        0x0 ./FeedSocketDriver/FeedSocketDriver.o
                                  0x8 (size before relaxing)
 .ARM.exidx.text._ZNK9__gnu_cxx13new_allocatorISt10_List_nodeI7CommandEE8max_sizeEv
                0x00027e30        0x0 ./FeedSocketDriver/FeedSocketDriver.o
                                  0x8 (size before relaxing)
 .ARM.exidx     0x00027e30       0x40 ./FeedSocketDriver/FeedsSocketClient.o
                                 0x50 (size before relaxing)
                0x00027e70                PROVIDE (__exidx_end, .)

.eh_frame_hdr   0x00027e70        0x0
 *(.eh_frame_hdr)
 .eh_frame_hdr  0x00000000        0x0 /usr/lib/gcc/arm-linux-gnueabihf/4.6/../../../arm-linux-gnueabihf/crtn.o

.eh_frame       0x00027e70        0x4
 *(.eh_frame)
 .eh_frame      0x00027e70        0x4 /usr/lib/gcc/arm-linux-gnueabihf/4.6/crtendS.o

.gcc_except_table
 *(.gcc_except_table .gcc_except_table.*)

.exception_ranges
 *(.exception_ranges .exception_ranges*)
                0x00027e74                . = (ALIGN (0x8000) - ((0x8000 - .) & 0x7fff))
                0x00028000                . = DATA_SEGMENT_ALIGN (0x8000, 0x1000)

.eh_frame
 *(.eh_frame)

.gcc_except_table
 *(.gcc_except_table .gcc_except_table.*)

.exception_ranges
 *(.exception_ranges .exception_ranges*)

.tdata
 *(.tdata .tdata.* .gnu.linkonce.td.*)

.tbss
 *(.tbss .tbss.* .gnu.linkonce.tb.*)
 *(.tcommon)

.preinit_array
 *(.preinit_array)

.init_array     0x00028000       0x34
 *(SORT(.init_array.*) SORT(.ctors.*))
 *(.init_array)
 .init_array    0x00028000        0x4 /usr/lib/gcc/arm-linux-gnueabihf/4.6/crtbeginS.o
 .init_array    0x00028004        0x4 ./UltraHeatDriver/UltraHeatDriver.o
 .init_array    0x00028008        0x4 ./SysfsGenericGPIODriver/SysfsGenericGPIODriver.o
 .init_array    0x0002800c        0x4 ./SysfsInputDriver/SysfsInputDriver.o
 .init_array    0x00028010        0x4 ./SysfsOutputDriver/SysfsOutputDriver.o
 .init_array    0x00028014        0x4 ./GPIOLedDriver/GPIOLedDriver.o
 .init_array    0x00028018        0x4 ./GPIOKeyDriver/GPIOKeyDriver.o
 .init_array    0x0002801c        0x4 ./EntryPoint.o
 .init_array    0x00028020        0x4 ./ADCDriver/ADCDriver.o
 .init_array    0x00028024        0x4 ./RaspiGPIO/RaspiGPInputDriver.o
 .init_array    0x00028028        0x4 ./RaspiGPIO/RaspiGPOutputDriver.o
 .init_array    0x0002802c        0x4 ./FeedSocketDriver/FeedSocketDriver.o
 .init_array    0x00028030        0x4 ./FeedSocketDriver/FeedsSocketClient.o
 *(EXCLUDE_FILE(*crtend?.o *crtend.o *crtbegin?.o *crtbegin.o) .ctors)

.fini_array     0x00028034        0x4
 *(SORT(.fini_array.*) SORT(.dtors.*))
 *(.fini_array)
 .fini_array    0x00028034        0x4 /usr/lib/gcc/arm-linux-gnueabihf/4.6/crtbeginS.o
 *(EXCLUDE_FILE(*crtend?.o *crtend.o *crtbegin?.o *crtbegin.o) .dtors)

.ctors
 *crtbegin.o(.ctors)
 *crtbegin?.o(.ctors)
 *(EXCLUDE_FILE(*crtend?.o *crtend.o) .ctors)
 *(SORT(.ctors.*))
 *(.ctors)

.dtors
 *crtbegin.o(.dtors)
 *crtbegin?.o(.dtors)
 *(EXCLUDE_FILE(*crtend?.o *crtend.o) .dtors)
 *(SORT(.dtors.*))
 *(.dtors)

.jcr            0x00028038        0x4
 *(.jcr)
 .jcr           0x00028038        0x0 /usr/lib/gcc/arm-linux-gnueabihf/4.6/crtbeginS.o
 .jcr           0x00028038        0x4 /usr/lib/gcc/arm-linux-gnueabihf/4.6/crtendS.o

.data.rel.ro    0x00028040      0x330
 *(.data.rel.ro.local* .gnu.linkonce.d.rel.ro.local.*)
 .data.rel.ro.local
                0x00028040        0x4 ./FeedSocketDriver/FeedSocketDriver.o
 *(.data.rel.ro* .gnu.linkonce.d.rel.ro.*)
 *fill*         0x00028044        0x4 00
 .data.rel.ro   0x00028048       0x48 ./UltraHeatDriver/UltraHeatDriver.o
                0x00028048                _ZTI15UltraHeatDriver
                0x00028058                _ZTV15UltraHeatDriver
 .data.rel.ro   0x00028090       0x58 ./SysfsGenericGPIODriver/SysfsGenericGPIODriver.o
                0x00028090                _ZTI22SysfsGenericGPIODriver
                0x000280a0                _ZTV22SysfsGenericGPIODriver
 .data.rel.ro   0x000280e8       0x58 ./SysfsInputDriver/SysfsInputDriver.o
                0x000280e8                _ZTI16SysfsInputDriver
                0x000280f8                _ZTV16SysfsInputDriver
 .data.rel.ro   0x00028140       0x58 ./SysfsOutputDriver/SysfsOutputDriver.o
                0x00028140                _ZTI17SysfsOutputDriver
                0x00028150                _ZTV17SysfsOutputDriver
 .data.rel.ro   0x00028198       0x50 ./GPIOLedDriver/GPIOLedDriver.o
                0x00028198                _ZTI13GPIOLedDriver
                0x000281a8                _ZTV13GPIOLedDriver
 .data.rel.ro   0x000281e8       0x48 ./GPIOKeyDriver/GPIOKeyDriver.o
                0x000281e8                _ZTI13GPIOKeyDriver
                0x000281f8                _ZTV13GPIOKeyDriver
 .data.rel.ro   0x00028230       0x48 ./ADCDriver/ADCDriver.o
                0x00028230                _ZTI9ADCDriver
                0x00028240                _ZTV9ADCDriver
 .data.rel.ro   0x00028278       0x48 ./RaspiGPIO/RaspiGPInputDriver.o
                0x00028278                _ZTI18RaspiGPInputDriver
                0x00028288                _ZTV18RaspiGPInputDriver
 .data.rel.ro   0x000282c0       0x50 ./RaspiGPIO/RaspiGPOutputDriver.o
                0x000282c0                _ZTI19RaspiGPOutputDriver
                0x000282d0                _ZTV19RaspiGPOutputDriver
 .data.rel.ro   0x00028310       0x48 ./FeedSocketDriver/FeedSocketDriver.o
                0x00028310                _ZTV16FeedSocketDriver
                0x00028348                _ZTI16FeedSocketDriver
 .data.rel.ro   0x00028358       0x18 ./FeedSocketDriver/FeedsSocketClient.o
                0x00028358                _ZTV17FeedsSocketClient
                0x00028368                _ZTI17FeedsSocketClient

.dynamic        0x00028370      0x108
 *(.dynamic)
 .dynamic       0x00028370      0x108 /usr/lib/gcc/arm-linux-gnueabihf/4.6/../../../arm-linux-gnueabihf/crti.o
                0x00028370                _DYNAMIC
                0x00028478                . = DATA_SEGMENT_RELRO_END (., 0x0)

.got            0x00028478      0x4b0
 *(.got.plt)
 .got.plt       0x00028478      0x438 /usr/lib/gcc/arm-linux-gnueabihf/4.6/../../../arm-linux-gnueabihf/crti.o
                0x00028478                _GLOBAL_OFFSET_TABLE_
 *(.igot.plt)
 .igot.plt      0x00000000        0x0 /usr/lib/gcc/arm-linux-gnueabihf/4.6/../../../arm-linux-gnueabihf/crti.o
 *(.got)
 .got           0x000288b0       0x78 /usr/lib/gcc/arm-linux-gnueabihf/4.6/../../../arm-linux-gnueabihf/crti.o
 *(.igot)

.data           0x00028928       0x1c
                0x00028928                PROVIDE (__data_start, .)
 *(.data .data.* .gnu.linkonce.d.*)
 .data          0x00028928        0x0 /usr/lib/gcc/arm-linux-gnueabihf/4.6/../../../arm-linux-gnueabihf/crti.o
 .data          0x00028928        0x0 /usr/lib/gcc/arm-linux-gnueabihf/4.6/crtbeginS.o
 .data.rel      0x00028928        0x4 /usr/lib/gcc/arm-linux-gnueabihf/4.6/crtbeginS.o
                0x00028928                __dso_handle
 .data          0x0002892c        0x0 ./UltraHeatDriver/UltraHeatDriver.o
 .data          0x0002892c        0x0 ./SysfsGenericGPIODriver/SysfsGenericGPIODriver.o
 .data          0x0002892c        0x0 ./SysfsInputDriver/SysfsInputDriver.o
 .data          0x0002892c        0x0 ./SysfsOutputDriver/SysfsOutputDriver.o
 .data          0x0002892c        0x0 ./GPIOLedDriver/GPIOLedDriver.o
 .data          0x0002892c        0x0 ./GPIOKeyDriver/GPIOKeyDriver.o
 .data          0x0002892c        0x0 ./EntryPoint.o
 .data          0x0002892c        0x0 ./ADCDriver/ADCDriver.o
 .data          0x0002892c        0x0 ./RaspiGPIO/RaspiGPInputDriver.o
 .data          0x0002892c        0x0 ./RaspiGPIO/RaspiGPOutputDriver.o
 .data          0x0002892c       0x18 ./RaspiGPIO/bcm2835.o
 .data          0x00028944        0x0 ./FeedSocketDriver/FeedSocketDriver.o
 .data          0x00028944        0x0 ./FeedSocketDriver/FeedsSocketClient.o
 .data          0x00028944        0x0 /usr/lib/gcc/arm-linux-gnueabihf/4.6/crtendS.o
 .data          0x00028944        0x0 /usr/lib/gcc/arm-linux-gnueabihf/4.6/../../../arm-linux-gnueabihf/crtn.o

.data1
 *(.data1)
                0x00028944                _edata = .
                0x00028944                PROVIDE (edata, .)
                0x00028944                __bss_start = .
                0x00028944                __bss_start__ = .

.bss            0x00028944       0x50
 *(.dynbss)
 .dynbss        0x00000000        0x0 /usr/lib/gcc/arm-linux-gnueabihf/4.6/../../../arm-linux-gnueabihf/crti.o
 *(.bss .bss.* .gnu.linkonce.b.*)
 .bss           0x00028944        0x0 /usr/lib/gcc/arm-linux-gnueabihf/4.6/../../../arm-linux-gnueabihf/crti.o
 .bss           0x00028944        0x1 /usr/lib/gcc/arm-linux-gnueabihf/4.6/crtbeginS.o
 *fill*         0x00028945        0x3 00
 .bss           0x00028948        0x4 ./UltraHeatDriver/UltraHeatDriver.o
 .bss           0x0002894c        0x4 ./SysfsGenericGPIODriver/SysfsGenericGPIODriver.o
 .bss           0x00028950        0x4 ./SysfsInputDriver/SysfsInputDriver.o
 .bss           0x00028954        0x4 ./SysfsOutputDriver/SysfsOutputDriver.o
 .bss           0x00028958        0x4 ./GPIOLedDriver/GPIOLedDriver.o
 .bss           0x0002895c        0x4 ./GPIOKeyDriver/GPIOKeyDriver.o
 .bss           0x00028960        0x4 ./EntryPoint.o
 .bss           0x00028964        0x4 ./ADCDriver/ADCDriver.o
 .bss           0x00028968        0x4 ./RaspiGPIO/RaspiGPInputDriver.o
 .bss           0x0002896c        0x4 ./RaspiGPIO/RaspiGPOutputDriver.o
 .bss           0x00028970       0x18 ./RaspiGPIO/bcm2835.o
 .bss           0x00028988        0x4 ./FeedSocketDriver/FeedSocketDriver.o
 .bss           0x0002898c        0x8 ./FeedSocketDriver/FeedsSocketClient.o
                0x0002898c                _ZN17FeedsSocketClient8instanceE
 .bss           0x00028994        0x0 /usr/lib/gcc/arm-linux-gnueabihf/4.6/crtendS.o
 .bss           0x00028994        0x0 /usr/lib/gcc/arm-linux-gnueabihf/4.6/../../../arm-linux-gnueabihf/crtn.o
 *(COMMON)
                0x00028994                . = ALIGN ((. != 0x0)?0x4:0x1)
                0x00028994                _bss_end__ = .
                0x00028994                __bss_end__ = .
                0x00028994                . = ALIGN (0x4)
                0x00028994                . = ALIGN (0x4)
                0x00028994                __end__ = .
                0x00028994                _end = .
                0x00028994                PROVIDE (end, .)
                0x00028994                . = DATA_SEGMENT_END (.)

.stab
 *(.stab)

.stabstr
 *(.stabstr)

.stab.excl
 *(.stab.excl)

.stab.exclstr
 *(.stab.exclstr)

.stab.index
 *(.stab.index)

.stab.indexstr
 *(.stab.indexstr)

.comment        0x00000000       0x22
 *(.comment)
 .comment       0x00000000       0x22 /usr/lib/gcc/arm-linux-gnueabihf/4.6/crtbeginS.o
                                 0x23 (size before relaxing)
 .comment       0x00000000       0x23 ./UltraHeatDriver/UltraHeatDriver.o
 .comment       0x00000000       0x23 ./SysfsGenericGPIODriver/SysfsGenericGPIODriver.o
 .comment       0x00000000       0x23 ./SysfsInputDriver/SysfsInputDriver.o
 .comment       0x00000000       0x23 ./SysfsOutputDriver/SysfsOutputDriver.o
 .comment       0x00000000       0x23 ./GPIOLedDriver/GPIOLedDriver.o
 .comment       0x00000000       0x23 ./GPIOKeyDriver/GPIOKeyDriver.o
 .comment       0x00000000       0x23 ./EntryPoint.o
 .comment       0x00000000       0x23 ./ADCDriver/ADCDriver.o
 .comment       0x00000000       0x23 ./RaspiGPIO/RaspiGPInputDriver.o
 .comment       0x00000000       0x23 ./RaspiGPIO/RaspiGPOutputDriver.o
 .comment       0x00000000       0x23 ./RaspiGPIO/bcm2835.o
 .comment       0x00000000       0x23 ./FeedSocketDriver/FeedSocketDriver.o
 .comment       0x00000000       0x23 ./FeedSocketDriver/FeedsSocketClient.o
 .comment       0x00000000       0x23 /usr/lib/gcc/arm-linux-gnueabihf/4.6/crtendS.o

.ARM.attributes
                0x00000000       0x31
 .ARM.attributes
                0x00000000       0x31 /usr/lib/gcc/arm-linux-gnueabihf/4.6/../../../arm-linux-gnueabihf/crti.o
 .ARM.attributes
                0x00000031       0x31 /usr/lib/gcc/arm-linux-gnueabihf/4.6/crtbeginS.o
 .ARM.attributes
                0x00000062       0x31 ./UltraHeatDriver/UltraHeatDriver.o
 .ARM.attributes
                0x00000093       0x31 ./SysfsGenericGPIODriver/SysfsGenericGPIODriver.o
 .ARM.attributes
                0x000000c4       0x31 ./SysfsInputDriver/SysfsInputDriver.o
 .ARM.attributes
                0x000000f5       0x31 ./SysfsOutputDriver/SysfsOutputDriver.o
 .ARM.attributes
                0x00000126       0x31 ./GPIOLedDriver/GPIOLedDriver.o
 .ARM.attributes
                0x00000157       0x31 ./GPIOKeyDriver/GPIOKeyDriver.o
 .ARM.attributes
                0x00000188       0x31 ./EntryPoint.o
 .ARM.attributes
                0x000001b9       0x31 ./ADCDriver/ADCDriver.o
 .ARM.attributes