
Discarded input sections

 .note.GNU-stack
                0x00000000        0x0 /usr/lib/gcc/armv5tel-unknown-linux-gnueabi/4.7.2/../../../crti.o
 .note.GNU-stack
                0x00000000        0x0 /usr/lib/gcc/armv5tel-unknown-linux-gnueabi/4.7.2/crtbeginS.o
 .group         0x00000000       0x10 ./UltraHeatDriver/UltraHeatDriver.o
 .group         0x00000000       0x10 ./UltraHeatDriver/UltraHeatDriver.o
 .group         0x00000000       0x10 ./UltraHeatDriver/UltraHeatDriver.o
 .group         0x00000000       0x10 ./UltraHeatDriver/UltraHeatDriver.o
 .group         0x00000000       0x10 ./UltraHeatDriver/UltraHeatDriver.o
 .group         0x00000000       0x10 ./UltraHeatDriver/UltraHeatDriver.o
 .group         0x00000000       0x10 ./UltraHeatDriver/UltraHeatDriver.o
 .group         0x00000000       0x10 ./UltraHeatDriver/UltraHeatDriver.o
 .group         0x00000000       0x10 ./UltraHeatDriver/UltraHeatDriver.o
 .group         0x00000000       0x10 ./UltraHeatDriver/UltraHeatDriver.o
 .group         0x00000000       0x10 ./UltraHeatDriver/UltraHeatDriver.o
 .group         0x00000000       0x10 ./UltraHeatDriver/UltraHeatDriver.o
 .group         0x00000000       0x10 ./UltraHeatDriver/UltraHeatDriver.o
 .group         0x00000000       0x10 ./UltraHeatDriver/UltraHeatDriver.o
 .group         0x00000000       0x10 ./UltraHeatDriver/UltraHeatDriver.o
 .group         0x00000000       0x10 ./UltraHeatDriver/UltraHeatDriver.o
 .group         0x00000000       0x10 ./UltraHeatDriver/UltraHeatDriver.o
 .group         0x00000000       0x10 ./UltraHeatDriver/UltraHeatDriver.o
 .group         0x00000000       0x10 ./UltraHeatDriver/UltraHeatDriver.o
 .group         0x00000000       0x10 ./UltraHeatDriver/UltraHeatDriver.o
 .group         0x00000000       0x10 ./UltraHeatDriver/UltraHeatDriver.o
 .group         0x00000000       0x10 ./UltraHeatDriver/UltraHeatDriver.o
 .group         0x00000000       0x10 ./UltraHeatDriver/UltraHeatDriver.o
 .group         0x00000000       0x10 ./UltraHeatDriver/UltraHeatDriver.o
 .group         0x00000000       0x10 ./UltraHeatDriver/UltraHeatDriver.o
 .group         0x00000000       0x10 ./UltraHeatDriver/UltraHeatDriver.o
 .group         0x00000000       0x10 ./UltraHeatDriver/UltraHeatDriver.o
 .group         0x00000000       0x10 ./UltraHeatDriver/UltraHeatDriver.o
 .group         0x00000000       0x10 ./UltraHeatDriver/UltraHeatDriver.o
 .group         0x00000000       0x10 ./UltraHeatDriver/UltraHeatDriver.o
 .group         0x00000000       0x10 ./UltraHeatDriver/UltraHeatDriver.o
 .group         0x00000000       0x10 ./UltraHeatDriver/UltraHeatDriver.o
 .group         0x00000000       0x10 ./UltraHeatDriver/UltraHeatDriver.o
 .group         0x00000000       0x10 ./UltraHeatDriver/UltraHeatDriver.o
 .group         0x00000000       0x10 ./UltraHeatDriver/UltraHeatDriver.o
 .group         0x00000000       0x10 ./UltraHeatDriver/UltraHeatDriver.o
 .group         0x00000000       0x10 ./UltraHeatDriver/UltraHeatDriver.o
 .group         0x00000000       0x10 ./UltraHeatDriver/UltraHeatDriver.o
 .group         0x00000000       0x10 ./UltraHeatDriver/UltraHeatDriver.o
 .group         0x00000000       0x10 ./UltraHeatDriver/UltraHeatDriver.o
 .group         0x00000000       0x10 ./UltraHeatDriver/UltraHeatDriver.o
 .group         0x00000000       0x10 ./UltraHeatDriver/UltraHeatDriver.o
 .group         0x00000000       0x10 ./UltraHeatDriver/UltraHeatDriver.o
 .group         0x00000000       0x10 ./UltraHeatDriver/UltraHeatDriver.o
 .group         0x00000000       0x10 ./UltraHeatDriver/UltraHeatDriver.o
 .group         0x00000000       0x10 ./UltraHeatDriver/UltraHeatDriver.o
 .group         0x00000000       0x10 ./UltraHeatDriver/UltraHeatDriver.o
 .group         0x00000000       0x10 ./UltraHeatDriver/UltraHeatDriver.o
 .group         0x00000000       0x10 ./UltraHeatDriver/UltraHeatDriver.o
 .group         0x00000000       0x10 ./UltraHeatDriver/UltraHeatDriver.o
 .group         0x00000000       0x10 ./UltraHeatDriver/UltraHeatDriver.o
 .group         0x00000000       0x10 ./UltraHeatDriver/UltraHeatDriver.o
 .group         0x00000000       0x10 ./UltraHeatDriver/UltraHeatDriver.o
 .group         0x00000000       0x10 ./UltraHeatDriver/UltraHeatDriver.o
 .group         0x00000000       0x10 ./UltraHeatDriver/UltraHeatDriver.o
 .group         0x00000000       0x10 ./UltraHeatDriver/UltraHeatDriver.o
 .group         0x00000000       0x10 ./UltraHeatDriver/UltraHeatDriver.o
 .group         0x00000000       0x10 ./UltraHeatDriver/UltraHeatDriver.o
 .group         0x00000000       0x10 ./UltraHeatDriver/UltraHeatDriver.o
 .group         0x00000000       0x10 ./UltraHeatDriver/UltraHeatDriver.o
 .group         0x00000000       0x10 ./UltraHeatDriver/UltraHeatDriver.o
 .group         0x00000000       0x10 ./UltraHeatDriver/UltraHeatDriver.o
 .group         0x00000000       0x10 ./UltraHeatDriver/UltraHeatDriver.o
[...]
Memory Configuration

Name             Origin             Length             Attributes
*default*        0x00000000         0xffffffff

Linker script and memory map

LOAD /usr/lib/gcc/armv5tel-unknown-linux-gnueabi/4.7.2/../../../crti.o
LOAD /usr/lib/gcc/armv5tel-unknown-linux-gnueabi/4.7.2/crtbeginS.o
LOAD ./UltraHeatDriver/UltraHeatDriver.o
LOAD ./SysfsGenericGPIODriver/SysfsGenericGPIODriver.o
LOAD ./GPIOLedDriver/GPIOLedDriver.o
LOAD ./GPIOKeyDriver/GPIOKeyDriver.o
LOAD ./EntryPoint.o
LOAD ./ADCDriver/ADCDriver.o
LOAD ../../Common/Debug/libCommon.so
LOAD /usr/lib/gcc/armv5tel-unknown-linux-gnueabi/4.7.2/../../../libstdc++.so
LOAD /usr/lib/gcc/armv5tel-unknown-linux-gnueabi/4.7.2/../../../libm.so
LOAD /usr/lib/gcc/armv5tel-unknown-linux-gnueabi/4.7.2/../../../libgcc_s.so
START GROUP
LOAD /usr/lib/gcc/armv5tel-unknown-linux-gnueabi/4.7.2/../../../libgcc_s.so.1
LOAD /usr/lib/gcc/armv5tel-unknown-linux-gnueabi/4.7.2/libgcc.a
END GROUP
LOAD /usr/lib/gcc/armv5tel-unknown-linux-gnueabi/4.7.2/../../../libc.so
START GROUP
LOAD /lib/libc.so.6
LOAD /usr/lib/libc_nonshared.a
LOAD /lib/ld-linux.so.3
END GROUP
LOAD /usr/lib/gcc/armv5tel-unknown-linux-gnueabi/4.7.2/../../../libgcc_s.so
START GROUP
LOAD /usr/lib/gcc/armv5tel-unknown-linux-gnueabi/4.7.2/../../../libgcc_s.so.1
LOAD /usr/lib/gcc/armv5tel-unknown-linux-gnueabi/4.7.2/libgcc.a
END GROUP
LOAD /usr/lib/gcc/armv5tel-unknown-linux-gnueabi/4.7.2/crtendS.o
LOAD /usr/lib/gcc/armv5tel-unknown-linux-gnueabi/4.7.2/../../../crtn.o
                0x000000f4                . = (0x0 + SIZEOF_HEADERS)

.note.gnu.build-id
                0x000000f4       0x24
 *(.note.gnu.build-id)
 .note.gnu.build-id
                0x000000f4       0x24 linker stubs

.hash
 *(.hash)

.gnu.hash       0x00000118      0xad8
 *(.gnu.hash)
 .gnu.hash      0x00000118      0xad8 /usr/lib/gcc/armv5tel-unknown-linux-gnueabi/4.7.2/../../../crti.o

.dynsym         0x00000bf0     0x1cd0
 *(.dynsym)
 .dynsym        0x00000bf0     0x1cd0 /usr/lib/gcc/armv5tel-unknown-linux-gnueabi/4.7.2/../../../crti.o

.dynstr         0x000028c0     0x43e3
 *(.dynstr)
 .dynstr        0x000028c0     0x43e3 /usr/lib/gcc/armv5tel-unknown-linux-gnueabi/4.7.2/../../../crti.o

.gnu.version    0x00006ca4      0x39a
 *(.gnu.version)
 .gnu.version   0x00006ca4      0x39a /usr/lib/gcc/armv5tel-unknown-linux-gnueabi/4.7.2/../../../crti.o

.gnu.version_d  0x00007040        0x0
 *(.gnu.version_d)
 .gnu.version_d
                0x00000000        0x0 /usr/lib/gcc/armv5tel-unknown-linux-gnueabi/4.7.2/../../../crti.o

.gnu.version_r  0x00007040       0x90
 *(.gnu.version_r)
 .gnu.version_r
                0x00007040       0x90 /usr/lib/gcc/armv5tel-unknown-linux-gnueabi/4.7.2/../../../crti.o

.rel.dyn        0x000070d0      0x3d0
 *(.rel.init)
 *(.rel.text .rel.text.* .rel.gnu.linkonce.t.*)
 .rel.text      0x00000000        0x0 /usr/lib/gcc/armv5tel-unknown-linux-gnueabi/4.7.2/../../../crti.o
 *(.rel.fini)
 *(.rel.rodata .rel.rodata.* .rel.gnu.linkonce.r.*)
 *(.rel.data.rel.ro .rel.data.rel.ro.* .rel.gnu.linkonce.d.rel.ro.*)
 .rel.data.rel.ro
                0x000070d0      0x2d0 /usr/lib/gcc/armv5tel-unknown-linux-gnueabi/4.7.2/../../../crti.o
 .rel.data.rel.ro.local
                0x000073a0       0x28 /usr/lib/gcc/armv5tel-unknown-linux-gnueabi/4.7.2/../../../crti.o
 *(.rel.data .rel.data.* .rel.gnu.linkonce.d.*)
 .rel.data.rel  0x000073c8        0x8 /usr/lib/gcc/armv5tel-unknown-linux-gnueabi/4.7.2/../../../crti.o
 *(.rel.tdata .rel.tdata.* .rel.gnu.linkonce.td.*)
 *(.rel.tbss .rel.tbss.* .rel.gnu.linkonce.tb.*)
 *(.rel.ctors)
 *(.rel.dtors)
 *(.rel.got)
 .rel.got       0x000073d0       0x90 /usr/lib/gcc/armv5tel-unknown-linux-gnueabi/4.7.2/../../../crti.o
 *(.rel.bss .rel.bss.* .rel.gnu.linkonce.b.*)
 *(.rel.iplt)
 .rel.iplt      0x00000000        0x0 /usr/lib/gcc/armv5tel-unknown-linux-gnueabi/4.7.2/../../../crti.o
 .rel.fini_array
                0x00007460        0x8 /usr/lib/gcc/armv5tel-unknown-linux-gnueabi/4.7.2/../../../crti.o
 .rel.init_array
                0x00007468       0x38 /usr/lib/gcc/armv5tel-unknown-linux-gnueabi/4.7.2/../../../crti.o

.rela.dyn
 *(.rela.init)
 *(.rela.text .rela.text.* .rela.gnu.linkonce.t.*)
 *(.rela.fini)
 *(.rela.rodata .rela.rodata.* .rela.gnu.linkonce.r.*)
 *(.rela.data .rela.data.* .rela.gnu.linkonce.d.*)
 *(.rela.tdata .rela.tdata.* .rela.gnu.linkonce.td.*)
 *(.rela.tbss .rela.tbss.* .rela.gnu.linkonce.tb.*)
 *(.rela.ctors)
 *(.rela.dtors)
 *(.rela.got)
 *(.rela.bss .rela.bss.* .rela.gnu.linkonce.b.*)
 *(.rela.iplt)

.rel.plt        0x000074a0      0x8c0
 *(.rel.plt)
 .rel.plt       0x000074a0      0x8c0 /usr/lib/gcc/armv5tel-unknown-linux-gnueabi/4.7.2/../../../crti.o

.rela.plt
 *(.rela.plt)

.init           0x00007d60        0xc
 *(SORT(.init))
 .init          0x00007d60        0x8 /usr/lib/gcc/armv5tel-unknown-linux-gnueabi/4.7.2/../../../crti.o
                0x00007d60                _init
 .init          0x00007d68        0x4 /usr/lib/gcc/armv5tel-unknown-linux-gnueabi/4.7.2/../../../crtn.o

.plt            0x00007d6c      0xd34
 *(.plt)
 .plt           0x00007d6c      0xd34 /usr/lib/gcc/armv5tel-unknown-linux-gnueabi/4.7.2/../../../crti.o

.iplt           0x00008aa0        0x0
 *(.iplt)
 .iplt          0x00000000        0x0 /usr/lib/gcc/armv5tel-unknown-linux-gnueabi/4.7.2/../../../crti.o

.text           0x00008aa0     0xb52c
 *(.text.unlikely .text.*_unlikely)
 *(.text.exit .text.exit.*)
 *(.text.startup .text.startup.*)
 *(.text.hot .text.hot.*)
 *(.text .stub .text.* .gnu.linkonce.t.*)
 .text          0x00008aa0       0x24 /usr/lib/gcc/armv5tel-unknown-linux-gnueabi/4.7.2/../../../crti.o
 .text          0x00008ac4      0x160 /usr/lib/gcc/armv5tel-unknown-linux-gnueabi/4.7.2/crtbeginS.o
 *fill*         0x00008c24        0x4 
 .text          0x00008c28     0x3268 ./UltraHeatDriver/UltraHeatDriver.o
                0x00008c28                UltraHeatDriver::UltraHeatDriver()
                0x00008c28                UltraHeatDriver::UltraHeatDriver()
                0x000092fc                UltraHeatDriver::~UltraHeatDriver()
                0x000092fc                UltraHeatDriver::~UltraHeatDriver()
                0x00009388                UltraHeatDriver::~UltraHeatDriver()
                0x000093b8                UltraHeatDriver::Type()
                0x000093e4                UltraHeatDriver::Version()
                0x00009410                UltraHeatDriver::Name()
                0x0000943c                UltraHeatDriver::Description()
                0x00009468                UltraHeatDriver::Publisher()
                0x00009494                UltraHeatDriver::ExecuteCommand(Command)
                0x0000a118                UltraHeatDriver::Commands()
                0x0000a1f4                UltraHeatDriver::Clone()
                0x0000a240                UltraHeatDriver::GetCommand(char const*)
                0x0000a374                UltraHeatDriver::Open_port()
                0x0000ae10                UltraHeatDriver::Close_port(int)
                0x0000af30                UltraHeatDriver::WriteData(std::string)
                0x0000b258                UltraHeatDriver::CreateMessage(std::string, std::string)
                0x0000b5c8                ReadDataThreadRun(void*)
                0x0000bcd4                UltraHeatDriver::StartReadDataThread()
                0x0000bda0                UltraHeatDriver::StopReadDataThread()
 .text._ZnwjPv  0x0000be90       0x28 ./UltraHeatDriver/UltraHeatDriver.o
                0x0000be90                operator new(unsigned int, void*)
 .text._ZdlPvS_
                0x0000beb8       0x20 ./UltraHeatDriver/UltraHeatDriver.o
                0x0000beb8                operator delete(void*, void*)
 .text._ZNSt11char_traitsIcE6lengthEPKc
                0x0000bed8       0x28 ./UltraHeatDriver/UltraHeatDriver.o
                0x0000bed8                std::char_traits<char>::length(char const*)
 .text._ZN16CommandParameterC2ESsPvSs
                0x0000bf00       0xa0 ./UltraHeatDriver/UltraHeatDriver.o
                0x0000bf00                CommandParameter::CommandParameter(std::string, void*, std::string)
                0x0000bf00                CommandParameter::CommandParameter(std::string, void*, std::string)
 .text._ZN16CommandParameter5CloneEv
                0x0000bfa0      0x1ac ./UltraHeatDriver/UltraHeatDriver.o
                0x0000bfa0                CommandParameter::Clone()
 .text._ZN7CommandC2ERKS_
                0x0000c14c      0x180 ./UltraHeatDriver/UltraHeatDriver.o
                0x0000c14c                Command::Command(Command const&)
                0x0000c14c                Command::Command(Command const&)
 .text._ZNSt4listI7CommandSaIS0_EED2Ev
                0x0000c2cc       0x2c ./UltraHeatDriver/UltraHeatDriver.o
                0x0000c2cc                std::list<Command, std::allocator<Command> >::~list()
                0x0000c2cc                std::list<Command, std::allocator<Command> >::~list()
 .text._ZSteqIcSt11char_traitsIcESaIcEEbRKSbIT_T0_T1_EPKS3_
                0x0000c2f8       0x40 ./UltraHeatDriver/UltraHeatDriver.o
                0x0000c2f8                bool std::operator==<char, std::char_traits<char>, std::allocator<char> >(std::basic_string<char, std::char_traits<char>, std::allocator<char> > const&, char const*)
 .text._ZStplIcSt11char_traitsIcESaIcEESbIT_T0_T1_EPKS3_RKS6_
                0x0000c338       0x8c ./UltraHeatDriver/UltraHeatDriver.o
                0x0000c338                std::basic_string<char, std::char_traits<char>, std::allocator<char> > std::operator+<char, std::char_traits<char>, std::allocator<char> >(char const*, std::basic_string<char, std::char_traits<char>, std::allocator<char> > const&)
 .text._ZStplIcSt11char_traitsIcESaIcEESbIT_T0_T1_ERKS6_PKS3_
                0x0000c3c4       0x4c ./UltraHeatDriver/UltraHeatDriver.o
                0x0000c3c4                std::basic_string<char, std::char_traits<char>, std::allocator<char> > std::operator+<char, std::char_traits<char>, std::allocator<char> >(std::basic_string<char, std::char_traits<char>, std::allocator<char> > const&, char const*)
 .text._ZNSt4listIP16CommandParameterSaIS1_EEC2Ev
                0x0000c410       0x2c ./UltraHeatDriver/UltraHeatDriver.o
                0x0000c410                std::list<CommandParameter*, std::allocator<CommandParameter*> >::list()
                0x0000c410                std::list<CommandParameter*, std::allocator<CommandParameter*> >::list()
 .text._ZNSt14_List_iteratorIP16CommandParameterEC2Ev
                0x0000c43c       0x30 ./UltraHeatDriver/UltraHeatDriver.o
                0x0000c43c                std::_List_iterator<CommandParameter*>::_List_iterator()
                0x0000c43c                std::_List_iterator<CommandParameter*>::_List_iterator()
 .text._ZNSt4listIP16CommandParameterSaIS1_EE5beginEv
                0x0000c46c       0x38 ./UltraHeatDriver/UltraHeatDriver.o
                0x0000c46c                std::list<CommandParameter*, std::allocator<CommandParameter*> >::begin()
 .text._ZNSt4listIP16CommandParameterSaIS1_EE3endEv
                0x0000c4a4       0x34 ./UltraHeatDriver/UltraHeatDriver.o
                0x0000c4a4                std::list<CommandParameter*, std::allocator<CommandParameter*> >::end()
 .text._ZNKSt14_List_iteratorIP16CommandParameterEneERKS2_
                0x0000c4d8       0x44 ./UltraHeatDriver/UltraHeatDriver.o
                0x0000c4d8                std::_List_iterator<CommandParameter*>::operator!=(std::_List_iterator<CommandParameter*> const&) const
 .text._ZNSt14_List_iteratorIP16CommandParameterEppEi
                0x0000c51c       0x48 ./UltraHeatDriver/UltraHeatDriver.o
                0x0000c51c                std::_List_iterator<CommandParameter*>::operator++(int)
 .text._ZNKSt14_List_iteratorIP16CommandParameterEdeEv
                0x0000c564       0x2c ./UltraHeatDriver/UltraHeatDriver.o
                0x0000c564                std::_List_iterator<CommandParameter*>::operator*() const
 .text._ZNSt4listIP16CommandParameterSaIS1_EE9push_backERKS1_
                0x0000c590       0x38 ./UltraHeatDriver/UltraHeatDriver.o
                0x0000c590                std::list<CommandParameter*, std::allocator<CommandParameter*> >::push_back(CommandParameter* const&)
 .text._ZNSt4listI7CommandSaIS0_EE9push_backERKS0_
                0x0000c5c8       0x38 ./UltraHeatDriver/UltraHeatDriver.o
                0x0000c5c8                std::list<Command, std::allocator<Command> >::push_back(Command const&)
 .text._ZNSt4listI7CommandSaIS0_EEC2Ev
                0x0000c600       0x2c ./UltraHeatDriver/UltraHeatDriver.o
                0x0000c600                std::list<Command, std::allocator<Command> >::list()
                0x0000c600                std::list<Command, std::allocator<Command> >::list()
 .text._ZNSt10_List_baseI7CommandSaIS0_EE10_List_implD2Ev
                0x0000c62c       0x28 ./UltraHeatDriver/UltraHeatDriver.o
                0x0000c62c                std::_List_base<Command, std::allocator<Command> >::_List_impl::~_List_impl()
                0x0000c62c                std::_List_base<Command, std::allocator<Command> >::_List_impl::~_List_impl()
 .text._ZNSt10_List_baseI7CommandSaIS0_EED2Ev
                0x0000c654       0x48 ./UltraHeatDriver/UltraHeatDriver.o
                0x0000c654                std::_List_base<Command, std::allocator<Command> >::~_List_base()
                0x0000c654                std::_List_base<Command, std::allocator<Command> >::~_List_base()
 .text._ZNSt14_List_iteratorI7CommandEC2Ev
                0x0000c69c       0x30 ./UltraHeatDriver/UltraHeatDriver.o
                0x0000c69c                std::_List_iterator<Command>::_List_iterator()
                0x0000c69c                std::_List_iterator<Command>::_List_iterator()
 .text._ZNSt4listI7CommandSaIS0_EE5beginEv
                0x0000c6cc       0x38 ./UltraHeatDriver/UltraHeatDriver.o
                0x0000c6cc                std::list<Command, std::allocator<Command> >::begin()
 .text._ZNSt4listI7CommandSaIS0_EE3endEv
                0x0000c704       0x34 ./UltraHeatDriver/UltraHeatDriver.o
                0x0000c704                std::list<Command, std::allocator<Command> >::end()
 .text._ZNKSt14_List_iteratorI7CommandEneERKS1_
                0x0000c738       0x44 ./UltraHeatDriver/UltraHeatDriver.o
                0x0000c738                std::_List_iterator<Command>::operator!=(std::_List_iterator<Command> const&) const
 .text._ZNSt14_List_iteratorI7CommandEppEi
                0x0000c77c       0x48 ./UltraHeatDriver/UltraHeatDriver.o
                0x0000c77c                std::_List_iterator<Command>::operator++(int)
 .text._ZNKSt14_List_iteratorI7CommandEdeEv
                0x0000c7c4       0x2c ./UltraHeatDriver/UltraHeatDriver.o
                0x0000c7c4                std::_List_iterator<Command>::operator*() const
 .text._ZNSt10_List_baseIP16CommandParameterSaIS1_EE10_List_implD2Ev
                0x0000c7f0       0x28 ./UltraHeatDriver/UltraHeatDriver.o
                0x0000c7f0                std::_List_base<CommandParameter*, std::allocator<CommandParameter*> >::_List_impl::~_List_impl()
                0x0000c7f0                std::_List_base<CommandParameter*, std::allocator<CommandParameter*> >::_List_impl::~_List_impl()
 .text._ZNSt10_List_baseIP16CommandParameterSaIS1_EEC2Ev
                0x0000c818       0x48 ./UltraHeatDriver/UltraHeatDriver.o
                0x0000c818                std::_List_base<CommandParameter*, std::allocator<CommandParameter*> >::_List_base()
                0x0000c818                std::_List_base<CommandParameter*, std::allocator<CommandParameter*> >::_List_base()
 .text._ZNSt14_List_iteratorIP16CommandParameterEC2EPNSt8__detail15_List_node_baseE
                0x0000c860       0x34 ./UltraHeatDriver/UltraHeatDriver.o
                0x0000c860                std::_List_iterator<CommandParameter*>::_List_iterator(std::__detail::_List_node_base*)
                0x0000c860                std::_List_iterator<CommandParameter*>::_List_iterator(std::__detail::_List_node_base*)
 .text._ZNSt4listIP16CommandParameterSaIS1_EE9_M_insertESt14_List_iteratorIS1_ERKS1_
                0x0000c894       0x48 ./UltraHeatDriver/UltraHeatDriver.o
                0x0000c894                std::list<CommandParameter*, std::allocator<CommandParameter*> >::_M_insert(std::_List_iterator<CommandParameter*>, CommandParameter* const&)
 .text._ZNSt4listI7CommandSaIS0_EE9_M_insertESt14_List_iteratorIS0_ERKS0_
                0x0000c8dc       0x48 ./UltraHeatDriver/UltraHeatDriver.o
                0x0000c8dc                std::list<Command, std::allocator<Command> >::_M_insert(std::_List_iterator<Command>, Command const&)
 .text._ZNSt10_List_baseI7CommandSaIS0_EEC2Ev
                0x0000c924       0x48 ./UltraHeatDriver/UltraHeatDriver.o
                0x0000c924                std::_List_base<Command, std::allocator<Command> >::_List_base()
                0x0000c924                std::_List_base<Command, std::allocator<Command> >::_List_base()
 .text._ZNSaISt10_List_nodeI7CommandEED2Ev
                0x0000c96c       0x28 ./UltraHeatDriver/UltraHeatDriver.o
                0x0000c96c                std::allocator<std::_List_node<Command> >::~allocator()
                0x0000c96c                std::allocator<std::_List_node<Command> >::~allocator()
 .text._ZNSt10_List_baseI7CommandSaIS0_EE8_M_clearEv
                0x0000c994       0xbc ./UltraHeatDriver/UltraHeatDriver.o
                0x0000c994                std::_List_base<Command, std::allocator<Command> >::_M_clear()
 .text._ZNSt14_List_iteratorI7CommandEC2EPNSt8__detail15_List_node_baseE
                0x0000ca50       0x34 ./UltraHeatDriver/UltraHeatDriver.o
                0x0000ca50                std::_List_iterator<Command>::_List_iterator(std::__detail::_List_node_base*)
                0x0000ca50                std::_List_iterator<Command>::_List_iterator(std::__detail::_List_node_base*)
 .text._ZNKSt10_List_baseI7CommandSaIS0_EE21_M_get_Node_allocatorEv
                0x0000ca84       0x24 ./UltraHeatDriver/UltraHeatDriver.o
                0x0000ca84                std::_List_base<Command, std::allocator<Command> >::_M_get_Node_allocator() const
 .text._ZNSt10_List_baseIP16CommandParameterSaIS1_EE10_List_implC2Ev
                0x0000caa8       0x40 ./UltraHeatDriver/UltraHeatDriver.o
                0x0000caa8                std::_List_base<CommandParameter*, std::allocator<CommandParameter*> >::_List_impl::_List_impl()
                0x0000caa8                std::_List_base<CommandParameter*, std::allocator<CommandParameter*> >::_List_impl::_List_impl()
 .text._ZNSaISt10_List_nodeIP16CommandParameterEED2Ev
                0x0000cae8       0x28 ./UltraHeatDriver/UltraHeatDriver.o
                0x0000cae8                std::allocator<std::_List_node<CommandParameter*> >::~allocator()
                0x0000cae8                std::allocator<std::_List_node<CommandParameter*> >::~allocator()
 .text._ZNSt10_List_baseIP16CommandParameterSaIS1_EE7_M_initEv
                0x0000cb10       0x34 ./UltraHeatDriver/UltraHeatDriver.o
                0x0000cb10                std::_List_base<CommandParameter*, std::allocator<CommandParameter*> >::_M_init()
 .text._ZNSt4listIP16CommandParameterSaIS1_EE14_M_create_nodeERKS1_
                0x0000cb44       0xc4 ./UltraHeatDriver/UltraHeatDriver.o
                0x0000cb44                std::list<CommandParameter*, std::allocator<CommandParameter*> >::_M_create_node(CommandParameter* const&)
 .text._ZNSt4listI7CommandSaIS0_EE14_M_create_nodeERKS0_
                0x0000cc08       0xc4 ./UltraHeatDriver/UltraHeatDriver.o
                0x0000cc08                std::list<Command, std::allocator<Command> >::_M_create_node(Command const&)
 .text._ZNSt10_List_baseI7CommandSaIS0_EE10_List_implC2Ev
                0x0000cccc       0x40 ./UltraHeatDriver/UltraHeatDriver.o
                0x0000cccc                std::_List_base<Command, std::allocator<Command> >::_List_impl::_List_impl()
                0x0000cccc                std::_List_base<Command, std::allocator<Command> >::_List_impl::_List_impl()
 .text._ZNSt10_List_baseI7CommandSaIS0_EE7_M_initEv
                0x0000cd0c       0x34 ./UltraHeatDriver/UltraHeatDriver.o
                0x0000cd0c                std::_List_base<Command, std::allocator<Command> >::_M_init()
 .text._ZN9__gnu_cxx13new_allocatorISt10_List_nodeI7CommandEED2Ev
                0x0000cd40       0x24 ./UltraHeatDriver/UltraHeatDriver.o
                0x0000cd40                __gnu_cxx::new_allocator<std::_List_node<Command> >::~new_allocator()
                0x0000cd40                __gnu_cxx::new_allocator<std::_List_node<Command> >::~new_allocator()
 .text._ZNKSt10_List_baseI7CommandSaIS0_EE19_M_get_Tp_allocatorEv
                0x0000cd64       0x38 ./UltraHeatDriver/UltraHeatDriver.o
                0x0000cd64                std::_List_base<Command, std::allocator<Command> >::_M_get_Tp_allocator() const
 .text._ZNSaI7CommandED2Ev
                0x0000cd9c       0x28 ./UltraHeatDriver/UltraHeatDriver.o
                0x0000cd9c                std::allocator<Command>::~allocator()
                0x0000cd9c                std::allocator<Command>::~allocator()
 .text._ZSt11__addressofI7CommandEPT_RS1_
                0x0000cdc4       0x24 ./UltraHeatDriver/UltraHeatDriver.o
                0x0000cdc4                Command* std::__addressof<Command>(Command&)
 .text._ZN9__gnu_cxx13new_allocatorI7CommandE7destroyEPS1_
                0x0000cde8       0x30 ./UltraHeatDriver/UltraHeatDriver.o
                0x0000cde8                __gnu_cxx::new_allocator<Command>::destroy(Command*)
 .text._ZNSt10_List_baseI7CommandSaIS0_EE11_M_put_nodeEPSt10_List_nodeIS0_E
                0x0000ce18       0x30 ./UltraHeatDriver/UltraHeatDriver.o
                0x0000ce18                std::_List_base<Command, std::allocator<Command> >::_M_put_node(std::_List_node<Command>*)
 .text._ZNSaISt10_List_nodeIP16CommandParameterEEC2Ev
                0x0000ce48       0x28 ./UltraHeatDriver/UltraHeatDriver.o
                0x0000ce48                std::allocator<std::_List_node<CommandParameter*> >::allocator()
                0x0000ce48                std::allocator<std::_List_node<CommandParameter*> >::allocator()
 .text._ZN9__gnu_cxx13new_allocatorISt10_List_nodeIP16CommandParameterEED2Ev
                0x0000ce70       0x24 ./UltraHeatDriver/UltraHeatDriver.o
                0x0000ce70                __gnu_cxx::new_allocator<std::_List_node<CommandParameter*> >::~new_allocator()
                0x0000ce70                __gnu_cxx::new_allocator<std::_List_node<CommandParameter*> >::~new_allocator()
 .text._ZNKSt10_List_baseIP16CommandParameterSaIS1_EE19_M_get_Tp_allocatorEv
                0x0000ce94       0x38 ./UltraHeatDriver/UltraHeatDriver.o
                0x0000ce94                std::_List_base<CommandParameter*, std::allocator<CommandParameter*> >::_M_get_Tp_allocator() const
 .text._ZNSaIP16CommandParameterED2Ev
                0x0000cecc       0x28 ./UltraHeatDriver/UltraHeatDriver.o
                0x0000cecc                std::allocator<CommandParameter*>::~allocator()
                0x0000cecc                std::allocator<CommandParameter*>::~allocator()
 .text._ZSt11__addressofIP16CommandParameterEPT_RS2_
                0x0000cef4       0x24 ./UltraHeatDriver/UltraHeatDriver.o
                0x0000cef4                CommandParameter** std::__addressof<CommandParameter*>(CommandParameter*&)
 .text._ZNSt10_List_baseIP16CommandParameterSaIS1_EE11_M_put_nodeEPSt10_List_nodeIS1_E
                0x0000cf18       0x30 ./UltraHeatDriver/UltraHeatDriver.o
                0x0000cf18                std::_List_base<CommandParameter*, std::allocator<CommandParameter*> >::_M_put_node(std::_List_node<CommandParameter*>*)
 .text._ZNSt10_List_baseIP16CommandParameterSaIS1_EE11_M_get_nodeEv
                0x0000cf48       0x34 ./UltraHeatDriver/UltraHeatDriver.o
                0x0000cf48                std::_List_base<CommandParameter*, std::allocator<CommandParameter*> >::_M_get_node()
 .text._ZN9__gnu_cxx13new_allocatorIP16CommandParameterE9constructEPS2_RKS2_
                0x0000cf7c       0x48 ./UltraHeatDriver/UltraHeatDriver.o
                0x0000cf7c                __gnu_cxx::new_allocator<CommandParameter*>::construct(CommandParameter**, CommandParameter* const&)
 .text._ZNSt10_List_baseI7CommandSaIS0_EE11_M_get_nodeEv
                0x0000cfc4       0x34 ./UltraHeatDriver/UltraHeatDriver.o
                0x0000cfc4                std::_List_base<Command, std::allocator<Command> >::_M_get_node()
 .text._ZN9__gnu_cxx13new_allocatorI7CommandE9constructEPS1_RKS1_
                0x0000cff8       0x5c ./UltraHeatDriver/UltraHeatDriver.o
                0x0000cff8                __gnu_cxx::new_allocator<Command>::construct(Command*, Command const&)
 .text._ZNSaISt10_List_nodeI7CommandEEC2Ev
                0x0000d054       0x28 ./UltraHeatDriver/UltraHeatDriver.o
                0x0000d054                std::allocator<std::_List_node<Command> >::allocator()
                0x0000d054                std::allocator<std::_List_node<Command> >::allocator()
 .text._ZNSaI7CommandEC2ISt10_List_nodeIS_EEERKSaIT_E
                0x0000d07c       0x2c ./UltraHeatDriver/UltraHeatDriver.o
                0x0000d07c                std::allocator<Command>::allocator<std::_List_node<Command> >(std::allocator<std::_List_node<Command> > const&)
                0x0000d07c                std::allocator<Command>::allocator<std::_List_node<Command> >(std::allocator<std::_List_node<Command> > const&)
 .text._ZN9__gnu_cxx13new_allocatorI7CommandED2Ev
                0x0000d0a8       0x24 ./UltraHeatDriver/UltraHeatDriver.o
                0x0000d0a8                __gnu_cxx::new_allocator<Command>::~new_allocator()
                0x0000d0a8                __gnu_cxx::new_allocator<Command>::~new_allocator()
 .text._ZN9__gnu_cxx13new_allocatorISt10_List_nodeI7CommandEE10deallocateEPS3_j
                0x0000d0cc       0x28 ./UltraHeatDriver/UltraHeatDriver.o
                0x0000d0cc                __gnu_cxx::new_allocator<std::_List_node<Command> >::deallocate(std::_List_node<Command>*, unsigned int)
 .text._ZN9__gnu_cxx13new_allocatorISt10_List_nodeIP16CommandParameterEEC2Ev
                0x0000d0f4       0x24 ./UltraHeatDriver/UltraHeatDriver.o
                0x0000d0f4                __gnu_cxx::new_allocator<std::_List_node<CommandParameter*> >::new_allocator()
                0x0000d0f4                __gnu_cxx::new_allocator<std::_List_node<CommandParameter*> >::new_allocator()
 .text._ZNKSt10_List_baseIP16CommandParameterSaIS1_EE21_M_get_Node_allocatorEv
                0x0000d118       0x24 ./UltraHeatDriver/UltraHeatDriver.o
                0x0000d118                std::_List_base<CommandParameter*, std::allocator<CommandParameter*> >::_M_get_Node_allocator() const
 .text._ZNSaIP16CommandParameterEC2ISt10_List_nodeIS0_EEERKSaIT_E
                0x0000d13c       0x2c ./UltraHeatDriver/UltraHeatDriver.o
                0x0000d13c                std::allocator<CommandParameter*>::allocator<std::_List_node<CommandParameter*> >(std::allocator<std::_List_node<CommandParameter*> > const&)
                0x0000d13c                std::allocator<CommandParameter*>::allocator<std::_List_node<CommandParameter*> >(std::allocator<std::_List_node<CommandParameter*> > const&)
 .text._ZN9__gnu_cxx13new_allocatorIP16CommandParameterED2Ev
                0x0000d168       0x24 ./UltraHeatDriver/UltraHeatDriver.o
                0x0000d168                __gnu_cxx::new_allocator<CommandParameter*>::~new_allocator()
                0x0000d168                __gnu_cxx::new_allocator<CommandParameter*>::~new_allocator()
 .text._ZN9__gnu_cxx13new_allocatorISt10_List_nodeIP16CommandParameterEE10deallocateEPS4_j
                0x0000d18c       0x28 ./UltraHeatDriver/UltraHeatDriver.o
                0x0000d18c                __gnu_cxx::new_allocator<std::_List_node<CommandParameter*> >::deallocate(std::_List_node<CommandParameter*>*, unsigned int)
 .text._ZN9__gnu_cxx13new_allocatorISt10_List_nodeIP16CommandParameterEE8allocateEjPKv
                0x0000d1b4       0x70 ./UltraHeatDriver/UltraHeatDriver.o
                0x0000d1b4                __gnu_cxx::new_allocator<std::_List_node<CommandParameter*> >::allocate(unsigned int, void const*)
 .text._ZN9__gnu_cxx13new_allocatorISt10_List_nodeI7CommandEE8allocateEjPKv
                0x0000d224       0x70 ./UltraHeatDriver/UltraHeatDriver.o
                0x0000d224                __gnu_cxx::new_allocator<std::_List_node<Command> >::allocate(unsigned int, void const*)
 .text._ZN9__gnu_cxx13new_allocatorISt10_List_nodeI7CommandEEC2Ev
                0x0000d294       0x24 ./UltraHeatDriver/UltraHeatDriver.o
                0x0000d294                __gnu_cxx::new_allocator<std::_List_node<Command> >::new_allocator()
                0x0000d294                __gnu_cxx::new_allocator<std::_List_node<Command> >::new_allocator()
 .text._ZN9__gnu_cxx13new_allocatorI7CommandEC2Ev
                0x0000d2b8       0x24 ./UltraHeatDriver/UltraHeatDriver.o
                0x0000d2b8                __gnu_cxx::new_allocator<Command>::new_allocator()
                0x0000d2b8                __gnu_cxx::new_allocator<Command>::new_allocator()
 .text._ZN9__gnu_cxx13new_allocatorIP16CommandParameterEC2Ev
                0x0000d2dc       0x24 ./UltraHeatDriver/UltraHeatDriver.o
                0x0000d2dc                __gnu_cxx::new_allocator<CommandParameter*>::new_allocator()
                0x0000d2dc                __gnu_cxx::new_allocator<CommandParameter*>::new_allocator()
 .text._ZNK9__gnu_cxx13new_allocatorISt10_List_nodeIP16CommandParameterEE8max_sizeEv
                0x0000d300       0x28 ./UltraHeatDriver/UltraHeatDriver.o
                0x0000d300                __gnu_cxx::new_allocator<std::_List_node<CommandParameter*> >::max_size() const
 .text._ZNK9__gnu_cxx13new_allocatorISt10_List_nodeI7CommandEE8max_sizeEv
                0x0000d328       0x28 ./UltraHeatDriver/UltraHeatDriver.o
                0x0000d328                __gnu_cxx::new_allocator<std::_List_node<Command> >::max_size() const
 .text          0x0000d350     0x1fc8 ./SysfsGenericGPIODriver/SysfsGenericGPIODriver.o
                0x0000d350                SysfsGenericGPIODriver::SysfsGenericGPIODriver()
                0x0000d350                SysfsGenericGPIODriver::SysfsGenericGPIODriver()
                0x0000d960                SysfsGenericGPIODriver::~SysfsGenericGPIODriver()
                0x0000d960                SysfsGenericGPIODriver::~SysfsGenericGPIODriver()
                0x0000d9c8                SysfsGenericGPIODriver::~SysfsGenericGPIODriver()
                0x0000d9f8                SysfsGenericGPIODriver::Type()
                0x0000da24                SysfsGenericGPIODriver::Version()
                0x0000da50                SysfsGenericGPIODriver::Name()
                0x0000da7c                SysfsGenericGPIODriver::Description()
                0x0000daa8                SysfsGenericGPIODriver::Publisher()
                0x0000dad4                SysfsThreadRun(void*)
                0x0000dbb8                SysfsGenericGPIODriver::GetStatus()
                0x0000dbe0                SysfsGenericGPIODriver::SetStatus(int)
                0x0000dc0c                SysfsGenericGPIODriver::GetPortNumber()
                0x0000dc34                SysfsGenericGPIODriver::GetGpioValue()
                0x0000dcf4                SysfsGenericGPIODriver::SignalPortstatusChanged()
                0x0000e10c                SysfsGenericGPIODriver::StartPoolingForStatus()
                0x0000e1d8                SysfsGenericGPIODriver::StopPoolingForStatus()
                0x0000e2e4                SysfsGenericGPIODriver::ExecuteCommand(Command)
                0x0000e8d0                SysfsGenericGPIODriver::Commands()
                0x0000e9ac                SysfsGenericGPIODriver::Clone()
                0x0000e9f8                SysfsGenericGPIODriver::GetCommand(char const*)
                0x0000eb2c                SysfsGenericGPIODriver::OpenPort(int, int)
                0x0000ecb0                SysfsGenericGPIODriver::ClosePort(int)
                0x0000ece4                SysfsGenericGPIODriver::SetValue(int, int)
                0x0000ed3c                SysfsGenericGPIODriver::GetValue(int)
                0x0000eda4                SysfsGenericGPIODriver::gpio_export(unsigned int)
                0x0000ee60                SysfsGenericGPIODriver::gpio_unexport(unsigned int)
                0x0000ef1c                SysfsGenericGPIODriver::gpio_set_dir(unsigned int, unsigned int)
                0x0000f004                SysfsGenericGPIODriver::gpio_set_value(int, int)
                0x0000f0cc                SysfsGenericGPIODriver::gpio_get_value(int, int*)
                0x0000f188                SysfsGenericGPIODriver::gpio_set_edge(unsigned int, char*)
                0x0000f1b4                SysfsGenericGPIODriver::gpio_fd_open(unsigned int)
                0x0000f240                SysfsGenericGPIODriver::gpio_fd_close(int)
 .text._ZN14EventParameterC2ERKS_
                0x0000f318       0x58 ./SysfsGenericGPIODriver/SysfsGenericGPIODriver.o
                0x0000f318                EventParameter::EventParameter(EventParameter const&)
                0x0000f318                EventParameter::EventParameter(EventParameter const&)
 .text._ZN14EventParameterC2EPKciS1_
                0x0000f370       0x54 ./SysfsGenericGPIODriver/SysfsGenericGPIODriver.o
                0x0000f370                EventParameter::EventParameter(char const*, int, char const*)
                0x0000f370                EventParameter::EventParameter(char const*, int, char const*)
 .text._ZN14EventParameterD2Ev
                0x0000f3c4       0x24 ./SysfsGenericGPIODriver/SysfsGenericGPIODriver.o
                0x0000f3c4                EventParameter::~EventParameter()
                0x0000f3c4                EventParameter::~EventParameter()
 .text._ZStplIcSt11char_traitsIcESaIcEESbIT_T0_T1_ERKS6_S8_
                0x0000f3e8       0x4c ./SysfsGenericGPIODriver/SysfsGenericGPIODriver.o
                0x0000f3e8                std::basic_string<char, std::char_traits<char>, std::allocator<char> > std::operator+<char, std::char_traits<char>, std::allocator<char> >(std::basic_string<char, std::char_traits<char>, std::allocator<char> > const&, std::basic_string<char, std::char_traits<char>, std::allocator<char> > const&)
 .text._ZNSt4listI14EventParameterSaIS0_EEC2Ev
                0x0000f434       0x2c ./SysfsGenericGPIODriver/SysfsGenericGPIODriver.o
                0x0000f434                std::list<EventParameter, std::allocator<EventParameter> >::list()
                0x0000f434                std::list<EventParameter, std::allocator<EventParameter> >::list()
 .text._ZNSt4listI14EventParameterSaIS0_EE9push_backERKS0_
                0x0000f460       0x38 ./SysfsGenericGPIODriver/SysfsGenericGPIODriver.o
                0x0000f460                std::list<EventParameter, std::allocator<EventParameter> >::push_back(EventParameter const&)
 .text._ZNSt10_List_baseI14EventParameterSaIS0_EE10_List_implD2Ev
                0x0000f498       0x28 ./SysfsGenericGPIODriver/SysfsGenericGPIODriver.o
                0x0000f498                std::_List_base<EventParameter, std::allocator<EventParameter> >::_List_impl::~_List_impl()
                0x0000f498                std::_List_base<EventParameter, std::allocator<EventParameter> >::_List_impl::~_List_impl()
 .text._ZNSt10_List_baseI14EventParameterSaIS0_EEC2Ev
                0x0000f4c0       0x48 ./SysfsGenericGPIODriver/SysfsGenericGPIODriver.o
                0x0000f4c0                std::_List_base<EventParameter, std::allocator<EventParameter> >::_List_base()
                0x0000f4c0                std::_List_base<EventParameter, std::allocator<EventParameter> >::_List_base()
 .text._ZNSt4listI14EventParameterSaIS0_EE3endEv
                0x0000f508       0x34 ./SysfsGenericGPIODriver/SysfsGenericGPIODriver.o
                0x0000f508                std::list<EventParameter, std::allocator<EventParameter> >::end()
 .text._ZNSt4listI14EventParameterSaIS0_EE9_M_insertESt14_List_iteratorIS0_ERKS0_
                0x0000f53c       0x48 ./SysfsGenericGPIODriver/SysfsGenericGPIODriver.o
                0x0000f53c                std::list<EventParameter, std::allocator<EventParameter> >::_M_insert(std::_List_iterator<EventParameter>, EventParameter const&)
 .text._ZNSt10_List_baseI14EventParameterSaIS0_EE10_List_implC2Ev
                0x0000f584       0x40 ./SysfsGenericGPIODriver/SysfsGenericGPIODriver.o
                0x0000f584                std::_List_base<EventParameter, std::allocator<EventParameter> >::_List_impl::_List_impl()
                0x0000f584                std::_List_base<EventParameter, std::allocator<EventParameter> >::_List_impl::_List_impl()
 .text._ZNSaISt10_List_nodeI14EventParameterEED2Ev
                0x0000f5c4       0x28 ./SysfsGenericGPIODriver/SysfsGenericGPIODriver.o
                0x0000f5c4                std::allocator<std::_List_node<EventParameter> >::~allocator()
                0x0000f5c4                std::allocator<std::_List_node<EventParameter> >::~allocator()
 .text._ZNSt10_List_baseI14EventParameterSaIS0_EE7_M_initEv
                0x0000f5ec       0x34 ./SysfsGenericGPIODriver/SysfsGenericGPIODriver.o
                0x0000f5ec                std::_List_base<EventParameter, std::allocator<EventParameter> >::_M_init()
 .text._ZNSt14_List_iteratorI14EventParameterEC2EPNSt8__detail15_List_node_baseE
                0x0000f620       0x34 ./SysfsGenericGPIODriver/SysfsGenericGPIODriver.o
                0x0000f620                std::_List_iterator<EventParameter>::_List_iterator(std::__detail::_List_node_base*)
                0x0000f620                std::_List_iterator<EventParameter>::_List_iterator(std::__detail::_List_node_base*)
 .text._ZNSt4listI14EventParameterSaIS0_EE14_M_create_nodeERKS0_
                0x0000f654       0xc4 ./SysfsGenericGPIODriver/SysfsGenericGPIODriver.o
                0x0000f654                std::list<EventParameter, std::allocator<EventParameter> >::_M_create_node(EventParameter const&)
 .text._ZNSaISt10_List_nodeI14EventParameterEEC2Ev
                0x0000f718       0x28 ./SysfsGenericGPIODriver/SysfsGenericGPIODriver.o
                0x0000f718                std::allocator<std::_List_node<EventParameter> >::allocator()
                0x0000f718                std::allocator<std::_List_node<EventParameter> >::allocator()
 .text._ZN9__gnu_cxx13new_allocatorISt10_List_nodeI14EventParameterEED2Ev
                0x0000f740       0x24 ./SysfsGenericGPIODriver/SysfsGenericGPIODriver.o
                0x0000f740                __gnu_cxx::new_allocator<std::_List_node<EventParameter> >::~new_allocator()
                0x0000f740                __gnu_cxx::new_allocator<std::_List_node<EventParameter> >::~new_allocator()
 .text._ZNKSt10_List_baseI14EventParameterSaIS0_EE19_M_get_Tp_allocatorEv
                0x0000f764       0x38 ./SysfsGenericGPIODriver/SysfsGenericGPIODriver.o
                0x0000f764                std::_List_base<EventParameter, std::allocator<EventParameter> >::_M_get_Tp_allocator() const
 .text._ZNSaI14EventParameterED2Ev
                0x0000f79c       0x28 ./SysfsGenericGPIODriver/SysfsGenericGPIODriver.o
                0x0000f79c                std::allocator<EventParameter>::~allocator()
                0x0000f79c                std::allocator<EventParameter>::~allocator()
 .text._ZSt11__addressofI14EventParameterEPT_RS1_
                0x0000f7c4       0x24 ./SysfsGenericGPIODriver/SysfsGenericGPIODriver.o
                0x0000f7c4                EventParameter* std::__addressof<EventParameter>(EventParameter&)
 .text._ZNSt10_List_baseI14EventParameterSaIS0_EE11_M_put_nodeEPSt10_List_nodeIS0_E
                0x0000f7e8       0x30 ./SysfsGenericGPIODriver/SysfsGenericGPIODriver.o
                0x0000f7e8                std::_List_base<EventParameter, std::allocator<EventParameter> >::_M_put_node(std::_List_node<EventParameter>*)
 .text._ZNSt10_List_baseI14EventParameterSaIS0_EE11_M_get_nodeEv
                0x0000f818       0x34 ./SysfsGenericGPIODriver/SysfsGenericGPIODriver.o
                0x0000f818                std::_List_base<EventParameter, std::allocator<EventParameter> >::_M_get_node()
 .text._ZN9__gnu_cxx13new_allocatorI14EventParameterE9constructEPS1_RKS1_
                0x0000f84c       0x48 ./SysfsGenericGPIODriver/SysfsGenericGPIODriver.o
                0x0000f84c                __gnu_cxx::new_allocator<EventParameter>::construct(EventParameter*, EventParameter const&)
 .text._ZN9__gnu_cxx13new_allocatorISt10_List_nodeI14EventParameterEEC2Ev
                0x0000f894       0x24 ./SysfsGenericGPIODriver/SysfsGenericGPIODriver.o
                0x0000f894                __gnu_cxx::new_allocator<std::_List_node<EventParameter> >::new_allocator()
                0x0000f894                __gnu_cxx::new_allocator<std::_List_node<EventParameter> >::new_allocator()
 .text._ZNKSt10_List_baseI14EventParameterSaIS0_EE21_M_get_Node_allocatorEv
                0x0000f8b8       0x24 ./SysfsGenericGPIODriver/SysfsGenericGPIODriver.o
                0x0000f8b8                std::_List_base<EventParameter, std::allocator<EventParameter> >::_M_get_Node_allocator() const
 .text._ZNSaI14EventParameterEC2ISt10_List_nodeIS_EEERKSaIT_E
                0x0000f8dc       0x2c ./SysfsGenericGPIODriver/SysfsGenericGPIODriver.o
                0x0000f8dc                std::allocator<EventParameter>::allocator<std::_List_node<EventParameter> >(std::allocator<std::_List_node<EventParameter> > const&)
                0x0000f8dc                std::allocator<EventParameter>::allocator<std::_List_node<EventParameter> >(std::allocator<std::_List_node<EventParameter> > const&)
 .text._ZN9__gnu_cxx13new_allocatorI14EventParameterED2Ev
                0x0000f908       0x24 ./SysfsGenericGPIODriver/SysfsGenericGPIODriver.o
                0x0000f908                __gnu_cxx::new_allocator<EventParameter>::~new_allocator()
                0x0000f908                __gnu_cxx::new_allocator<EventParameter>::~new_allocator()
 .text._ZN9__gnu_cxx13new_allocatorISt10_List_nodeI14EventParameterEE10deallocateEPS3_j
                0x0000f92c       0x28 ./SysfsGenericGPIODriver/SysfsGenericGPIODriver.o
                0x0000f92c                __gnu_cxx::new_allocator<std::_List_node<EventParameter> >::deallocate(std::_List_node<EventParameter>*, unsigned int)
 .text._ZN9__gnu_cxx13new_allocatorISt10_List_nodeI14EventParameterEE8allocateEjPKv
                0x0000f954       0x70 ./SysfsGenericGPIODriver/SysfsGenericGPIODriver.o
                0x0000f954                __gnu_cxx::new_allocator<std::_List_node<EventParameter> >::allocate(unsigned int, void const*)
 .text._ZN9__gnu_cxx13new_allocatorI14EventParameterEC2Ev
                0x0000f9c4       0x24 ./SysfsGenericGPIODriver/SysfsGenericGPIODriver.o
                0x0000f9c4                __gnu_cxx::new_allocator<EventParameter>::new_allocator()
                0x0000f9c4                __gnu_cxx::new_allocator<EventParameter>::new_allocator()
 .text._ZNK9__gnu_cxx13new_allocatorISt10_List_nodeI14EventParameterEE8max_sizeEv
                0x0000f9e8       0x28 ./SysfsGenericGPIODriver/SysfsGenericGPIODriver.o
                0x0000f9e8                __gnu_cxx::new_allocator<std::_List_node<EventParameter> >::max_size() const
 .text          0x0000fa10      0xedc ./GPIOLedDriver/GPIOLedDriver.o
                0x0000fa10                GPIOLedDriver::GPIOLedDriver()
                0x0000fa10                GPIOLedDriver::GPIOLedDriver()
                0x0000ff0c                GPIOLedDriver::~GPIOLedDriver()
                0x0000ff0c                GPIOLedDriver::~GPIOLedDriver()
                0x0000ff74                GPIOLedDriver::~GPIOLedDriver()
                0x0000ffa4                GPIOLedDriver::Type()
                0x0000ffd0                GPIOLedDriver::Version()
                0x0000fffc                GPIOLedDriver::Name()
                0x00010028                GPIOLedDriver::Description()
                0x00010054                GPIOLedDriver::Publisher()
                0x00010080                GPIOLedDriver::ExecuteCommand(Command)
                0x00010528                GPIOLedDriver::Commands()
                0x00010604                GPIOLedDriver::Clone()
                0x00010650                GPIOLedDriver::GetCommand(char const*)
                0x00010784                GPIOLedDriver::SetValue(int, int)
 .text          0x000108ec     0x12ec ./GPIOKeyDriver/GPIOKeyDriver.o
                0x000108ec                GPIOKeyDriver::GPIOKeyDriver()
                0x000108ec                GPIOKeyDriver::GPIOKeyDriver()
                0x00010dd0                GPIOKeyDriver::~GPIOKeyDriver()
                0x00010dd0                GPIOKeyDriver::~GPIOKeyDriver()
                0x00010e38                GPIOKeyDriver::~GPIOKeyDriver()
                0x00010e68                GPIOKeyDriver::Type()
                0x00010e94                GPIOKeyDriver::Version()
                0x00010ec0                GPIOKeyDriver::Name()
                0x00010eec                GPIOKeyDriver::Description()
                0x00010f18                GPIOKeyDriver::Publisher()
                0x00010f44                GPIOKeyDriver::ExecuteCommand(Command)
                0x000111bc                GPIOKeyDriver::GetCommand(char const*)
                0x000112f0                GPIOKeyDriver::Commands()
                0x000113cc                GPIOKeyDriver::Clone()
                0x00011418                GPIOKeyDriver::OpenPort()
                0x0001148c                GPIOKeyDriver::ClosePort()
                0x000114b4                GPIOKeyDriver::SetCurrentValue(input_event)
                0x00011744                GPIOKeyDriver::ReadValue()
                0x000117cc                ReadKeyThreadRun(void*)
                0x00011860                GPIOKeyDriver::StartReadingKeyThread()
                0x00011a20                GPIOKeyDriver::StopReadingKeyThread()
                0x00011b10                GPIOKeyDriver::UpdateInitialState()
 .text._ZNSt4listI5EventSaIS0_EE9push_backERKS0_
                0x00011bd8       0x38 ./GPIOKeyDriver/GPIOKeyDriver.o
                0x00011bd8                std::list<Event, std::allocator<Event> >::push_back(Event const&)
 .text._ZNSt4listI5EventSaIS0_EE3endEv
                0x00011c10       0x34 ./GPIOKeyDriver/GPIOKeyDriver.o
                0x00011c10                std::list<Event, std::allocator<Event> >::end()
 .text._ZNSt4listI5EventSaIS0_EE9_M_insertESt14_List_iteratorIS0_ERKS0_
                0x00011c44       0x48 ./GPIOKeyDriver/GPIOKeyDriver.o
                0x00011c44                std::list<Event, std::allocator<Event> >::_M_insert(std::_List_iterator<Event>, Event const&)
 .text._ZNSt14_List_iteratorI5EventEC2EPNSt8__detail15_List_node_baseE
                0x00011c8c       0x34 ./GPIOKeyDriver/GPIOKeyDriver.o
                0x00011c8c                std::_List_iterator<Event>::_List_iterator(std::__detail::_List_node_base*)
                0x00011c8c                std::_List_iterator<Event>::_List_iterator(std::__detail::_List_node_base*)
 .text._ZNSt4listI5EventSaIS0_EE14_M_create_nodeERKS0_
                0x00011cc0       0xc4 ./GPIOKeyDriver/GPIOKeyDriver.o
                0x00011cc0                std::list<Event, std::allocator<Event> >::_M_create_node(Event const&)
 .text._ZNSt10_List_baseI5EventSaIS0_EE11_M_get_nodeEv
                0x00011d84       0x34 ./GPIOKeyDriver/GPIOKeyDriver.o
                0x00011d84                std::_List_base<Event, std::allocator<Event> >::_M_get_node()
 .text._ZNKSt10_List_baseI5EventSaIS0_EE19_M_get_Tp_allocatorEv
                0x00011db8       0x38 ./GPIOKeyDriver/GPIOKeyDriver.o
                0x00011db8                std::_List_base<Event, std::allocator<Event> >::_M_get_Tp_allocator() const
 .text._ZNSaI5EventED2Ev
                0x00011df0       0x28 ./GPIOKeyDriver/GPIOKeyDriver.o
                0x00011df0                std::allocator<Event>::~allocator()
                0x00011df0                std::allocator<Event>::~allocator()
 .text._ZSt11__addressofI5EventEPT_RS1_
                0x00011e18       0x24 ./GPIOKeyDriver/GPIOKeyDriver.o
                0x00011e18                Event* std::__addressof<Event>(Event&)
 .text._ZN9__gnu_cxx13new_allocatorI5EventE9constructEPS1_RKS1_
                0x00011e3c       0x5c ./GPIOKeyDriver/GPIOKeyDriver.o
                0x00011e3c                __gnu_cxx::new_allocator<Event>::construct(Event*, Event const&)
 .text._ZNSt10_List_baseI5EventSaIS0_EE11_M_put_nodeEPSt10_List_nodeIS0_E
                0x00011e98       0x30 ./GPIOKeyDriver/GPIOKeyDriver.o
                0x00011e98                std::_List_base<Event, std::allocator<Event> >::_M_put_node(std::_List_node<Event>*)
 .text._ZN9__gnu_cxx13new_allocatorISt10_List_nodeI5EventEE8allocateEjPKv
                0x00011ec8       0x70 ./GPIOKeyDriver/GPIOKeyDriver.o
                0x00011ec8                __gnu_cxx::new_allocator<std::_List_node<Event> >::allocate(unsigned int, void const*)
 .text._ZNKSt10_List_baseI5EventSaIS0_EE21_M_get_Node_allocatorEv
                0x00011f38       0x24 ./GPIOKeyDriver/GPIOKeyDriver.o
                0x00011f38                std::_List_base<Event, std::allocator<Event> >::_M_get_Node_allocator() const
 .text._ZNSaI5EventEC2ISt10_List_nodeIS_EEERKSaIT_E
                0x00011f5c       0x2c ./GPIOKeyDriver/GPIOKeyDriver.o
                0x00011f5c                std::allocator<Event>::allocator<std::_List_node<Event> >(std::allocator<std::_List_node<Event> > const&)
                0x00011f5c                std::allocator<Event>::allocator<std::_List_node<Event> >(std::allocator<std::_List_node<Event> > const&)
 .text._ZN9__gnu_cxx13new_allocatorI5EventED2Ev
                0x00011f88       0x24 ./GPIOKeyDriver/GPIOKeyDriver.o
                0x00011f88                __gnu_cxx::new_allocator<Event>::~new_allocator()
                0x00011f88                __gnu_cxx::new_allocator<Event>::~new_allocator()
 .text._ZN9__gnu_cxx13new_allocatorISt10_List_nodeI5EventEE10deallocateEPS3_j
                0x00011fac       0x28 ./GPIOKeyDriver/GPIOKeyDriver.o
                0x00011fac                __gnu_cxx::new_allocator<std::_List_node<Event> >::deallocate(std::_List_node<Event>*, unsigned int)
 .text._ZNK9__gnu_cxx13new_allocatorISt10_List_nodeI5EventEE8max_sizeEv
                0x00011fd4       0x28 ./GPIOKeyDriver/GPIOKeyDriver.o
                0x00011fd4                __gnu_cxx::new_allocator<std::_List_node<Event> >::max_size() const
 .text._ZN9__gnu_cxx13new_allocatorI5EventEC2Ev
                0x00011ffc       0x24 ./GPIOKeyDriver/GPIOKeyDriver.o
                0x00011ffc                __gnu_cxx::new_allocator<Event>::new_allocator()
                0x00011ffc                __gnu_cxx::new_allocator<Event>::new_allocator()
 .text          0x00012020      0x28c ./EntryPoint.o
                0x00012020                CreateDrivers
 .text._ZNSt4listIP10BaseDriverSaIS1_EED2Ev
                0x000122ac       0x2c ./EntryPoint.o
                0x000122ac                std::list<BaseDriver*, std::allocator<BaseDriver*> >::~list()
                0x000122ac                std::list<BaseDriver*, std::allocator<BaseDriver*> >::~list()
 .text._ZNSt4listIP10BaseDriverSaIS1_EEC2Ev
                0x000122d8       0x2c ./EntryPoint.o
                0x000122d8                std::list<BaseDriver*, std::allocator<BaseDriver*> >::list()
                0x000122d8                std::list<BaseDriver*, std::allocator<BaseDriver*> >::list()
 .text._ZNSt10_List_baseIP10BaseDriverSaIS1_EE10_List_implD2Ev
                0x00012304       0x28 ./EntryPoint.o
                0x00012304                std::_List_base<BaseDriver*, std::allocator<BaseDriver*> >::_List_impl::~_List_impl()
                0x00012304                std::_List_base<BaseDriver*, std::allocator<BaseDriver*> >::_List_impl::~_List_impl()
 .text._ZNSt10_List_baseIP10BaseDriverSaIS1_EED2Ev
                0x0001232c       0x48 ./EntryPoint.o
                0x0001232c                std::_List_base<BaseDriver*, std::allocator<BaseDriver*> >::~_List_base()
                0x0001232c                std::_List_base<BaseDriver*, std::allocator<BaseDriver*> >::~_List_base()
 .text._ZNSt4listIP10BaseDriverSaIS1_EE9push_backERKS1_
                0x00012374       0x38 ./EntryPoint.o
                0x00012374                std::list<BaseDriver*, std::allocator<BaseDriver*> >::push_back(BaseDriver* const&)
 .text._ZNSt10_List_baseIP10BaseDriverSaIS1_EEC2Ev
                0x000123ac       0x48 ./EntryPoint.o
                0x000123ac                std::_List_base<BaseDriver*, std::allocator<BaseDriver*> >::_List_base()
                0x000123ac                std::_List_base<BaseDriver*, std::allocator<BaseDriver*> >::_List_base()
 .text._ZNSaISt10_List_nodeIP10BaseDriverEED2Ev
                0x000123f4       0x28 ./EntryPoint.o
                0x000123f4                std::allocator<std::_List_node<BaseDriver*> >::~allocator()
                0x000123f4                std::allocator<std::_List_node<BaseDriver*> >::~allocator()
 .text._ZNSt10_List_baseIP10BaseDriverSaIS1_EE8_M_clearEv
                0x0001241c       0xbc ./EntryPoint.o
                0x0001241c                std::_List_base<BaseDriver*, std::allocator<BaseDriver*> >::_M_clear()
 .text._ZNSt4listIP10BaseDriverSaIS1_EE3endEv
                0x000124d8       0x34 ./EntryPoint.o
                0x000124d8                std::list<BaseDriver*, std::allocator<BaseDriver*> >::end()
 .text._ZNSt4listIP10BaseDriverSaIS1_EE9_M_insertESt14_List_iteratorIS1_ERKS1_
                0x0001250c       0x48 ./EntryPoint.o
                0x0001250c                std::list<BaseDriver*, std::allocator<BaseDriver*> >::_M_insert(std::_List_iterator<BaseDriver*>, BaseDriver* const&)
 .text._ZNKSt10_List_baseIP10BaseDriverSaIS1_EE21_M_get_Node_allocatorEv
                0x00012554       0x24 ./EntryPoint.o
                0x00012554                std::_List_base<BaseDriver*, std::allocator<BaseDriver*> >::_M_get_Node_allocator() const
 .text._ZNSt10_List_baseIP10BaseDriverSaIS1_EE10_List_implC2Ev
                0x00012578       0x40 ./EntryPoint.o
                0x00012578                std::_List_base<BaseDriver*, std::allocator<BaseDriver*> >::_List_impl::_List_impl()
                0x00012578                std::_List_base<BaseDriver*, std::allocator<BaseDriver*> >::_List_impl::_List_impl()
 .text._ZNSt10_List_baseIP10BaseDriverSaIS1_EE7_M_initEv
                0x000125b8       0x34 ./EntryPoint.o
                0x000125b8                std::_List_base<BaseDriver*, std::allocator<BaseDriver*> >::_M_init()
 .text._ZN9__gnu_cxx13new_allocatorISt10_List_nodeIP10BaseDriverEED2Ev
                0x000125ec       0x24 ./EntryPoint.o
                0x000125ec                __gnu_cxx::new_allocator<std::_List_node<BaseDriver*> >::~new_allocator()
                0x000125ec                __gnu_cxx::new_allocator<std::_List_node<BaseDriver*> >::~new_allocator()
 .text._ZNKSt10_List_baseIP10BaseDriverSaIS1_EE19_M_get_Tp_allocatorEv
                0x00012610       0x38 ./EntryPoint.o
                0x00012610                std::_List_base<BaseDriver*, std::allocator<BaseDriver*> >::_M_get_Tp_allocator() const
 .text._ZNSaIP10BaseDriverED2Ev
                0x00012648       0x28 ./EntryPoint.o
                0x00012648                std::allocator<BaseDriver*>::~allocator()
                0x00012648                std::allocator<BaseDriver*>::~allocator()
 .text._ZSt11__addressofIP10BaseDriverEPT_RS2_
                0x00012670       0x24 ./EntryPoint.o
                0x00012670                BaseDriver** std::__addressof<BaseDriver*>(BaseDriver*&)
 .text._ZN9__gnu_cxx13new_allocatorIP10BaseDriverE7destroyEPS2_
                0x00012694       0x20 ./EntryPoint.o
                0x00012694                __gnu_cxx::new_allocator<BaseDriver*>::destroy(BaseDriver**)
 .text._ZNSt10_List_baseIP10BaseDriverSaIS1_EE11_M_put_nodeEPSt10_List_nodeIS1_E
                0x000126b4       0x30 ./EntryPoint.o
                0x000126b4                std::_List_base<BaseDriver*, std::allocator<BaseDriver*> >::_M_put_node(std::_List_node<BaseDriver*>*)
 .text._ZNSt14_List_iteratorIP10BaseDriverEC2EPNSt8__detail15_List_node_baseE
                0x000126e4       0x34 ./EntryPoint.o
                0x000126e4                std::_List_iterator<BaseDriver*>::_List_iterator(std::__detail::_List_node_base*)
                0x000126e4                std::_List_iterator<BaseDriver*>::_List_iterator(std::__detail::_List_node_base*)
 .text._ZNSt4listIP10BaseDriverSaIS1_EE14_M_create_nodeERKS1_
                0x00012718       0xc0 ./EntryPoint.o
                0x00012718                std::list<BaseDriver*, std::allocator<BaseDriver*> >::_M_create_node(BaseDriver* const&)
 .text._ZNSaISt10_List_nodeIP10BaseDriverEEC2Ev
                0x000127d8       0x28 ./EntryPoint.o
                0x000127d8                std::allocator<std::_List_node<BaseDriver*> >::allocator()
                0x000127d8                std::allocator<std::_List_node<BaseDriver*> >::allocator()
 .text._ZNSaIP10BaseDriverEC2ISt10_List_nodeIS0_EEERKSaIT_E
                0x00012800       0x2c ./EntryPoint.o
                0x00012800                std::allocator<BaseDriver*>::allocator<std::_List_node<BaseDriver*> >(std::allocator<std::_List_node<BaseDriver*> > const&)
                0x00012800                std::allocator<BaseDriver*>::allocator<std::_List_node<BaseDriver*> >(std::allocator<std::_List_node<BaseDriver*> > const&)
 .text._ZN9__gnu_cxx13new_allocatorIP10BaseDriverED2Ev
                0x0001282c       0x24 ./EntryPoint.o
                0x0001282c                __gnu_cxx::new_allocator<BaseDriver*>::~new_allocator()
                0x0001282c                __gnu_cxx::new_allocator<BaseDriver*>::~new_allocator()
 .text._ZN9__gnu_cxx13new_allocatorISt10_List_nodeIP10BaseDriverEE10deallocateEPS4_j
                0x00012850       0x28 ./EntryPoint.o
                0x00012850                __gnu_cxx::new_allocator<std::_List_node<BaseDriver*> >::deallocate(std::_List_node<BaseDriver*>*, unsigned int)
 .text._ZNSt10_List_baseIP10BaseDriverSaIS1_EE11_M_get_nodeEv
                0x00012878       0x34 ./EntryPoint.o
                0x00012878                std::_List_base<BaseDriver*, std::allocator<BaseDriver*> >::_M_get_node()
 .text._ZN9__gnu_cxx13new_allocatorIP10BaseDriverE9constructEPS2_RKS2_
                0x000128ac       0x48 ./EntryPoint.o
                0x000128ac                __gnu_cxx::new_allocator<BaseDriver*>::construct(BaseDriver**, BaseDriver* const&)
 .text._ZN9__gnu_cxx13new_allocatorISt10_List_nodeIP10BaseDriverEEC2Ev
                0x000128f4       0x24 ./EntryPoint.o
                0x000128f4                __gnu_cxx::new_allocator<std::_List_node<BaseDriver*> >::new_allocator()
                0x000128f4                __gnu_cxx::new_allocator<std::_List_node<BaseDriver*> >::new_allocator()
 .text._ZN9__gnu_cxx13new_allocatorIP10BaseDriverEC2Ev
                0x00012918       0x24 ./EntryPoint.o
                0x00012918                __gnu_cxx::new_allocator<BaseDriver*>::new_allocator()
                0x00012918                __gnu_cxx::new_allocator<BaseDriver*>::new_allocator()
 .text._ZN9__gnu_cxx13new_allocatorISt10_List_nodeIP10BaseDriverEE8allocateEjPKv
                0x0001293c       0x70 ./EntryPoint.o
                0x0001293c                __gnu_cxx::new_allocator<std::_List_node<BaseDriver*> >::allocate(unsigned int, void const*)
 .text._ZNK9__gnu_cxx13new_allocatorISt10_List_nodeIP10BaseDriverEE8max_sizeEv
                0x000129ac       0x28 ./EntryPoint.o
                0x000129ac                __gnu_cxx::new_allocator<std::_List_node<BaseDriver*> >::max_size() const
 .text          0x000129d4     0x15f8 ./ADCDriver/ADCDriver.o
                0x000129d4                ADCDriver::ADCDriver()
                0x000129d4                ADCDriver::ADCDriver()
                0x0001313c                ADCDriver::~ADCDriver()
                0x0001313c                ADCDriver::~ADCDriver()
                0x000131a4                ADCDriver::~ADCDriver()
                0x000131d4                ADCDriver::Type()
                0x00013200                ADCDriver::Version()
                0x0001322c                ADCDriver::Name()
                0x00013258                ADCDriver::Description()
                0x00013284                ADCDriver::Publisher()
                0x000132b0                ADCDriver::ExecuteCommand(Command)
                0x000136e4                ADCDriver::GetCommand(char const*)
                0x00013818                ADCDriver::Commands()
                0x000138f4                ADCDriver::Clone()
                0x00013940                ADCDriver::OpenPort()
                0x00013964                ADCDriver::ClosePort()
                0x00013980                ADCDriver::SetCurrentValue(int)
                0x00013b3c                ReadADCValueThreadRun(void*)
                0x00013c24                ADCDriver::StartReadingKeyThread()
                0x00013de4                ADCDriver::StopReadingKeyThread()
                0x00013ed4                ADCDriver::UpdateInitialState()
 .text          0x00013fcc        0x0 /usr/lib/gcc/armv5tel-unknown-linux-gnueabi/4.7.2/crtendS.o
 .text          0x00013fcc        0x0 /usr/lib/gcc/armv5tel-unknown-linux-gnueabi/4.7.2/../../../crtn.o
 *(.gnu.warning)
 *(.glue_7t)
 .glue_7t       0x00000000        0x0 linker stubs
 *(.glue_7)
 .glue_7        0x00000000        0x0 linker stubs
 *(.vfp11_veneer)
 .vfp11_veneer  0x00000000        0x0 linker stubs
 *(.v4_bx)
 .v4_bx         0x00000000        0x0 linker stubs

.fini           0x00013fcc        0x8
 *(SORT(.fini))
 .fini          0x00013fcc        0x4 /usr/lib/gcc/armv5tel-unknown-linux-gnueabi/4.7.2/../../../crti.o
                0x00013fcc                _fini
 .fini          0x00013fd0        0x4 /usr/lib/gcc/armv5tel-unknown-linux-gnueabi/4.7.2/../../../crtn.o
                0x00013fd4                PROVIDE (__etext, .)
                0x00013fd4                PROVIDE (_etext, .)
                0x00013fd4                PROVIDE (etext, .)

.rodata         0x00013fd4      0xf20
 *(.rodata .rodata.* .gnu.linkonce.r.*)
 .rodata        0x00013fd4      0x630 ./UltraHeatDriver/UltraHeatDriver.o
                0x000145f0                typeinfo name for UltraHeatDriver
 .rodata        0x00014604      0x3d8 ./SysfsGenericGPIODriver/SysfsGenericGPIODriver.o
                0x000149c0                typeinfo name for SysfsGenericGPIODriver
 .rodata        0x000149dc      0x164 ./GPIOLedDriver/GPIOLedDriver.o
                0x00014b30                typeinfo name for GPIOLedDriver
 .rodata        0x00014b40      0x1c8 ./GPIOKeyDriver/GPIOKeyDriver.o
                0x00014cf8                typeinfo name for GPIOKeyDriver
 .rodata        0x00014d08       0x44 ./EntryPoint.o
 .rodata        0x00014d4c      0x1a8 ./ADCDriver/ADCDriver.o
                0x00014ee8                typeinfo name for ADCDriver

.rodata1
 *(.rodata1)

.ARM.extab      0x00014ef4     0x16f4
 *(.ARM.extab* .gnu.linkonce.armextab.*)
 .ARM.extab.text._ZnwjPv
                0x00014ef4        0x0 ./UltraHeatDriver/UltraHeatDriver.o
 .ARM.extab.text._ZdlPvS_
                0x00014ef4        0x0 ./UltraHeatDriver/UltraHeatDriver.o
 .ARM.extab.text._ZNSt11char_traitsIcE6lengthEPKc
                0x00014ef4        0x0 ./UltraHeatDriver/UltraHeatDriver.o
 .ARM.extab.text._ZN16CommandParameterC2ESsPvSs
                0x00014ef4       0x24 ./UltraHeatDriver/UltraHeatDriver.o
 .ARM.extab.text._ZN16CommandParameter5CloneEv
                0x00014f18       0x44 ./UltraHeatDriver/UltraHeatDriver.o
 .ARM.extab.text._ZN7CommandC2ERKS_
                0x00014f5c       0x3c ./UltraHeatDriver/UltraHeatDriver.o
 .ARM.extab     0x00014f98      0x594 ./UltraHeatDriver/UltraHeatDriver.o
 .ARM.extab.text._ZNSt4listI7CommandSaIS0_EED2Ev
                0x0001552c        0xc ./UltraHeatDriver/UltraHeatDriver.o
 .ARM.extab.text._ZSteqIcSt11char_traitsIcESaIcEEbRKSbIT_T0_T1_EPKS3_
                0x00015538        0xc ./UltraHeatDriver/UltraHeatDriver.o
 .ARM.extab.text._ZStplIcSt11char_traitsIcESaIcEESbIT_T0_T1_EPKS3_RKS6_
                0x00015544       0x1c ./UltraHeatDriver/UltraHeatDriver.o
 .ARM.extab.text._ZStplIcSt11char_traitsIcESaIcEESbIT_T0_T1_ERKS6_PKS3_
                0x00015560       0x1c ./UltraHeatDriver/UltraHeatDriver.o
 .ARM.extab.text._ZNSt4listIP16CommandParameterSaIS1_EEC2Ev
                0x0001557c        0xc ./UltraHeatDriver/UltraHeatDriver.o
 .ARM.extab.text._ZNSt14_List_iteratorIP16CommandParameterEC2Ev
                0x00015588        0x0 ./UltraHeatDriver/UltraHeatDriver.o
 .ARM.extab.text._ZNSt4listIP16CommandParameterSaIS1_EE5beginEv
                0x00015588        0xc ./UltraHeatDriver/UltraHeatDriver.o
 .ARM.extab.text._ZNSt4listIP16CommandParameterSaIS1_EE3endEv
                0x00015594        0xc ./UltraHeatDriver/UltraHeatDriver.o
 .ARM.extab.text._ZNKSt14_List_iteratorIP16CommandParameterEneERKS2_
                0x000155a0        0x0 ./UltraHeatDriver/UltraHeatDriver.o
 .ARM.extab.text._ZNSt14_List_iteratorIP16CommandParameterEppEi
                0x000155a0        0x0 ./UltraHeatDriver/UltraHeatDriver.o
 .ARM.extab.text._ZNKSt14_List_iteratorIP16CommandParameterEdeEv
                0x000155a0        0x0 ./UltraHeatDriver/UltraHeatDriver.o
 .ARM.extab.text._ZNSt4listIP16CommandParameterSaIS1_EE9push_backERKS1_
                0x000155a0        0xc ./UltraHeatDriver/UltraHeatDriver.o
 .ARM.extab.text._ZNSt4listI7CommandSaIS0_EE9push_backERKS0_
                0x000155ac        0xc ./UltraHeatDriver/UltraHeatDriver.o
 .ARM.extab.text._ZNSt4listI7CommandSaIS0_EEC2Ev
                0x000155b8        0xc ./UltraHeatDriver/UltraHeatDriver.o
 .ARM.extab.text._ZNSt10_List_baseI7CommandSaIS0_EE10_List_implD2Ev
                0x000155c4        0x0 ./UltraHeatDriver/UltraHeatDriver.o
 .ARM.extab.text._ZNSt10_List_baseI7CommandSaIS0_EED2Ev
                0x000155c4       0x18 ./UltraHeatDriver/UltraHeatDriver.o
 .ARM.extab.text._ZNSt14_List_iteratorI7CommandEC2Ev
                0x000155dc        0x0 ./UltraHeatDriver/UltraHeatDriver.o
 .ARM.extab.text._ZNSt4listI7CommandSaIS0_EE5beginEv
                0x000155dc        0xc ./UltraHeatDriver/UltraHeatDriver.o
 .ARM.extab.text._ZNSt4listI7CommandSaIS0_EE3endEv
                0x000155e8        0xc ./UltraHeatDriver/UltraHeatDriver.o
 .ARM.extab.text._ZNKSt14_List_iteratorI7CommandEneERKS1_
                0x000155f4        0x0 ./UltraHeatDriver/UltraHeatDriver.o
 .ARM.extab.text._ZNSt14_List_iteratorI7CommandEppEi
                0x000155f4        0x0 ./UltraHeatDriver/UltraHeatDriver.o
 .ARM.extab.text._ZNKSt14_List_iteratorI7CommandEdeEv
                0x000155f4        0x0 ./UltraHeatDriver/UltraHeatDriver.o
 .ARM.extab.text._ZNSt10_List_baseIP16CommandParameterSaIS1_EE10_List_implD2Ev
                0x000155f4        0x0 ./UltraHeatDriver/UltraHeatDriver.o
 .ARM.extab.text._ZNSt10_List_baseIP16CommandParameterSaIS1_EEC2Ev
                0x000155f4       0x1c ./UltraHeatDriver/UltraHeatDriver.o
 .ARM.extab.text._ZNSt14_List_iteratorIP16CommandParameterEC2EPNSt8__detail15_List_node_baseE
                0x00015610        0x0 ./UltraHeatDriver/UltraHeatDriver.o
 .ARM.extab.text._ZNSt4listIP16CommandParameterSaIS1_EE9_M_insertESt14_List_iteratorIS1_ERKS1_
                0x00015610        0xc ./UltraHeatDriver/UltraHeatDriver.o
 .ARM.extab.text._ZNSt4listI7CommandSaIS0_EE9_M_insertESt14_List_iteratorIS0_ERKS0_
                0x0001561c        0xc ./UltraHeatDriver/UltraHeatDriver.o
 .ARM.extab.text._ZNSt10_List_baseI7CommandSaIS0_EEC2Ev
                0x00015628       0x1c ./UltraHeatDriver/UltraHeatDriver.o
 .ARM.extab.text._ZNSaISt10_List_nodeI7CommandEED2Ev
                0x00015644        0x0 ./UltraHeatDriver/UltraHeatDriver.o
 .ARM.extab.text._ZNSt10_List_baseI7CommandSaIS0_EE8_M_clearEv
                0x00015644       0x20 ./UltraHeatDriver/UltraHeatDriver.o
 .ARM.extab.text._ZNSt14_List_iteratorI7CommandEC2EPNSt8__detail15_List_node_baseE
                0x00015664        0x0 ./UltraHeatDriver/UltraHeatDriver.o
 .ARM.extab.text._ZNKSt10_List_baseI7CommandSaIS0_EE21_M_get_Node_allocatorEv
                0x00015664        0x0 ./UltraHeatDriver/UltraHeatDriver.o
 .ARM.extab.text._ZNSt10_List_baseIP16CommandParameterSaIS1_EE10_List_implC2Ev
                0x00015664        0x0 ./UltraHeatDriver/UltraHeatDriver.o
 .ARM.extab.text._ZNSaISt10_List_nodeIP16CommandParameterEED2Ev
                0x00015664        0x0 ./UltraHeatDriver/UltraHeatDriver.o
 .ARM.extab.text._ZNSt10_List_baseIP16CommandParameterSaIS1_EE7_M_initEv
                0x00015664        0x0 ./UltraHeatDriver/UltraHeatDriver.o
 .ARM.extab.text._ZNSt4listIP16CommandParameterSaIS1_EE14_M_create_nodeERKS1_
                0x00015664       0x34 ./UltraHeatDriver/UltraHeatDriver.o
 .ARM.extab.text._ZNSt4listI7CommandSaIS0_EE14_M_create_nodeERKS0_
                0x00015698       0x34 ./UltraHeatDriver/UltraHeatDriver.o
 .ARM.extab.text._ZNSt10_List_baseI7CommandSaIS0_EE10_List_implC2Ev
                0x000156cc        0x0 ./UltraHeatDriver/UltraHeatDriver.o
 .ARM.extab.text._ZNSt10_List_baseI7CommandSaIS0_EE7_M_initEv
                0x000156cc        0x0 ./UltraHeatDriver/UltraHeatDriver.o
 .ARM.extab.text._ZN9__gnu_cxx13new_allocatorISt10_List_nodeI7CommandEED2Ev
                0x000156cc        0x0 ./UltraHeatDriver/UltraHeatDriver.o
 .ARM.extab.text._ZNKSt10_List_baseI7CommandSaIS0_EE19_M_get_Tp_allocatorEv
                0x000156cc        0x0 ./UltraHeatDriver/UltraHeatDriver.o
 .ARM.extab.text._ZNSaI7CommandED2Ev
                0x000156cc        0x0 ./UltraHeatDriver/UltraHeatDriver.o
 .ARM.extab.text._ZSt11__addressofI7CommandEPT_RS1_
                0x000156cc        0x0 ./UltraHeatDriver/UltraHeatDriver.o
 .ARM.extab.text._ZN9__gnu_cxx13new_allocatorI7CommandE7destroyEPS1_
                0x000156cc        0xc ./UltraHeatDriver/UltraHeatDriver.o
 .ARM.extab.text._ZNSt10_List_baseI7CommandSaIS0_EE11_M_put_nodeEPSt10_List_nodeIS0_E
                0x000156d8        0xc ./UltraHeatDriver/UltraHeatDriver.o
 .ARM.extab.text._ZNSaISt10_List_nodeIP16CommandParameterEEC2Ev
                0x000156e4        0x0 ./UltraHeatDriver/UltraHeatDriver.o
 .ARM.extab.text._ZN9__gnu_cxx13new_allocatorISt10_List_nodeIP16CommandParameterEED2Ev
                0x000156e4        0x0 ./UltraHeatDriver/UltraHeatDriver.o
 .ARM.extab.text._ZNKSt10_List_baseIP16CommandParameterSaIS1_EE19_M_get_Tp_allocatorEv
                0x000156e4        0xc ./UltraHeatDriver/UltraHeatDriver.o
 .ARM.extab.text._ZNSaIP16CommandParameterED2Ev
                0x000156f0        0x0 ./UltraHeatDriver/UltraHeatDriver.o
 .ARM.extab.text._ZSt11__addressofIP16CommandParameterEPT_RS2_
                0x000156f0        0x0 ./UltraHeatDriver/UltraHeatDriver.o
 .ARM.extab.text._ZNSt10_List_baseIP16CommandParameterSaIS1_EE11_M_put_nodeEPSt10_List_nodeIS1_E
                0x000156f0        0xc ./UltraHeatDriver/UltraHeatDriver.o
 .ARM.extab.text._ZNSt10_List_baseIP16CommandParameterSaIS1_EE11_M_get_nodeEv
                0x000156fc        0xc ./UltraHeatDriver/UltraHeatDriver.o
 .ARM.extab.text._ZN9__gnu_cxx13new_allocatorIP16CommandParameterE9constructEPS2_RKS2_
                0x00015708        0x0 ./UltraHeatDriver/UltraHeatDriver.o
 .ARM.extab.text._ZNSt10_List_baseI7CommandSaIS0_EE11_M_get_nodeEv
                0x00015708        0xc ./UltraHeatDriver/UltraHeatDriver.o
 .ARM.extab.text._ZN9__gnu_cxx13new_allocatorI7CommandE9constructEPS1_RKS1_
                0x00015714       0x18 ./UltraHeatDriver/UltraHeatDriver.o
 .ARM.extab.text._ZNSaISt10_List_nodeI7CommandEEC2Ev
                0x0001572c        0x0 ./UltraHeatDriver/UltraHeatDriver.o
 .ARM.extab.text._ZNSaI7CommandEC2ISt10_List_nodeIS_EEERKSaIT_E
                0x0001572c        0x0 ./UltraHeatDriver/UltraHeatDriver.o
 .ARM.extab.text._ZN9__gnu_cxx13new_allocatorI7CommandED2Ev
                0x0001572c        0x0 ./UltraHeatDriver/UltraHeatDriver.o
 .ARM.extab.text._ZN9__gnu_cxx13new_allocatorISt10_List_nodeI7CommandEE10deallocateEPS3_j
                0x0001572c        0x0 ./UltraHeatDriver/UltraHeatDriver.o
 .ARM.extab.text._ZN9__gnu_cxx13new_allocatorISt10_List_nodeIP16CommandParameterEEC2Ev
                0x0001572c        0x0 ./UltraHeatDriver/UltraHeatDriver.o
 .ARM.extab.text._ZNKSt10_List_baseIP16CommandParameterSaIS1_EE21_M_get_Node_allocatorEv
                0x0001572c        0x0 ./UltraHeatDriver/UltraHeatDriver.o
 .ARM.extab.text._ZNSaIP16CommandParameterEC2ISt10_List_nodeIS0_EEERKSaIT_E
                0x0001572c        0x0 ./UltraHeatDriver/UltraHeatDriver.o
 .ARM.extab.text._ZN9__gnu_cxx13new_allocatorIP16CommandParameterED2Ev
                0x0001572c        0x0 ./UltraHeatDriver/UltraHeatDriver.o
 .ARM.extab.text._ZN9__gnu_cxx13new_allocatorISt10_List_nodeIP16CommandParameterEE10deallocateEPS4_j
                0x0001572c        0x0 ./UltraHeatDriver/UltraHeatDriver.o
 .ARM.extab.text._ZN9__gnu_cxx13new_allocatorISt10_List_nodeIP16CommandParameterEE8allocateEjPKv
                0x0001572c        0xc ./UltraHeatDriver/UltraHeatDriver.o
 .ARM.extab.text._ZN9__gnu_cxx13new_allocatorISt10_List_nodeI7CommandEE8allocateEjPKv
                0x00015738        0xc ./UltraHeatDriver/UltraHeatDriver.o
 .ARM.extab.text._ZN9__gnu_cxx13new_allocatorISt10_List_nodeI7CommandEEC2Ev
                0x00015744        0x0 ./UltraHeatDriver/UltraHeatDriver.o
 .ARM.extab.text._ZN9__gnu_cxx13new_allocatorI7CommandEC2Ev
                0x00015744        0x0 ./UltraHeatDriver/UltraHeatDriver.o
 .ARM.extab.text._ZN9__gnu_cxx13new_allocatorIP16CommandParameterEC2Ev
                0x00015744        0x0 ./UltraHeatDriver/UltraHeatDriver.o
 .ARM.extab.text._ZNK9__gnu_cxx13new_allocatorISt10_List_nodeIP16CommandParameterEE8max_sizeEv
                0x00015744        0x0 ./UltraHeatDriver/UltraHeatDriver.o
 .ARM.extab.text._ZNK9__gnu_cxx13new_allocatorISt10_List_nodeI7CommandEE8max_sizeEv
                0x00015744        0x0 ./UltraHeatDriver/UltraHeatDriver.o
 .ARM.extab.text._ZN14EventParameterC2ERKS_
                0x00015744        0x0 ./SysfsGenericGPIODriver/SysfsGenericGPIODriver.o
 .ARM.extab.text._ZN14EventParameterC2EPKciS1_
                0x00015744        0x0 ./SysfsGenericGPIODriver/SysfsGenericGPIODriver.o
 .ARM.extab.text._ZN14EventParameterD2Ev
                0x00015744        0x0 ./SysfsGenericGPIODriver/SysfsGenericGPIODriver.o
 .ARM.extab     0x00015744      0x41c ./SysfsGenericGPIODriver/SysfsGenericGPIODriver.o
 .ARM.extab.text._ZStplIcSt11char_traitsIcESaIcEESbIT_T0_T1_ERKS6_S8_
                0x00015b60       0x1c ./SysfsGenericGPIODriver/SysfsGenericGPIODriver.o
 .ARM.extab.text._ZNSt4listI14EventParameterSaIS0_EEC2Ev
                0x00015b7c        0xc ./SysfsGenericGPIODriver/SysfsGenericGPIODriver.o
 .ARM.extab.text._ZNSt4listI14EventParameterSaIS0_EE9push_backERKS0_
                0x00015b88        0xc ./SysfsGenericGPIODriver/SysfsGenericGPIODriver.o
 .ARM.extab.text._ZNSt10_List_baseI14EventParameterSaIS0_EE10_List_implD2Ev
                0x00015b94        0x0 ./SysfsGenericGPIODriver/SysfsGenericGPIODriver.o
 .ARM.extab.text._ZNSt10_List_baseI14EventParameterSaIS0_EEC2Ev
                0x00015b94       0x1c ./SysfsGenericGPIODriver/SysfsGenericGPIODriver.o
 .ARM.extab.text._ZNSt4listI14EventParameterSaIS0_EE3endEv
                0x00015bb0        0xc ./SysfsGenericGPIODriver/SysfsGenericGPIODriver.o
 .ARM.extab.text._ZNSt4listI14EventParameterSaIS0_EE9_M_insertESt14_List_iteratorIS0_ERKS0_
                0x00015bbc        0xc ./SysfsGenericGPIODriver/SysfsGenericGPIODriver.o
 .ARM.extab.text._ZNSt10_List_baseI14EventParameterSaIS0_EE10_List_implC2Ev
                0x00015bc8        0x0 ./SysfsGenericGPIODriver/SysfsGenericGPIODriver.o
 .ARM.extab.text._ZNSaISt10_List_nodeI14EventParameterEED2Ev
                0x00015bc8        0x0 ./SysfsGenericGPIODriver/SysfsGenericGPIODriver.o
 .ARM.extab.text._ZNSt10_List_baseI14EventParameterSaIS0_EE7_M_initEv
                0x00015bc8        0x0 ./SysfsGenericGPIODriver/SysfsGenericGPIODriver.o
 .ARM.extab.text._ZNSt14_List_iteratorI14EventParameterEC2EPNSt8__detail15_List_node_baseE
                0x00015bc8        0x0 ./SysfsGenericGPIODriver/SysfsGenericGPIODriver.o
 .ARM.extab.text._ZNSt4listI14EventParameterSaIS0_EE14_M_create_nodeERKS0_
                0x00015bc8       0x34 ./SysfsGenericGPIODriver/SysfsGenericGPIODriver.o
 .ARM.extab.text._ZNSaISt10_List_nodeI14EventParameterEEC2Ev
                0x00015bfc        0x0 ./SysfsGenericGPIODriver/SysfsGenericGPIODriver.o
 .ARM.extab.text._ZN9__gnu_cxx13new_allocatorISt10_List_nodeI14EventParameterEED2Ev
                0x00015bfc        0x0 ./SysfsGenericGPIODriver/SysfsGenericGPIODriver.o
 .ARM.extab.text._ZNKSt10_List_baseI14EventParameterSaIS0_EE19_M_get_Tp_allocatorEv
                0x00015bfc        0xc ./SysfsGenericGPIODriver/SysfsGenericGPIODriver.o
 .ARM.extab.text._ZNSaI14EventParameterED2Ev
                0x00015c08        0x0 ./SysfsGenericGPIODriver/SysfsGenericGPIODriver.o
 .ARM.extab.text._ZSt11__addressofI14EventParameterEPT_RS1_
                0x00015c08        0x0 ./SysfsGenericGPIODriver/SysfsGenericGPIODriver.o
 .ARM.extab.text._ZNSt10_List_baseI14EventParameterSaIS0_EE11_M_put_nodeEPSt10_List_nodeIS0_E
                0x00015c08        0xc ./SysfsGenericGPIODriver/SysfsGenericGPIODriver.o
 .ARM.extab.text._ZNSt10_List_baseI14EventParameterSaIS0_EE11_M_get_nodeEv
                0x00015c14        0xc ./SysfsGenericGPIODriver/SysfsGenericGPIODriver.o
 .ARM.extab.text._ZN9__gnu_cxx13new_allocatorI14EventParameterE9constructEPS1_RKS1_
                0x00015c20        0x0 ./SysfsGenericGPIODriver/SysfsGenericGPIODriver.o
 .ARM.extab.text._ZN9__gnu_cxx13new_allocatorISt10_List_nodeI14EventParameterEEC2Ev
                0x00015c20        0x0 ./SysfsGenericGPIODriver/SysfsGenericGPIODriver.o
 .ARM.extab.text._ZNKSt10_List_baseI14EventParameterSaIS0_EE21_M_get_Node_allocatorEv
                0x00015c20        0x0 ./SysfsGenericGPIODriver/SysfsGenericGPIODriver.o
 .ARM.extab.text._ZNSaI14EventParameterEC2ISt10_List_nodeIS_EEERKSaIT_E
                0x00015c20        0x0 ./SysfsGenericGPIODriver/SysfsGenericGPIODriver.o
 .ARM.extab.text._ZN9__gnu_cxx13new_allocatorI14EventParameterED2Ev
                0x00015c20        0x0 ./SysfsGenericGPIODriver/SysfsGenericGPIODriver.o
 .ARM.extab.text._ZN9__gnu_cxx13new_allocatorISt10_List_nodeI14EventParameterEE10deallocateEPS3_j
                0x00015c20        0x0 ./SysfsGenericGPIODriver/SysfsGenericGPIODriver.o
 .ARM.extab.text._ZN9__gnu_cxx13new_allocatorISt10_List_nodeI14EventParameterEE8allocateEjPKv
                0x00015c20        0xc ./SysfsGenericGPIODriver/SysfsGenericGPIODriver.o
 .ARM.extab.text._ZN9__gnu_cxx13new_allocatorI14EventParameterEC2Ev
                0x00015c2c        0x0 ./SysfsGenericGPIODriver/SysfsGenericGPIODriver.o
 .ARM.extab.text._ZNK9__gnu_cxx13new_allocatorISt10_List_nodeI14EventParameterEE8max_sizeEv
                0x00015c2c        0x0 ./SysfsGenericGPIODriver/SysfsGenericGPIODriver.o
 .ARM.extab     0x00015c2c      0x1fc ./GPIOLedDriver/GPIOLedDriver.o
 .ARM.extab     0x00015e28      0x2a8 ./GPIOKeyDriver/GPIOKeyDriver.o
 .ARM.extab.text._ZNSt4listI5EventSaIS0_EE9push_backERKS0_
                0x000160d0        0xc ./GPIOKeyDriver/GPIOKeyDriver.o
 .ARM.extab.text._ZNSt4listI5EventSaIS0_EE3endEv
                0x000160dc        0xc ./GPIOKeyDriver/GPIOKeyDriver.o
 .ARM.extab.text._ZNSt4listI5EventSaIS0_EE9_M_insertESt14_List_iteratorIS0_ERKS0_
                0x000160e8        0xc ./GPIOKeyDriver/GPIOKeyDriver.o
 .ARM.extab.text._ZNSt14_List_iteratorI5EventEC2EPNSt8__detail15_List_node_baseE
                0x000160f4        0x0 ./GPIOKeyDriver/GPIOKeyDriver.o
 .ARM.extab.text._ZNSt4listI5EventSaIS0_EE14_M_create_nodeERKS0_
                0x000160f4       0x34 ./GPIOKeyDriver/GPIOKeyDriver.o
 .ARM.extab.text._ZNSt10_List_baseI5EventSaIS0_EE11_M_get_nodeEv
                0x00016128        0xc ./GPIOKeyDriver/GPIOKeyDriver.o
 .ARM.extab.text._ZNKSt10_List_baseI5EventSaIS0_EE19_M_get_Tp_allocatorEv
                0x00016134        0xc ./GPIOKeyDriver/GPIOKeyDriver.o
 .ARM.extab.text._ZNSaI5EventED2Ev
                0x00016140        0x0 ./GPIOKeyDriver/GPIOKeyDriver.o
 .ARM.extab.text._ZSt11__addressofI5EventEPT_RS1_
                0x00016140        0x0 ./GPIOKeyDriver/GPIOKeyDriver.o
 .ARM.extab.text._ZN9__gnu_cxx13new_allocatorI5EventE9constructEPS1_RKS1_
                0x00016140       0x18 ./GPIOKeyDriver/GPIOKeyDriver.o
 .ARM.extab.text._ZNSt10_List_baseI5EventSaIS0_EE11_M_put_nodeEPSt10_List_nodeIS0_E
                0x00016158        0xc ./GPIOKeyDriver/GPIOKeyDriver.o
 .ARM.extab.text._ZN9__gnu_cxx13new_allocatorISt10_List_nodeI5EventEE8allocateEjPKv
                0x00016164        0xc ./GPIOKeyDriver/GPIOKeyDriver.o
 .ARM.extab.text._ZNKSt10_List_baseI5EventSaIS0_EE21_M_get_Node_allocatorEv
                0x00016170        0x0 ./GPIOKeyDriver/GPIOKeyDriver.o
 .ARM.extab.text._ZNSaI5EventEC2ISt10_List_nodeIS_EEERKSaIT_E
                0x00016170        0x0 ./GPIOKeyDriver/GPIOKeyDriver.o
 .ARM.extab.text._ZN9__gnu_cxx13new_allocatorI5EventED2Ev
                0x00016170        0x0 ./GPIOKeyDriver/GPIOKeyDriver.o
 .ARM.extab.text._ZN9__gnu_cxx13new_allocatorISt10_List_nodeI5EventEE10deallocateEPS3_j
                0x00016170        0x0 ./GPIOKeyDriver/GPIOKeyDriver.o
 .ARM.extab.text._ZNK9__gnu_cxx13new_allocatorISt10_List_nodeI5EventEE8max_sizeEv
                0x00016170        0x0 ./GPIOKeyDriver/GPIOKeyDriver.o
 .ARM.extab.text._ZN9__gnu_cxx13new_allocatorI5EventEC2Ev
                0x00016170        0x0 ./GPIOKeyDriver/GPIOKeyDriver.o
 .ARM.extab.text._ZNSt4listIP10BaseDriverSaIS1_EED2Ev
                0x00016170        0xc ./EntryPoint.o
 .ARM.extab     0x0001617c       0x74 ./EntryPoint.o
 .ARM.extab.text._ZNSt4listIP10BaseDriverSaIS1_EEC2Ev
                0x000161f0        0xc ./EntryPoint.o
 .ARM.extab.text._ZNSt10_List_baseIP10BaseDriverSaIS1_EE10_List_implD2Ev
                0x000161fc        0x0 ./EntryPoint.o
 .ARM.extab.text._ZNSt10_List_baseIP10BaseDriverSaIS1_EED2Ev
                0x000161fc       0x18 ./EntryPoint.o
 .ARM.extab.text._ZNSt4listIP10BaseDriverSaIS1_EE9push_backERKS1_
                0x00016214        0xc ./EntryPoint.o
 .ARM.extab.text._ZNSt10_List_baseIP10BaseDriverSaIS1_EEC2Ev
                0x00016220       0x1c ./EntryPoint.o
 .ARM.extab.text._ZNSaISt10_List_nodeIP10BaseDriverEED2Ev
                0x0001623c        0x0 ./EntryPoint.o
 .ARM.extab.text._ZNSt10_List_baseIP10BaseDriverSaIS1_EE8_M_clearEv
                0x0001623c       0x20 ./EntryPoint.o
 .ARM.extab.text._ZNSt4listIP10BaseDriverSaIS1_EE3endEv
                0x0001625c        0xc ./EntryPoint.o
 .ARM.extab.text._ZNSt4listIP10BaseDriverSaIS1_EE9_M_insertESt14_List_iteratorIS1_ERKS1_
                0x00016268        0xc ./EntryPoint.o
 .ARM.extab.text._ZNKSt10_List_baseIP10BaseDriverSaIS1_EE21_M_get_Node_allocatorEv
                0x00016274        0x0 ./EntryPoint.o
 .ARM.extab.text._ZNSt10_List_baseIP10BaseDriverSaIS1_EE10_List_implC2Ev
                0x00016274        0x0 ./EntryPoint.o
 .ARM.extab.text._ZNSt10_List_baseIP10BaseDriverSaIS1_EE7_M_initEv
                0x00016274        0x0 ./EntryPoint.o
 .ARM.extab.text._ZN9__gnu_cxx13new_allocatorISt10_List_nodeIP10BaseDriverEED2Ev
                0x00016274        0x0 ./EntryPoint.o
 .ARM.extab.text._ZNKSt10_List_baseIP10BaseDriverSaIS1_EE19_M_get_Tp_allocatorEv
                0x00016274        0x0 ./EntryPoint.o
 .ARM.extab.text._ZNSaIP10BaseDriverED2Ev
                0x00016274        0x0 ./EntryPoint.o
 .ARM.extab.text._ZSt11__addressofIP10BaseDriverEPT_RS2_
                0x00016274        0x0 ./EntryPoint.o
 .ARM.extab.text._ZN9__gnu_cxx13new_allocatorIP10BaseDriverE7destroyEPS2_
                0x00016274        0x0 ./EntryPoint.o
 .ARM.extab.text._ZNSt10_List_baseIP10BaseDriverSaIS1_EE11_M_put_nodeEPSt10_List_nodeIS1_E
                0x00016274        0xc ./EntryPoint.o
 .ARM.extab.text._ZNSt14_List_iteratorIP10BaseDriverEC2EPNSt8__detail15_List_node_baseE
                0x00016280        0x0 ./EntryPoint.o
 .ARM.extab.text._ZNSt4listIP10BaseDriverSaIS1_EE14_M_create_nodeERKS1_
                0x00016280       0x34 ./EntryPoint.o
 .ARM.extab.text._ZNSaISt10_List_nodeIP10BaseDriverEEC2Ev
                0x000162b4        0x0 ./EntryPoint.o
 .ARM.extab.text._ZNSaIP10BaseDriverEC2ISt10_List_nodeIS0_EEERKSaIT_E
                0x000162b4        0x0 ./EntryPoint.o
 .ARM.extab.text._ZN9__gnu_cxx13new_allocatorIP10BaseDriverED2Ev
                0x000162b4        0x0 ./EntryPoint.o
 .ARM.extab.text._ZN9__gnu_cxx13new_allocatorISt10_List_nodeIP10BaseDriverEE10deallocateEPS4_j
                0x000162b4        0x0 ./EntryPoint.o
 .ARM.extab.text._ZNSt10_List_baseIP10BaseDriverSaIS1_EE11_M_get_nodeEv
                0x000162b4        0xc ./EntryPoint.o
 .ARM.extab.text._ZN9__gnu_cxx13new_allocatorIP10BaseDriverE9constructEPS2_RKS2_
                0x000162c0        0x0 ./EntryPoint.o
 .ARM.extab.text._ZN9__gnu_cxx13new_allocatorISt10_List_nodeIP10BaseDriverEEC2Ev
                0x000162c0        0x0 ./EntryPoint.o
 .ARM.extab.text._ZN9__gnu_cxx13new_allocatorIP10BaseDriverEC2Ev
                0x000162c0        0x0 ./EntryPoint.o
 .ARM.extab.text._ZN9__gnu_cxx13new_allocatorISt10_List_nodeIP10BaseDriverEE8allocateEjPKv
                0x000162c0        0xc ./EntryPoint.o
 .ARM.extab.text._ZNK9__gnu_cxx13new_allocatorISt10_List_nodeIP10BaseDriverEE8max_sizeEv
                0x000162cc        0x0 ./EntryPoint.o
 .ARM.extab     0x000162cc      0x31c ./ADCDriver/ADCDriver.o
                0x000165e8                PROVIDE (__exidx_start, .)

.ARM.exidx      0x000165e8      0x598
 *(.ARM.exidx* .gnu.linkonce.armexidx.*)
 .ARM.exidx.text._ZnwjPv
                0x00016660        0x0 ./UltraHeatDriver/UltraHeatDriver.o
                                  0x8 (size before relaxing)
 .ARM.exidx.text._ZdlPvS_
                0x00016660        0x0 ./UltraHeatDriver/UltraHeatDriver.o
                                  0x8 (size before relaxing)
 .ARM.exidx.text._ZNSt11char_traitsIcE6lengthEPKc
                0x00016660        0x0 ./UltraHeatDriver/UltraHeatDriver.o
                                  0x8 (size before relaxing)
 .ARM.exidx.text._ZN16CommandParameterC2ESsPvSs
                0x00016660        0x8 ./UltraHeatDriver/UltraHeatDriver.o
 .ARM.exidx.text._ZN16CommandParameter5CloneEv
                0x00016668        0x8 ./UltraHeatDriver/UltraHeatDriver.o
 .ARM.exidx.text._ZN7CommandC2ERKS_
                0x00016670        0x8 ./UltraHeatDriver/UltraHeatDriver.o
 .ARM.exidx     0x000165e8       0x78 ./UltraHeatDriver/UltraHeatDriver.o
                                 0xa8 (size before relaxing)
 .ARM.exidx.text._ZNSt4listI7CommandSaIS0_EED2Ev
                0x00016678        0x8 ./UltraHeatDriver/UltraHeatDriver.o
 .ARM.exidx.text._ZSteqIcSt11char_traitsIcESaIcEEbRKSbIT_T0_T1_EPKS3_
                0x00016680        0x8 ./UltraHeatDriver/UltraHeatDriver.o
 .ARM.exidx.text._ZStplIcSt11char_traitsIcESaIcEESbIT_T0_T1_EPKS3_RKS6_
                0x00016688        0x8 ./UltraHeatDriver/UltraHeatDriver.o
 .ARM.exidx.text._ZStplIcSt11char_traitsIcESaIcEESbIT_T0_T1_ERKS6_PKS3_
                0x00016690        0x8 ./UltraHeatDriver/UltraHeatDriver.o
 .ARM.exidx.text._ZNSt4listIP16CommandParameterSaIS1_EEC2Ev
                0x00016698        0x8 ./UltraHeatDriver/UltraHeatDriver.o
 .ARM.exidx.text._ZNSt14_List_iteratorIP16CommandParameterEC2Ev
                0x000166a0        0x8 ./UltraHeatDriver/UltraHeatDriver.o
 .ARM.exidx.text._ZNSt4listIP16CommandParameterSaIS1_EE5beginEv
                0x000166a8        0x8 ./UltraHeatDriver/UltraHeatDriver.o
 .ARM.exidx.text._ZNSt4listIP16CommandParameterSaIS1_EE3endEv
                0x000166b0        0x8 ./UltraHeatDriver/UltraHeatDriver.o
 .ARM.exidx.text._ZNKSt14_List_iteratorIP16CommandParameterEneERKS2_
                0x000166b8        0x8 ./UltraHeatDriver/UltraHeatDriver.o
 .ARM.exidx.text._ZNSt14_List_iteratorIP16CommandParameterEppEi
                0x000166c0        0x0 ./UltraHeatDriver/UltraHeatDriver.o
                                  0x8 (size before relaxing)
 .ARM.exidx.text._ZNKSt14_List_iteratorIP16CommandParameterEdeEv
                0x000166c0        0x0 ./UltraHeatDriver/UltraHeatDriver.o
                                  0x8 (size before relaxing)
 .ARM.exidx.text._ZNSt4listIP16CommandParameterSaIS1_EE9push_backERKS1_
                0x000166c0        0x8 ./UltraHeatDriver/UltraHeatDriver.o
 .ARM.exidx.text._ZNSt4listI7CommandSaIS0_EE9push_backERKS0_
                0x000166c8        0x8 ./UltraHeatDriver/UltraHeatDriver.o
 .ARM.exidx.text._ZNSt4listI7CommandSaIS0_EEC2Ev
                0x000166d0        0x8 ./UltraHeatDriver/UltraHeatDriver.o
 .ARM.exidx.text._ZNSt10_List_baseI7CommandSaIS0_EE10_List_implD2Ev
                0x000166d8        0x8 ./UltraHeatDriver/UltraHeatDriver.o
 .ARM.exidx.text._ZNSt10_List_baseI7CommandSaIS0_EED2Ev
                0x000166e0        0x8 ./UltraHeatDriver/UltraHeatDriver.o
 .ARM.exidx.text._ZNSt14_List_iteratorI7CommandEC2Ev
                0x000166e8        0x8 ./UltraHeatDriver/UltraHeatDriver.o
 .ARM.exidx.text._ZNSt4listI7CommandSaIS0_EE5beginEv
                0x000166f0        0x8 ./UltraHeatDriver/UltraHeatDriver.o
 .ARM.exidx.text._ZNSt4listI7CommandSaIS0_EE3endEv
                0x000166f8        0x8 ./UltraHeatDriver/UltraHeatDriver.o
 .ARM.exidx.text._ZNKSt14_List_iteratorI7CommandEneERKS1_
                0x00016700        0x8 ./UltraHeatDriver/UltraHeatDriver.o
 .ARM.exidx.text._ZNSt14_List_iteratorI7CommandEppEi
                0x00016708        0x0 ./UltraHeatDriver/UltraHeatDriver.o
                                  0x8 (size before relaxing)
 .ARM.exidx.text._ZNKSt14_List_iteratorI7CommandEdeEv
                0x00016708        0x0 ./UltraHeatDriver/UltraHeatDriver.o
                                  0x8 (size before relaxing)
 .ARM.exidx.text._ZNSt10_List_baseIP16CommandParameterSaIS1_EE10_List_implD2Ev
                0x00016708        0x0 ./UltraHeatDriver/UltraHeatDriver.o
                                  0x8 (size before relaxing)
 .ARM.exidx.text._ZNSt10_List_baseIP16CommandParameterSaIS1_EEC2Ev
                0x00016708        0x8 ./UltraHeatDriver/UltraHeatDriver.o
 .ARM.exidx.text._ZNSt14_List_iteratorIP16CommandParameterEC2EPNSt8__detail15_List_node_baseE
                0x00016710        0x8 ./UltraHeatDriver/UltraHeatDriver.o
 .ARM.exidx.text._ZNSt4listIP16CommandParameterSaIS1_EE9_M_insertESt14_List_iteratorIS1_ERKS1_
                0x00016718        0x8 ./UltraHeatDriver/UltraHeatDriver.o
 .ARM.exidx.text._ZNSt4listI7CommandSaIS0_EE9_M_insertESt14_List_iteratorIS0_ERKS0_
                0x00016720        0x8 ./UltraHeatDriver/UltraHeatDriver.o
 .ARM.exidx.text._ZNSt10_List_baseI7CommandSaIS0_EEC2Ev
                0x00016728        0x8 ./UltraHeatDriver/UltraHeatDriver.o
 .ARM.exidx.text._ZNSaISt10_List_nodeI7CommandEED2Ev
                0x00016730        0x8 ./UltraHeatDriver/UltraHeatDriver.o
 .ARM.exidx.text._ZNSt10_List_baseI7CommandSaIS0_EE8_M_clearEv
                0x00016738        0x8 ./UltraHeatDriver/UltraHeatDriver.o
 .ARM.exidx.text._ZNSt14_List_iteratorI7CommandEC2EPNSt8__detail15_List_node_baseE
                0x00016740        0x8 ./UltraHeatDriver/UltraHeatDriver.o
 .ARM.exidx.text._ZNKSt10_List_baseI7CommandSaIS0_EE21_M_get_Node_allocatorEv
                0x00016748        0x0 ./UltraHeatDriver/UltraHeatDriver.o
                                  0x8 (size before relaxing)
 .ARM.exidx.text._ZNSt10_List_baseIP16CommandParameterSaIS1_EE10_List_implC2Ev
                0x00016748        0x0 ./UltraHeatDriver/UltraHeatDriver.o
                                  0x8 (size before relaxing)
 .ARM.exidx.text._ZNSaISt10_List_nodeIP16CommandParameterEED2Ev
                0x00016748        0x0 ./UltraHeatDriver/UltraHeatDriver.o
                                  0x8 (size before relaxing)
 .ARM.exidx.text._ZNSt10_List_baseIP16CommandParameterSaIS1_EE7_M_initEv
                0x00016748        0x0 ./UltraHeatDriver/UltraHeatDriver.o
                                  0x8 (size before relaxing)
 .ARM.exidx.text._ZNSt4listIP16CommandParameterSaIS1_EE14_M_create_nodeERKS1_
                0x00016748        0x8 ./UltraHeatDriver/UltraHeatDriver.o
 .ARM.exidx.text._ZNSt4listI7CommandSaIS0_EE14_M_create_nodeERKS0_
                0x00016750        0x8 ./UltraHeatDriver/UltraHeatDriver.o
 .ARM.exidx.text._ZNSt10_List_baseI7CommandSaIS0_EE10_List_implC2Ev
                0x00016758        0x8 ./UltraHeatDriver/UltraHeatDriver.o
 .ARM.exidx.text._ZNSt10_List_baseI7CommandSaIS0_EE7_M_initEv
                0x00016760        0x0 ./UltraHeatDriver/UltraHeatDriver.o
                                  0x8 (size before relaxing)
 .ARM.exidx.text._ZN9__gnu_cxx13new_allocatorISt10_List_nodeI7CommandEED2Ev
                0x00016760        0x0 ./UltraHeatDriver/UltraHeatDriver.o
                                  0x8 (size before relaxing)
 .ARM.exidx.text._ZNKSt10_List_baseI7CommandSaIS0_EE19_M_get_Tp_allocatorEv
                0x00016760        0x0 ./UltraHeatDriver/UltraHeatDriver.o
                                  0x8 (size before relaxing)
 .ARM.exidx.text._ZNSaI7CommandED2Ev
                0x00016760        0x0 ./UltraHeatDriver/UltraHeatDriver.o
                                  0x8 (size before relaxing)
 .ARM.exidx.text._ZSt11__addressofI7CommandEPT_RS1_
                0x00016760        0x0 ./UltraHeatDriver/UltraHeatDriver.o
                                  0x8 (size before relaxing)
 .ARM.exidx.text._ZN9__gnu_cxx13new_allocatorI7CommandE7destroyEPS1_
                0x00016760        0x8 ./UltraHeatDriver/UltraHeatDriver.o
 .ARM.exidx.text._ZNSt10_List_baseI7CommandSaIS0_EE11_M_put_nodeEPSt10_List_nodeIS0_E