
Discarded input sections

 .note.GNU-stack
                0x0000000000000000        0x0 /usr/lib/gcc/x86_64-linux-gnu/4.6/../../../x86_64-linux-gnu/crti.o
 .gnu_debuglink
                0x0000000000000000        0xc /usr/lib/gcc/x86_64-linux-gnu/4.6/../../../x86_64-linux-gnu/crti.o
 .note.GNU-stack
                0x0000000000000000        0x0 /usr/lib/gcc/x86_64-linux-gnu/4.6/crtbeginS.o
 .group         0x0000000000000000        0x8 ./UltraHeatDriver/UltraHeatDriver.o
 .group         0x0000000000000000        0x8 ./UltraHeatDriver/UltraHeatDriver.o
 .group         0x0000000000000000        0x8 ./UltraHeatDriver/UltraHeatDriver.o
 .group         0x0000000000000000        0x8 ./UltraHeatDriver/UltraHeatDriver.o
 .group         0x0000000000000000        0x8 ./UltraHeatDriver/UltraHeatDriver.o
 .group         0x0000000000000000        0x8 ./UltraHeatDriver/UltraHeatDriver.o
 .group         0x0000000000000000        0x8 ./UltraHeatDriver/UltraHeatDriver.o
 .group         0x0000000000000000        0x8 ./UltraHeatDriver/UltraHeatDriver.o
 .group         0x0000000000000000        0x8 ./UltraHeatDriver/UltraHeatDriver.o
 .group         0x0000000000000000        0x8 ./UltraHeatDriver/UltraHeatDriver.o
 .group         0x0000000000000000        0x8 ./UltraHeatDriver/UltraHeatDriver.o
 .group         0x0000000000000000        0x8 ./UltraHeatDriver/UltraHeatDriver.o
 .group         0x0000000000000000        0x8 ./UltraHeatDriver/UltraHeatDriver.o
 .group         0x0000000000000000        0x8 ./UltraHeatDriver/UltraHeatDriver.o
 .group         0x0000000000000000        0x8 ./UltraHeatDriver/UltraHeatDriver.o
 .group         0x0000000000000000        0x8 ./UltraHeatDriver/UltraHeatDriver.o
 .group         0x0000000000000000        0x8 ./UltraHeatDriver/UltraHeatDriver.o
 .group         0x0000000000000000        0x8 ./UltraHeatDriver/UltraHeatDriver.o
 .group         0x0000000000000000        0x8 ./UltraHeatDriver/UltraHeatDriver.o
 .group         0x0000000000000000        0x8 ./UltraHeatDriver/UltraHeatDriver.o
 .group         0x0000000000000000        0x8 ./UltraHeatDriver/UltraHeatDriver.o
 .group         0x0000000000000000        0x8 ./UltraHeatDriver/UltraHeatDriver.o
 .group         0x0000000000000000        0x8 ./UltraHeatDriver/UltraHeatDriver.o
 .group         0x0000000000000000        0x8 ./UltraHeatDriver/UltraHeatDriver.o
 .group         0x0000000000000000        0x8 ./UltraHeatDriver/UltraHeatDriver.o
 .group         0x0000000000000000        0x8 ./UltraHeatDriver/UltraHeatDriver.o
 .group         0x0000000000000000        0x8 ./UltraHeatDriver/UltraHeatDriver.o
 .group         0x0000000000000000        0x8 ./UltraHeatDriver/UltraHeatDriver.o
 .group         0x0000000000000000        0x8 ./UltraHeatDriver/UltraHeatDriver.o
 .group         0x0000000000000000        0x8 ./UltraHeatDriver/UltraHeatDriver.o
 .group         0x0000000000000000        0x8 ./UltraHeatDriver/UltraHeatDriver.o
 .group         0x0000000000000000        0x8 ./UltraHeatDriver/UltraHeatDriver.o
 .group         0x0000000000000000        0x8 ./UltraHeatDriver/UltraHeatDriver.o
 .group         0x0000000000000000        0x8 ./UltraHeatDriver/UltraHeatDriver.o
 .group         0x0000000000000000        0x8 ./UltraHeatDriver/UltraHeatDriver.o
 .group         0x0000000000000000        0x8 ./UltraHeatDriver/UltraHeatDriver.o
 .group         0x0000000000000000        0x8 ./UltraHeatDriver/UltraHeatDriver.o
 .group         0x0000000000000000        0x8 ./UltraHeatDriver/UltraHeatDriver.o
 .group         0x0000000000000000        0x8 ./UltraHeatDriver/UltraHeatDriver.o
 .group         0x0000000000000000        0x8 ./UltraHeatDriver/UltraHeatDriver.o
 .group         0x0000000000000000        0x8 ./UltraHeatDriver/UltraHeatDriver.o
 .group         0x0000000000000000        0x8 ./UltraHeatDriver/UltraHeatDriver.o
 .group         0x0000000000000000        0x8 ./UltraHeatDriver/UltraHeatDriver.o
 .group         0x0000000000000000        0x8 ./UltraHeatDriver/UltraHeatDriver.o
 .group         0x0000000000000000        0x8 ./UltraHeatDriver/UltraHeatDriver.o
 .group         0x0000000000000000        0x8 ./UltraHeatDriver/UltraHeatDriver.o
 .group         0x0000000000000000        0x8 ./UltraHeatDriver/UltraHeatDriver.o
 .group         0x0000000000000000        0x8 ./UltraHeatDriver/UltraHeatDriver.o
 .group         0x0000000000000000        0x8 ./UltraHeatDriver/UltraHeatDriver.o
 .group         0x0000000000000000        0x8 ./UltraHeatDriver/UltraHeatDriver.o
 .group         0x0000000000000000        0x8 ./UltraHeatDriver/UltraHeatDriver.o
 .group         0x0000000000000000        0x8 ./UltraHeatDriver/UltraHeatDriver.o
 .group         0x0000000000000000        0x8 ./UltraHeatDriver/UltraHeatDriver.o
 .group         0x0000000000000000        0x8 ./UltraHeatDriver/UltraHeatDriver.o
 .group         0x0000000000000000        0x8 ./UltraHeatDriver/UltraHeatDriver.o
 .group         0x0000000000000000        0x8 ./UltraHeatDriver/UltraHeatDriver.o
[...]
Memory Configuration

Name             Origin             Length             Attributes
*default*        0x0000000000000000 0xffffffffffffffff

Linker script and memory map

LOAD /usr/lib/gcc/x86_64-linux-gnu/4.6/../../../x86_64-linux-gnu/crti.o
LOAD /usr/lib/gcc/x86_64-linux-gnu/4.6/crtbeginS.o
LOAD ./UltraHeatDriver/UltraHeatDriver.o
LOAD ./SysfsGenericGPIODriver/SysfsGenericGPIODriver.o
LOAD ./SysfsInputDriver/SysfsInputDriver.o
LOAD ./SysfsOutputDriver/SysfsOutputDriver.o
LOAD ./GPIOLedDriver/GPIOLedDriver.o
LOAD ./GPIOKeyDriver/GPIOKeyDriver.o
LOAD ./EntryPoint.o
LOAD ./ADCDriver/ADCDriver.o
LOAD ./RaspiGPIO/RaspiGPInputDriver.o
LOAD ./RaspiGPIO/RaspiGPOutputDriver.o
LOAD ./RaspiGPIO/bcm2835.o
LOAD ../../Common/Debug/libCommon.so
LOAD /usr/lib/gcc/x86_64-linux-gnu/4.6/libstdc++.so
LOAD /usr/lib/gcc/x86_64-linux-gnu/4.6/../../../x86_64-linux-gnu/libm.so
LOAD /usr/lib/gcc/x86_64-linux-gnu/4.6/libgcc_s.so
LOAD /usr/lib/gcc/x86_64-linux-gnu/4.6/../../../x86_64-linux-gnu/libc.so
START GROUP
LOAD /lib/x86_64-linux-gnu/libc.so.6
LOAD /usr/lib/x86_64-linux-gnu/libc_nonshared.a
LOAD /lib/x86_64-linux-gnu/ld-linux-x86-64.so.2
END GROUP
LOAD /usr/lib/gcc/x86_64-linux-gnu/4.6/libgcc_s.so
LOAD /usr/lib/gcc/x86_64-linux-gnu/4.6/crtendS.o
LOAD /usr/lib/gcc/x86_64-linux-gnu/4.6/../../../x86_64-linux-gnu/crtn.o
                0x00000000000001c8                . = (0x0 + SIZEOF_HEADERS)

.note.gnu.build-id
                0x00000000000001c8       0x24
 *(.note.gnu.build-id)
 .note.gnu.build-id
                0x00000000000001c8       0x24 /usr/lib/gcc/x86_64-linux-gnu/4.6/../../../x86_64-linux-gnu/crti.o

.hash
 *(.hash)

.gnu.hash       0x00000000000001f0      0xe38
 *(.gnu.hash)
 .gnu.hash      0x00000000000001f0      0xe38 /usr/lib/gcc/x86_64-linux-gnu/4.6/../../../x86_64-linux-gnu/crti.o

.dynsym         0x0000000000001028     0x39c0
 *(.dynsym)
 .dynsym        0x0000000000001028     0x39c0 /usr/lib/gcc/x86_64-linux-gnu/4.6/../../../x86_64-linux-gnu/crti.o

.dynstr         0x00000000000049e8     0x55e6
 *(.dynstr)
 .dynstr        0x00000000000049e8     0x55e6 /usr/lib/gcc/x86_64-linux-gnu/4.6/../../../x86_64-linux-gnu/crti.o

.gnu.version    0x0000000000009fce      0x4d0
 *(.gnu.version)
 .gnu.version   0x0000000000009fce      0x4d0 /usr/lib/gcc/x86_64-linux-gnu/4.6/../../../x86_64-linux-gnu/crti.o

.gnu.version_d  0x000000000000a4a0        0x0
 *(.gnu.version_d)
 .gnu.version_d
                0x0000000000000000        0x0 /usr/lib/gcc/x86_64-linux-gnu/4.6/../../../x86_64-linux-gnu/crti.o

.gnu.version_r  0x000000000000a4a0       0x90
 *(.gnu.version_r)
 .gnu.version_r
                0x000000000000a4a0       0x90 /usr/lib/gcc/x86_64-linux-gnu/4.6/../../../x86_64-linux-gnu/crti.o

.rela.dyn       0x000000000000a530     0x1320
 *(.rela.init)
 *(.rela.text .rela.text.* .rela.gnu.linkonce.t.*)
 .rela.text     0x0000000000000000        0x0 /usr/lib/gcc/x86_64-linux-gnu/4.6/../../../x86_64-linux-gnu/crti.o
 *(.rela.fini)
 *(.rela.rodata .rela.rodata.* .rela.gnu.linkonce.r.*)
 *(.rela.data .rela.data.* .rela.gnu.linkonce.d.*)
 .rela.data.rel
                0x000000000000a530       0x18 /usr/lib/gcc/x86_64-linux-gnu/4.6/../../../x86_64-linux-gnu/crti.o
 .rela.data.rel.ro._ZTV15UltraHeatDriver
                0x000000000000a548      0x138 /usr/lib/gcc/x86_64-linux-gnu/4.6/../../../x86_64-linux-gnu/crti.o
 .rela.data.rel.ro._ZTI15UltraHeatDriver
                0x000000000000a680       0x48 /usr/lib/gcc/x86_64-linux-gnu/4.6/../../../x86_64-linux-gnu/crti.o
 .rela.data.rel.ro.local
                0x000000000000a6c8       0xd8 /usr/lib/gcc/x86_64-linux-gnu/4.6/../../../x86_64-linux-gnu/crti.o
 .rela.data.DW.ref.__gxx_personality_v0
                0x000000000000a7a0       0x18 /usr/lib/gcc/x86_64-linux-gnu/4.6/../../../x86_64-linux-gnu/crti.o
 .rela.data.rel.ro._ZTV22SysfsGenericGPIODriver
                0x000000000000a7b8      0x198 /usr/lib/gcc/x86_64-linux-gnu/4.6/../../../x86_64-linux-gnu/crti.o
 .rela.data.rel.ro._ZTI22SysfsGenericGPIODriver
                0x000000000000a950       0x48 /usr/lib/gcc/x86_64-linux-gnu/4.6/../../../x86_64-linux-gnu/crti.o
 .rela.data.rel.ro._ZTV16SysfsInputDriver
                0x000000000000a998      0x198 /usr/lib/gcc/x86_64-linux-gnu/4.6/../../../x86_64-linux-gnu/crti.o
 .rela.data.rel.ro._ZTI16SysfsInputDriver
                0x000000000000ab30       0x48 /usr/lib/gcc/x86_64-linux-gnu/4.6/../../../x86_64-linux-gnu/crti.o
 .rela.data.rel.ro._ZTV17SysfsOutputDriver
                0x000000000000ab78      0x198 /usr/lib/gcc/x86_64-linux-gnu/4.6/../../../x86_64-linux-gnu/crti.o
 .rela.data.rel.ro._ZTI17SysfsOutputDriver
                0x000000000000ad10       0x48 /usr/lib/gcc/x86_64-linux-gnu/4.6/../../../x86_64-linux-gnu/crti.o
 .rela.data.rel.ro._ZTV13GPIOLedDriver
                0x000000000000ad58      0x150 /usr/lib/gcc/x86_64-linux-gnu/4.6/../../../x86_64-linux-gnu/crti.o
 .rela.data.rel.ro._ZTI13GPIOLedDriver
                0x000000000000aea8       0x48 /usr/lib/gcc/x86_64-linux-gnu/4.6/../../../x86_64-linux-gnu/crti.o
 .rela.data.rel.ro._ZTV13GPIOKeyDriver
                0x000000000000aef0      0x138 /usr/lib/gcc/x86_64-linux-gnu/4.6/../../../x86_64-linux-gnu/crti.o
 .rela.data.rel.ro._ZTI13GPIOKeyDriver
                0x000000000000b028       0x48 /usr/lib/gcc/x86_64-linux-gnu/4.6/../../../x86_64-linux-gnu/crti.o
 .rela.data.rel.ro._ZTV9ADCDriver
                0x000000000000b070      0x138 /usr/lib/gcc/x86_64-linux-gnu/4.6/../../../x86_64-linux-gnu/crti.o
 .rela.data.rel.ro._ZTI9ADCDriver
                0x000000000000b1a8       0x48 /usr/lib/gcc/x86_64-linux-gnu/4.6/../../../x86_64-linux-gnu/crti.o
 .rela.data.rel.ro._ZTV18RaspiGPInputDriver
                0x000000000000b1f0      0x138 /usr/lib/gcc/x86_64-linux-gnu/4.6/../../../x86_64-linux-gnu/crti.o
 .rela.data.rel.ro._ZTI18RaspiGPInputDriver
                0x000000000000b328       0x48 /usr/lib/gcc/x86_64-linux-gnu/4.6/../../../x86_64-linux-gnu/crti.o
 .rela.data.rel.ro._ZTV19RaspiGPOutputDriver
                0x000000000000b370      0x150 /usr/lib/gcc/x86_64-linux-gnu/4.6/../../../x86_64-linux-gnu/crti.o
 .rela.data.rel.ro._ZTI19RaspiGPOutputDriver
                0x000000000000b4c0       0x48 /usr/lib/gcc/x86_64-linux-gnu/4.6/../../../x86_64-linux-gnu/crti.o
 *(.rela.tdata .rela.tdata.* .rela.gnu.linkonce.td.*)
 *(.rela.tbss .rela.tbss.* .rela.gnu.linkonce.tb.*)
 *(.rela.ctors)
 .rela.ctors    0x000000000000b508       0xf0 /usr/lib/gcc/x86_64-linux-gnu/4.6/../../../x86_64-linux-gnu/crti.o
 *(.rela.dtors)
 *(.rela.got)
 .rela.got      0x000000000000b5f8      0x258 /usr/lib/gcc/x86_64-linux-gnu/4.6/../../../x86_64-linux-gnu/crti.o
 *(.rela.bss .rela.bss.* .rela.gnu.linkonce.b.*)
 *(.rela.ldata .rela.ldata.* .rela.gnu.linkonce.l.*)
 *(.rela.lbss .rela.lbss.* .rela.gnu.linkonce.lb.*)
 *(.rela.lrodata .rela.lrodata.* .rela.gnu.linkonce.lr.*)
 *(.rela.ifunc)
 .rela.ifunc    0x0000000000000000        0x0 /usr/lib/gcc/x86_64-linux-gnu/4.6/../../../x86_64-linux-gnu/crti.o
 .rela.eh_frame
                0x0000000000000000        0x0 /usr/lib/gcc/x86_64-linux-gnu/4.6/../../../x86_64-linux-gnu/crti.o

.rela.plt       0x000000000000b850     0x1ec0
 *(.rela.plt)
 .rela.plt      0x000000000000b850     0x1ec0 /usr/lib/gcc/x86_64-linux-gnu/4.6/../../../x86_64-linux-gnu/crti.o
 *(.rela.iplt)

.init           0x000000000000d710       0x18
 *(.init)
 .init          0x000000000000d710        0x9 /usr/lib/gcc/x86_64-linux-gnu/4.6/../../../x86_64-linux-gnu/crti.o
                0x000000000000d710                _init
 .init          0x000000000000d719        0x5 /usr/lib/gcc/x86_64-linux-gnu/4.6/crtbeginS.o
 .init          0x000000000000d71e        0x5 /usr/lib/gcc/x86_64-linux-gnu/4.6/crtendS.o
 .init          0x000000000000d723        0x5 /usr/lib/gcc/x86_64-linux-gnu/4.6/../../../x86_64-linux-gnu/crtn.o

.plt            0x000000000000d730     0x1490
 *(.plt)
 .plt           0x000000000000d730     0x1490 /usr/lib/gcc/x86_64-linux-gnu/4.6/../../../x86_64-linux-gnu/crti.o
 *(.iplt)

.text           0x000000000000ebc0    0x100a8
 *(.text.unlikely .text.*_unlikely)
 *(.text.exit .text.exit.*)
 *(.text.startup .text.startup.*)
 *(.text.hot .text.hot.*)
 *(.text .stub .text.* .gnu.linkonce.t.*)
 .text          0x000000000000ebc0       0x17 /usr/lib/gcc/x86_64-linux-gnu/4.6/../../../x86_64-linux-gnu/crti.o
 *fill*         0x000000000000ebd7        0x9 90909090
 .text          0x000000000000ebe0       0xaa /usr/lib/gcc/x86_64-linux-gnu/4.6/crtbeginS.o
 *fill*         0x000000000000ec8a        0x2 90909090
 .text          0x000000000000ec8c     0x3017 ./UltraHeatDriver/UltraHeatDriver.o
                0x000000000000ec8c                _ZN15UltraHeatDriverC1Ev
                0x000000000000ec8c                _ZN15UltraHeatDriverC2Ev
                0x000000000000f3d8                _ZN15UltraHeatDriverD1Ev
                0x000000000000f3d8                _ZN15UltraHeatDriverD2Ev
                0x000000000000f44e                _ZN15UltraHeatDriverD0Ev
                0x000000000000f474                _ZN15UltraHeatDriver4TypeEv
                0x000000000000f486                _ZN15UltraHeatDriver7VersionEv
                0x000000000000f498                _ZN15UltraHeatDriver4NameEv
                0x000000000000f4aa                _ZN15UltraHeatDriver11DescriptionEv
                0x000000000000f4bc                _ZN15UltraHeatDriver9PublisherEv
                0x000000000000f4ce                _ZN15UltraHeatDriver14ExecuteCommandE7Command
                0x00000000000101b4                _ZN15UltraHeatDriver8CommandsEv
                0x0000000000010282                _ZN15UltraHeatDriver5CloneEv
                0x00000000000102ce                _ZN15UltraHeatDriver10GetCommandEPKc
                0x00000000000103cc                _ZN15UltraHeatDriver9Open_portEv
                0x0000000000010e58                _ZN15UltraHeatDriver10Close_portEi
                0x0000000000010f52                _ZN15UltraHeatDriver9WriteDataESs
                0x00000000000111f4                _ZN15UltraHeatDriver13CreateMessageESsSs
                0x0000000000011503                _Z17ReadDataThreadRunPv
                0x0000000000011b88                _ZN15UltraHeatDriver19StartReadDataThreadEv
                0x0000000000011c10                _ZN15UltraHeatDriver18StopReadDataThreadEv
 .text._ZnwmPv  0x0000000000011ca3       0x12 ./UltraHeatDriver/UltraHeatDriver.o
                0x0000000000011ca3                _ZnwmPv
 .text._ZdlPvS_
                0x0000000000011cb5        0xe ./UltraHeatDriver/UltraHeatDriver.o
                0x0000000000011cb5                _ZdlPvS_
 .text._ZNSt11char_traitsIcE6lengthEPKc
                0x0000000000011cc3       0x31 ./UltraHeatDriver/UltraHeatDriver.o
                0x0000000000011cc3                _ZNSt11char_traitsIcE6lengthEPKc
 .text._ZN16CommandParameterC2ESsPvSs
                0x0000000000011cf4       0xa3 ./UltraHeatDriver/UltraHeatDriver.o
                0x0000000000011cf4                _ZN16CommandParameterC2ESsPvSs
                0x0000000000011cf4                _ZN16CommandParameterC1ESsPvSs
 *fill*         0x0000000000011d97        0x1 90909090
 .text._ZN16CommandParameter5CloneEv
                0x0000000000011d98      0x195 ./UltraHeatDriver/UltraHeatDriver.o
                0x0000000000011d98                _ZN16CommandParameter5CloneEv
 *fill*         0x0000000000011f2d        0x1 90909090
 .text._ZN7CommandC2ERKS_
                0x0000000000011f2e      0x148 ./UltraHeatDriver/UltraHeatDriver.o
                0x0000000000011f2e                _ZN7CommandC1ERKS_
                0x0000000000011f2e                _ZN7CommandC2ERKS_
 .text._ZNSt4listI7CommandSaIS0_EED2Ev
                0x0000000000012076       0x1a ./UltraHeatDriver/UltraHeatDriver.o
                0x0000000000012076                _ZNSt4listI7CommandSaIS0_EED1Ev
                0x0000000000012076                _ZNSt4listI7CommandSaIS0_EED2Ev
 .text._ZSteqIcSt11char_traitsIcESaIcEEbRKSbIT_T0_T1_EPKS3_
                0x0000000000012090       0x2a ./UltraHeatDriver/UltraHeatDriver.o
                0x0000000000012090                _ZSteqIcSt11char_traitsIcESaIcEEbRKSbIT_T0_T1_EPKS3_
 .text._ZStplIcSt11char_traitsIcESaIcEESbIT_T0_T1_EPKS3_RKS6_
                0x00000000000120ba       0xa4 ./UltraHeatDriver/UltraHeatDriver.o
                0x00000000000120ba                _ZStplIcSt11char_traitsIcESaIcEESbIT_T0_T1_EPKS3_RKS6_
 .text._ZStplIcSt11char_traitsIcESaIcEESbIT_T0_T1_ERKS6_PKS3_
                0x000000000001215e       0x62 ./UltraHeatDriver/UltraHeatDriver.o
                0x000000000001215e                _ZStplIcSt11char_traitsIcESaIcEESbIT_T0_T1_ERKS6_PKS3_
 .text._ZNSt4listIP16CommandParameterSaIS1_EEC2Ev
                0x00000000000121c0       0x1a ./UltraHeatDriver/UltraHeatDriver.o
                0x00000000000121c0                _ZNSt4listIP16CommandParameterSaIS1_EEC2Ev
                0x00000000000121c0                _ZNSt4listIP16CommandParameterSaIS1_EEC1Ev
 .text._ZNSt14_List_iteratorIP16CommandParameterEC2Ev
                0x00000000000121da       0x15 ./UltraHeatDriver/UltraHeatDriver.o
                0x00000000000121da                _ZNSt14_List_iteratorIP16CommandParameterEC1Ev
                0x00000000000121da                _ZNSt14_List_iteratorIP16CommandParameterEC2Ev
 *fill*         0x00000000000121ef        0x1 90909090
 .text._ZNSt4listIP16CommandParameterSaIS1_EE5beginEv
                0x00000000000121f0       0x28 ./UltraHeatDriver/UltraHeatDriver.o
                0x00000000000121f0                _ZNSt4listIP16CommandParameterSaIS1_EE5beginEv
 .text._ZNSt4listIP16CommandParameterSaIS1_EE3endEv
                0x0000000000012218       0x25 ./UltraHeatDriver/UltraHeatDriver.o
                0x0000000000012218                _ZNSt4listIP16CommandParameterSaIS1_EE3endEv
 *fill*         0x000000000001223d        0x1 90909090
 .text._ZNKSt14_List_iteratorIP16CommandParameterEneERKS2_
                0x000000000001223e       0x22 ./UltraHeatDriver/UltraHeatDriver.o
                0x000000000001223e                _ZNKSt14_List_iteratorIP16CommandParameterEneERKS2_
 .text._ZNSt14_List_iteratorIP16CommandParameterEppEi
                0x0000000000012260       0x2d ./UltraHeatDriver/UltraHeatDriver.o
                0x0000000000012260                _ZNSt14_List_iteratorIP16CommandParameterEppEi
 *fill*         0x000000000001228d        0x1 90909090
 .text._ZNKSt14_List_iteratorIP16CommandParameterEdeEv
                0x000000000001228e       0x15 ./UltraHeatDriver/UltraHeatDriver.o
                0x000000000001228e                _ZNKSt14_List_iteratorIP16CommandParameterEdeEv
 *fill*         0x00000000000122a3        0x1 90909090
 .text._ZNSt4listIP16CommandParameterSaIS1_EE9push_backERKS1_
                0x00000000000122a4       0x34 ./UltraHeatDriver/UltraHeatDriver.o
                0x00000000000122a4                _ZNSt4listIP16CommandParameterSaIS1_EE9push_backERKS1_
 .text._ZNSt4listI7CommandSaIS0_EE9push_backERKS0_
                0x00000000000122d8       0x34 ./UltraHeatDriver/UltraHeatDriver.o
                0x00000000000122d8                _ZNSt4listI7CommandSaIS0_EE9push_backERKS0_
 .text._ZNSt4listI7CommandSaIS0_EEC2Ev
                0x000000000001230c       0x1a ./UltraHeatDriver/UltraHeatDriver.o
                0x000000000001230c                _ZNSt4listI7CommandSaIS0_EEC1Ev
                0x000000000001230c                _ZNSt4listI7CommandSaIS0_EEC2Ev
 .text._ZNSt10_List_baseI7CommandSaIS0_EE10_List_implD2Ev
                0x0000000000012326       0x1a ./UltraHeatDriver/UltraHeatDriver.o
                0x0000000000012326                _ZNSt10_List_baseI7CommandSaIS0_EE10_List_implD1Ev
                0x0000000000012326                _ZNSt10_List_baseI7CommandSaIS0_EE10_List_implD2Ev
 .text._ZNSt10_List_baseI7CommandSaIS0_EED2Ev
                0x0000000000012340       0x46 ./UltraHeatDriver/UltraHeatDriver.o
                0x0000000000012340                _ZNSt10_List_baseI7CommandSaIS0_EED1Ev
                0x0000000000012340                _ZNSt10_List_baseI7CommandSaIS0_EED2Ev
 .text._ZNSt14_List_iteratorI7CommandEC2Ev
                0x0000000000012386       0x15 ./UltraHeatDriver/UltraHeatDriver.o
                0x0000000000012386                _ZNSt14_List_iteratorI7CommandEC2Ev
                0x0000000000012386                _ZNSt14_List_iteratorI7CommandEC1Ev
 *fill*         0x000000000001239b        0x1 90909090
 .text._ZNSt4listI7CommandSaIS0_EE5beginEv
                0x000000000001239c       0x28 ./UltraHeatDriver/UltraHeatDriver.o
                0x000000000001239c                _ZNSt4listI7CommandSaIS0_EE5beginEv
 .text._ZNSt4listI7CommandSaIS0_EE3endEv
                0x00000000000123c4       0x25 ./UltraHeatDriver/UltraHeatDriver.o
                0x00000000000123c4                _ZNSt4listI7CommandSaIS0_EE3endEv
 *fill*         0x00000000000123e9        0x1 90909090
 .text._ZNKSt14_List_iteratorI7CommandEneERKS1_
                0x00000000000123ea       0x22 ./UltraHeatDriver/UltraHeatDriver.o
                0x00000000000123ea                _ZNKSt14_List_iteratorI7CommandEneERKS1_
 .text._ZNSt14_List_iteratorI7CommandEppEi
                0x000000000001240c       0x2d ./UltraHeatDriver/UltraHeatDriver.o
                0x000000000001240c                _ZNSt14_List_iteratorI7CommandEppEi
 *fill*         0x0000000000012439        0x1 90909090
 .text._ZNKSt14_List_iteratorI7CommandEdeEv
                0x000000000001243a       0x15 ./UltraHeatDriver/UltraHeatDriver.o
                0x000000000001243a                _ZNKSt14_List_iteratorI7CommandEdeEv
 *fill*         0x000000000001244f        0x1 90909090
 .text._ZNSt10_List_baseIP16CommandParameterSaIS1_EE10_List_implD2Ev
                0x0000000000012450       0x1a ./UltraHeatDriver/UltraHeatDriver.o
                0x0000000000012450                _ZNSt10_List_baseIP16CommandParameterSaIS1_EE10_List_implD1Ev
                0x0000000000012450                _ZNSt10_List_baseIP16CommandParameterSaIS1_EE10_List_implD2Ev
 .text._ZNSt10_List_baseIP16CommandParameterSaIS1_EEC2Ev
                0x000000000001246a       0x48 ./UltraHeatDriver/UltraHeatDriver.o
                0x000000000001246a                _ZNSt10_List_baseIP16CommandParameterSaIS1_EEC2Ev
                0x000000000001246a                _ZNSt10_List_baseIP16CommandParameterSaIS1_EEC1Ev
 .text._ZNSt14_List_iteratorIP16CommandParameterEC2EPNSt8__detail15_List_node_baseE
                0x00000000000124b2       0x19 ./UltraHeatDriver/UltraHeatDriver.o
                0x00000000000124b2                _ZNSt14_List_iteratorIP16CommandParameterEC2EPNSt8__detail15_List_node_baseE
                0x00000000000124b2                _ZNSt14_List_iteratorIP16CommandParameterEC1EPNSt8__detail15_List_node_baseE
 *fill*         0x00000000000124cb        0x1 90909090
 .text._ZNSt4listIP16CommandParameterSaIS1_EE9_M_insertESt14_List_iteratorIS1_ERKS1_
                0x00000000000124cc       0x40 ./UltraHeatDriver/UltraHeatDriver.o
                0x00000000000124cc                _ZNSt4listIP16CommandParameterSaIS1_EE9_M_insertESt14_List_iteratorIS1_ERKS1_
 .text._ZNSt4listI7CommandSaIS0_EE9_M_insertESt14_List_iteratorIS0_ERKS0_
                0x000000000001250c       0x40 ./UltraHeatDriver/UltraHeatDriver.o
                0x000000000001250c                _ZNSt4listI7CommandSaIS0_EE9_M_insertESt14_List_iteratorIS0_ERKS0_
 .text._ZNSt10_List_baseI7CommandSaIS0_EEC2Ev
                0x000000000001254c       0x48 ./UltraHeatDriver/UltraHeatDriver.o
                0x000000000001254c                _ZNSt10_List_baseI7CommandSaIS0_EEC2Ev
                0x000000000001254c                _ZNSt10_List_baseI7CommandSaIS0_EEC1Ev
 .text._ZNSaISt10_List_nodeI7CommandEED2Ev
                0x0000000000012594       0x1a ./UltraHeatDriver/UltraHeatDriver.o
                0x0000000000012594                _ZNSaISt10_List_nodeI7CommandEED2Ev
                0x0000000000012594                _ZNSaISt10_List_nodeI7CommandEED1Ev
 .text._ZNSt10_List_baseI7CommandSaIS0_EE8_M_clearEv
                0x00000000000125ae       0xb3 ./UltraHeatDriver/UltraHeatDriver.o
                0x00000000000125ae                _ZNSt10_List_baseI7CommandSaIS0_EE8_M_clearEv
 *fill*         0x0000000000012661        0x1 90909090
 .text._ZNSt14_List_iteratorI7CommandEC2EPNSt8__detail15_List_node_baseE
                0x0000000000012662       0x19 ./UltraHeatDriver/UltraHeatDriver.o
                0x0000000000012662                _ZNSt14_List_iteratorI7CommandEC2EPNSt8__detail15_List_node_baseE
                0x0000000000012662                _ZNSt14_List_iteratorI7CommandEC1EPNSt8__detail15_List_node_baseE
 *fill*         0x000000000001267b        0x1 90909090
 .text._ZNKSt10_List_baseI7CommandSaIS0_EE21_M_get_Node_allocatorEv
                0x000000000001267c        0xe ./UltraHeatDriver/UltraHeatDriver.o
                0x000000000001267c                _ZNKSt10_List_baseI7CommandSaIS0_EE21_M_get_Node_allocatorEv
 .text._ZNSaI7CommandEC2ISt10_List_nodeIS_EEERKSaIT_E
                0x000000000001268a       0x1e ./UltraHeatDriver/UltraHeatDriver.o
                0x000000000001268a                _ZNSaI7CommandEC2ISt10_List_nodeIS_EEERKSaIT_E
                0x000000000001268a                _ZNSaI7CommandEC1ISt10_List_nodeIS_EEERKSaIT_E
 .text._ZNSaI7CommandED2Ev
                0x00000000000126a8       0x1a ./UltraHeatDriver/UltraHeatDriver.o
                0x00000000000126a8                _ZNSaI7CommandED1Ev
                0x00000000000126a8                _ZNSaI7CommandED2Ev
 .text._ZNSt10_List_baseIP16CommandParameterSaIS1_EE10_List_implC2Ev
                0x00000000000126c2       0x31 ./UltraHeatDriver/UltraHeatDriver.o
                0x00000000000126c2                _ZNSt10_List_baseIP16CommandParameterSaIS1_EE10_List_implC2Ev
                0x00000000000126c2                _ZNSt10_List_baseIP16CommandParameterSaIS1_EE10_List_implC1Ev
 *fill*         0x00000000000126f3        0x1 90909090
 .text._ZNSaISt10_List_nodeIP16CommandParameterEED2Ev
                0x00000000000126f4       0x1a ./UltraHeatDriver/UltraHeatDriver.o
                0x00000000000126f4                _ZNSaISt10_List_nodeIP16CommandParameterEED1Ev
                0x00000000000126f4                _ZNSaISt10_List_nodeIP16CommandParameterEED2Ev
 .text._ZNSt10_List_baseIP16CommandParameterSaIS1_EE7_M_initEv
                0x000000000001270e       0x21 ./UltraHeatDriver/UltraHeatDriver.o
                0x000000000001270e                _ZNSt10_List_baseIP16CommandParameterSaIS1_EE7_M_initEv
 *fill*         0x000000000001272f        0x1 90909090
 .text._ZNSt4listIP16CommandParameterSaIS1_EE14_M_create_nodeERKS1_
                0x0000000000012730       0xb8 ./UltraHeatDriver/UltraHeatDriver.o
                0x0000000000012730                _ZNSt4listIP16CommandParameterSaIS1_EE14_M_create_nodeERKS1_
 .text._ZNSt4listI7CommandSaIS0_EE14_M_create_nodeERKS0_
                0x00000000000127e8       0xb8 ./UltraHeatDriver/UltraHeatDriver.o
                0x00000000000127e8                _ZNSt4listI7CommandSaIS0_EE14_M_create_nodeERKS0_
 .text._ZNSt10_List_baseI7CommandSaIS0_EE10_List_implC2Ev
                0x00000000000128a0       0x31 ./UltraHeatDriver/UltraHeatDriver.o
                0x00000000000128a0                _ZNSt10_List_baseI7CommandSaIS0_EE10_List_implC2Ev
                0x00000000000128a0                _ZNSt10_List_baseI7CommandSaIS0_EE10_List_implC1Ev
 *fill*         0x00000000000128d1        0x1 90909090
 .text._ZNSt10_List_baseI7CommandSaIS0_EE7_M_initEv
                0x00000000000128d2       0x21 ./UltraHeatDriver/UltraHeatDriver.o
                0x00000000000128d2                _ZNSt10_List_baseI7CommandSaIS0_EE7_M_initEv
 *fill*         0x00000000000128f3        0x1 90909090
 .text._ZN9__gnu_cxx13new_allocatorISt10_List_nodeI7CommandEED2Ev
                0x00000000000128f4        0xa ./UltraHeatDriver/UltraHeatDriver.o
                0x00000000000128f4                _ZN9__gnu_cxx13new_allocatorISt10_List_nodeI7CommandEED2Ev
                0x00000000000128f4                _ZN9__gnu_cxx13new_allocatorISt10_List_nodeI7CommandEED1Ev
 .text._ZNKSt10_List_baseI7CommandSaIS0_EE19_M_get_Tp_allocatorEv
                0x00000000000128fe       0x34 ./UltraHeatDriver/UltraHeatDriver.o
                0x00000000000128fe                _ZNKSt10_List_baseI7CommandSaIS0_EE19_M_get_Tp_allocatorEv
 .text._ZSt11__addressofI7CommandEPT_RS1_
                0x0000000000012932        0xe ./UltraHeatDriver/UltraHeatDriver.o
                0x0000000000012932                _ZSt11__addressofI7CommandEPT_RS1_
 .text._ZN9__gnu_cxx13new_allocatorI7CommandE7destroyEPS1_
                0x0000000000012940       0x25 ./UltraHeatDriver/UltraHeatDriver.o
                0x0000000000012940                _ZN9__gnu_cxx13new_allocatorI7CommandE7destroyEPS1_
 *fill*         0x0000000000012965        0x1 90909090
 .text._ZNSt10_List_baseI7CommandSaIS0_EE11_M_put_nodeEPSt10_List_nodeIS0_E
                0x0000000000012966       0x2a ./UltraHeatDriver/UltraHeatDriver.o
                0x0000000000012966                _ZNSt10_List_baseI7CommandSaIS0_EE11_M_put_nodeEPSt10_List_nodeIS0_E
 .text._ZN9__gnu_cxx13new_allocatorI7CommandEC2Ev
                0x0000000000012990        0xa ./UltraHeatDriver/UltraHeatDriver.o
                0x0000000000012990                _ZN9__gnu_cxx13new_allocatorI7CommandEC2Ev
                0x0000000000012990                _ZN9__gnu_cxx13new_allocatorI7CommandEC1Ev
 .text._ZN9__gnu_cxx13new_allocatorI7CommandED2Ev
                0x000000000001299a        0xa ./UltraHeatDriver/UltraHeatDriver.o
                0x000000000001299a                _ZN9__gnu_cxx13new_allocatorI7CommandED1Ev
                0x000000000001299a                _ZN9__gnu_cxx13new_allocatorI7CommandED2Ev
 .text._ZNSaISt10_List_nodeIP16CommandParameterEEC2Ev
                0x00000000000129a4       0x1a ./UltraHeatDriver/UltraHeatDriver.o
                0x00000000000129a4                _ZNSaISt10_List_nodeIP16CommandParameterEEC2Ev
                0x00000000000129a4                _ZNSaISt10_List_nodeIP16CommandParameterEEC1Ev
 .text._ZN9__gnu_cxx13new_allocatorISt10_List_nodeIP16CommandParameterEED2Ev
                0x00000000000129be        0xa ./UltraHeatDriver/UltraHeatDriver.o
                0x00000000000129be                _ZN9__gnu_cxx13new_allocatorISt10_List_nodeIP16CommandParameterEED1Ev
                0x00000000000129be                _ZN9__gnu_cxx13new_allocatorISt10_List_nodeIP16CommandParameterEED2Ev
 .text._ZNKSt10_List_baseIP16CommandParameterSaIS1_EE19_M_get_Tp_allocatorEv
                0x00000000000129c8       0x34 ./UltraHeatDriver/UltraHeatDriver.o
                0x00000000000129c8                _ZNKSt10_List_baseIP16CommandParameterSaIS1_EE19_M_get_Tp_allocatorEv
 .text._ZNSaIP16CommandParameterED2Ev
                0x00000000000129fc       0x1a ./UltraHeatDriver/UltraHeatDriver.o
                0x00000000000129fc                _ZNSaIP16CommandParameterED1Ev
                0x00000000000129fc                _ZNSaIP16CommandParameterED2Ev
 .text._ZSt11__addressofIP16CommandParameterEPT_RS2_
                0x0000000000012a16        0xe ./UltraHeatDriver/UltraHeatDriver.o
                0x0000000000012a16                _ZSt11__addressofIP16CommandParameterEPT_RS2_
 .text._ZNSt10_List_baseIP16CommandParameterSaIS1_EE11_M_put_nodeEPSt10_List_nodeIS1_E
                0x0000000000012a24       0x2a ./UltraHeatDriver/UltraHeatDriver.o
                0x0000000000012a24                _ZNSt10_List_baseIP16CommandParameterSaIS1_EE11_M_put_nodeEPSt10_List_nodeIS1_E
 .text._ZNSt10_List_baseIP16CommandParameterSaIS1_EE11_M_get_nodeEv
                0x0000000000012a4e       0x24 ./UltraHeatDriver/UltraHeatDriver.o
                0x0000000000012a4e                _ZNSt10_List_baseIP16CommandParameterSaIS1_EE11_M_get_nodeEv
 .text._ZN9__gnu_cxx13new_allocatorIP16CommandParameterE9constructEPS2_RKS2_
                0x0000000000012a72       0x36 ./UltraHeatDriver/UltraHeatDriver.o
                0x0000000000012a72                _ZN9__gnu_cxx13new_allocatorIP16CommandParameterE9constructEPS2_RKS2_
 .text._ZNSt10_List_baseI7CommandSaIS0_EE11_M_get_nodeEv
                0x0000000000012aa8       0x24 ./UltraHeatDriver/UltraHeatDriver.o
                0x0000000000012aa8                _ZNSt10_List_baseI7CommandSaIS0_EE11_M_get_nodeEv
 .text._ZN9__gnu_cxx13new_allocatorI7CommandE9constructEPS1_RKS1_
                0x0000000000012acc       0x67 ./UltraHeatDriver/UltraHeatDriver.o
                0x0000000000012acc                _ZN9__gnu_cxx13new_allocatorI7CommandE9constructEPS1_RKS1_
 *fill*         0x0000000000012b33        0x1 90909090
 .text._ZNSaISt10_List_nodeI7CommandEEC2Ev
                0x0000000000012b34       0x1a ./UltraHeatDriver/UltraHeatDriver.o
                0x0000000000012b34                _ZNSaISt10_List_nodeI7CommandEEC2Ev
                0x0000000000012b34                _ZNSaISt10_List_nodeI7CommandEEC1Ev
 .text._ZN9__gnu_cxx13new_allocatorISt10_List_nodeI7CommandEE10deallocateEPS3_m
                0x0000000000012b4e       0x22 ./UltraHeatDriver/UltraHeatDriver.o
                0x0000000000012b4e                _ZN9__gnu_cxx13new_allocatorISt10_List_nodeI7CommandEE10deallocateEPS3_m
 .text._ZN9__gnu_cxx13new_allocatorISt10_List_nodeI7CommandEEC2Ev
                0x0000000000012b70        0xa ./UltraHeatDriver/UltraHeatDriver.o
                0x0000000000012b70                _ZN9__gnu_cxx13new_allocatorISt10_List_nodeI7CommandEEC1Ev
                0x0000000000012b70                _ZN9__gnu_cxx13new_allocatorISt10_List_nodeI7CommandEEC2Ev
 .text._ZN9__gnu_cxx13new_allocatorISt10_List_nodeIP16CommandParameterEEC2Ev
                0x0000000000012b7a        0xa ./UltraHeatDriver/UltraHeatDriver.o
                0x0000000000012b7a                _ZN9__gnu_cxx13new_allocatorISt10_List_nodeIP16CommandParameterEEC2Ev
                0x0000000000012b7a                _ZN9__gnu_cxx13new_allocatorISt10_List_nodeIP16CommandParameterEEC1Ev
 .text._ZNKSt10_List_baseIP16CommandParameterSaIS1_EE21_M_get_Node_allocatorEv
                0x0000000000012b84        0xe ./UltraHeatDriver/UltraHeatDriver.o
                0x0000000000012b84                _ZNKSt10_List_baseIP16CommandParameterSaIS1_EE21_M_get_Node_allocatorEv
 .text._ZNSaIP16CommandParameterEC2ISt10_List_nodeIS0_EEERKSaIT_E
                0x0000000000012b92       0x1e ./UltraHeatDriver/UltraHeatDriver.o
                0x0000000000012b92                _ZNSaIP16CommandParameterEC2ISt10_List_nodeIS0_EEERKSaIT_E
                0x0000000000012b92                _ZNSaIP16CommandParameterEC1ISt10_List_nodeIS0_EEERKSaIT_E
 .text._ZN9__gnu_cxx13new_allocatorIP16CommandParameterED2Ev
                0x0000000000012bb0        0xa ./UltraHeatDriver/UltraHeatDriver.o
                0x0000000000012bb0                _ZN9__gnu_cxx13new_allocatorIP16CommandParameterED1Ev
                0x0000000000012bb0                _ZN9__gnu_cxx13new_allocatorIP16CommandParameterED2Ev
 .text._ZN9__gnu_cxx13new_allocatorISt10_List_nodeIP16CommandParameterEE10deallocateEPS4_m
                0x0000000000012bba       0x22 ./UltraHeatDriver/UltraHeatDriver.o
                0x0000000000012bba                _ZN9__gnu_cxx13new_allocatorISt10_List_nodeIP16CommandParameterEE10deallocateEPS4_m
 .text._ZN9__gnu_cxx13new_allocatorISt10_List_nodeIP16CommandParameterEE8allocateEmPKv
                0x0000000000012bdc       0x4b ./UltraHeatDriver/UltraHeatDriver.o
                0x0000000000012bdc                _ZN9__gnu_cxx13new_allocatorISt10_List_nodeIP16CommandParameterEE8allocateEmPKv
 *fill*         0x0000000000012c27        0x1 90909090
 .text._ZN9__gnu_cxx13new_allocatorISt10_List_nodeI7CommandEE8allocateEmPKv
                0x0000000000012c28       0x4c ./UltraHeatDriver/UltraHeatDriver.o
                0x0000000000012c28                _ZN9__gnu_cxx13new_allocatorISt10_List_nodeI7CommandEE8allocateEmPKv
 .text._ZN9__gnu_cxx13new_allocatorIP16CommandParameterEC2Ev
                0x0000000000012c74        0xa ./UltraHeatDriver/UltraHeatDriver.o
                0x0000000000012c74                _ZN9__gnu_cxx13new_allocatorIP16CommandParameterEC2Ev
                0x0000000000012c74                _ZN9__gnu_cxx13new_allocatorIP16CommandParameterEC1Ev
 .text._ZNK9__gnu_cxx13new_allocatorISt10_List_nodeIP16CommandParameterEE8max_sizeEv
                0x0000000000012c7e       0x14 ./UltraHeatDriver/UltraHeatDriver.o
                0x0000000000012c7e                _ZNK9__gnu_cxx13new_allocatorISt10_List_nodeIP16CommandParameterEE8max_sizeEv
 .text._ZNK9__gnu_cxx13new_allocatorISt10_List_nodeI7CommandEE8max_sizeEv
                0x0000000000012c92       0x14 ./UltraHeatDriver/UltraHeatDriver.o
                0x0000000000012c92                _ZNK9__gnu_cxx13new_allocatorISt10_List_nodeI7CommandEE8max_sizeEv
 *fill*         0x0000000000012ca6        0x2 90909090
 .text          0x0000000000012ca8     0x1ce0 ./SysfsGenericGPIODriver/SysfsGenericGPIODriver.o
                0x0000000000012ca8                _ZN22SysfsGenericGPIODriverC2Ev
                0x0000000000012ca8                _ZN22SysfsGenericGPIODriverC1Ev
                0x00000000000132dc                _ZN22SysfsGenericGPIODriverD1Ev
                0x00000000000132dc                _ZN22SysfsGenericGPIODriverD2Ev
                0x0000000000013320                _ZN22SysfsGenericGPIODriverD0Ev
                0x0000000000013346                _ZN22SysfsGenericGPIODriver4TypeEv
                0x0000000000013358                _ZN22SysfsGenericGPIODriver7VersionEv
                0x000000000001336a                _ZN22SysfsGenericGPIODriver4NameEv
                0x000000000001337c                _ZN22SysfsGenericGPIODriver11DescriptionEv
                0x000000000001338e                _ZN22SysfsGenericGPIODriver9PublisherEv
                0x000000000001339f                _Z14SysfsThreadRunPv
                0x000000000001344c                _ZN22SysfsGenericGPIODriver9GetStatusEv
                0x000000000001345e                _ZN22SysfsGenericGPIODriver9SetStatusEi
                0x0000000000013476                _ZN22SysfsGenericGPIODriver13GetPortNumberEv
                0x0000000000013488                _ZN22SysfsGenericGPIODriver12GetGpioValueEv
                0x00000000000134fc                _ZN22SysfsGenericGPIODriver23SignalPortstatusChangedEv
                0x0000000000013950                _ZN22SysfsGenericGPIODriver21StartPoolingForStatusEv
                0x00000000000139d8                _ZN22SysfsGenericGPIODriver20StopPoolingForStatusEv
                0x0000000000013ace                _ZN22SysfsGenericGPIODriver14ExecuteCommandE7Command
                0x000000000001412c                _ZN22SysfsGenericGPIODriver8CommandsEv
                0x00000000000141fa                _ZN22SysfsGenericGPIODriver5CloneEv
                0x0000000000014246                _ZN22SysfsGenericGPIODriver10GetCommandEPKc
                0x0000000000014344                _ZN22SysfsGenericGPIODriver8OpenPortEii
                0x0000000000014486                _ZN22SysfsGenericGPIODriver9ClosePortEi
                0x00000000000144ae                _ZN22SysfsGenericGPIODriver8SetValueEii
                0x00000000000144ec                _ZN22SysfsGenericGPIODriver8GetValueEi
                0x000000000001452a                _ZN22SysfsGenericGPIODriver11gpio_exportEj
                0x00000000000145da                _ZN22SysfsGenericGPIODriver13gpio_unexportEj
                0x000000000001468a                _ZN22SysfsGenericGPIODriver12gpio_set_dirEjj
                0x000000000001475a                _ZN22SysfsGenericGPIODriver14gpio_set_valueEii
                0x00000000000147e8                _ZN22SysfsGenericGPIODriver14gpio_get_valueEiPi
                0x0000000000014872                _ZN22SysfsGenericGPIODriver13gpio_set_edgeEjPc
                0x0000000000014888                _ZN22SysfsGenericGPIODriver12gpio_fd_openEj
                0x0000000000014910                _ZN22SysfsGenericGPIODriver13gpio_fd_closeEi
 .text._ZN14EventParameterC2ERKS_
                0x0000000000014988       0x3a ./SysfsGenericGPIODriver/SysfsGenericGPIODriver.o
                0x0000000000014988                _ZN14EventParameterC2ERKS_
                0x0000000000014988                _ZN14EventParameterC1ERKS_
 .text._ZN14EventParameterC2EPKciS1_
                0x00000000000149c2       0x36 ./SysfsGenericGPIODriver/SysfsGenericGPIODriver.o
                0x00000000000149c2                _ZN14EventParameterC1EPKciS1_
                0x00000000000149c2                _ZN14EventParameterC2EPKciS1_
 .text._ZN14EventParameterD2Ev
                0x00000000000149f8        0xa ./SysfsGenericGPIODriver/SysfsGenericGPIODriver.o
                0x00000000000149f8                _ZN14EventParameterD1Ev
                0x00000000000149f8                _ZN14EventParameterD2Ev
 .text._ZStplIcSt11char_traitsIcESaIcEESbIT_T0_T1_ERKS6_S8_
                0x0000000000014a02       0x62 ./SysfsGenericGPIODriver/SysfsGenericGPIODriver.o
                0x0000000000014a02                _ZStplIcSt11char_traitsIcESaIcEESbIT_T0_T1_ERKS6_S8_
 .text._ZNSt4listI14EventParameterSaIS0_EEC2Ev
                0x0000000000014a64       0x1a ./SysfsGenericGPIODriver/SysfsGenericGPIODriver.o
                0x0000000000014a64                _ZNSt4listI14EventParameterSaIS0_EEC1Ev
                0x0000000000014a64                _ZNSt4listI14EventParameterSaIS0_EEC2Ev
 .text._ZNSt4listI14EventParameterSaIS0_EE9push_backERKS0_
                0x0000000000014a7e       0x34 ./SysfsGenericGPIODriver/SysfsGenericGPIODriver.o
                0x0000000000014a7e                _ZNSt4listI14EventParameterSaIS0_EE9push_backERKS0_
 .text._ZNSt10_List_baseI14EventParameterSaIS0_EE10_List_implD2Ev
                0x0000000000014ab2       0x1a ./SysfsGenericGPIODriver/SysfsGenericGPIODriver.o
                0x0000000000014ab2                _ZNSt10_List_baseI14EventParameterSaIS0_EE10_List_implD1Ev
                0x0000000000014ab2                _ZNSt10_List_baseI14EventParameterSaIS0_EE10_List_implD2Ev
 .text._ZNSt10_List_baseI14EventParameterSaIS0_EEC2Ev
                0x0000000000014acc       0x48 ./SysfsGenericGPIODriver/SysfsGenericGPIODriver.o
                0x0000000000014acc                _ZNSt10_List_baseI14EventParameterSaIS0_EEC1Ev
                0x0000000000014acc                _ZNSt10_List_baseI14EventParameterSaIS0_EEC2Ev
 .text._ZNSt4listI14EventParameterSaIS0_EE3endEv
                0x0000000000014b14       0x25 ./SysfsGenericGPIODriver/SysfsGenericGPIODriver.o
                0x0000000000014b14                _ZNSt4listI14EventParameterSaIS0_EE3endEv
 *fill*         0x0000000000014b39        0x1 90909090
 .text._ZNSt4listI14EventParameterSaIS0_EE9_M_insertESt14_List_iteratorIS0_ERKS0_
                0x0000000000014b3a       0x40 ./SysfsGenericGPIODriver/SysfsGenericGPIODriver.o
                0x0000000000014b3a                _ZNSt4listI14EventParameterSaIS0_EE9_M_insertESt14_List_iteratorIS0_ERKS0_
 .text._ZNSt10_List_baseI14EventParameterSaIS0_EE10_List_implC2Ev
                0x0000000000014b7a       0x31 ./SysfsGenericGPIODriver/SysfsGenericGPIODriver.o
                0x0000000000014b7a                _ZNSt10_List_baseI14EventParameterSaIS0_EE10_List_implC2Ev
                0x0000000000014b7a                _ZNSt10_List_baseI14EventParameterSaIS0_EE10_List_implC1Ev
 *fill*         0x0000000000014bab        0x1 90909090
 .text._ZNSaISt10_List_nodeI14EventParameterEED2Ev
                0x0000000000014bac       0x1a ./SysfsGenericGPIODriver/SysfsGenericGPIODriver.o
                0x0000000000014bac                _ZNSaISt10_List_nodeI14EventParameterEED2Ev
                0x0000000000014bac                _ZNSaISt10_List_nodeI14EventParameterEED1Ev
 .text._ZNSt10_List_baseI14EventParameterSaIS0_EE7_M_initEv
                0x0000000000014bc6       0x21 ./SysfsGenericGPIODriver/SysfsGenericGPIODriver.o
                0x0000000000014bc6                _ZNSt10_List_baseI14EventParameterSaIS0_EE7_M_initEv
 *fill*         0x0000000000014be7        0x1 90909090
 .text._ZNSt14_List_iteratorI14EventParameterEC2EPNSt8__detail15_List_node_baseE
                0x0000000000014be8       0x19 ./SysfsGenericGPIODriver/SysfsGenericGPIODriver.o
                0x0000000000014be8                _ZNSt14_List_iteratorI14EventParameterEC2EPNSt8__detail15_List_node_baseE
                0x0000000000014be8                _ZNSt14_List_iteratorI14EventParameterEC1EPNSt8__detail15_List_node_baseE
 *fill*         0x0000000000014c01        0x1 90909090
 .text._ZNSt4listI14EventParameterSaIS0_EE14_M_create_nodeERKS0_
                0x0000000000014c02       0xb8 ./SysfsGenericGPIODriver/SysfsGenericGPIODriver.o
                0x0000000000014c02                _ZNSt4listI14EventParameterSaIS0_EE14_M_create_nodeERKS0_
 .text._ZNSaISt10_List_nodeI14EventParameterEEC2Ev
                0x0000000000014cba       0x1a ./SysfsGenericGPIODriver/SysfsGenericGPIODriver.o
                0x0000000000014cba                _ZNSaISt10_List_nodeI14EventParameterEEC1Ev
                0x0000000000014cba                _ZNSaISt10_List_nodeI14EventParameterEEC2Ev
 .text._ZN9__gnu_cxx13new_allocatorISt10_List_nodeI14EventParameterEED2Ev
                0x0000000000014cd4        0xa ./SysfsGenericGPIODriver/SysfsGenericGPIODriver.o
                0x0000000000014cd4                _ZN9__gnu_cxx13new_allocatorISt10_List_nodeI14EventParameterEED1Ev
                0x0000000000014cd4                _ZN9__gnu_cxx13new_allocatorISt10_List_nodeI14EventParameterEED2Ev
 .text._ZNKSt10_List_baseI14EventParameterSaIS0_EE19_M_get_Tp_allocatorEv
                0x0000000000014cde       0x34 ./SysfsGenericGPIODriver/SysfsGenericGPIODriver.o
                0x0000000000014cde                _ZNKSt10_List_baseI14EventParameterSaIS0_EE19_M_get_Tp_allocatorEv
 .text._ZNSaI14EventParameterED2Ev
                0x0000000000014d12       0x1a ./SysfsGenericGPIODriver/SysfsGenericGPIODriver.o
                0x0000000000014d12                _ZNSaI14EventParameterED2Ev
                0x0000000000014d12                _ZNSaI14EventParameterED1Ev
 .text._ZSt11__addressofI14EventParameterEPT_RS1_
                0x0000000000014d2c        0xe ./SysfsGenericGPIODriver/SysfsGenericGPIODriver.o
                0x0000000000014d2c                _ZSt11__addressofI14EventParameterEPT_RS1_
 .text._ZNSt10_List_baseI14EventParameterSaIS0_EE11_M_put_nodeEPSt10_List_nodeIS0_E
                0x0000000000014d3a       0x2a ./SysfsGenericGPIODriver/SysfsGenericGPIODriver.o
                0x0000000000014d3a                _ZNSt10_List_baseI14EventParameterSaIS0_EE11_M_put_nodeEPSt10_List_nodeIS0_E
 .text._ZNSt10_List_baseI14EventParameterSaIS0_EE11_M_get_nodeEv
                0x0000000000014d64       0x24 ./SysfsGenericGPIODriver/SysfsGenericGPIODriver.o
                0x0000000000014d64                _ZNSt10_List_baseI14EventParameterSaIS0_EE11_M_get_nodeEv
 .text._ZN9__gnu_cxx13new_allocatorI14EventParameterE9constructEPS1_RKS1_
                0x0000000000014d88       0x3b ./SysfsGenericGPIODriver/SysfsGenericGPIODriver.o
                0x0000000000014d88                _ZN9__gnu_cxx13new_allocatorI14EventParameterE9constructEPS1_RKS1_
 *fill*         0x0000000000014dc3        0x1 90909090
 .text._ZN9__gnu_cxx13new_allocatorISt10_List_nodeI14EventParameterEEC2Ev
                0x0000000000014dc4        0xa ./SysfsGenericGPIODriver/SysfsGenericGPIODriver.o
                0x0000000000014dc4                _ZN9__gnu_cxx13new_allocatorISt10_List_nodeI14EventParameterEEC2Ev
                0x0000000000014dc4                _ZN9__gnu_cxx13new_allocatorISt10_List_nodeI14EventParameterEEC1Ev
 .text._ZNKSt10_List_baseI14EventParameterSaIS0_EE21_M_get_Node_allocatorEv
                0x0000000000014dce        0xe ./SysfsGenericGPIODriver/SysfsGenericGPIODriver.o
                0x0000000000014dce                _ZNKSt10_List_baseI14EventParameterSaIS0_EE21_M_get_Node_allocatorEv
 .text._ZNSaI14EventParameterEC2ISt10_List_nodeIS_EEERKSaIT_E
                0x0000000000014ddc       0x1e ./SysfsGenericGPIODriver/SysfsGenericGPIODriver.o
                0x0000000000014ddc                _ZNSaI14EventParameterEC1ISt10_List_nodeIS_EEERKSaIT_E
                0x0000000000014ddc                _ZNSaI14EventParameterEC2ISt10_List_nodeIS_EEERKSaIT_E
 .text._ZN9__gnu_cxx13new_allocatorI14EventParameterED2Ev
                0x0000000000014dfa        0xa ./SysfsGenericGPIODriver/SysfsGenericGPIODriver.o
                0x0000000000014dfa                _ZN9__gnu_cxx13new_allocatorI14EventParameterED2Ev
                0x0000000000014dfa                _ZN9__gnu_cxx13new_allocatorI14EventParameterED1Ev
 .text._ZN9__gnu_cxx13new_allocatorISt10_List_nodeI14EventParameterEE10deallocateEPS3_m
                0x0000000000014e04       0x22 ./SysfsGenericGPIODriver/SysfsGenericGPIODriver.o
                0x0000000000014e04                _ZN9__gnu_cxx13new_allocatorISt10_List_nodeI14EventParameterEE10deallocateEPS3_m
 .text._ZN9__gnu_cxx13new_allocatorISt10_List_nodeI14EventParameterEE8allocateEmPKv
                0x0000000000014e26       0x4c ./SysfsGenericGPIODriver/SysfsGenericGPIODriver.o
                0x0000000000014e26                _ZN9__gnu_cxx13new_allocatorISt10_List_nodeI14EventParameterEE8allocateEmPKv
 .text._ZN9__gnu_cxx13new_allocatorI14EventParameterEC2Ev
                0x0000000000014e72        0xa ./SysfsGenericGPIODriver/SysfsGenericGPIODriver.o
                0x0000000000014e72                _ZN9__gnu_cxx13new_allocatorI14EventParameterEC1Ev
                0x0000000000014e72                _ZN9__gnu_cxx13new_allocatorI14EventParameterEC2Ev
 .text._ZNK9__gnu_cxx13new_allocatorISt10_List_nodeI14EventParameterEE8max_sizeEv
                0x0000000000014e7c       0x14 ./SysfsGenericGPIODriver/SysfsGenericGPIODriver.o
                0x0000000000014e7c                _ZNK9__gnu_cxx13new_allocatorISt10_List_nodeI14EventParameterEE8max_sizeEv
 .text          0x0000000000014e90     0x176a ./SysfsInputDriver/SysfsInputDriver.o
                0x0000000000014e90                _ZN16SysfsInputDriverC1Ev
                0x0000000000014e90                _ZN16SysfsInputDriverC2Ev
                0x0000000000015390                _ZN16SysfsInputDriverD1Ev
                0x0000000000015390                _ZN16SysfsInputDriverD2Ev
                0x00000000000153d4                _ZN16SysfsInputDriverD0Ev
                0x00000000000153fa                _ZN16SysfsInputDriver4TypeEv
                0x000000000001540c                _ZN16SysfsInputDriver7VersionEv
                0x000000000001541e                _ZN16SysfsInputDriver4NameEv
                0x0000000000015430                _ZN16SysfsInputDriver11DescriptionEv
                0x0000000000015442                _ZN16SysfsInputDriver9PublisherEv
                0x0000000000015453                _Z19SysfsInputThreadRunPv
                0x0000000000015500                _ZN16SysfsInputDriver9GetStatusEv
                0x0000000000015512                _ZN16SysfsInputDriver9SetStatusEi
                0x000000000001552a                _ZN16SysfsInputDriver13GetPortNumberEv
                0x000000000001553c                _ZN16SysfsInputDriver12GetGpioValueEv
                0x00000000000155b0                _ZN16SysfsInputDriver23SignalPortstatusChangedEv
                0x0000000000015a04                _ZN16SysfsInputDriver21StartPoolingForStatusEv
                0x0000000000015a8c                _ZN16SysfsInputDriver20StopPoolingForStatusEv
                0x0000000000015afc                _ZN16SysfsInputDriver14ExecuteCommandE7Command
                0x0000000000015d6a                _ZN16SysfsInputDriver8CommandsEv
                0x0000000000015e38                _ZN16SysfsInputDriver5CloneEv
                0x0000000000015e84                _ZN16SysfsInputDriver10GetCommandEPKc
                0x0000000000015f82                _ZN16SysfsInputDriver8OpenPortEii
                0x00000000000160f8                _ZN16SysfsInputDriver9ClosePortEi
                0x0000000000016120                _ZN16SysfsInputDriver8SetValueEii
                0x000000000001615e                _ZN16SysfsInputDriver8GetValueEi
                0x000000000001619c                _ZN16SysfsInputDriver11gpio_exportEj
                0x000000000001624c                _ZN16SysfsInputDriver13gpio_unexportEj
                0x00000000000162fc                _ZN16SysfsInputDriver12gpio_set_dirEjj
                0x00000000000163cc                _ZN16SysfsInputDriver14gpio_set_valueEii
                0x000000000001645a                _ZN16SysfsInputDriver14gpio_get_valueEiPi
                0x00000000000164e4                _ZN16SysfsInputDriver13gpio_set_edgeEjPc
                0x00000000000164fa                _ZN16SysfsInputDriver12gpio_fd_openEj
                0x0000000000016582                _ZN16SysfsInputDriver13gpio_fd_closeEi
 .text._ZNSt4listI5EventSaIS0_EE9push_backERKS0_
                0x00000000000165fa       0x34 ./SysfsInputDriver/SysfsInputDriver.o
                0x00000000000165fa                _ZNSt4listI5EventSaIS0_EE9push_backERKS0_
 .text._ZNSt4listI5EventSaIS0_EE3endEv
                0x000000000001662e       0x25 ./SysfsInputDriver/SysfsInputDriver.o
                0x000000000001662e                _ZNSt4listI5EventSaIS0_EE3endEv
 *fill*         0x0000000000016653        0x1 90909090
 .text._ZNSt4listI5EventSaIS0_EE9_M_insertESt14_List_iteratorIS0_ERKS0_
                0x0000000000016654       0x40 ./SysfsInputDriver/SysfsInputDriver.o
                0x0000000000016654                _ZNSt4listI5EventSaIS0_EE9_M_insertESt14_List_iteratorIS0_ERKS0_
 .text._ZNSt14_List_iteratorI5EventEC2EPNSt8__detail15_List_node_baseE
                0x0000000000016694       0x19 ./SysfsInputDriver/SysfsInputDriver.o
                0x0000000000016694                _ZNSt14_List_iteratorI5EventEC2EPNSt8__detail15_List_node_baseE
                0x0000000000016694                _ZNSt14_List_iteratorI5EventEC1EPNSt8__detail15_List_node_baseE
 *fill*         0x00000000000166ad        0x1 90909090
 .text._ZNSt4listI5EventSaIS0_EE14_M_create_nodeERKS0_
                0x00000000000166ae       0xb8 ./SysfsInputDriver/SysfsInputDriver.o
                0x00000000000166ae                _ZNSt4listI5EventSaIS0_EE14_M_create_nodeERKS0_
 .text._ZNSt10_List_baseI5EventSaIS0_EE11_M_get_nodeEv
                0x0000000000016766       0x24 ./SysfsInputDriver/SysfsInputDriver.o
                0x0000000000016766                _ZNSt10_List_baseI5EventSaIS0_EE11_M_get_nodeEv
 .text._ZNKSt10_List_baseI5EventSaIS0_EE19_M_get_Tp_allocatorEv
                0x000000000001678a       0x34 ./SysfsInputDriver/SysfsInputDriver.o
                0x000000000001678a                _ZNKSt10_List_baseI5EventSaIS0_EE19_M_get_Tp_allocatorEv
 .text._ZNSaI5EventED2Ev
                0x00000000000167be       0x1a ./SysfsInputDriver/SysfsInputDriver.o
                0x00000000000167be                _ZNSaI5EventED1Ev
                0x00000000000167be                _ZNSaI5EventED2Ev
 .text._ZSt11__addressofI5EventEPT_RS1_
                0x00000000000167d8        0xe ./SysfsInputDriver/SysfsInputDriver.o
                0x00000000000167d8                _ZSt11__addressofI5EventEPT_RS1_
 .text._ZN9__gnu_cxx13new_allocatorI5EventE9constructEPS1_RKS1_
                0x00000000000167e6       0x67 ./SysfsInputDriver/SysfsInputDriver.o
                0x00000000000167e6                _ZN9__gnu_cxx13new_allocatorI5EventE9constructEPS1_RKS1_
 *fill*         0x000000000001684d        0x1 90909090
 .text._ZNSt10_List_baseI5EventSaIS0_EE11_M_put_nodeEPSt10_List_nodeIS0_E
                0x000000000001684e       0x2a ./SysfsInputDriver/SysfsInputDriver.o
                0x000000000001684e                _ZNSt10_List_baseI5EventSaIS0_EE11_M_put_nodeEPSt10_List_nodeIS0_E
 .text._ZN9__gnu_cxx13new_allocatorISt10_List_nodeI5EventEE8allocateEmPKv
                0x0000000000016878       0x4c ./SysfsInputDriver/SysfsInputDriver.o
                0x0000000000016878                _ZN9__gnu_cxx13new_allocatorISt10_List_nodeI5EventEE8allocateEmPKv
 .text._ZNKSt10_List_baseI5EventSaIS0_EE21_M_get_Node_allocatorEv
                0x00000000000168c4        0xe ./SysfsInputDriver/SysfsInputDriver.o
                0x00000000000168c4                _ZNKSt10_List_baseI5EventSaIS0_EE21_M_get_Node_allocatorEv
 .text._ZNSaI5EventEC2ISt10_List_nodeIS_EEERKSaIT_E
                0x00000000000168d2       0x1e ./SysfsInputDriver/SysfsInputDriver.o
                0x00000000000168d2                _ZNSaI5EventEC1ISt10_List_nodeIS_EEERKSaIT_E
                0x00000000000168d2                _ZNSaI5EventEC2ISt10_List_nodeIS_EEERKSaIT_E
 .text._ZN9__gnu_cxx13new_allocatorI5EventED2Ev
                0x00000000000168f0        0xa ./SysfsInputDriver/SysfsInputDriver.o
                0x00000000000168f0                _ZN9__gnu_cxx13new_allocatorI5EventED1Ev
                0x00000000000168f0                _ZN9__gnu_cxx13new_allocatorI5EventED2Ev
 .text._ZN9__gnu_cxx13new_allocatorISt10_List_nodeI5EventEE10deallocateEPS3_m
                0x00000000000168fa       0x22 ./SysfsInputDriver/SysfsInputDriver.o
                0x00000000000168fa                _ZN9__gnu_cxx13new_allocatorISt10_List_nodeI5EventEE10deallocateEPS3_m
 .text._ZNK9__gnu_cxx13new_allocatorISt10_List_nodeI5EventEE8max_sizeEv
                0x000000000001691c       0x14 ./SysfsInputDriver/SysfsInputDriver.o
                0x000000000001691c                _ZNK9__gnu_cxx13new_allocatorISt10_List_nodeI5EventEE8max_sizeEv
 .text._ZN9__gnu_cxx13new_allocatorI5EventEC2Ev
                0x0000000000016930        0xa ./SysfsInputDriver/SysfsInputDriver.o
                0x0000000000016930                _ZN9__gnu_cxx13new_allocatorI5EventEC2Ev
                0x0000000000016930                _ZN9__gnu_cxx13new_allocatorI5EventEC1Ev
 *fill*         0x000000000001693a        0x2 90909090
 .text          0x000000000001693c     0x134a ./SysfsOutputDriver/SysfsOutputDriver.o
                0x000000000001693c                _ZN17SysfsOutputDriverC1Ev
                0x000000000001693c                _ZN17SysfsOutputDriverC2Ev
                0x0000000000016e4a                _ZN17SysfsOutputDriverD2Ev
                0x0000000000016e4a                _ZN17SysfsOutputDriverD1Ev
                0x0000000000016e8e                _ZN17SysfsOutputDriverD0Ev
                0x0000000000016eb4                _ZN17SysfsOutputDriver4TypeEv
                0x0000000000016ec6                _ZN17SysfsOutputDriver7VersionEv
                0x0000000000016ed8                _ZN17SysfsOutputDriver4NameEv
                0x0000000000016eea                _ZN17SysfsOutputDriver11DescriptionEv
                0x0000000000016efc                _ZN17SysfsOutputDriver9PublisherEv
                0x0000000000016f0e                _ZN17SysfsOutputDriver9GetStatusEv
                0x0000000000016f20                _ZN17SysfsOutputDriver9SetStatusEi
                0x0000000000016f38                _ZN17SysfsOutputDriver13GetPortNumberEv
                0x0000000000016f4a                _ZN17SysfsOutputDriver12GetGpioValueEv
                0x0000000000016fbe                _ZN17SysfsOutputDriver14ExecuteCommandE7Command
                0x000000000001742a                _ZN17SysfsOutputDriver8CommandsEv
                0x00000000000174f8                _ZN17SysfsOutputDriver5CloneEv
                0x0000000000017544                _ZN17SysfsOutputDriver10GetCommandEPKc
                0x0000000000017642                _ZN17SysfsOutputDriver8OpenPortEii
                0x0000000000017784                _ZN17SysfsOutputDriver9ClosePortEi
                0x00000000000177ac                _ZN17SysfsOutputDriver8SetValueEii
                0x00000000000177ea                _ZN17SysfsOutputDriver8GetValueEi
                0x0000000000017828                _ZN17SysfsOutputDriver11gpio_exportEj
                0x00000000000178d8                _ZN17SysfsOutputDriver13gpio_unexportEj
                0x0000000000017988                _ZN17SysfsOutputDriver12gpio_set_dirEjj
                0x0000000000017a58                _ZN17SysfsOutputDriver14gpio_set_valueEii
                0x0000000000017ae6                _ZN17SysfsOutputDriver14gpio_get_valueEiPi
                0x0000000000017b70                _ZN17SysfsOutputDriver13gpio_set_edgeEjPc
                0x0000000000017b86                _ZN17SysfsOutputDriver12gpio_fd_openEj
                0x0000000000017c0e                _ZN17SysfsOutputDriver13gpio_fd_closeEi
 *fill*         0x0000000000017c86        0x2 90909090
 .text          0x0000000000017c88      0xd28 ./GPIOLedDriver/GPIOLedDriver.o
                0x0000000000017c88                _ZN13GPIOLedDriverC2Ev
                0x0000000000017c88                _ZN13GPIOLedDriverC1Ev
                0x0000000000018196                _ZN13GPIOLedDriverD1Ev
                0x0000000000018196                _ZN13GPIOLedDriverD2Ev
                0x00000000000181da                _ZN13GPIOLedDriverD0Ev
                0x0000000000018200                _ZN13GPIOLedDriver4TypeEv
                0x0000000000018212                _ZN13GPIOLedDriver7VersionEv
                0x0000000000018224                _ZN13GPIOLedDriver4NameEv
                0x0000000000018236                _ZN13GPIOLedDriver11DescriptionEv
                0x0000000000018248                _ZN13GPIOLedDriver9PublisherEv
                0x000000000001825a                _ZN13GPIOLedDriver14ExecuteCommandE7Command
                0x00000000000186a2                _ZN13GPIOLedDriver8CommandsEv
                0x0000000000018770                _ZN13GPIOLedDriver5CloneEv
                0x00000000000187bc                _ZN13GPIOLedDriver10GetCommandEPKc
                0x00000000000188ba                _ZN13GPIOLedDriver8SetValueEii
 .text          0x00000000000189b0     0x10f5 ./GPIOKeyDriver/GPIOKeyDriver.o
                0x00000000000189b0                _ZN13GPIOKeyDriverC2Ev
                0x00000000000189b0                _ZN13GPIOKeyDriverC1Ev
                0x0000000000018eb0                _ZN13GPIOKeyDriverD1Ev
                0x0000000000018eb0                _ZN13GPIOKeyDriverD2Ev
                0x0000000000018ef4                _ZN13GPIOKeyDriverD0Ev
                0x0000000000018f1a                _ZN13GPIOKeyDriver4TypeEv
                0x0000000000018f2c                _ZN13GPIOKeyDriver7VersionEv
                0x0000000000018f3e                _ZN13GPIOKeyDriver4NameEv
                0x0000000000018f50                _ZN13GPIOKeyDriver11DescriptionEv
                0x0000000000018f62                _ZN13GPIOKeyDriver9PublisherEv
                0x0000000000018f74                _ZN13GPIOKeyDriver14ExecuteCommandE7Command
                0x0000000000019198                _ZN13GPIOKeyDriver10GetCommandEPKc
                0x0000000000019296                _ZN13GPIOKeyDriver8CommandsEv
                0x0000000000019364                _ZN13GPIOKeyDriver5CloneEv
                0x00000000000193b0                _ZN13GPIOKeyDriver8OpenPortEv
                0x0000000000019402                _ZN13GPIOKeyDriver9ClosePortEv
                0x000000000001941e                _ZN13GPIOKeyDriver15SetCurrentValueE11input_event
                0x00000000000196c8                _ZN13GPIOKeyDriver9ReadValueEv
                0x0000000000019729                _Z16ReadKeyThreadRunPv
                0x00000000000197c8                _ZN13GPIOKeyDriver21StartReadingKeyThreadEv
                0x000000000001995c                _ZN13GPIOKeyDriver20StopReadingKeyThreadEv
                0x0000000000019a3e                _ZN13GPIOKeyDriver18UpdateInitialStateEv
 *fill*         0x0000000000019aa5        0x3 90909090
 .text          0x0000000000019aa8      0x390 ./EntryPoint.o
                0x0000000000019aa8                CreateDrivers
 .text._ZNSt4listIP10BaseDriverSaIS1_EED2Ev
                0x0000000000019e38       0x1a ./EntryPoint.o
                0x0000000000019e38                _ZNSt4listIP10BaseDriverSaIS1_EED1Ev
                0x0000000000019e38                _ZNSt4listIP10BaseDriverSaIS1_EED2Ev
 .text._ZNSt4listIP10BaseDriverSaIS1_EEC2Ev
                0x0000000000019e52       0x1a ./EntryPoint.o
                0x0000000000019e52                _ZNSt4listIP10BaseDriverSaIS1_EEC2Ev
                0x0000000000019e52                _ZNSt4listIP10BaseDriverSaIS1_EEC1Ev
 .text._ZNSt10_List_baseIP10BaseDriverSaIS1_EE10_List_implD2Ev
                0x0000000000019e6c       0x1a ./EntryPoint.o
                0x0000000000019e6c                _ZNSt10_List_baseIP10BaseDriverSaIS1_EE10_List_implD1Ev
                0x0000000000019e6c                _ZNSt10_List_baseIP10BaseDriverSaIS1_EE10_List_implD2Ev
 .text._ZNSt10_List_baseIP10BaseDriverSaIS1_EED2Ev
                0x0000000000019e86       0x46 ./EntryPoint.o
                0x0000000000019e86                _ZNSt10_List_baseIP10BaseDriverSaIS1_EED2Ev
                0x0000000000019e86                _ZNSt10_List_baseIP10BaseDriverSaIS1_EED1Ev
 .text._ZNSt4listIP10BaseDriverSaIS1_EE9push_backERKS1_
                0x0000000000019ecc       0x34 ./EntryPoint.o
                0x0000000000019ecc                _ZNSt4listIP10BaseDriverSaIS1_EE9push_backERKS1_
 .text._ZNSt10_List_baseIP10BaseDriverSaIS1_EEC2Ev
                0x0000000000019f00       0x48 ./EntryPoint.o
                0x0000000000019f00                _ZNSt10_List_baseIP10BaseDriverSaIS1_EEC2Ev
                0x0000000000019f00                _ZNSt10_List_baseIP10BaseDriverSaIS1_EEC1Ev
 .text._ZNSaISt10_List_nodeIP10BaseDriverEED2Ev
                0x0000000000019f48       0x1a ./EntryPoint.o
                0x0000000000019f48                _ZNSaISt10_List_nodeIP10BaseDriverEED1Ev
                0x0000000000019f48                _ZNSaISt10_List_nodeIP10BaseDriverEED2Ev
 .text._ZNSt10_List_baseIP10BaseDriverSaIS1_EE8_M_clearEv
                0x0000000000019f62       0xb3 ./EntryPoint.o
                0x0000000000019f62                _ZNSt10_List_baseIP10BaseDriverSaIS1_EE8_M_clearEv
 *fill*         0x000000000001a015        0x1 90909090
 .text._ZNSt4listIP10BaseDriverSaIS1_EE3endEv
                0x000000000001a016       0x25 ./EntryPoint.o
                0x000000000001a016                _ZNSt4listIP10BaseDriverSaIS1_EE3endEv
 *fill*         0x000000000001a03b        0x1 90909090
 .text._ZNSt4listIP10BaseDriverSaIS1_EE9_M_insertESt14_List_iteratorIS1_ERKS1_
                0x000000000001a03c       0x40 ./EntryPoint.o
                0x000000000001a03c                _ZNSt4listIP10BaseDriverSaIS1_EE9_M_insertESt14_List_iteratorIS1_ERKS1_
 .text._ZNKSt10_List_baseIP10BaseDriverSaIS1_EE21_M_get_Node_allocatorEv
                0x000000000001a07c        0xe ./EntryPoint.o
                0x000000000001a07c                _ZNKSt10_List_baseIP10BaseDriverSaIS1_EE21_M_get_Node_allocatorEv
 .text._ZNSaIP10BaseDriverEC2ISt10_List_nodeIS0_EEERKSaIT_E
                0x000000000001a08a       0x1e ./EntryPoint.o
                0x000000000001a08a                _ZNSaIP10BaseDriverEC2ISt10_List_nodeIS0_EEERKSaIT_E
                0x000000000001a08a                _ZNSaIP10BaseDriverEC1ISt10_List_nodeIS0_EEERKSaIT_E
 .text._ZNSaIP10BaseDriverED2Ev
                0x000000000001a0a8       0x1a ./EntryPoint.o
                0x000000000001a0a8                _ZNSaIP10BaseDriverED1Ev
                0x000000000001a0a8                _ZNSaIP10BaseDriverED2Ev
 .text._ZNSt10_List_baseIP10BaseDriverSaIS1_EE10_List_implC2Ev
                0x000000000001a0c2       0x31 ./EntryPoint.o
                0x000000000001a0c2                _ZNSt10_List_baseIP10BaseDriverSaIS1_EE10_List_implC2Ev
                0x000000000001a0c2                _ZNSt10_List_baseIP10BaseDriverSaIS1_EE10_List_implC1Ev
 *fill*         0x000000000001a0f3        0x1 90909090
 .text._ZNSt10_List_baseIP10BaseDriverSaIS1_EE7_M_initEv
                0x000000000001a0f4       0x21 ./EntryPoint.o
                0x000000000001a0f4                _ZNSt10_List_baseIP10BaseDriverSaIS1_EE7_M_initEv
 *fill*         0x000000000001a115        0x1 90909090
 .text._ZN9__gnu_cxx13new_allocatorISt10_List_nodeIP10BaseDriverEED2Ev
                0x000000000001a116        0xa ./EntryPoint.o
                0x000000000001a116                _ZN9__gnu_cxx13new_allocatorISt10_List_nodeIP10BaseDriverEED1Ev
                0x000000000001a116                _ZN9__gnu_cxx13new_allocatorISt10_List_nodeIP10BaseDriverEED2Ev
 .text._ZNKSt10_List_baseIP10BaseDriverSaIS1_EE19_M_get_Tp_allocatorEv
                0x000000000001a120       0x34 ./EntryPoint.o
                0x000000000001a120                _ZNKSt10_List_baseIP10BaseDriverSaIS1_EE19_M_get_Tp_allocatorEv
 .text._ZSt11__addressofIP10BaseDriverEPT_RS2_
                0x000000000001a154        0xe ./EntryPoint.o
                0x000000000001a154                _ZSt11__addressofIP10BaseDriverEPT_RS2_
 .text._ZN9__gnu_cxx13new_allocatorIP10BaseDriverE7destroyEPS2_
                0x000000000001a162        0xe ./EntryPoint.o
                0x000000000001a162                _ZN9__gnu_cxx13new_allocatorIP10BaseDriverE7destroyEPS2_
 .text._ZNSt10_List_baseIP10BaseDriverSaIS1_EE11_M_put_nodeEPSt10_List_nodeIS1_E
                0x000000000001a170       0x2a ./EntryPoint.o
                0x000000000001a170                _ZNSt10_List_baseIP10BaseDriverSaIS1_EE11_M_put_nodeEPSt10_List_nodeIS1_E
 .text._ZNSt14_List_iteratorIP10BaseDriverEC2EPNSt8__detail15_List_node_baseE
                0x000000000001a19a       0x19 ./EntryPoint.o
                0x000000000001a19a                _ZNSt14_List_iteratorIP10BaseDriverEC1EPNSt8__detail15_List_node_baseE
                0x000000000001a19a                _ZNSt14_List_iteratorIP10BaseDriverEC2EPNSt8__detail15_List_node_baseE
 *fill*         0x000000000001a1b3        0x1 90909090
 .text._ZNSt4listIP10BaseDriverSaIS1_EE14_M_create_nodeERKS1_
                0x000000000001a1b4       0xb8 ./EntryPoint.o
                0x000000000001a1b4                _ZNSt4listIP10BaseDriverSaIS1_EE14_M_create_nodeERKS1_
 .text._ZN9__gnu_cxx13new_allocatorIP10BaseDriverEC2Ev
                0x000000000001a26c        0xa ./EntryPoint.o
                0x000000000001a26c                _ZN9__gnu_cxx13new_allocatorIP10BaseDriverEC1Ev
                0x000000000001a26c                _ZN9__gnu_cxx13new_allocatorIP10BaseDriverEC2Ev
 .text._ZN9__gnu_cxx13new_allocatorIP10BaseDriverED2Ev
                0x000000000001a276        0xa ./EntryPoint.o
                0x000000000001a276                _ZN9__gnu_cxx13new_allocatorIP10BaseDriverED2Ev
                0x000000000001a276                _ZN9__gnu_cxx13new_allocatorIP10BaseDriverED1Ev
 .text._ZNSaISt10_List_nodeIP10BaseDriverEEC2Ev
                0x000000000001a280       0x1a ./EntryPoint.o
                0x000000000001a280                _ZNSaISt10_List_nodeIP10BaseDriverEEC1Ev
                0x000000000001a280                _ZNSaISt10_List_nodeIP10BaseDriverEEC2Ev
 .text._ZN9__gnu_cxx13new_allocatorISt10_List_nodeIP10BaseDriverEE10deallocateEPS4_m
                0x000000000001a29a       0x22 ./EntryPoint.o
                0x000000000001a29a                _ZN9__gnu_cxx13new_allocatorISt10_List_nodeIP10BaseDriverEE10deallocateEPS4_m
 .text._ZNSt10_List_baseIP10BaseDriverSaIS1_EE11_M_get_nodeEv
                0x000000000001a2bc       0x24 ./EntryPoint.o
                0x000000000001a2bc                _ZNSt10_List_baseIP10BaseDriverSaIS1_EE11_M_get_nodeEv
 .text._ZN9__gnu_cxx13new_allocatorIP10BaseDriverE9constructEPS2_RKS2_
                0x000000000001a2e0       0x36 ./EntryPoint.o
                0x000000000001a2e0                _ZN9__gnu_cxx13new_allocatorIP10BaseDriverE9constructEPS2_RKS2_
 .text._ZN9__gnu_cxx13new_allocatorISt10_List_nodeIP10BaseDriverEEC2Ev
                0x000000000001a316        0xa ./EntryPoint.o
                0x000000000001a316                _ZN9__gnu_cxx13new_allocatorISt10_List_nodeIP10BaseDriverEEC1Ev
                0x000000000001a316                _ZN9__gnu_cxx13new_allocatorISt10_List_nodeIP10BaseDriverEEC2Ev
 .text._ZN9__gnu_cxx13new_allocatorISt10_List_nodeIP10BaseDriverEE8allocateEmPKv
                0x000000000001a320       0x4b ./EntryPoint.o
                0x000000000001a320                _ZN9__gnu_cxx13new_allocatorISt10_List_nodeIP10BaseDriverEE8allocateEmPKv
 *fill*         0x000000000001a36b        0x1 90909090
 .text._ZNK9__gnu_cxx13new_allocatorISt10_List_nodeIP10BaseDriverEE8max_sizeEv
                0x000000000001a36c       0x14 ./EntryPoint.o
                0x000000000001a36c                _ZNK9__gnu_cxx13new_allocatorISt10_List_nodeIP10BaseDriverEE8max_sizeEv
 .text          0x000000000001a380     0x140f ./ADCDriver/ADCDriver.o
                0x000000000001a380                _ZN9ADCDriverC1Ev
                0x000000000001a380                _ZN9ADCDriverC2Ev
                0x000000000001ab0e                _ZN9ADCDriverD2Ev
                0x000000000001ab0e                _ZN9ADCDriverD1Ev
                0x000000000001ab52                _ZN9ADCDriverD0Ev
                0x000000000001ab78                _ZN9ADCDriver4TypeEv
                0x000000000001ab8a                _ZN9ADCDriver7VersionEv
                0x000000000001ab9c                _ZN9ADCDriver4NameEv
                0x000000000001abae                _ZN9ADCDriver11DescriptionEv
                0x000000000001abc0                _ZN9ADCDriver9PublisherEv
                0x000000000001abd2                _ZN9ADCDriver14ExecuteCommandE7Command
                0x000000000001afe8                _ZN9ADCDriver10GetCommandEPKc
                0x000000000001b0e6                _ZN9ADCDriver8CommandsEv
                0x000000000001b1b4                _ZN9ADCDriver5CloneEv
                0x000000000001b200                _ZN9ADCDriver8OpenPortEv
                0x000000000001b210                _ZN9ADCDriver9ClosePortEv
                0x000000000001b21a                _ZN9ADCDriver15SetCurrentValueEi
                0x000000000001b42e                _Z21ReadADCValueThreadRunPv
                0x000000000001b506                _ZN9ADCDriver21StartReadingKeyThreadEv
                0x000000000001b69a                _ZN9ADCDriver20StopReadingKeyThreadEv
                0x000000000001b6f6                _ZN9ADCDriver18UpdateInitialStateEv
 *fill*         0x000000000001b78f        0x1 90909090
 .text          0x000000000001b790     0x106b ./RaspiGPIO/RaspiGPInputDriver.o
                0x000000000001b790                _ZN18RaspiGPInputDriverC1Ev
                0x000000000001b790                _ZN18RaspiGPInputDriverC2Ev
                0x000000000001bc90                _ZN18RaspiGPInputDriverD1Ev
                0x000000000001bc90                _ZN18RaspiGPInputDriverD2Ev
                0x000000000001bcd4                _ZN18RaspiGPInputDriverD0Ev
                0x000000000001bcfa                _ZN18RaspiGPInputDriver4TypeEv
                0x000000000001bd0c                _ZN18RaspiGPInputDriver7VersionEv
                0x000000000001bd1e                _ZN18RaspiGPInputDriver4NameEv
                0x000000000001bd30                _ZN18RaspiGPInputDriver11DescriptionEv
                0x000000000001bd42                _ZN18RaspiGPInputDriver9PublisherEv
                0x000000000001bd54                _ZN18RaspiGPInputDriver14ExecuteCommandE7Command
                0x000000000001bf78                _ZN18RaspiGPInputDriver10GetCommandEPKc
                0x000000000001c076                _ZN18RaspiGPInputDriver8CommandsEv
                0x000000000001c144                _ZN18RaspiGPInputDriver5CloneEv
                0x000000000001c190                _ZN18RaspiGPInputDriver8OpenPortEv
                0x000000000001c1a4                _ZN18RaspiGPInputDriver9ClosePortEv
                0x000000000001c1ae                _ZN18RaspiGPInputDriver15SetCurrentValueEi
                0x000000000001c45a                _ZN18RaspiGPInputDriver9ReadValueEv
                0x000000000001c4a7                _Z21RaspiReadKeyThreadRunPv
                0x000000000001c51e                _ZN18RaspiGPInputDriver21StartReadingKeyThreadEv
                0x000000000001c6b2                _ZN18RaspiGPInputDriver20StopReadingKeyThreadEv
                0x000000000001c794                _ZN18RaspiGPInputDriver18UpdateInitialStateEv
 *fill*         0x000000000001c7fb        0x1 90909090
 .text          0x000000000001c7fc      0xd98 ./RaspiGPIO/RaspiGPOutputDriver.o
                0x000000000001c7fc                _ZN19RaspiGPOutputDriverC1Ev
                0x000000000001c7fc                _ZN19RaspiGPOutputDriverC2Ev
                0x000000000001cd0a                _ZN19RaspiGPOutputDriverD2Ev
                0x000000000001cd0a                _ZN19RaspiGPOutputDriverD1Ev
                0x000000000001cd4e                _ZN19RaspiGPOutputDriverD0Ev
                0x000000000001cd74                _ZN19RaspiGPOutputDriver4TypeEv
                0x000000000001cd86                _ZN19RaspiGPOutputDriver7VersionEv
                0x000000000001cd98                _ZN19RaspiGPOutputDriver4NameEv
                0x000000000001cdaa                _ZN19RaspiGPOutputDriver11DescriptionEv
                0x000000000001cdbc                _ZN19RaspiGPOutputDriver9PublisherEv
                0x000000000001cdce                _ZN19RaspiGPOutputDriver14ExecuteCommandE7Command
                0x000000000001d2c6                _ZN19RaspiGPOutputDriver8CommandsEv
                0x000000000001d394                _ZN19RaspiGPOutputDriver5CloneEv
                0x000000000001d3e0                _ZN19RaspiGPOutputDriver10GetCommandEPKc
                0x000000000001d4de                _ZN19RaspiGPOutputDriver8SetValueEii
 .text          0x000000000001d594     0x1693 ./RaspiGPIO/bcm2835.o
                0x000000000001d594                bcm2835_set_debug
                0x000000000001d5a9                bcm2835_peri_read
                0x000000000001d5f9                bcm2835_peri_read_nb
                0x000000000001d63a                bcm2835_peri_write
                0x000000000001d688                bcm2835_peri_write_nb
                0x000000000001d6cd                bcm2835_peri_set_bits
                0x000000000001d716                bcm2835_gpio_fsel
                0x000000000001d7de                bcm2835_gpio_set
                0x000000000001d83e                bcm2835_gpio_clr
                0x000000000001d89e                bcm2835_gpio_lev
                0x000000000001d905                bcm2835_gpio_eds
                0x000000000001d96c                bcm2835_gpio_set_eds
                0x000000000001d9d0                bcm2835_gpio_ren
                0x000000000001da37                bcm2835_gpio_clr_ren
                0x000000000001da9e                bcm2835_gpio_fen
                0x000000000001db05                bcm2835_gpio_clr_fen
                0x000000000001db6c                bcm2835_gpio_hen
                0x000000000001dbd3                bcm2835_gpio_clr_hen
                0x000000000001dc3a                bcm2835_gpio_len
                0x000000000001dca1                bcm2835_gpio_clr_len
                0x000000000001dd08                bcm2835_gpio_aren
                0x000000000001dd6f                bcm2835_gpio_clr_aren
                0x000000000001ddd6                bcm2835_gpio_afen
                0x000000000001de3d                bcm2835_gpio_clr_afen
                0x000000000001dea4                bcm2835_gpio_pud
                0x000000000001ded6                bcm2835_gpio_pudclk
                0x000000000001df40                bcm2835_gpio_pad
                0x000000000001df75                bcm2835_gpio_set_pad
                0x000000000001dfb2                delay
                0x000000000001e01c                delayMicroseconds
                0x000000000001e058                bcm2835_gpio_write
                0x000000000001e08a                bcm2835_gpio_set_pud
                0x000000000001e0e7                bcm2835_spi_begin
                0x000000000001e169                bcm2835_spi_end
                0x000000000001e1ba                bcm2835_spi_setBitOrder
                0x000000000001e1c5                bcm2835_spi_setClockDivider
                0x000000000001e1f6                bcm2835_spi_setDataMode
                0x000000000001e22c                bcm2835_spi_transfer
                0x000000000001e2fd                bcm2835_spi_transfern
                0x000000000001e41c                bcm2835_spi_chipSelect
                0x000000000001e44d                bcm2835_spi_setChipSelectPolarity
                0x000000000001e4af                bcm2835_init
                0x000000000001ea9f                bcm2835_close
 *fill*         0x000000000001ec27        0x9 90909090
 .text          0x000000000001ec30       0x36 /usr/lib/gcc/x86_64-linux-gnu/4.6/crtendS.o
 *fill*         0x000000000001ec66        0x2 90909090
 .text          0x000000000001ec68        0x0 /usr/lib/gcc/x86_64-linux-gnu/4.6/../../../x86_64-linux-gnu/crtn.o
 *(.gnu.warning)

.fini           0x000000000001ec68        0xe
 *(.fini)
 .fini          0x000000000001ec68        0x4 /usr/lib/gcc/x86_64-linux-gnu/4.6/../../../x86_64-linux-gnu/crti.o
                0x000000000001ec68                _fini
 .fini          0x000000000001ec6c        0x5 /usr/lib/gcc/x86_64-linux-gnu/4.6/crtbeginS.o
 .fini          0x000000000001ec71        0x5 /usr/lib/gcc/x86_64-linux-gnu/4.6/../../../x86_64-linux-gnu/crtn.o
                0x000000000001ec76                PROVIDE (__etext, .)
                0x000000000001ec76                PROVIDE (_etext, .)
                0x000000000001ec76                PROVIDE (etext, .)

.rodata         0x000000000001ec80     0x1b1e
 *(.rodata .rodata.* .gnu.linkonce.r.*)
 .rodata        0x000000000001ec80      0x608 ./UltraHeatDriver/UltraHeatDriver.o
 *fill*         0x000000000001f288        0x8 00
 .rodata._ZTS15UltraHeatDriver
                0x000000000001f290       0x12 ./UltraHeatDriver/UltraHeatDriver.o
                0x000000000001f290                _ZTS15UltraHeatDriver
 *fill*         0x000000000001f2a2        0x6 00
 .rodata        0x000000000001f2a8      0x38c ./SysfsGenericGPIODriver/SysfsGenericGPIODriver.o
 *fill*         0x000000000001f634        0xc 00
 .rodata._ZTS22SysfsGenericGPIODriver
                0x000000000001f640       0x19 ./SysfsGenericGPIODriver/SysfsGenericGPIODriver.o
                0x000000000001f640                _ZTS22SysfsGenericGPIODriver
 *fill*         0x000000000001f659        0x7 00
 .rodata        0x000000000001f660      0x35c ./SysfsInputDriver/SysfsInputDriver.o
 *fill*         0x000000000001f9bc        0x4 00
 .rodata._ZTS16SysfsInputDriver
                0x000000000001f9c0       0x13 ./SysfsInputDriver/SysfsInputDriver.o
                0x000000000001f9c0                _ZTS16SysfsInputDriver
 *fill*         0x000000000001f9d3        0x5 00
 .rodata        0x000000000001f9d8      0x2bc ./SysfsOutputDriver/SysfsOutputDriver.o
 *fill*         0x000000000001fc94        0xc 00
 .rodata._ZTS17SysfsOutputDriver
                0x000000000001fca0       0x14 ./SysfsOutputDriver/SysfsOutputDriver.o
                0x000000000001fca0                _ZTS17SysfsOutputDriver
 *fill*         0x000000000001fcb4        0x4 00
 .rodata        0x000000000001fcb8      0x155 ./GPIOLedDriver/GPIOLedDriver.o
 *fill*         0x000000000001fe0d        0x3 00
 .rodata._ZTS13GPIOLedDriver
                0x000000000001fe10       0x10 ./GPIOLedDriver/GPIOLedDriver.o
                0x000000000001fe10                _ZTS13GPIOLedDriver
 .rodata        0x000000000001fe20      0x1b0 ./GPIOKeyDriver/GPIOKeyDriver.o
 .rodata._ZTS13GPIOKeyDriver
                0x000000000001ffd0       0x10 ./GPIOKeyDriver/GPIOKeyDriver.o
                0x000000000001ffd0                _ZTS13GPIOKeyDriver
 .rodata        0x000000000001ffe0       0x46 ./EntryPoint.o
 *fill*         0x0000000000020026        0x2 00
 .rodata        0x0000000000020028      0x1d1 ./ADCDriver/ADCDriver.o
 .rodata._ZTS9ADCDriver
                0x00000000000201f9        0xb ./ADCDriver/ADCDriver.o
                0x00000000000201f9                _ZTS9ADCDriver
 *fill*         0x0000000000020204        0x4 00
 .rodata        0x0000000000020208      0x1a5 ./RaspiGPIO/RaspiGPInputDriver.o
 *fill*         0x00000000000203ad        0x3 00
 .rodata._ZTS18RaspiGPInputDriver
                0x00000000000203b0       0x15 ./RaspiGPIO/RaspiGPInputDriver.o
                0x00000000000203b0                _ZTS18RaspiGPInputDriver
 *fill*         0x00000000000203c5        0x3 00
 .rodata        0x00000000000203c8      0x146 ./RaspiGPIO/RaspiGPOutputDriver.o
 *fill*         0x000000000002050e        0x2 00
 .rodata._ZTS19RaspiGPOutputDriver
                0x0000000000020510       0x16 ./RaspiGPIO/RaspiGPOutputDriver.o
                0x0000000000020510                _ZTS19RaspiGPOutputDriver
 *fill*         0x0000000000020526        0x2 00
 .rodata        0x0000000000020528      0x276 ./RaspiGPIO/bcm2835.o

.rodata1
 *(.rodata1)

.eh_frame_hdr   0x00000000000207a0      0xd1c
 *(.eh_frame_hdr)
 .eh_frame_hdr  0x00000000000207a0      0xd1c /usr/lib/gcc/x86_64-linux-gnu/4.6/../../../x86_64-linux-gnu/crti.o

.eh_frame       0x00000000000214c0     0x3854
 *(.eh_frame)
 .eh_frame      0x00000000000214c0       0x40 /usr/lib/gcc/x86_64-linux-gnu/4.6/../../../x86_64-linux-gnu/crti.o
 .eh_frame      0x0000000000021500      0xd40 ./UltraHeatDriver/UltraHeatDriver.o
                                        0xd38 (size before relaxing)
 .eh_frame      0x0000000000022240      0x888 ./SysfsGenericGPIODriver/SysfsGenericGPIODriver.o
                                       0x12a8 (size before relaxing)
 .eh_frame      0x0000000000022ac8      0x6e0 ./SysfsInputDriver/SysfsInputDriver.o
                                       0x14f8 (size before relaxing)
 .eh_frame      0x00000000000231a8      0x400 ./SysfsOutputDriver/SysfsOutputDriver.o
                                        0xe08 (size before relaxing)
 .eh_frame      0x00000000000235a8      0x228 ./GPIOLedDriver/GPIOLedDriver.o
                                        0xc30 (size before relaxing)
 .eh_frame      0x00000000000237d0      0x328 ./GPIOKeyDriver/GPIOKeyDriver.o
                                       0x1348 (size before relaxing)
 .eh_frame      0x0000000000023af8      0x468 ./EntryPoint.o
                                        0x4c0 (size before relaxing)
 .eh_frame      0x0000000000023f60      0x2f0 ./ADCDriver/ADCDriver.o
                                       0x1318 (size before relaxing)
 .eh_frame      0x0000000000024250      0x328 ./RaspiGPIO/RaspiGPInputDriver.o
                                       0x1348 (size before relaxing)
 .eh_frame      0x0000000000024578      0x220 ./RaspiGPIO/RaspiGPOutputDriver.o
                                        0xc28 (size before relaxing)
 .eh_frame      0x0000000000024798      0x578 ./RaspiGPIO/bcm2835.o
                                        0x588 (size before relaxing)
 .eh_frame      0x0000000000024d10        0x4 /usr/lib/gcc/x86_64-linux-gnu/4.6/crtendS.o

.gcc_except_table
                0x0000000000024d14     0x1fe0
 *(.gcc_except_table .gcc_except_table.*)
 .gcc_except_table
                0x0000000000024d14      0x5cc ./UltraHeatDriver/UltraHeatDriver.o
 .gcc_except_table
                0x00000000000252e0      0x3c4 ./SysfsGenericGPIODriver/SysfsGenericGPIODriver.o
 .gcc_except_table
                0x00000000000256a4      0x354 ./SysfsInputDriver/SysfsInputDriver.o
 .gcc_except_table
                0x00000000000259f8      0x27c ./SysfsOutputDriver/SysfsOutputDriver.o
 .gcc_except_table
                0x0000000000025c74      0x294 ./GPIOLedDriver/GPIOLedDriver.o
 .gcc_except_table
                0x0000000000025f08      0x350 ./GPIOKeyDriver/GPIOKeyDriver.o
 .gcc_except_table
                0x0000000000026258       0xd0 ./EntryPoint.o
 .gcc_except_table
                0x0000000000026328      0x3d4 ./ADCDriver/ADCDriver.o
 .gcc_except_table
                0x00000000000266fc      0x350 ./RaspiGPIO/RaspiGPInputDriver.o
 .gcc_except_table
                0x0000000000026a4c      0x2a8 ./RaspiGPIO/RaspiGPOutputDriver.o

.exception_ranges
 *(.exception_ranges .exception_ranges*)
                0x0000000000026cf4                . = (ALIGN (0x200000) - ((0x200000 - .) & 0x1fffff))
                0x000000000022764c                . = DATA_SEGMENT_ALIGN (0x200000, 0x1000)

.eh_frame
 *(.eh_frame)

.gcc_except_table
 *(.gcc_except_table .gcc_except_table.*)

.exception_ranges
 *(.exception_ranges .exception_ranges*)

.tdata
 *(.tdata .tdata.* .gnu.linkonce.td.*)

.tbss
 *(.tbss .tbss.* .gnu.linkonce.tb.*)
 *(.tcommon)

.preinit_array
 *(.preinit_array)

.init_array     0x0000000000227650       0x50
 *(SORT(.init_array.*) SORT(.ctors.*))
 *(.init_array)
 *(EXCLUDE_FILE(*crtend?.o *crtend.o *crtbegin?.o *crtbegin.o) .ctors)
 .ctors         0x0000000000227650        0x8 ./UltraHeatDriver/UltraHeatDriver.o
 .ctors         0x0000000000227658        0x8 ./SysfsGenericGPIODriver/SysfsGenericGPIODriver.o
 .ctors         0x0000000000227660        0x8 ./SysfsInputDriver/SysfsInputDriver.o
 .ctors         0x0000000000227668        0x8 ./SysfsOutputDriver/SysfsOutputDriver.o
 .ctors         0x0000000000227670        0x8 ./GPIOLedDriver/GPIOLedDriver.o
 .ctors         0x0000000000227678        0x8 ./GPIOKeyDriver/GPIOKeyDriver.o
 .ctors         0x0000000000227680        0x8 ./EntryPoint.o
 .ctors         0x0000000000227688        0x8 ./ADCDriver/ADCDriver.o
 .ctors         0x0000000000227690        0x8 ./RaspiGPIO/RaspiGPInputDriver.o
 .ctors         0x0000000000227698        0x8 ./RaspiGPIO/RaspiGPOutputDriver.o

.fini_array
 *(SORT(.fini_array.*) SORT(.dtors.*))
 *(.fini_array)
 *(EXCLUDE_FILE(*crtend?.o *crtend.o *crtbegin?.o *crtbegin.o) .dtors)

.ctors          0x00000000002276a0       0x10
 *crtbegin.o(.ctors)
 *crtbegin?.o(.ctors)
 .ctors         0x00000000002276a0        0x8 /usr/lib/gcc/x86_64-linux-gnu/4.6/crtbeginS.o
 *(EXCLUDE_FILE(*crtend?.o *crtend.o) .ctors)
 *(SORT(.ctors.*))
 *(.ctors)
 .ctors         0x00000000002276a8        0x8 /usr/lib/gcc/x86_64-linux-gnu/4.6/crtendS.o

.dtors          0x00000000002276b0       0x10
 *crtbegin.o(.dtors)
 *crtbegin?.o(.dtors)
 .dtors         0x00000000002276b0        0x8 /usr/lib/gcc/x86_64-linux-gnu/4.6/crtbeginS.o
 *(EXCLUDE_FILE(*crtend?.o *crtend.o) .dtors)
 *(SORT(.dtors.*))
 *(.dtors)
 .dtors         0x00000000002276b8        0x8 /usr/lib/gcc/x86_64-linux-gnu/4.6/crtendS.o
                0x00000000002276b8                __DTOR_END__

.jcr            0x00000000002276c0        0x8
 *(.jcr)
 .jcr           0x00000000002276c0        0x0 /usr/lib/gcc/x86_64-linux-gnu/4.6/crtbeginS.o
 .jcr           0x00000000002276c0        0x8 /usr/lib/gcc/x86_64-linux-gnu/4.6/crtendS.o

.data.rel.ro    0x00000000002276e0      0x658
 *(.data.rel.ro.local* .gnu.linkonce.d.rel.ro.local.*)
 .data.rel.ro.local
                0x00000000002276e0        0x8 ./UltraHeatDriver/UltraHeatDriver.o
 .data.rel.ro.local
                0x00000000002276e8        0x8 ./SysfsGenericGPIODriver/SysfsGenericGPIODriver.o
 .data.rel.ro.local
                0x00000000002276f0        0x8 ./SysfsInputDriver/SysfsInputDriver.o
 .data.rel.ro.local
                0x00000000002276f8        0x8 ./SysfsOutputDriver/SysfsOutputDriver.o
 .data.rel.ro.local
                0x0000000000227700        0x8 ./GPIOLedDriver/GPIOLedDriver.o
 .data.rel.ro.local
                0x0000000000227708        0x8 ./GPIOKeyDriver/GPIOKeyDriver.o
 .data.rel.ro.local
                0x0000000000227710        0x8 ./ADCDriver/ADCDriver.o
 .data.rel.ro.local
                0x0000000000227718        0x8 ./RaspiGPIO/RaspiGPInputDriver.o
 .data.rel.ro.local
                0x0000000000227720        0x8 ./RaspiGPIO/RaspiGPOutputDriver.o
 *(.data.rel.ro* .gnu.linkonce.d.rel.ro.*)
 *fill*         0x0000000000227728       0x18 00
 .data.rel.ro._ZTV15UltraHeatDriver
                0x0000000000227740       0x70 ./UltraHeatDriver/UltraHeatDriver.o
                0x0000000000227740                _ZTV15UltraHeatDriver
 .data.rel.ro._ZTI15UltraHeatDriver
                0x00000000002277b0       0x18 ./UltraHeatDriver/UltraHeatDriver.o
                0x00000000002277b0                _ZTI15UltraHeatDriver
 *fill*         0x00000000002277c8       0x18 00
 .data.rel.ro._ZTV22SysfsGenericGPIODriver
                0x00000000002277e0       0x90 ./SysfsGenericGPIODriver/SysfsGenericGPIODriver.o
                0x00000000002277e0                _ZTV22SysfsGenericGPIODriver
 .data.rel.ro._ZTI22SysfsGenericGPIODriver
                0x0000000000227870       0x18 ./SysfsGenericGPIODriver/SysfsGenericGPIODriver.o
                0x0000000000227870                _ZTI22SysfsGenericGPIODriver
 *fill*         0x0000000000227888       0x18 00
 .data.rel.ro._ZTV16SysfsInputDriver
                0x00000000002278a0       0x90 ./SysfsInputDriver/SysfsInputDriver.o
                0x00000000002278a0                _ZTV16SysfsInputDriver
 .data.rel.ro._ZTI16SysfsInputDriver
                0x0000000000227930       0x18 ./SysfsInputDriver/SysfsInputDriver.o
                0x0000000000227930                _ZTI16SysfsInputDriver
 *fill*         0x0000000000227948       0x18 00
 .data.rel.ro._ZTV17SysfsOutputDriver
                0x0000000000227960       0x90 ./SysfsOutputDriver/SysfsOutputDriver.o
                0x0000000000227960                _ZTV17SysfsOutputDriver
 .data.rel.ro._ZTI17SysfsOutputDriver
                0x00000000002279f0       0x18 ./SysfsOutputDriver/SysfsOutputDriver.o
                0x00000000002279f0                _ZTI17SysfsOutputDriver
 *fill*         0x0000000000227a08       0x18 00
 .data.rel.ro._ZTV13GPIOLedDriver
                0x0000000000227a20       0x78 ./GPIOLedDriver/GPIOLedDriver.o
                0x0000000000227a20                _ZTV13GPIOLedDriver
 *fill*         0x0000000000227a98        0x8 00
 .data.rel.ro._ZTI13GPIOLedDriver
                0x0000000000227aa0       0x18 ./GPIOLedDriver/GPIOLedDriver.o
                0x0000000000227aa0                _ZTI13GPIOLedDriver
 *fill*         0x0000000000227ab8        0x8 00
 .data.rel.ro._ZTV13GPIOKeyDriver
                0x0000000000227ac0       0x70 ./GPIOKeyDriver/GPIOKeyDriver.o
                0x0000000000227ac0                _ZTV13GPIOKeyDriver
 .data.rel.ro._ZTI13GPIOKeyDriver
                0x0000000000227b30       0x18 ./GPIOKeyDriver/GPIOKeyDriver.o
                0x0000000000227b30                _ZTI13GPIOKeyDriver
 *fill*         0x0000000000227b48       0x18 00
 .data.rel.ro._ZTV9ADCDriver
                0x0000000000227b60       0x70 ./ADCDriver/ADCDriver.o
                0x0000000000227b60                _ZTV9ADCDriver
 .data.rel.ro._ZTI9ADCDriver
                0x0000000000227bd0       0x18 ./ADCDriver/ADCDriver.o
                0x0000000000227bd0                _ZTI9ADCDriver
 *fill*         0x0000000000227be8       0x18 00
 .data.rel.ro._ZTV18RaspiGPInputDriver
                0x0000000000227c00       0x70 ./RaspiGPIO/RaspiGPInputDriver.o
                0x0000000000227c00                _ZTV18RaspiGPInputDriver
 .data.rel.ro._ZTI18RaspiGPInputDriver
                0x0000000000227c70       0x18 ./RaspiGPIO/RaspiGPInputDriver.o
                0x0000000000227c70                _ZTI18RaspiGPInputDriver
 *fill*         0x0000000000227c88       0x18 00
 .data.rel.ro._ZTV19RaspiGPOutputDriver
                0x0000000000227ca0       0x78 ./RaspiGPIO/RaspiGPOutputDriver.o
                0x0000000000227ca0                _ZTV19RaspiGPOutputDriver
 *fill*         0x0000000000227d18        0x8 00
 .data.rel.ro._ZTI19RaspiGPOutputDriver
                0x0000000000227d20       0x18 ./RaspiGPIO/RaspiGPOutputDriver.o
                0x0000000000227d20                _ZTI19RaspiGPOutputDriver

.dynamic        0x0000000000227d38      0x1d0
 *(.dynamic)
 .dynamic       0x0000000000227d38      0x1d0 /usr/lib/gcc/x86_64-linux-gnu/4.6/../../../x86_64-linux-gnu/crti.o
                0x0000000000227d38                _DYNAMIC

.got            0x0000000000227f08       0xc8
 *(.got)
 .got           0x0000000000227f08       0xc8 /usr/lib/gcc/x86_64-linux-gnu/4.6/../../../x86_64-linux-gnu/crti.o
 *(.igot)
                0x0000000000227fe8                . = DATA_SEGMENT_RELRO_END (., 0x18)

.got.plt        0x0000000000227fe8      0xa58
 *(.got.plt)
 .got.plt       0x0000000000227fe8      0xa58 /usr/lib/gcc/x86_64-linux-gnu/4.6/../../../x86_64-linux-gnu/crti.o
                0x0000000000227fe8                _GLOBAL_OFFSET_TABLE_
 *(.igot.plt)

.data           0x0000000000228a40       0x3c
 *(.data .data.* .gnu.linkonce.d.*)
 .data          0x0000000000228a40        0x0 /usr/lib/gcc/x86_64-linux-gnu/4.6/../../../x86_64-linux-gnu/crti.o
 .data          0x0000000000228a40        0x0 /usr/lib/gcc/x86_64-linux-gnu/4.6/crtbeginS.o
 .data.rel      0x0000000000228a40        0x8 /usr/lib/gcc/x86_64-linux-gnu/4.6/crtbeginS.o
                0x0000000000228a40                __dso_handle
 .data          0x0000000000228a48        0x0 ./UltraHeatDriver/UltraHeatDriver.o
 .data.DW.ref.__gxx_personality_v0
                0x0000000000228a48        0x8 ./UltraHeatDriver/UltraHeatDriver.o
                0x0000000000228a48                DW.ref.__gxx_personality_v0
 .data          0x0000000000228a50        0x0 ./SysfsGenericGPIODriver/SysfsGenericGPIODriver.o
 .data          0x0000000000228a50        0x0 ./SysfsInputDriver/SysfsInputDriver.o
 .data          0x0000000000228a50        0x0 ./SysfsOutputDriver/SysfsOutputDriver.o
 .data          0x0000000000228a50        0x0 ./GPIOLedDriver/GPIOLedDriver.o
 .data          0x0000000000228a50        0x0 ./GPIOKeyDriver/GPIOKeyDriver.o
 .data          0x0000000000228a50        0x0 ./EntryPoint.o
 .data          0x0000000000228a50        0x0 ./ADCDriver/ADCDriver.o
 .data          0x0000000000228a50        0x0 ./RaspiGPIO/RaspiGPInputDriver.o
 .data          0x0000000000228a50        0x0 ./RaspiGPIO/RaspiGPOutputDriver.o
 .data          0x0000000000228a50       0x2c ./RaspiGPIO/bcm2835.o
 .data          0x0000000000228a7c        0x0 /usr/lib/gcc/x86_64-linux-gnu/4.6/crtendS.o