
Discarded input sections

 .note.GNU-stack
                0x0000000000000000        0x0 /usr/lib/gcc/x86_64-linux-gnu/4.6/../../../x86_64-linux-gnu/crti.o
 .gnu_debuglink
                0x0000000000000000        0xc /usr/lib/gcc/x86_64-linux-gnu/4.6/../../../x86_64-linux-gnu/crti.o
 .note.GNU-stack
                0x0000000000000000        0x0 /usr/lib/gcc/x86_64-linux-gnu/4.6/crtbeginS.o
 .group         0x0000000000000000        0x8 ./TimerDevice/TimerDevice.o
 .group         0x0000000000000000        0x8 ./TimerDevice/TimerDevice.o
 .group         0x0000000000000000        0x8 ./TimerDevice/TimerDevice.o
 .group         0x0000000000000000        0x8 ./TimerDevice/TimerDevice.o
 .group         0x0000000000000000        0x8 ./TimerDevice/TimerDevice.o
 .note.GNU-stack
                0x0000000000000000        0x0 ./TimerDevice/TimerDevice.o
 .group         0x0000000000000000        0x8 ./ScreenButton/ScreenButton.o
 .group         0x0000000000000000        0x8 ./ScreenButton/ScreenButton.o
 .group         0x0000000000000000        0x8 ./ScreenButton/ScreenButton.o
 .group         0x0000000000000000        0x8 ./ScreenButton/ScreenButton.o
 .group         0x0000000000000000        0x8 ./ScreenButton/ScreenButton.o
 .text._ZN15DeviceParameterD2Ev
                0x0000000000000000      0x127 ./ScreenButton/ScreenButton.o
 .data.DW.ref.__gxx_personality_v0
                0x0000000000000000        0x8 ./ScreenButton/ScreenButton.o
 .note.GNU-stack
                0x0000000000000000        0x0 ./ScreenButton/ScreenButton.o
 .group         0x0000000000000000        0x8 ./Logical/AdnWidget.o
 .group         0x0000000000000000        0x8 ./Logical/AdnWidget.o
 .group         0x0000000000000000        0x8 ./Logical/AdnWidget.o
 .group         0x0000000000000000        0x8 ./Logical/AdnWidget.o
 .group         0x0000000000000000        0x8 ./Logical/AdnWidget.o
 .text._ZN15DeviceParameterD2Ev
                0x0000000000000000      0x127 ./Logical/AdnWidget.o
 .data.DW.ref.__gxx_personality_v0
                0x0000000000000000        0x8 ./Logical/AdnWidget.o
 .note.GNU-stack
                0x0000000000000000        0x0 ./Logical/AdnWidget.o
 .group         0x0000000000000000        0x8 ./Logical/ComparatorWidget.o
 .group         0x0000000000000000        0x8 ./Logical/ComparatorWidget.o
 .group         0x0000000000000000        0x8 ./Logical/ComparatorWidget.o
 .group         0x0000000000000000        0x8 ./Logical/ComparatorWidget.o
 .group         0x0000000000000000        0x8 ./Logical/ComparatorWidget.o
 .text._ZN15DeviceParameterD2Ev
                0x0000000000000000      0x127 ./Logical/ComparatorWidget.o
 .data.DW.ref.__gxx_personality_v0
                0x0000000000000000        0x8 ./Logical/ComparatorWidget.o
 .note.GNU-stack
                0x0000000000000000        0x0 ./Logical/ComparatorWidget.o
 .group         0x0000000000000000        0x8 ./Logical/ConstantWidget.o
 .group         0x0000000000000000        0x8 ./Logical/ConstantWidget.o
 .group         0x0000000000000000        0x8 ./Logical/ConstantWidget.o
 .group         0x0000000000000000        0x8 ./Logical/ConstantWidget.o
 .group         0x0000000000000000        0x8 ./Logical/ConstantWidget.o
 .text._ZN15DeviceParameterD2Ev
                0x0000000000000000      0x127 ./Logical/ConstantWidget.o
 .data.DW.ref.__gxx_personality_v0
                0x0000000000000000        0x8 ./Logical/ConstantWidget.o
 .note.GNU-stack
                0x0000000000000000        0x0 ./Logical/ConstantWidget.o
 .group         0x0000000000000000        0x8 ./Logical/CounterDevice.o
 .group         0x0000000000000000        0x8 ./Logical/CounterDevice.o
 .group         0x0000000000000000        0x8 ./Logical/CounterDevice.o
 .group         0x0000000000000000        0x8 ./Logical/CounterDevice.o
 .group         0x0000000000000000        0x8 ./Logical/CounterDevice.o
 .text._ZN15DeviceParameterD2Ev
                0x0000000000000000      0x127 ./Logical/CounterDevice.o
 .data.DW.ref.__gxx_personality_v0
                0x0000000000000000        0x8 ./Logical/CounterDevice.o
 .note.GNU-stack
                0x0000000000000000        0x0 ./Logical/CounterDevice.o
 .group         0x0000000000000000        0x8 ./Logical/InverseDevice.o
 .group         0x0000000000000000        0x8 ./Logical/InverseDevice.o
 .group         0x0000000000000000        0x8 ./Logical/InverseDevice.o
 .group         0x0000000000000000        0x8 ./Logical/InverseDevice.o
 .group         0x0000000000000000        0x8 ./Logical/InverseDevice.o
 .text._ZN15DeviceParameterD2Ev
                0x0000000000000000      0x127 ./Logical/InverseDevice.o
 .data.DW.ref.__gxx_personality_v0
                0x0000000000000000        0x8 ./Logical/InverseDevice.o
 .note.GNU-stack
                0x0000000000000000        0x0 ./Logical/InverseDevice.o
 .group         0x0000000000000000        0x8 ./Logical/OrDevice.o
 .group         0x0000000000000000        0x8 ./Logical/OrDevice.o
 .group         0x0000000000000000        0x8 ./Logical/OrDevice.o
 .group         0x0000000000000000        0x8 ./Logical/OrDevice.o
 .group         0x0000000000000000        0x8 ./Logical/OrDevice.o
 .text._ZN15DeviceParameterD2Ev
                0x0000000000000000      0x127 ./Logical/OrDevice.o
 .data.DW.ref.__gxx_personality_v0
                0x0000000000000000        0x8 ./Logical/OrDevice.o
 .note.GNU-stack
                0x0000000000000000        0x0 ./Logical/OrDevice.o
 .group         0x0000000000000000        0x8 ./Logical/RSTriggerDevice.o
 .group         0x0000000000000000        0x8 ./Logical/RSTriggerDevice.o
 .group         0x0000000000000000        0x8 ./Logical/RSTriggerDevice.o
 .group         0x0000000000000000        0x8 ./Logical/RSTriggerDevice.o
 .data.DW.ref.__gxx_personality_v0
                0x0000000000000000        0x8 ./Logical/RSTriggerDevice.o
 .note.GNU-stack
                0x0000000000000000        0x0 ./Logical/RSTriggerDevice.o
 .group         0x0000000000000000        0x8 ./Logical/SwitchBlock.o
 .group         0x0000000000000000        0x8 ./Logical/SwitchBlock.o
 .group         0x0000000000000000        0x8 ./Logical/SwitchBlock.o
 .group         0x0000000000000000        0x8 ./Logical/SwitchBlock.o
 .data.DW.ref.__gxx_personality_v0
                0x0000000000000000        0x8 ./Logical/SwitchBlock.o
 .note.GNU-stack
                0x0000000000000000        0x0 ./Logical/SwitchBlock.o
 .group         0x0000000000000000        0x8 ./Logical/XorDevice.o
 .group         0x0000000000000000        0x8 ./Logical/XorDevice.o
 .group         0x0000000000000000        0x8 ./Logical/XorDevice.o
 .group         0x0000000000000000        0x8 ./Logical/XorDevice.o
 .data.DW.ref.__gxx_personality_v0
                0x0000000000000000        0x8 ./Logical/XorDevice.o
 .note.GNU-stack
                0x0000000000000000        0x0 ./Logical/XorDevice.o
 .group         0x0000000000000000        0x8 ./GPOutputDevice/GPOutputDevice.o
 .group         0x0000000000000000        0x8 ./GPOutputDevice/GPOutputDevice.o
 .group         0x0000000000000000        0x8 ./GPOutputDevice/GPOutputDevice.o
 .group         0x0000000000000000        0x8 ./GPOutputDevice/GPOutputDevice.o
 .group         0x0000000000000000        0x8 ./GPOutputDevice/GPOutputDevice.o
 .text._ZN15DeviceParameterD2Ev
                0x0000000000000000      0x127 ./GPOutputDevice/GPOutputDevice.o
 .data.DW.ref.__gxx_personality_v0
                0x0000000000000000        0x8 ./GPOutputDevice/GPOutputDevice.o
 .note.GNU-stack
                0x0000000000000000        0x0 ./GPOutputDevice/GPOutputDevice.o
 .group         0x0000000000000000        0x8 ./GPInputDevice/GPIDevice.o
 .group         0x0000000000000000        0x8 ./GPInputDevice/GPIDevice.o
 .group         0x0000000000000000        0x8 ./GPInputDevice/GPIDevice.o
 .group         0x0000000000000000        0x8 ./GPInputDevice/GPIDevice.o
 .group         0x0000000000000000        0x8 ./GPInputDevice/GPIDevice.o
 .text._ZN15DeviceParameterD2Ev
                0x0000000000000000      0x127 ./GPInputDevice/GPIDevice.o
 .data.DW.ref.__gxx_personality_v0
                0x0000000000000000        0x8 ./GPInputDevice/GPIDevice.o
 .note.GNU-stack
                0x0000000000000000        0x0 ./GPInputDevice/GPIDevice.o
 .group         0x0000000000000000        0x8 ./EntryPoint.o
 .data.DW.ref.__gxx_personality_v0
                0x0000000000000000        0x8 ./EntryPoint.o
 .note.GNU-stack
                0x0000000000000000        0x0 ./EntryPoint.o
 .group         0x0000000000000000        0x8 ./DelayTimer/DelayTimer.o
 .group         0x0000000000000000        0x8 ./DelayTimer/DelayTimer.o
 .group         0x0000000000000000        0x8 ./DelayTimer/DelayTimer.o
 .group         0x0000000000000000        0x8 ./DelayTimer/DelayTimer.o
 .group         0x0000000000000000        0x8 ./DelayTimer/DelayTimer.o
 .text._ZN15DeviceParameterD2Ev
                0x0000000000000000      0x127 ./DelayTimer/DelayTimer.o
 .data.DW.ref.__gxx_personality_v0
                0x0000000000000000        0x8 ./DelayTimer/DelayTimer.o
 .note.GNU-stack
                0x0000000000000000        0x0 ./DelayTimer/DelayTimer.o
 .group         0x0000000000000000        0x8 ./ButtonDevice/ButtonDevice.o
 .group         0x0000000000000000        0x8 ./ButtonDevice/ButtonDevice.o
 .group         0x0000000000000000        0x8 ./ButtonDevice/ButtonDevice.o
 .group         0x0000000000000000        0x8 ./ButtonDevice/ButtonDevice.o
 .group         0x0000000000000000        0x8 ./ButtonDevice/ButtonDevice.o
 .text._ZN15DeviceParameterD2Ev
                0x0000000000000000      0x127 ./ButtonDevice/ButtonDevice.o
 .data.DW.ref.__gxx_personality_v0
                0x0000000000000000        0x8 ./ButtonDevice/ButtonDevice.o
 .note.GNU-stack
                0x0000000000000000        0x0 ./ButtonDevice/ButtonDevice.o
 .group         0x0000000000000000        0x8 ./ADCDevice/ADCDevice.o
 .group         0x0000000000000000        0x8 ./ADCDevice/ADCDevice.o
 .group         0x0000000000000000        0x8 ./ADCDevice/ADCDevice.o
 .group         0x0000000000000000        0x8 ./ADCDevice/ADCDevice.o
 .group         0x0000000000000000        0x8 ./ADCDevice/ADCDevice.o
 .text._ZN15DeviceParameterD2Ev
                0x0000000000000000      0x127 ./ADCDevice/ADCDevice.o
 .data.DW.ref.__gxx_personality_v0
                0x0000000000000000        0x8 ./ADCDevice/ADCDevice.o
 .note.GNU-stack
                0x0000000000000000        0x0 ./ADCDevice/ADCDevice.o
 .group         0x0000000000000000        0x8 ./CosmDevice/CosmDevice.o
 .group         0x0000000000000000        0x8 ./CosmDevice/CosmDevice.o
 .group         0x0000000000000000        0x8 ./CosmDevice/CosmDevice.o
 .group         0x0000000000000000        0x8 ./CosmDevice/CosmDevice.o
 .group         0x0000000000000000        0x8 ./CosmDevice/CosmDevice.o
 .group         0x0000000000000000        0x8 ./CosmDevice/CosmDevice.o
 .text._ZN15DeviceParameterD2Ev
                0x0000000000000000      0x127 ./CosmDevice/CosmDevice.o
 .data.DW.ref.__gxx_personality_v0
                0x0000000000000000        0x8 ./CosmDevice/CosmDevice.o
 .note.GNU-stack
                0x0000000000000000        0x0 ./CosmDevice/CosmDevice.o
 .note.GNU-stack
                0x0000000000000000        0x0 /usr/lib/gcc/x86_64-linux-gnu/4.6/crtendS.o
 .note.GNU-stack
                0x0000000000000000        0x0 /usr/lib/gcc/x86_64-linux-gnu/4.6/../../../x86_64-linux-gnu/crtn.o
 .gnu_debuglink
                0x0000000000000000        0xc /usr/lib/gcc/x86_64-linux-gnu/4.6/../../../x86_64-linux-gnu/crtn.o

Memory Configuration

Name             Origin             Length             Attributes
*default*        0x0000000000000000 0xffffffffffffffff

Linker script and memory map

LOAD /usr/lib/gcc/x86_64-linux-gnu/4.6/../../../x86_64-linux-gnu/crti.o
LOAD /usr/lib/gcc/x86_64-linux-gnu/4.6/crtbeginS.o
LOAD ./TimerDevice/TimerDevice.o
LOAD ./ScreenButton/ScreenButton.o
LOAD ./Logical/AdnWidget.o
LOAD ./Logical/ComparatorWidget.o
LOAD ./Logical/ConstantWidget.o
LOAD ./Logical/CounterDevice.o
LOAD ./Logical/InverseDevice.o
LOAD ./Logical/OrDevice.o
LOAD ./Logical/RSTriggerDevice.o
LOAD ./Logical/SwitchBlock.o
LOAD ./Logical/XorDevice.o
LOAD ./GPOutputDevice/GPOutputDevice.o
LOAD ./GPInputDevice/GPIDevice.o
LOAD ./EntryPoint.o
LOAD ./DelayTimer/DelayTimer.o
LOAD ./ButtonDevice/ButtonDevice.o
LOAD ./ADCDevice/ADCDevice.o
LOAD ./CosmDevice/CosmDevice.o
LOAD ../../Common/Debug/libCommon.so
LOAD /usr/lib/gcc/x86_64-linux-gnu/4.6/libstdc++.so
LOAD /usr/lib/gcc/x86_64-linux-gnu/4.6/../../../x86_64-linux-gnu/libm.so
LOAD /usr/lib/gcc/x86_64-linux-gnu/4.6/libgcc_s.so
LOAD /usr/lib/gcc/x86_64-linux-gnu/4.6/../../../x86_64-linux-gnu/libc.so
START GROUP
LOAD /lib/x86_64-linux-gnu/libc.so.6
LOAD /usr/lib/x86_64-linux-gnu/libc_nonshared.a
LOAD /lib/x86_64-linux-gnu/ld-linux-x86-64.so.2
END GROUP
LOAD /usr/lib/gcc/x86_64-linux-gnu/4.6/libgcc_s.so
LOAD /usr/lib/gcc/x86_64-linux-gnu/4.6/crtendS.o
LOAD /usr/lib/gcc/x86_64-linux-gnu/4.6/../../../x86_64-linux-gnu/crtn.o
                0x00000000000001c8                . = (0x0 + SIZEOF_HEADERS)

.note.gnu.build-id
                0x00000000000001c8       0x24
 *(.note.gnu.build-id)
 .note.gnu.build-id
                0x00000000000001c8       0x24 /usr/lib/gcc/x86_64-linux-gnu/4.6/../../../x86_64-linux-gnu/crti.o

.hash
 *(.hash)

.gnu.hash       0x00000000000001f0      0x9d8
 *(.gnu.hash)
 .gnu.hash      0x00000000000001f0      0x9d8 /usr/lib/gcc/x86_64-linux-gnu/4.6/../../../x86_64-linux-gnu/crti.o

.dynsym         0x0000000000000bc8     0x2508
 *(.dynsym)
 .dynsym        0x0000000000000bc8     0x2508 /usr/lib/gcc/x86_64-linux-gnu/4.6/../../../x86_64-linux-gnu/crti.o

.dynstr         0x00000000000030d0     0x2a0c
 *(.dynstr)
 .dynstr        0x00000000000030d0     0x2a0c /usr/lib/gcc/x86_64-linux-gnu/4.6/../../../x86_64-linux-gnu/crti.o

.gnu.version    0x0000000000005adc      0x316
 *(.gnu.version)
 .gnu.version   0x0000000000005adc      0x316 /usr/lib/gcc/x86_64-linux-gnu/4.6/../../../x86_64-linux-gnu/crti.o

.gnu.version_d  0x0000000000005df8        0x0
 *(.gnu.version_d)
 .gnu.version_d
                0x0000000000000000        0x0 /usr/lib/gcc/x86_64-linux-gnu/4.6/../../../x86_64-linux-gnu/crti.o

.gnu.version_r  0x0000000000005df8       0x90
 *(.gnu.version_r)
 .gnu.version_r
                0x0000000000005df8       0x90 /usr/lib/gcc/x86_64-linux-gnu/4.6/../../../x86_64-linux-gnu/crti.o

.rela.dyn       0x0000000000005e88     0x3138
 *(.rela.init)
 *(.rela.text .rela.text.* .rela.gnu.linkonce.t.*)
 .rela.text     0x0000000000000000        0x0 /usr/lib/gcc/x86_64-linux-gnu/4.6/../../../x86_64-linux-gnu/crti.o
 *(.rela.fini)
 *(.rela.rodata .rela.rodata.* .rela.gnu.linkonce.r.*)
 *(.rela.data .rela.data.* .rela.gnu.linkonce.d.*)
 .rela.data.rel
                0x0000000000005e88       0x18 /usr/lib/gcc/x86_64-linux-gnu/4.6/../../../x86_64-linux-gnu/crti.o
 .rela.data.rel.ro._ZTI11TimerDevice
                0x0000000000005ea0       0x48 /usr/lib/gcc/x86_64-linux-gnu/4.6/../../../x86_64-linux-gnu/crti.o
 .rela.data.rel.ro._ZTV11TimerDevice
                0x0000000000005ee8      0x258 /usr/lib/gcc/x86_64-linux-gnu/4.6/../../../x86_64-linux-gnu/crti.o
 .rela.data.DW.ref.__gxx_personality_v0
                0x0000000000006140       0x18 /usr/lib/gcc/x86_64-linux-gnu/4.6/../../../x86_64-linux-gnu/crti.o
 .rela.data.rel.ro._ZTI12ScreenButton
                0x0000000000006158       0x48 /usr/lib/gcc/x86_64-linux-gnu/4.6/../../../x86_64-linux-gnu/crti.o
 .rela.data.rel.ro._ZTV12ScreenButton
                0x00000000000061a0      0x258 /usr/lib/gcc/x86_64-linux-gnu/4.6/../../../x86_64-linux-gnu/crti.o
 .rela.data.rel.ro._ZTI9AndWidget
                0x00000000000063f8       0x48 /usr/lib/gcc/x86_64-linux-gnu/4.6/../../../x86_64-linux-gnu/crti.o
 .rela.data.rel.ro._ZTV9AndWidget
                0x0000000000006440      0x258 /usr/lib/gcc/x86_64-linux-gnu/4.6/../../../x86_64-linux-gnu/crti.o
 .rela.data.rel.ro._ZTI16ComparatorDevice
                0x0000000000006698       0x48 /usr/lib/gcc/x86_64-linux-gnu/4.6/../../../x86_64-linux-gnu/crti.o
 .rela.data.rel.ro._ZTV16ComparatorDevice
                0x00000000000066e0      0x258 /usr/lib/gcc/x86_64-linux-gnu/4.6/../../../x86_64-linux-gnu/crti.o
 .rela.data.rel.ro._ZTI14ConstantDevice
                0x0000000000006938       0x48 /usr/lib/gcc/x86_64-linux-gnu/4.6/../../../x86_64-linux-gnu/crti.o
 .rela.data.rel.ro._ZTV14ConstantDevice
                0x0000000000006980      0x258 /usr/lib/gcc/x86_64-linux-gnu/4.6/../../../x86_64-linux-gnu/crti.o
 .rela.data.rel.ro._ZTI13CounterDevice
                0x0000000000006bd8       0x48 /usr/lib/gcc/x86_64-linux-gnu/4.6/../../../x86_64-linux-gnu/crti.o
 .rela.data.rel.ro._ZTV13CounterDevice
                0x0000000000006c20      0x258 /usr/lib/gcc/x86_64-linux-gnu/4.6/../../../x86_64-linux-gnu/crti.o
 .rela.data.rel.ro._ZTI13InverseDevice
                0x0000000000006e78       0x48 /usr/lib/gcc/x86_64-linux-gnu/4.6/../../../x86_64-linux-gnu/crti.o
 .rela.data.rel.ro._ZTV13InverseDevice
                0x0000000000006ec0      0x258 /usr/lib/gcc/x86_64-linux-gnu/4.6/../../../x86_64-linux-gnu/crti.o
 .rela.data.rel.ro._ZTI8OrDevice
                0x0000000000007118       0x48 /usr/lib/gcc/x86_64-linux-gnu/4.6/../../../x86_64-linux-gnu/crti.o
 .rela.data.rel.ro._ZTV8OrDevice
                0x0000000000007160      0x258 /usr/lib/gcc/x86_64-linux-gnu/4.6/../../../x86_64-linux-gnu/crti.o
 .rela.data.rel.ro._ZTI15RSTriggerDevice
                0x00000000000073b8       0x48 /usr/lib/gcc/x86_64-linux-gnu/4.6/../../../x86_64-linux-gnu/crti.o
 .rela.data.rel.ro._ZTV15RSTriggerDevice
                0x0000000000007400      0x258 /usr/lib/gcc/x86_64-linux-gnu/4.6/../../../x86_64-linux-gnu/crti.o
 .rela.data.rel.ro._ZTI11SwitchBlock
                0x0000000000007658       0x48 /usr/lib/gcc/x86_64-linux-gnu/4.6/../../../x86_64-linux-gnu/crti.o
 .rela.data.rel.ro._ZTV11SwitchBlock
                0x00000000000076a0      0x258 /usr/lib/gcc/x86_64-linux-gnu/4.6/../../../x86_64-linux-gnu/crti.o
 .rela.data.rel.ro._ZTI9XorDevice
                0x00000000000078f8       0x48 /usr/lib/gcc/x86_64-linux-gnu/4.6/../../../x86_64-linux-gnu/crti.o
 .rela.data.rel.ro._ZTV9XorDevice
                0x0000000000007940      0x258 /usr/lib/gcc/x86_64-linux-gnu/4.6/../../../x86_64-linux-gnu/crti.o
 .rela.data.rel.ro._ZTI14GPOutputDevice
                0x0000000000007b98       0x48 /usr/lib/gcc/x86_64-linux-gnu/4.6/../../../x86_64-linux-gnu/crti.o
 .rela.data.rel.ro._ZTV14GPOutputDevice
                0x0000000000007be0      0x258 /usr/lib/gcc/x86_64-linux-gnu/4.6/../../../x86_64-linux-gnu/crti.o
 .rela.data.rel.ro._ZTI9GPIDevice
                0x0000000000007e38       0x48 /usr/lib/gcc/x86_64-linux-gnu/4.6/../../../x86_64-linux-gnu/crti.o
 .rela.data.rel.ro._ZTV9GPIDevice
                0x0000000000007e80      0x258 /usr/lib/gcc/x86_64-linux-gnu/4.6/../../../x86_64-linux-gnu/crti.o
 .rela.data.rel.ro._ZTI10DelayTimer
                0x00000000000080d8       0x48 /usr/lib/gcc/x86_64-linux-gnu/4.6/../../../x86_64-linux-gnu/crti.o
 .rela.data.rel.ro._ZTV10DelayTimer
                0x0000000000008120      0x258 /usr/lib/gcc/x86_64-linux-gnu/4.6/../../../x86_64-linux-gnu/crti.o
 .rela.data.rel.ro._ZTI12ButtonDevice
                0x0000000000008378       0x48 /usr/lib/gcc/x86_64-linux-gnu/4.6/../../../x86_64-linux-gnu/crti.o
 .rela.data.rel.ro._ZTV12ButtonDevice
                0x00000000000083c0      0x258 /usr/lib/gcc/x86_64-linux-gnu/4.6/../../../x86_64-linux-gnu/crti.o
 .rela.data.rel.ro._ZTI9ADCDevice
                0x0000000000008618       0x48 /usr/lib/gcc/x86_64-linux-gnu/4.6/../../../x86_64-linux-gnu/crti.o
 .rela.data.rel.ro._ZTV9ADCDevice
                0x0000000000008660      0x258 /usr/lib/gcc/x86_64-linux-gnu/4.6/../../../x86_64-linux-gnu/crti.o
 .rela.data.rel.ro._ZTI10CosmDevice
                0x00000000000088b8       0x48 /usr/lib/gcc/x86_64-linux-gnu/4.6/../../../x86_64-linux-gnu/crti.o
 .rela.data.rel.ro._ZTV10CosmDevice
                0x0000000000008900      0x258 /usr/lib/gcc/x86_64-linux-gnu/4.6/../../../x86_64-linux-gnu/crti.o
 *(.rela.tdata .rela.tdata.* .rela.gnu.linkonce.td.*)
 *(.rela.tbss .rela.tbss.* .rela.gnu.linkonce.tb.*)
 *(.rela.ctors)
 .rela.ctors    0x0000000000008b58      0x1b0 /usr/lib/gcc/x86_64-linux-gnu/4.6/../../../x86_64-linux-gnu/crti.o
 *(.rela.dtors)
 *(.rela.got)
 .rela.got      0x0000000000008d08      0x2b8 /usr/lib/gcc/x86_64-linux-gnu/4.6/../../../x86_64-linux-gnu/crti.o
 *(.rela.bss .rela.bss.* .rela.gnu.linkonce.b.*)
 *(.rela.ldata .rela.ldata.* .rela.gnu.linkonce.l.*)
 *(.rela.lbss .rela.lbss.* .rela.gnu.linkonce.lb.*)
 *(.rela.lrodata .rela.lrodata.* .rela.gnu.linkonce.lr.*)
 *(.rela.ifunc)
 .rela.ifunc    0x0000000000000000        0x0 /usr/lib/gcc/x86_64-linux-gnu/4.6/../../../x86_64-linux-gnu/crti.o
 .rela.eh_frame
                0x0000000000000000        0x0 /usr/lib/gcc/x86_64-linux-gnu/4.6/../../../x86_64-linux-gnu/crti.o

.rela.plt       0x0000000000008fc0      0xa80
 *(.rela.plt)
 .rela.plt      0x0000000000008fc0      0xa80 /usr/lib/gcc/x86_64-linux-gnu/4.6/../../../x86_64-linux-gnu/crti.o
 *(.rela.iplt)

.init           0x0000000000009a40       0x18
 *(.init)
 .init          0x0000000000009a40        0x9 /usr/lib/gcc/x86_64-linux-gnu/4.6/../../../x86_64-linux-gnu/crti.o
                0x0000000000009a40                _init
 .init          0x0000000000009a49        0x5 /usr/lib/gcc/x86_64-linux-gnu/4.6/crtbeginS.o
 .init          0x0000000000009a4e        0x5 /usr/lib/gcc/x86_64-linux-gnu/4.6/crtendS.o
 .init          0x0000000000009a53        0x5 /usr/lib/gcc/x86_64-linux-gnu/4.6/../../../x86_64-linux-gnu/crtn.o

.plt            0x0000000000009a60      0x710
 *(.plt)
 .plt           0x0000000000009a60      0x710 /usr/lib/gcc/x86_64-linux-gnu/4.6/../../../x86_64-linux-gnu/crti.o
 *(.iplt)

.text           0x000000000000a170    0x166a8
 *(.text.unlikely .text.*_unlikely)
 *(.text.exit .text.exit.*)
 *(.text.startup .text.startup.*)
 .text.startup  0x000000000000a170       0x2e ./TimerDevice/TimerDevice.o
 *fill*         0x000000000000a19e        0x2 90909090
 .text.startup  0x000000000000a1a0       0x2e ./ScreenButton/ScreenButton.o
 *fill*         0x000000000000a1ce        0x2 90909090
 .text.startup  0x000000000000a1d0       0x2e ./Logical/AdnWidget.o
 *fill*         0x000000000000a1fe        0x2 90909090
 .text.startup  0x000000000000a200       0x2e ./Logical/ComparatorWidget.o
 *fill*         0x000000000000a22e        0x2 90909090
 .text.startup  0x000000000000a230       0x2e ./Logical/ConstantWidget.o
 *fill*         0x000000000000a25e        0x2 90909090
 .text.startup  0x000000000000a260       0x2e ./Logical/CounterDevice.o
 *fill*         0x000000000000a28e        0x2 90909090
 .text.startup  0x000000000000a290       0x2e ./Logical/InverseDevice.o
 *fill*         0x000000000000a2be        0x2 90909090
 .text.startup  0x000000000000a2c0       0x2e ./Logical/OrDevice.o
 *fill*         0x000000000000a2ee        0x2 90909090
 .text.startup  0x000000000000a2f0       0x2e ./Logical/RSTriggerDevice.o
 *fill*         0x000000000000a31e        0x2 90909090
 .text.startup  0x000000000000a320       0x2e ./Logical/SwitchBlock.o
 *fill*         0x000000000000a34e        0x2 90909090
 .text.startup  0x000000000000a350       0x2e ./Logical/XorDevice.o
 *fill*         0x000000000000a37e        0x2 90909090
 .text.startup  0x000000000000a380       0x2e ./GPOutputDevice/GPOutputDevice.o
 *fill*         0x000000000000a3ae        0x2 90909090
 .text.startup  0x000000000000a3b0       0x2e ./GPInputDevice/GPIDevice.o
 *fill*         0x000000000000a3de        0x2 90909090
 .text.startup  0x000000000000a3e0       0x2e ./EntryPoint.o
 *fill*         0x000000000000a40e        0x2 90909090
 .text.startup  0x000000000000a410       0x2e ./DelayTimer/DelayTimer.o
 *fill*         0x000000000000a43e        0x2 90909090
 .text.startup  0x000000000000a440       0x2e ./ButtonDevice/ButtonDevice.o
 *fill*         0x000000000000a46e        0x2 90909090
 .text.startup  0x000000000000a470       0x2e ./ADCDevice/ADCDevice.o
 *fill*         0x000000000000a49e        0x2 90909090
 .text.startup  0x000000000000a4a0       0x2e ./CosmDevice/CosmDevice.o
 *(.text.hot .text.hot.*)
 *(.text .stub .text.* .gnu.linkonce.t.*)
 *fill*         0x000000000000a4ce        0x2 90909090
 .text          0x000000000000a4d0       0x17 /usr/lib/gcc/x86_64-linux-gnu/4.6/../../../x86_64-linux-gnu/crti.o
 *fill*         0x000000000000a4e7        0x9 90909090
 .text          0x000000000000a4f0       0xaa /usr/lib/gcc/x86_64-linux-gnu/4.6/crtbeginS.o
 *fill*         0x000000000000a59a        0x6 90909090
 .text          0x000000000000a5a0     0x15f5 ./TimerDevice/TimerDevice.o
                0x000000000000a5a0                _ZN11TimerDevice4TypeEv
                0x000000000000a5b0                _ZN11TimerDevice7VersionEv
                0x000000000000a5c0                _ZN11TimerDevice11DescriptionEv
                0x000000000000a5d0                _ZN11TimerDevice9GroupNameEv
                0x000000000000a5e0                _ZN11TimerDevice24InitializeFromDescriptorESt4listI18PropertyDescriptorSaIS1_EE
                0x000000000000a630                _Z14TimerThreadRunPv
                0x000000000000a730                _ZN11TimerDevice17WidgetInitializedEv
                0x000000000000a750                _ZN11TimerDeviceD2Ev
                0x000000000000a750                _ZN11TimerDeviceD1Ev
                0x000000000000a770                _ZN11TimerDeviceD0Ev
                0x000000000000a790                _ZN11TimerDevice12SetParameterESsPv
                0x000000000000a850                _ZN11TimerDevice12GetParameterESs
                0x000000000000aec0                _ZN11TimerDeviceC1Ev
                0x000000000000aec0                _ZN11TimerDeviceC2Ev
                0x000000000000b900                _ZN11TimerDevice14CreateInstanceEv
                0x000000000000b940                _ZN11TimerDevice11StartThreadEv
                0x000000000000ba00                _ZN11TimerDevice16CalculateOutputsEv
                0x000000000000bb30                _ZN11TimerDevice10StopThreadEv
                0x000000000000bb90                _ZN11TimerDevice16ReleaseResourcesEv
 *fill*         0x000000000000bb95        0xb 90909090
 .text._ZN15DeviceParameterD2Ev
                0x000000000000bba0      0x127 ./TimerDevice/TimerDevice.o
                0x000000000000bba0                _ZN15DeviceParameterD2Ev
                0x000000000000bba0                _ZN15DeviceParameterD1Ev
 *fill*         0x000000000000bcc7        0x9 90909090
 .text          0x000000000000bcd0      0xaed ./ScreenButton/ScreenButton.o
                0x000000000000bcd0                _ZN12ScreenButton4TypeEv
                0x000000000000bce0                _ZN12ScreenButton7VersionEv
                0x000000000000bcf0                _ZN12ScreenButton11DescriptionEv
                0x000000000000bd00                _ZN12ScreenButton9GroupNameEv
                0x000000000000bd10                _ZN12ScreenButton16CalculateOutputsEv
                0x000000000000bd60                _ZN12ScreenButtonD2Ev
                0x000000000000bd60                _ZN12ScreenButtonD1Ev
                0x000000000000bd80                _ZN12ScreenButtonD0Ev
                0x000000000000bda0                _ZN12ScreenButton12SetParameterESsPv
                0x000000000000be40                _ZN12ScreenButton12GetParameterESs
                0x000000000000c4b0                _ZN12ScreenButtonC1Ev
                0x000000000000c4b0                _ZN12ScreenButtonC2Ev
                0x000000000000c780                _ZN12ScreenButton14CreateInstanceEv
 *fill*         0x000000000000c7bd        0x3 90909090
 .text          0x000000000000c7c0      0xccd ./Logical/AdnWidget.o
                0x000000000000c7c0                _ZN9AndWidget4TypeEv
                0x000000000000c7d0                _ZN9AndWidget7VersionEv
                0x000000000000c7e0                _ZN9AndWidget11DescriptionEv
                0x000000000000c7f0                _ZN9AndWidget9GroupNameEv
                0x000000000000c800                _ZN9AndWidget16CalculateOutputsEv
                0x000000000000c870                _ZN9AndWidgetD1Ev
                0x000000000000c870                _ZN9AndWidgetD2Ev
                0x000000000000c890                _ZN9AndWidgetD0Ev
                0x000000000000c8b0                _ZN9AndWidget12GetParameterESs
                0x000000000000cf20                _ZN9AndWidgetC1Ev
                0x000000000000cf20                _ZN9AndWidgetC2Ev
                0x000000000000d450                _ZN9AndWidget14CreateInstanceEv
 *fill*         0x000000000000d48d        0x3 90909090
 .text          0x000000000000d490     0x12b3 ./Logical/ComparatorWidget.o
                0x000000000000d490                _ZN16ComparatorDevice4TypeEv
                0x000000000000d4a0                _ZN16ComparatorDevice7VersionEv
                0x000000000000d4b0                _ZN16ComparatorDevice11DescriptionEv
                0x000000000000d4c0                _ZN16ComparatorDevice9GroupNameEv
                0x000000000000d4d0                _ZN16ComparatorDeviceD1Ev
                0x000000000000d4d0                _ZN16ComparatorDeviceD2Ev
                0x000000000000d4f0                _ZN16ComparatorDeviceD0Ev
                0x000000000000d510                _ZN16ComparatorDevice12GetParameterESs
                0x000000000000db80                _ZN16ComparatorDeviceC2Ev
                0x000000000000db80                _ZN16ComparatorDeviceC1Ev
                0x000000000000e340                _ZN16ComparatorDevice14CreateInstanceEv
                0x000000000000e380                _ZN16ComparatorDevice12GetOperationESs
                0x000000000000e410                _ZN16ComparatorDevice12SetParameterESsPv
                0x000000000000e540                _ZN16ComparatorDevice19GetComparisonResultEv
                0x000000000000e710                _ZN16ComparatorDevice16CalculateOutputsEv
 *fill*         0x000000000000e743        0xd 90909090
 .text          0x000000000000e750     0x10c0 ./Logical/ConstantWidget.o
                0x000000000000e750                _ZN14ConstantDevice16CalculateOutputsEv
                0x000000000000e770                _ZN14ConstantDevice4TypeEv
                0x000000000000e780                _ZN14ConstantDevice7VersionEv
                0x000000000000e790                _ZN14ConstantDevice11DescriptionEv
                0x000000000000e7a0                _ZN14ConstantDevice9GroupNameEv
                0x000000000000e7b0                _ZN14ConstantDevice17WidgetInitializedEv
                0x000000000000e7c0                _ZN14ConstantDeviceD2Ev
                0x000000000000e7c0                _ZN14ConstantDeviceD1Ev
                0x000000000000e7e0                _ZN14ConstantDeviceD0Ev
                0x000000000000e800                _ZN14ConstantDevice12SetParameterESsPv
                0x000000000000e990                _ZN14ConstantDevice12GetParameterESs
                0x000000000000eff0                _ZN14ConstantDeviceC2Ev
                0x000000000000eff0                _ZN14ConstantDeviceC1Ev
                0x000000000000f7c0                _ZN14ConstantDevice14CreateInstanceEv
                0x000000000000f800                _ZN14ConstantDevice26UpdateOutconnectionsValuesEPv
 .text          0x000000000000f810     0x182d ./Logical/CounterDevice.o
                0x000000000000f810                _ZN13CounterDevice4TypeEv
                0x000000000000f820                _ZN13CounterDevice7VersionEv
                0x000000000000f830                _ZN13CounterDevice11DescriptionEv
                0x000000000000f840                _ZN13CounterDevice9GroupNameEv
                0x000000000000f850                _ZN13CounterDevice12SetParameterESsPv
                0x000000000000f990                _ZN13CounterDevice16CalculateOutputsEv
                0x000000000000faf0                _ZN13CounterDeviceD1Ev
                0x000000000000faf0                _ZN13CounterDeviceD2Ev
                0x000000000000fb10                _ZN13CounterDeviceD0Ev
                0x000000000000fb30                _ZN13CounterDevice12GetParameterESs
                0x00000000000101a0                _ZN13CounterDeviceC2Ev
                0x00000000000101a0                _ZN13CounterDeviceC1Ev
                0x0000000000011000                _ZN13CounterDevice14CreateInstanceEv
 *fill*         0x000000000001103d        0x3 90909090
 .text          0x0000000000011040      0xb8d ./Logical/InverseDevice.o
                0x0000000000011040                _ZN13InverseDevice4TypeEv
                0x0000000000011050                _ZN13InverseDevice7VersionEv
                0x0000000000011060                _ZN13InverseDevice11DescriptionEv
                0x0000000000011070                _ZN13InverseDevice9GroupNameEv
                0x0000000000011080                _ZN13InverseDevice16CalculateOutputsEv
                0x0000000000011110                _ZN13InverseDeviceD2Ev
                0x0000000000011110                _ZN13InverseDeviceD1Ev
                0x0000000000011130                _ZN13InverseDeviceD0Ev
                0x0000000000011150                _ZN13InverseDevice12GetParameterESs
                0x00000000000117c0                _ZN13InverseDeviceC1Ev
                0x00000000000117c0                _ZN13InverseDeviceC2Ev
                0x0000000000011b90                _ZN13InverseDevice14CreateInstanceEv
 *fill*         0x0000000000011bcd        0x3 90909090
 .text          0x0000000000011bd0      0xccd ./Logical/OrDevice.o
                0x0000000000011bd0                _ZN8OrDevice4TypeEv
                0x0000000000011be0                _ZN8OrDevice7VersionEv
                0x0000000000011bf0                _ZN8OrDevice11DescriptionEv
                0x0000000000011c00                _ZN8OrDevice9GroupNameEv
                0x0000000000011c10                _ZN8OrDevice16CalculateOutputsEv
                0x0000000000011c80                _ZN8OrDeviceD2Ev
                0x0000000000011c80                _ZN8OrDeviceD1Ev
                0x0000000000011ca0                _ZN8OrDeviceD0Ev
                0x0000000000011cc0                _ZN8OrDevice12GetParameterESs
                0x0000000000012330                _ZN8OrDeviceC1Ev
                0x0000000000012330                _ZN8OrDeviceC2Ev
                0x0000000000012860                _ZN8OrDevice14CreateInstanceEv
 *fill*         0x000000000001289d        0x3 90909090
 .text          0x00000000000128a0      0x84d ./Logical/RSTriggerDevice.o
                0x00000000000128a0                _ZN15RSTriggerDevice4TypeEv
                0x00000000000128b0                _ZN15RSTriggerDevice7VersionEv
                0x00000000000128c0                _ZN15RSTriggerDevice11DescriptionEv
                0x00000000000128d0                _ZN15RSTriggerDevice9GroupNameEv
                0x00000000000128e0                _ZN15RSTriggerDevice16CalculateOutputsEv
                0x0000000000012990                _ZN15RSTriggerDeviceD1Ev
                0x0000000000012990                _ZN15RSTriggerDeviceD2Ev
                0x00000000000129b0                _ZN15RSTriggerDeviceD0Ev
                0x00000000000129d0                _ZN15RSTriggerDeviceC2Ev
                0x00000000000129d0                _ZN15RSTriggerDeviceC1Ev
                0x00000000000130b0                _ZN15RSTriggerDevice14CreateInstanceEv
 *fill*         0x00000000000130ed        0x3 90909090
 .text          0x00000000000130f0      0x7fd ./Logical/SwitchBlock.o
                0x00000000000130f0                _ZN11SwitchBlock4TypeEv
                0x0000000000013100                _ZN11SwitchBlock7VersionEv
                0x0000000000013110                _ZN11SwitchBlock11DescriptionEv
                0x0000000000013120                _ZN11SwitchBlock9GroupNameEv
                0x0000000000013130                _ZN11SwitchBlock16CalculateOutputsEv
                0x0000000000013190                _ZN11SwitchBlockD1Ev
                0x0000000000013190                _ZN11SwitchBlockD2Ev
                0x00000000000131b0                _ZN11SwitchBlockD0Ev
                0x00000000000131d0                _ZN11SwitchBlockC2Ev
                0x00000000000131d0                _ZN11SwitchBlockC1Ev
                0x00000000000138b0                _ZN11SwitchBlock14CreateInstanceEv
 *fill*         0x00000000000138ed        0x3 90909090
 .text          0x00000000000138f0      0x65d ./Logical/XorDevice.o
                0x00000000000138f0                _ZN9XorDevice4TypeEv
                0x0000000000013900                _ZN9XorDevice7VersionEv
                0x0000000000013910                _ZN9XorDevice11DescriptionEv
                0x0000000000013920                _ZN9XorDevice9GroupNameEv
                0x0000000000013930                _ZN9XorDevice16CalculateOutputsEv
                0x00000000000139b0                _ZN9XorDeviceD2Ev
                0x00000000000139b0                _ZN9XorDeviceD1Ev
                0x00000000000139d0                _ZN9XorDeviceD0Ev
                0x00000000000139f0                _ZN9XorDeviceC1Ev
                0x00000000000139f0                _ZN9XorDeviceC2Ev
                0x0000000000013f10                _ZN9XorDevice14CreateInstanceEv
 *fill*         0x0000000000013f4d        0x3 90909090
 .text          0x0000000000013f50     0x3664 ./GPOutputDevice/GPOutputDevice.o
                0x0000000000013f50                _ZN14GPOutputDevice4TypeEv
                0x0000000000013f60                _ZN14GPOutputDevice7VersionEv
                0x0000000000013f70                _ZN14GPOutputDevice11DescriptionEv
                0x0000000000013f80                _ZN14GPOutputDevice9GroupNameEv
                0x0000000000013f90                _ZN14GPOutputDevice17WidgetInitializedEv
                0x0000000000013fa0                _ZN14GPOutputDeviceD1Ev
                0x0000000000013fa0                _ZN14GPOutputDeviceD2Ev
                0x0000000000013fc0                _ZN14GPOutputDeviceD0Ev
                0x0000000000013fe0                _ZN14GPOutputDevice14ExecuteCommandE7Command
                0x0000000000014420                _ZN14GPOutputDevice12SetParameterESsPv
                0x0000000000014af0                _ZN14GPOutputDevice14EventTriggeredESt4listI14EventParameterSaIS1_EE
                0x0000000000015020                _ZN14GPOutputDevice16ReleaseResourcesEv
                0x0000000000015390                _ZN14GPOutputDevice16CalculateOutputsEv
                0x0000000000015c80                _ZN14GPOutputDevice12GetParameterESs
                0x0000000000016310                _ZN14GPOutputDeviceC2Ev
                0x0000000000016310                _ZN14GPOutputDeviceC1Ev
                0x0000000000017570                _ZN14GPOutputDevice14CreateInstanceEv
                0x00000000000175b0                _ZN14GPOutputDevice13SetPortNumberEi
 *fill*         0x00000000000175b4        0xc 90909090
 .text          0x00000000000175c0     0x24dd ./GPInputDevice/GPIDevice.o
                0x00000000000175c0                _ZN9GPIDevice4TypeEv
                0x00000000000175d0                _ZN9GPIDevice7VersionEv
                0x00000000000175e0                _ZN9GPIDevice11DescriptionEv
                0x00000000000175f0                _ZN9GPIDevice9GroupNameEv
                0x0000000000017600                _ZN9GPIDevice16CalculateOutputsEv
                0x0000000000017630                _ZN9GPIDeviceD2Ev
                0x0000000000017630                _ZN9GPIDeviceD1Ev
                0x0000000000017680                _ZN9GPIDeviceD0Ev
                0x00000000000176a0                _ZN9GPIDevice12SetParameterESsPv
                0x0000000000017730                _ZN9GPIDevice14EventTriggeredESt4listI14EventParameterSaIS1_EE
                0x0000000000017890                _ZN9GPIDevice14ExecuteCommandE7Command
                0x0000000000017cd0                _ZN9GPIDevice16ReleaseResourcesEv
                0x0000000000018040                _ZN9GPIDevice17WidgetInitializedEv
                0x00000000000183b0                _ZN9GPIDevice12GetParameterESs
                0x0000000000018a60                _ZN9GPIDeviceC2Ev
                0x0000000000018a60                _ZN9GPIDeviceC1Ev
                0x0000000000019a60                _ZN9GPIDevice14CreateInstanceEv
 *fill*         0x0000000000019a9d        0x3 90909090
 .text          0x0000000000019aa0      0x50b ./EntryPoint.o
                0x0000000000019aa0                CreateDevices
 *fill*         0x0000000000019fab        0x5 90909090
 .text          0x0000000000019fb0     0x14fd ./DelayTimer/DelayTimer.o
                0x0000000000019fb0                _ZN10DelayTimer4TypeEv
                0x0000000000019fc0                _ZN10DelayTimer7VersionEv
                0x0000000000019fd0                _ZN10DelayTimer11DescriptionEv
                0x0000000000019fe0                _ZN10DelayTimer9GroupNameEv
                0x0000000000019ff0                _ZN10DelayTimer24InitializeFromDescriptorESt4listI18PropertyDescriptorSaIS1_EE
                0x000000000001a040                _Z19DelayTimerThreadRunPv
                0x000000000001a0f0                _ZN10DelayTimerD1Ev
                0x000000000001a0f0                _ZN10DelayTimerD2Ev
                0x000000000001a110                _ZN10DelayTimerD0Ev
                0x000000000001a130                _ZN10DelayTimer12SetParameterESsPv
                0x000000000001a1f0                _ZN10DelayTimer12GetParameterESs
                0x000000000001a860                _ZN10DelayTimerC2Ev
                0x000000000001a860                _ZN10DelayTimerC1Ev
                0x000000000001b2b0                _ZN10DelayTimer14CreateInstanceEv
                0x000000000001b2f0                _ZN10DelayTimer11StartThreadEv
                0x000000000001b3a0                _ZN10DelayTimer16CalculateOutputsEv
                0x000000000001b470                _ZN10DelayTimer10StopThreadEv
 *fill*         0x000000000001b4ad        0x3 90909090
 .text          0x000000000001b4b0      0xfb1 ./ButtonDevice/ButtonDevice.o
                0x000000000001b4b0                _ZN12ButtonDevice4TypeEv
                0x000000000001b4c0                _ZN12ButtonDevice7VersionEv
                0x000000000001b4d0                _ZN12ButtonDevice11DescriptionEv
                0x000000000001b4e0                _ZN12ButtonDevice9GroupNameEv
                0x000000000001b4f0                _ZN12ButtonDevice16CalculateOutputsEv
                0x000000000001b570                _ZN12ButtonDeviceD2Ev
                0x000000000001b570                _ZN12ButtonDeviceD1Ev
                0x000000000001b590                _ZN12ButtonDeviceD0Ev
                0x000000000001b5b0                _ZN12ButtonDevice12GetParameterESs
                0x000000000001bc40                _ZN12ButtonDeviceC1Ev
                0x000000000001bc40                _ZN12ButtonDeviceC2Ev
                0x000000000001c330                _ZN12ButtonDevice14CreateInstanceEv
                0x000000000001c370                _Z20PinoutEventTriggeredPvSt4listI14EventParameterSaIS1_EE
 *fill*         0x000000000001c461        0xf 90909090
 .text          0x000000000001c470     0x213d ./ADCDevice/ADCDevice.o
                0x000000000001c470                _ZN9ADCDevice4TypeEv
                0x000000000001c480                _ZN9ADCDevice7VersionEv
                0x000000000001c490                _ZN9ADCDevice11DescriptionEv
                0x000000000001c4a0                _ZN9ADCDevice9GroupNameEv
                0x000000000001c4b0                _ZN9ADCDevice16CalculateOutputsEv
                0x000000000001c500                _ZN9ADCDeviceD1Ev
                0x000000000001c500                _ZN9ADCDeviceD2Ev
                0x000000000001c520                _ZN9ADCDeviceD0Ev
                0x000000000001c540                _ZN9ADCDevice14EventTriggeredESt4listI14EventParameterSaIS1_EE
                0x000000000001c670                _ZN9ADCDevice14ExecuteCommandE7Command
                0x000000000001cab0                _ZN9ADCDevice17WidgetInitializedEv
                0x000000000001ce20                _ZN9ADCDevice16ReleaseResourcesEv
                0x000000000001d190                _ZN9ADCDevice12GetParameterESs
                0x000000000001d800                _ZN9ADCDeviceC1Ev
                0x000000000001d800                _ZN9ADCDeviceC2Ev
                0x000000000001e570                _ZN9ADCDevice14CreateInstanceEv
 *fill*         0x000000000001e5ad        0x3 90909090
 .text          0x000000000001e5b0     0x218e ./CosmDevice/CosmDevice.o
                0x000000000001e5b0                _ZN10CosmDevice4TypeEv
                0x000000000001e5c0                _ZN10CosmDevice7VersionEv
                0x000000000001e5d0                _ZN10CosmDevice11DescriptionEv
                0x000000000001e5e0                _ZN10CosmDevice9GroupNameEv
                0x000000000001e5f0                _ZN10CosmDeviceD2Ev
                0x000000000001e5f0                _ZN10CosmDeviceD1Ev
                0x000000000001e740                _ZN10CosmDeviceD0Ev
                0x000000000001e760                _ZN10CosmDevice12GetParameterESs
                0x000000000001edf0                _ZN10CosmDeviceC2Ev
                0x000000000001edf0                _ZN10CosmDeviceC1Ev
                0x000000000001fe00                _ZN10CosmDevice14CreateInstanceEv
                0x000000000001fe40                _ZN10CosmDevice20SendCosmNotificationESsSsSsSs
                0x0000000000020240                _ZN10CosmDevice16CalculateOutputsEv
                0x0000000000020480                _ZN10CosmDevice12SetParameterESsPv
 *fill*         0x000000000002073e        0x2 90909090
 .text._ZStplIcSt11char_traitsIcESaIcEESbIT_T0_T1_EPKS3_RKS6_
                0x0000000000020740       0x95 ./CosmDevice/CosmDevice.o
                0x0000000000020740                _ZStplIcSt11char_traitsIcESaIcEESbIT_T0_T1_EPKS3_RKS6_
 *fill*         0x00000000000207d5        0xb 90909090
 .text          0x00000000000207e0       0x36 /usr/lib/gcc/x86_64-linux-gnu/4.6/crtendS.o
 *fill*         0x0000000000020816        0x2 90909090
 .text          0x0000000000020818        0x0 /usr/lib/gcc/x86_64-linux-gnu/4.6/../../../x86_64-linux-gnu/crtn.o
 *(.gnu.warning)

.fini           0x0000000000020818        0xe
 *(.fini)
 .fini          0x0000000000020818        0x4 /usr/lib/gcc/x86_64-linux-gnu/4.6/../../../x86_64-linux-gnu/crti.o
                0x0000000000020818                _fini
 .fini          0x000000000002081c        0x5 /usr/lib/gcc/x86_64-linux-gnu/4.6/crtbeginS.o
 .fini          0x0000000000020821        0x5 /usr/lib/gcc/x86_64-linux-gnu/4.6/../../../x86_64-linux-gnu/crtn.o
                0x0000000000020826                PROVIDE (__etext, .)
                0x0000000000020826                PROVIDE (_etext, .)
                0x0000000000020826                PROVIDE (etext, .)

.rodata         0x0000000000020830     0x1a6d
 *(.rodata .rodata.* .gnu.linkonce.r.*)
 .rodata.str1.1
                0x0000000000020830       0x9c ./TimerDevice/TimerDevice.o
                                         0xb3 (size before relaxing)
 *fill*         0x00000000000208cc        0x4 00
 .rodata.str1.8
                0x00000000000208d0      0x182 ./TimerDevice/TimerDevice.o
 *fill*         0x0000000000020a52        0x2 00
 .rodata        0x0000000000020a54       0x38 ./TimerDevice/TimerDevice.o
 .rodata._ZTS11TimerDevice
                0x0000000000020a8c        0xe ./TimerDevice/TimerDevice.o
                0x0000000000020a8c                _ZTS11TimerDevice
 .rodata.str1.1
                0x0000000000020a9a       0x34 ./ScreenButton/ScreenButton.o
                                         0x5f (size before relaxing)
 *fill*         0x0000000000020ace        0x2 00
 .rodata.str1.8
                0x0000000000020ad0       0xfc ./ScreenButton/ScreenButton.o
 .rodata        0x0000000000020bcc       0x1c ./ScreenButton/ScreenButton.o
 .rodata._ZTS12ScreenButton
                0x0000000000020be8        0xf ./ScreenButton/ScreenButton.o
                0x0000000000020be8                _ZTS12ScreenButton
 .rodata.str1.1
                0x0000000000020bf7       0x46 ./Logical/AdnWidget.o
                                         0x75 (size before relaxing)
 *fill*         0x0000000000020c3d        0x3 00
 .rodata.str1.8
                0x0000000000020c40       0xea ./Logical/AdnWidget.o
 *fill*         0x0000000000020d2a        0x2 00
 .rodata        0x0000000000020d2c       0x1c ./Logical/AdnWidget.o
 .rodata._ZTS9AndWidget
                0x0000000000020d48        0xb ./Logical/AdnWidget.o
                0x0000000000020d48                _ZTS9AndWidget
 .rodata.str1.1
                0x0000000000020d53       0x4c ./Logical/ComparatorWidget.o
                                         0x8e (size before relaxing)
 *fill*         0x0000000000020d9f        0x1 00
 .rodata.str1.8
                0x0000000000020da0       0xc9 ./Logical/ComparatorWidget.o
 *fill*         0x0000000000020e69        0x3 00
 .rodata        0x0000000000020e6c       0x44 ./Logical/ComparatorWidget.o
 .rodata._ZTS16ComparatorDevice
                0x0000000000020eb0       0x13 ./Logical/ComparatorWidget.o
                0x0000000000020eb0                _ZTS16ComparatorDevice
 .rodata.str1.1
                0x0000000000020ec3       0x41 ./Logical/ConstantWidget.o
                                         0x7c (size before relaxing)
 *fill*         0x0000000000020f04        0x4 00
 .rodata.str1.8
                0x0000000000020f08      0x138 ./Logical/ConstantWidget.o
 .rodata        0x0000000000021040       0x1c ./Logical/ConstantWidget.o
 *fill*         0x000000000002105c        0x4 00
 .rodata._ZTS14ConstantDevice
                0x0000000000021060       0x11 ./Logical/ConstantWidget.o
                0x0000000000021060                _ZTS14ConstantDevice
 .rodata.str1.1
                0x0000000000021071       0x58 ./Logical/CounterDevice.o
                                         0x8f (size before relaxing)
 *fill*         0x00000000000210c9        0x7 00
 .rodata.str1.8
                0x00000000000210d0      0x288 ./Logical/CounterDevice.o
 .rodata        0x0000000000021358       0x1c ./Logical/CounterDevice.o
 *fill*         0x0000000000021374        0xc 00
 .rodata._ZTS13CounterDevice
                0x0000000000021380       0x10 ./Logical/CounterDevice.o
                0x0000000000021380                _ZTS13CounterDevice
 .rodata.str1.1
                0x0000000000021390       0x57 ./Logical/InverseDevice.o
                                         0x94 (size before relaxing)
 *fill*         0x00000000000213e7        0x1 00
 .rodata.str1.8
                0x00000000000213e8       0x3a ./Logical/InverseDevice.o
 *fill*         0x0000000000021422        0x2 00
 .rodata        0x0000000000021424       0x1c ./Logical/InverseDevice.o
 .rodata._ZTS13InverseDevice
                0x0000000000021440       0x10 ./Logical/InverseDevice.o
                0x0000000000021440                _ZTS13InverseDevice
 .rodata.str1.1
                0x0000000000021450        0x3 ./Logical/OrDevice.o
                                         0x74 (size before relaxing)
 *fill*         0x0000000000021453        0x5 00
 .rodata.str1.8
                0x0000000000021458       0xb1 ./Logical/OrDevice.o
 *fill*         0x0000000000021509        0x3 00
 .rodata        0x000000000002150c       0x1c ./Logical/OrDevice.o
 .rodata._ZTS8OrDevice
                0x0000000000021528        0xa ./Logical/OrDevice.o
                0x0000000000021528                _ZTS8OrDevice
 .rodata.str1.1
                0x0000000000021532       0x58 ./Logical/RSTriggerDevice.o
                                         0x84 (size before relaxing)
 *fill*         0x000000000002158a        0x6 00
 .rodata.str1.8
                0x0000000000021590      0x166 ./Logical/RSTriggerDevice.o
 *fill*         0x00000000000216f6        0xa 00
 .rodata._ZTS15RSTriggerDevice
                0x0000000000021700       0x12 ./Logical/RSTriggerDevice.o
                0x0000000000021700                _ZTS15RSTriggerDevice
 .rodata.str1.1
                0x0000000000021712       0x6d ./Logical/SwitchBlock.o
                                         0x9d (size before relaxing)
 *fill*         0x000000000002177f        0x1 00
 .rodata.str1.8
                0x0000000000021780       0x20 ./Logical/SwitchBlock.o
 .rodata._ZTS11SwitchBlock
                0x00000000000217a0        0xe ./Logical/SwitchBlock.o
                0x00000000000217a0                _ZTS11SwitchBlock
 .rodata.str1.1
                0x00000000000217ae        0x4 ./Logical/XorDevice.o
                                         0x61 (size before relaxing)
 *fill*         0x00000000000217b2        0x6 00
 .rodata.str1.8
                0x00000000000217b8       0xa6 ./Logical/XorDevice.o
 .rodata._ZTS9XorDevice
                0x000000000002185e        0xb ./Logical/XorDevice.o
                0x000000000002185e                _ZTS9XorDevice
 .rodata.str1.1
                0x0000000000021869       0xbf ./GPOutputDevice/GPOutputDevice.o
                                         0xe3 (size before relaxing)
 .rodata.str1.8
                0x0000000000021928      0x122 ./GPOutputDevice/GPOutputDevice.o
 *fill*         0x0000000000021a4a        0x2 00
 .rodata        0x0000000000021a4c       0x1c ./GPOutputDevice/GPOutputDevice.o
 *fill*         0x0000000000021a68        0x8 00
 .rodata._ZTS14GPOutputDevice
                0x0000000000021a70       0x11 ./GPOutputDevice/GPOutputDevice.o
                0x0000000000021a70                _ZTS14GPOutputDevice
 .rodata.str1.1
                0x0000000000021a81       0x4c ./GPInputDevice/GPIDevice.o
                                         0xc5 (size before relaxing)
 *fill*         0x0000000000021acd        0x3 00
 .rodata.str1.8
                0x0000000000021ad0      0x1b8 ./GPInputDevice/GPIDevice.o
                                        0x1f8 (size before relaxing)
 .rodata        0x0000000000021c88       0x1c ./GPInputDevice/GPIDevice.o
 .rodata._ZTS9GPIDevice
                0x0000000000021ca4        0xb ./GPInputDevice/GPIDevice.o
                0x0000000000021ca4                _ZTS9GPIDevice
 .rodata.str1.1
                0x0000000000021caf       0x19 ./EntryPoint.o
 .rodata.str1.8
                0x0000000000021cc8       0x26 ./EntryPoint.o
 .rodata.str1.1
                0x0000000000021cee        0xc ./DelayTimer/DelayTimer.o
                                         0x7e (size before relaxing)
 *fill*         0x0000000000021cfa        0x6 00
 .rodata.str1.8
                0x0000000000021d00       0x90 ./DelayTimer/DelayTimer.o
                                        0x174 (size before relaxing)
 .rodata        0x0000000000021d90       0x38 ./DelayTimer/DelayTimer.o
 .rodata._ZTS10DelayTimer
                0x0000000000021dc8        0xd ./DelayTimer/DelayTimer.o
                0x0000000000021dc8                _ZTS10DelayTimer
 .rodata.str1.1
                0x0000000000021dd5       0x31 ./ButtonDevice/ButtonDevice.o
                                         0x78 (size before relaxing)
 *fill*         0x0000000000021e06        0x2 00
 .rodata.str1.8
                0x0000000000021e08       0x2a ./ButtonDevice/ButtonDevice.o
                                         0x6a (size before relaxing)
 *fill*         0x0000000000021e32        0x2 00
 .rodata        0x0000000000021e34       0x1c ./ButtonDevice/ButtonDevice.o
 .rodata._ZTS12ButtonDevice
                0x0000000000021e50        0xf ./ButtonDevice/ButtonDevice.o
                0x0000000000021e50                _ZTS12ButtonDevice
 .rodata.str1.1
                0x0000000000021e5f       0x4e ./ADCDevice/ADCDevice.o
                                         0x9d (size before relaxing)
 *fill*         0x0000000000021ead        0x3 00
 .rodata.str1.8
                0x0000000000021eb0       0xc2 ./ADCDevice/ADCDevice.o
                                         0xea (size before relaxing)
 *fill*         0x0000000000021f72        0x2 00
 .rodata        0x0000000000021f74       0x1c ./ADCDevice/ADCDevice.o
 .rodata._ZTS9ADCDevice
                0x0000000000021f90        0xb ./ADCDevice/ADCDevice.o
                0x0000000000021f90                _ZTS9ADCDevice
 *fill*         0x0000000000021f9b        0x1 00
 .rodata.cst4   0x0000000000021f9c        0x4 ./ADCDevice/ADCDevice.o
 .rodata.str1.1
                0x0000000000021fa0       0xd5 ./CosmDevice/CosmDevice.o
                                        0x116 (size before relaxing)
 *fill*         0x0000000000022075        0x3 00
 .rodata.str1.8
                0x0000000000022078      0x1a8 ./CosmDevice/CosmDevice.o
 .rodata        0x0000000000022220       0x70 ./CosmDevice/CosmDevice.o
 .rodata._ZTS10CosmDevice
                0x0000000000022290        0xd ./CosmDevice/CosmDevice.o
                0x0000000000022290                _ZTS10CosmDevice

.rodata1
 *(.rodata1)

.eh_frame_hdr   0x00000000000222a0      0x724
 *(.eh_frame_hdr)
 .eh_frame_hdr  0x00000000000222a0      0x724 /usr/lib/gcc/x86_64-linux-gnu/4.6/../../../x86_64-linux-gnu/crti.o

.eh_frame       0x00000000000229c8     0x2234
 *(.eh_frame)
 .eh_frame      0x00000000000229c8       0x40 /usr/lib/gcc/x86_64-linux-gnu/4.6/../../../x86_64-linux-gnu/crti.o
 .eh_frame      0x0000000000022a08      0x2d0 ./TimerDevice/TimerDevice.o
                                        0x2b8 (size before relaxing)
 .eh_frame      0x0000000000022cd8      0x198 ./ScreenButton/ScreenButton.o
                                        0x1d8 (size before relaxing)
 .eh_frame      0x0000000000022e70      0x178 ./Logical/AdnWidget.o
                                        0x1b8 (size before relaxing)
 .eh_frame      0x0000000000022fe8      0x200 ./Logical/ComparatorWidget.o
                                        0x230 (size before relaxing)
 .eh_frame      0x00000000000231e8      0x1d0 ./Logical/ConstantWidget.o
                                        0x200 (size before relaxing)
 .eh_frame      0x00000000000233b8      0x1b0 ./Logical/CounterDevice.o
                                        0x1e8 (size before relaxing)
 .eh_frame      0x0000000000023568      0x170 ./Logical/InverseDevice.o
                                        0x1b0 (size before relaxing)
 .eh_frame      0x00000000000236d8      0x178 ./Logical/OrDevice.o
                                        0x1b8 (size before relaxing)
 .eh_frame      0x0000000000023850      0x148 ./Logical/RSTriggerDevice.o
                                        0x168 (size before relaxing)
 .eh_frame      0x0000000000023998      0x148 ./Logical/SwitchBlock.o
                                        0x168 (size before relaxing)
 .eh_frame      0x0000000000023ae0      0x140 ./Logical/XorDevice.o
                                        0x160 (size before relaxing)
 .eh_frame      0x0000000000023c20      0x340 ./GPOutputDevice/GPOutputDevice.o
                                        0x368 (size before relaxing)
 .eh_frame      0x0000000000023f60      0x308 ./GPInputDevice/GPIDevice.o
                                        0x338 (size before relaxing)
 .eh_frame      0x0000000000024268       0x70 ./EntryPoint.o
                                         0xa8 (size before relaxing)
 .eh_frame      0x00000000000242d8      0x250 ./DelayTimer/DelayTimer.o
                                        0x280 (size before relaxing)
 .eh_frame      0x0000000000024528      0x1c0 ./ButtonDevice/ButtonDevice.o
                                        0x200 (size before relaxing)
 .eh_frame      0x00000000000246e8      0x2d8 ./ADCDevice/ADCDevice.o
                                        0x308 (size before relaxing)
 .eh_frame      0x00000000000249c0      0x238 ./CosmDevice/CosmDevice.o
                                        0x278 (size before relaxing)
 .eh_frame      0x0000000000024bf8        0x4 /usr/lib/gcc/x86_64-linux-gnu/4.6/crtendS.o

.gcc_except_table
                0x0000000000024bfc     0x1780
 *(.gcc_except_table .gcc_except_table.*)
 .gcc_except_table
                0x0000000000024bfc      0x12c ./TimerDevice/TimerDevice.o
 .gcc_except_table
                0x0000000000024d28       0xa0 ./ScreenButton/ScreenButton.o
 .gcc_except_table
                0x0000000000024dc8       0xd4 ./Logical/AdnWidget.o
 .gcc_except_table
                0x0000000000024e9c      0x11e ./Logical/ComparatorWidget.o
 .gcc_except_table
                0x0000000000024fba      0x120 ./Logical/ConstantWidget.o
 .gcc_except_table
                0x00000000000250da      0x17a ./Logical/CounterDevice.o
 .gcc_except_table
                0x0000000000025254       0xb7 ./Logical/InverseDevice.o
 .gcc_except_table
                0x000000000002530b       0xd4 ./Logical/OrDevice.o
 .gcc_except_table
                0x00000000000253df       0x9a ./Logical/RSTriggerDevice.o
 .gcc_except_table
                0x0000000000025479       0x9a ./Logical/SwitchBlock.o
 .gcc_except_table
                0x0000000000025513       0x85 ./Logical/XorDevice.o
 .gcc_except_table
                0x0000000000025598      0x3cc ./GPOutputDevice/GPOutputDevice.o
 .gcc_except_table
                0x0000000000025964      0x284 ./GPInputDevice/GPIDevice.o
 .gcc_except_table
                0x0000000000025be8       0xcd ./EntryPoint.o
 .gcc_except_table
                0x0000000000025cb5      0x12c ./DelayTimer/DelayTimer.o
 .gcc_except_table
                0x0000000000025de1       0xfc ./ButtonDevice/ButtonDevice.o
 *fill*         0x0000000000025edd        0x3 00
 .gcc_except_table
                0x0000000000025ee0      0x254 ./ADCDevice/ADCDevice.o
 .gcc_except_table
                0x0000000000026134      0x248 ./CosmDevice/CosmDevice.o

.exception_ranges
 *(.exception_ranges .exception_ranges*)
                0x000000000002637c                . = (ALIGN (0x200000) - ((0x200000 - .) & 0x1fffff))
                0x0000000000226b54                . = DATA_SEGMENT_ALIGN (0x200000, 0x1000)

.eh_frame
 *(.eh_frame)

.gcc_except_table
 *(.gcc_except_table .gcc_except_table.*)

.exception_ranges
 *(.exception_ranges .exception_ranges*)

.tdata
 *(.tdata .tdata.* .gnu.linkonce.td.*)

.tbss
 *(.tbss .tbss.* .gnu.linkonce.tb.*)
 *(.tcommon)

.preinit_array
 *(.preinit_array)

.init_array     0x0000000000226b58       0x90
 *(SORT(.init_array.*) SORT(.ctors.*))
 *(.init_array)
 *(EXCLUDE_FILE(*crtend?.o *crtend.o *crtbegin?.o *crtbegin.o) .ctors)
 .ctors         0x0000000000226b58        0x8 ./TimerDevice/TimerDevice.o
 .ctors         0x0000000000226b60        0x8 ./ScreenButton/ScreenButton.o
 .ctors         0x0000000000226b68        0x8 ./Logical/AdnWidget.o
 .ctors         0x0000000000226b70        0x8 ./Logical/ComparatorWidget.o
 .ctors         0x0000000000226b78        0x8 ./Logical/ConstantWidget.o
 .ctors         0x0000000000226b80        0x8 ./Logical/CounterDevice.o
 .ctors         0x0000000000226b88        0x8 ./Logical/InverseDevice.o
 .ctors         0x0000000000226b90        0x8 ./Logical/OrDevice.o
 .ctors         0x0000000000226b98        0x8 ./Logical/RSTriggerDevice.o
 .ctors         0x0000000000226ba0        0x8 ./Logical/SwitchBlock.o
 .ctors         0x0000000000226ba8        0x8 ./Logical/XorDevice.o
 .ctors         0x0000000000226bb0        0x8 ./GPOutputDevice/GPOutputDevice.o
 .ctors         0x0000000000226bb8        0x8 ./GPInputDevice/GPIDevice.o
 .ctors         0x0000000000226bc0        0x8 ./EntryPoint.o
 .ctors         0x0000000000226bc8        0x8 ./DelayTimer/DelayTimer.o
 .ctors         0x0000000000226bd0        0x8 ./ButtonDevice/ButtonDevice.o
 .ctors         0x0000000000226bd8        0x8 ./ADCDevice/ADCDevice.o
 .ctors         0x0000000000226be0        0x8 ./CosmDevice/CosmDevice.o

.fini_array
 *(SORT(.fini_array.*) SORT(.dtors.*))
 *(.fini_array)
 *(EXCLUDE_FILE(*crtend?.o *crtend.o *crtbegin?.o *crtbegin.o) .dtors)

.ctors          0x0000000000226be8       0x10
 *crtbegin.o(.ctors)
 *crtbegin?.o(.ctors)
 .ctors         0x0000000000226be8        0x8 /usr/lib/gcc/x86_64-linux-gnu/4.6/crtbeginS.o
 *(EXCLUDE_FILE(*crtend?.o *crtend.o) .ctors)
 *(SORT(.ctors.*))
 *(.ctors)
 .ctors         0x0000000000226bf0        0x8 /usr/lib/gcc/x86_64-linux-gnu/4.6/crtendS.o

.dtors          0x0000000000226bf8       0x10
 *crtbegin.o(.dtors)
 *crtbegin?.o(.dtors)
 .dtors         0x0000000000226bf8        0x8 /usr/lib/gcc/x86_64-linux-gnu/4.6/crtbeginS.o
 *(EXCLUDE_FILE(*crtend?.o *crtend.o) .dtors)
 *(SORT(.dtors.*))
 *(.dtors)
 .dtors         0x0000000000226c00        0x8 /usr/lib/gcc/x86_64-linux-gnu/4.6/crtendS.o
                0x0000000000226c00                __DTOR_END__

.jcr            0x0000000000226c08        0x8
 *(.jcr)
 .jcr           0x0000000000226c08        0x0 /usr/lib/gcc/x86_64-linux-gnu/4.6/crtbeginS.o
 .jcr           0x0000000000226c08        0x8 /usr/lib/gcc/x86_64-linux-gnu/4.6/crtendS.o

.data.rel.ro    0x0000000000226c20     0x10f8
 *(.data.rel.ro.local* .gnu.linkonce.d.rel.ro.local.*)
 *(.data.rel.ro* .gnu.linkonce.d.rel.ro.*)
 .data.rel.ro._ZTI11TimerDevice
                0x0000000000226c20       0x18 ./TimerDevice/TimerDevice.o
                0x0000000000226c20                _ZTI11TimerDevice
 *fill*         0x0000000000226c38        0x8 00
 .data.rel.ro._ZTV11TimerDevice
                0x0000000000226c40       0xd8 ./TimerDevice/TimerDevice.o
                0x0000000000226c40                _ZTV11TimerDevice
 *fill*         0x0000000000226d18        0x8 00
 .data.rel.ro._ZTI12ScreenButton
                0x0000000000226d20       0x18 ./ScreenButton/ScreenButton.o
                0x0000000000226d20                _ZTI12ScreenButton
 *fill*         0x0000000000226d38        0x8 00
 .data.rel.ro._ZTV12ScreenButton
                0x0000000000226d40       0xd8 ./ScreenButton/ScreenButton.o
                0x0000000000226d40                _ZTV12ScreenButton
 *fill*         0x0000000000226e18        0x8 00
 .data.rel.ro._ZTI9AndWidget
                0x0000000000226e20       0x18 ./Logical/AdnWidget.o
                0x0000000000226e20                _ZTI9AndWidget
 *fill*         0x0000000000226e38        0x8 00
 .data.rel.ro._ZTV9AndWidget
                0x0000000000226e40       0xd8 ./Logical/AdnWidget.o
                0x0000000000226e40                _ZTV9AndWidget
 *fill*         0x0000000000226f18        0x8 00
 .data.rel.ro._ZTI16ComparatorDevice
                0x0000000000226f20       0x18 ./Logical/ComparatorWidget.o
                0x0000000000226f20                _ZTI16ComparatorDevice
 *fill*         0x0000000000226f38        0x8 00
 .data.rel.ro._ZTV16ComparatorDevice
                0x0000000000226f40       0xd8 ./Logical/ComparatorWidget.o
                0x0000000000226f40                _ZTV16ComparatorDevice
 *fill*         0x0000000000227018        0x8 00
 .data.rel.ro._ZTI14ConstantDevice
                0x0000000000227020       0x18 ./Logical/ConstantWidget.o
                0x0000000000227020                _ZTI14ConstantDevice
 *fill*         0x0000000000227038        0x8 00
 .data.rel.ro._ZTV14ConstantDevice
                0x0000000000227040       0xd8 ./Logical/ConstantWidget.o
                0x0000000000227040                _ZTV14ConstantDevice
 *fill*         0x0000000000227118        0x8 00
 .data.rel.ro._ZTI13CounterDevice
                0x0000000000227120       0x18 ./Logical/CounterDevice.o
                0x0000000000227120                _ZTI13CounterDevice
 *fill*         0x0000000000227138        0x8 00
 .data.rel.ro._ZTV13CounterDevice
                0x0000000000227140       0xd8 ./Logical/CounterDevice.o
                0x0000000000227140                _ZTV13CounterDevice
 *fill*         0x0000000000227218        0x8 00
 .data.rel.ro._ZTI13InverseDevice
                0x0000000000227220       0x18 ./Logical/InverseDevice.o
                0x0000000000227220                _ZTI13InverseDevice
 *fill*         0x0000000000227238        0x8 00
 .data.rel.ro._ZTV13InverseDevice
                0x0000000000227240       0xd8 ./Logical/InverseDevice.o
                0x0000000000227240                _ZTV13InverseDevice
 *fill*         0x0000000000227318        0x8 00
 .data.rel.ro._ZTI8OrDevice
                0x0000000000227320       0x18 ./Logical/OrDevice.o
                0x0000000000227320                _ZTI8OrDevice
 *fill*         0x0000000000227338        0x8 00
 .data.rel.ro._ZTV8OrDevice
                0x0000000000227340       0xd8 ./Logical/OrDevice.o
                0x0000000000227340                _ZTV8OrDevice
 *fill*         0x0000000000227418        0x8 00
 .data.rel.ro._ZTI15RSTriggerDevice
                0x0000000000227420       0x18 ./Logical/RSTriggerDevice.o
                0x0000000000227420                _ZTI15RSTriggerDevice
 *fill*         0x0000000000227438        0x8 00
 .data.rel.ro._ZTV15RSTriggerDevice
                0x0000000000227440       0xd8 ./Logical/RSTriggerDevice.o
                0x0000000000227440                _ZTV15RSTriggerDevice
 *fill*         0x0000000000227518        0x8 00
 .data.rel.ro._ZTI11SwitchBlock
                0x0000000000227520       0x18 ./Logical/SwitchBlock.o
                0x0000000000227520                _ZTI11SwitchBlock
 *fill*         0x0000000000227538        0x8 00
 .data.rel.ro._ZTV11SwitchBlock
                0x0000000000227540       0xd8 ./Logical/SwitchBlock.o
                0x0000000000227540                _ZTV11SwitchBlock
 *fill*         0x0000000000227618        0x8 00
 .data.rel.ro._ZTI9XorDevice
                0x0000000000227620       0x18 ./Logical/XorDevice.o
                0x0000000000227620                _ZTI9XorDevice
 *fill*         0x0000000000227638        0x8 00
 .data.rel.ro._ZTV9XorDevice
                0x0000000000227640       0xd8 ./Logical/XorDevice.o
                0x0000000000227640                _ZTV9XorDevice
 *fill*         0x0000000000227718        0x8 00
 .data.rel.ro._ZTI14GPOutputDevice
                0x0000000000227720       0x18 ./GPOutputDevice/GPOutputDevice.o
                0x0000000000227720                _ZTI14GPOutputDevice
 *fill*         0x0000000000227738        0x8 00
 .data.rel.ro._ZTV14GPOutputDevice
                0x0000000000227740       0xd8 ./GPOutputDevice/GPOutputDevice.o
                0x0000000000227740                _ZTV14GPOutputDevice
 *fill*         0x0000000000227818        0x8 00
 .data.rel.ro._ZTI9GPIDevice
                0x0000000000227820       0x18 ./GPInputDevice/GPIDevice.o
                0x0000000000227820                _ZTI9GPIDevice
 *fill*         0x0000000000227838        0x8 00
 .data.rel.ro._ZTV9GPIDevice
                0x0000000000227840       0xd8 ./GPInputDevice/GPIDevice.o
                0x0000000000227840                _ZTV9GPIDevice
 *fill*         0x0000000000227918        0x8 00
 .data.rel.ro._ZTI10DelayTimer
                0x0000000000227920       0x18 ./DelayTimer/DelayTimer.o
                0x0000000000227920                _ZTI10DelayTimer
 *fill*         0x0000000000227938        0x8 00
 .data.rel.ro._ZTV10DelayTimer
                0x0000000000227940       0xd8 ./DelayTimer/DelayTimer.o
                0x0000000000227940                _ZTV10DelayTimer
 *fill*         0x0000000000227a18        0x8 00
 .data.rel.ro._ZTI12ButtonDevice
                0x0000000000227a20       0x18 ./ButtonDevice/ButtonDevice.o
                0x0000000000227a20                _ZTI12ButtonDevice
 *fill*         0x0000000000227a38        0x8 00
 .data.rel.ro._ZTV12ButtonDevice
                0x0000000000227a40       0xd8 ./ButtonDevice/ButtonDevice.o
                0x0000000000227a40                _ZTV12ButtonDevice
 *fill*         0x0000000000227b18        0x8 00
 .data.rel.ro._ZTI9ADCDevice
                0x0000000000227b20       0x18 ./ADCDevice/ADCDevice.o
                0x0000000000227b20                _ZTI9ADCDevice
 *fill*         0x0000000000227b38        0x8 00
 .data.rel.ro._ZTV9ADCDevice
                0x0000000000227b40       0xd8 ./ADCDevice/ADCDevice.o
                0x0000000000227b40                _ZTV9ADCDevice
 *fill*         0x0000000000227c18        0x8 00
 .data.rel.ro._ZTI10CosmDevice
                0x0000000000227c20       0x18 ./CosmDevice/CosmDevice.o
                0x0000000000227c20                _ZTI10CosmDevice
 *fill*         0x0000000000227c38        0x8 00
 .data.rel.ro._ZTV10CosmDevice
                0x0000000000227c40       0xd8 ./CosmDevice/CosmDevice.o
                0x0000000000227c40                _ZTV10CosmDevice

.dynamic        0x0000000000227d18      0x1d0
 *(.dynamic)
 .dynamic       0x0000000000227d18      0x1d0 /usr/lib/gcc/x86_64-linux-gnu/4.6/../../../x86_64-linux-gnu/crti.o
                0x0000000000227d18                _DYNAMIC

.got            0x0000000000227ee8       0xe8
 *(.got)
 .got           0x0000000000227ee8       0xe8 /usr/lib/gcc/x86_64-linux-gnu/4.6/../../../x86_64-linux-gnu/crti.o
 *(.igot)
                0x0000000000227fe8                . = DATA_SEGMENT_RELRO_END (., 0x18)

.got.plt        0x0000000000227fe8      0x398
 *(.got.plt)
 .got.plt       0x0000000000227fe8      0x398 /usr/lib/gcc/x86_64-linux-gnu/4.6/../../../x86_64-linux-gnu/crti.o
                0x0000000000227fe8                _GLOBAL_OFFSET_TABLE_
 *(.igot.plt)

.data           0x0000000000228380       0x10
 *(.data .data.* .gnu.linkonce.d.*)
 .data          0x0000000000228380        0x0 /usr/lib/gcc/x86_64-linux-gnu/4.6/../../../x86_64-linux-gnu/crti.o
 .data          0x0000000000228380        0x0 /usr/lib/gcc/x86_64-linux-gnu/4.6/crtbeginS.o
 .data.rel      0x0000000000228380        0x8 /usr/lib/gcc/x86_64-linux-gnu/4.6/crtbeginS.o
                0x0000000000228380                __dso_handle
 .data          0x0000000000228388        0x0 ./TimerDevice/TimerDevice.o
 .data.DW.ref.__gxx_personality_v0
                0x0000000000228388        0x8 ./TimerDevice/TimerDevice.o
                0x0000000000228388                DW.ref.__gxx_personality_v0
 .data          0x0000000000228390        0x0 ./ScreenButton/ScreenButton.o
 .data          0x0000000000228390        0x0 ./Logical/AdnWidget.o
 .data          0x0000000000228390        0x0 ./Logical/ComparatorWidget.o
 .data          0x0000000000228390        0x0 ./Logical/ConstantWidget.o
 .data          0x0000000000228390        0x0 ./Logical/CounterDevice.o
 .data          0x0000000000228390        0x0 ./Logical/InverseDevice.o
 .data          0x0000000000228390        0x0 ./Logical/OrDevice.o
 .data          0x0000000000228390        0x0 ./Logical/RSTriggerDevice.o
 .data          0x0000000000228390        0x0 ./Logical/SwitchBlock.o
 .data          0x0000000000228390        0x0 ./Logical/XorDevice.o
 .data          0x0000000000228390        0x0 ./GPOutputDevice/GPOutputDevice.o
 .data          0x0000000000228390        0x0 ./GPInputDevice/GPIDevice.o
 .data          0x0000000000228390        0x0 ./EntryPoint.o
 .data          0x0000000000228390        0x0 ./DelayTimer/DelayTimer.o
 .data          0x0000000000228390        0x0 ./ButtonDevice/ButtonDevice.o
 .data          0x0000000000228390        0x0 ./ADCDevice/ADCDevice.o
 .data          0x0000000000228390        0x0 ./CosmDevice/CosmDevice.o
 .data          0x0000000000228390        0x0 /usr/lib/gcc/x86_64-linux-gnu/4.6/crtendS.o
 .data          0x0000000000228390        0x0 /usr/lib/gcc/x86_64-linux-gnu/4.6/../../../x86_64-linux-gnu/crtn.o

.data1
 *(.data1)
                0x0000000000228390                _edata = .
                0x0000000000228390                PROVIDE (edata, .)
                0x0000000000228390                __bss_start = .

.bss            0x0000000000228390       0x58
 *(.dynbss)
 .dynbss        0x0000000000000000        0x0 /usr/lib/gcc/x86_64-linux-gnu/4.6/../../../x86_64-linux-gnu/crti.o
 *(.bss .bss.* .gnu.linkonce.b.*)
 .bss           0x0000000000228390        0x0 /usr/lib/gcc/x86_64-linux-gnu/4.6/../../../x86_64-linux-gnu/crti.o
 .bss           0x0000000000228390       0x10 /usr/lib/gcc/x86_64-linux-gnu/4.6/crtbeginS.o
 .bss           0x00000000002283a0        0x1 ./TimerDevice/TimerDevice.o
 *fill*         0x00000000002283a1        0x3 00
 .bss           0x00000000002283a4        0x1 ./ScreenButton/ScreenButton.o
 *fill*         0x00000000002283a5        0x3 00
 .bss           0x00000000002283a8        0x1 ./Logical/AdnWidget.o
 *fill*         0x00000000002283a9        0x3 00
 .bss           0x00000000002283ac        0x1 ./Logical/ComparatorWidget.o
 *fill*         0x00000000002283ad        0x3 00
 .bss           0x00000000002283b0        0x1 ./Logical/ConstantWidget.o
 *fill*         0x00000000002283b1        0x3 00
 .bss           0x00000000002283b4        0x1 ./Logical/CounterDevice.o
 *fill*         0x00000000002283b5        0x3 00
 .bss           0x00000000002283b8        0x1 ./Logical/InverseDevice.o
 *fill*         0x00000000002283b9        0x3 00
 .bss           0x00000000002283bc        0x1 ./Logical/OrDevice.o
 *fill*         0x00000000002283bd        0x3 00
 .bss           0x00000000002283c0        0x1 ./Logical/RSTriggerDevice.o
 *fill*         0x00000000002283c1        0x3 00
 .bss           0x00000000002283c4        0x1 ./Logical/SwitchBlock.o
 *fill*         0x00000000002283c5        0x3 00
 .bss           0x00000000002283c8        0x1 ./Logical/XorDevice.o
 *fill*         0x00000000002283c9        0x3 00
 .bss           0x00000000002283cc        0x1 ./GPOutputDevice/GPOutputDevice.o
 *fill*         0x00000000002283cd        0x3 00
 .bss           0x00000000002283d0        0x1 ./GPInputDevice/GPIDevice.o
 *fill*         0x00000000002283d1        0x3 00
 .bss           0x00000000002283d4        0x1 ./EntryPoint.o
 *fill*         0x00000000002283d5        0x3 00
 .bss           0x00000000002283d8        0x1 ./DelayTimer/DelayTimer.o
 *fill*         0x00000000002283d9        0x3 00
 .bss           0x00000000002283dc        0x1 ./ButtonDevice/ButtonDevice.o
 *fill*         0x00000000002283dd        0x3 00
 .bss           0x00000000002283e0        0x1 ./ADCDevice/ADCDevice.o
 *fill*         0x00000000002283e1        0x3 00
 .bss           0x00000000002283e4        0x1 ./CosmDevice/CosmDevice.o
 *fill*         0x00000000002283e5        0x3 00
 .bss           0x00000000002283e8        0x0 /usr/lib/gcc/x86_64-linux-gnu/4.6/crtendS.o
 .bss           0x00000000002283e8        0x0 /usr/lib/gcc/x86_64-linux-gnu/4.6/../../../x86_64-linux-gnu/crtn.o
 *(COMMON)
                0x00000000002283e8                . = ALIGN ((. != 0x0)?0x8:0x1)

.lbss
 *(.dynlbss)
 *(.lbss .lbss.* .gnu.linkonce.lb.*)
 *(LARGE_COMMON)
                0x00000000002283e8                . = ALIGN (0x8)

.lrodata
 *(.lrodata .lrodata.* .gnu.linkonce.lr.*)

.ldata          0x00000000006283e8        0x0
 *(.ldata .ldata.* .gnu.linkonce.l.*)
                0x00000000006283e8                . = ALIGN ((. != 0x0)?0x8:0x1)
                0x00000000006283e8                . = ALIGN (0x8)
                0x00000000006283e8                _end = .
                0x00000000006283e8                PROVIDE (end, .)
                0x00000000006283e8                . = DATA_SEGMENT_END (.)

.stab
 *(.stab)

.stabstr
 *(.stabstr)

.stab.excl
 *(.stab.excl)

.stab.exclstr
 *(.stab.exclstr)

.stab.index
 *(.stab.index)

.stab.indexstr
 *(.stab.indexstr)

.comment        0x0000000000000000       0x2a
 *(.comment)
 .comment       0x0000000000000000       0x2a /usr/lib/gcc/x86_64-linux-gnu/4.6/crtbeginS.o
                                         0x2b (size before relaxing)
 .comment       0x0000000000000000       0x2b ./TimerDevice/TimerDevice.o
 .comment       0x0000000000000000       0x2b ./ScreenButton/ScreenButton.o
 .comment       0x0000000000000000       0x2b ./Logical/AdnWidget.o
 .comment       0x0000000000000000       0x2b ./Logical/ComparatorWidget.o
 .comment       0x0000000000000000       0x2b ./Logical/ConstantWidget.o
 .comment       0x0000000000000000       0x2b ./Logical/CounterDevice.o
 .comment       0x0000000000000000       0x2b ./Logical/InverseDevice.o
 .comment       0x0000000000000000       0x2b ./Logical/OrDevice.o
 .comment       0x0000000000000000       0x2b ./Logical/RSTriggerDevice.o
 .comment       0x0000000000000000       0x2b ./Logical/SwitchBlock.o
 .comment       0x0000000000000000       0x2b ./Logical/XorDevice.o
 .comment       0x0000000000000000       0x2b ./GPOutputDevice/GPOutputDevice.o
 .comment       0x0000000000000000       0x2b ./GPInputDevice/GPIDevice.o
 .comment       0x0000000000000000       0x2b ./EntryPoint.o
 .comment       0x0000000000000000       0x2b ./DelayTimer/DelayTimer.o
 .comment       0x0000000000000000       0x2b ./ButtonDevice/ButtonDevice.o
 .comment       0x0000000000000000       0x2b ./ADCDevice/ADCDevice.o
 .comment       0x0000000000000000       0x2b ./CosmDevice/CosmDevice.o
 .comment       0x0000000000000000       0x2b /usr/lib/gcc/x86_64-linux-gnu/4.6/crtendS.o

.debug
 *(.debug)

.line
 *(.line)

.debug_srcinfo
 *(.debug_srcinfo)

.debug_sfnames
 *(.debug_sfnames)

.debug_aranges  0x0000000000000000      0x570
 *(.debug_aranges)
 .debug_aranges
                0x0000000000000000       0x50 ./TimerDevice/TimerDevice.o
 .debug_aranges
                0x0000000000000050       0x50 ./ScreenButton/ScreenButton.o
 .debug_aranges
                0x00000000000000a0       0x50 ./Logical/AdnWidget.o
 .debug_aranges
                0x00000000000000f0       0x50 ./Logical/ComparatorWidget.o
 .debug_aranges
                0x0000000000000140       0x50 ./Logical/ConstantWidget.o
 .debug_aranges
                0x0000000000000190       0x50 ./Logical/CounterDevice.o
 .debug_aranges
                0x00000000000001e0       0x50 ./Logical/InverseDevice.o
 .debug_aranges
                0x0000000000000230       0x50 ./Logical/OrDevice.o
 .debug_aranges
                0x0000000000000280       0x40 ./Logical/RSTriggerDevice.o
 .debug_aranges
                0x00000000000002c0       0x40 ./Logical/SwitchBlock.o
 .debug_aranges
                0x0000000000000300       0x40 ./Logical/XorDevice.o
 .debug_aranges
                0x0000000000000340       0x50 ./GPOutputDevice/GPOutputDevice.o
 .debug_aranges
                0x0000000000000390       0x50 ./GPInputDevice/GPIDevice.o
 .debug_aranges
                0x00000000000003e0       0x40 ./EntryPoint.o
 .debug_aranges
                0x0000000000000420       0x50 ./DelayTimer/DelayTimer.o
 .debug_aranges
                0x0000000000000470       0x50 ./ButtonDevice/ButtonDevice.o
 .debug_aranges
                0x00000000000004c0       0x50 ./ADCDevice/ADCDevice.o
 .debug_aranges
                0x0000000000000510       0x60 ./CosmDevice/CosmDevice.o

.debug_pubnames
 *(.debug_pubnames)

.debug_info     0x0000000000000000    0xbc0b6
 *(.debug_info .gnu.linkonce.wi.*)
 .debug_info    0x0000000000000000     0xafce ./TimerDevice/TimerDevice.o
 .debug_info    0x000000000000afce     0x855f ./ScreenButton/ScreenButton.o
 .debug_info    0x000000000001352d     0x7743 ./Logical/AdnWidget.o
 .debug_info    0x000000000001ac70     0x94d6 ./Logical/ComparatorWidget.o
 .debug_info    0x0000000000024146     0x928b ./Logical/ConstantWidget.o
 .debug_info    0x000000000002d3d1     0x9e35 ./Logical/CounterDevice.o
 .debug_info    0x0000000000037206     0x8612 ./Logical/InverseDevice.o
 .debug_info    0x000000000003f818     0x7743 ./Logical/OrDevice.o
 .debug_info    0x0000000000046f5b     0x7153 ./Logical/RSTriggerDevice.o
 .debug_info    0x000000000004e0ae     0x7162 ./Logical/SwitchBlock.o
 .debug_info    0x0000000000055210     0x5c99 ./Logical/XorDevice.o
 .debug_info    0x000000000005aea9    0x152f3 ./GPOutputDevice/GPOutputDevice.o
 .debug_info    0x000000000007019c    0x13350 ./GPInputDevice/GPIDevice.o
 .debug_info    0x00000000000834ec     0x43a8 ./EntryPoint.o
 .debug_info    0x0000000000087894     0xaf31 ./DelayTimer/DelayTimer.o
 .debug_info    0x00000000000927c5     0xafe8 ./ButtonDevice/ButtonDevice.o
 .debug_info    0x000000000009d7ad    0x125bf ./ADCDevice/ADCDevice.o
 .debug_info    0x00000000000afd6c     0xc34a ./CosmDevice/CosmDevice.o

.debug_abbrev   0x0000000000000000     0xa5c8
 *(.debug_abbrev)
 .debug_abbrev  0x0000000000000000      0x9b6 ./TimerDevice/TimerDevice.o
 .debug_abbrev  0x00000000000009b6      0x947 ./ScreenButton/ScreenButton.o
 .debug_abbrev  0x00000000000012fd      0x933 ./Logical/AdnWidget.o
 .debug_abbrev  0x0000000000001c30      0x969 ./Logical/ComparatorWidget.o
 .debug_abbrev  0x0000000000002599      0x94c ./Logical/ConstantWidget.o
 .debug_abbrev  0x0000000000002ee5      0x933 ./Logical/CounterDevice.o
 .debug_abbrev  0x0000000000003818      0x943 ./Logical/InverseDevice.o
 .debug_abbrev  0x000000000000415b      0x933 ./Logical/OrDevice.o
 .debug_abbrev  0x0000000000004a8e      0x8b7 ./Logical/RSTriggerDevice.o
 .debug_abbrev  0x0000000000005345      0x8b7 ./Logical/SwitchBlock.o
 .debug_abbrev  0x0000000000005bfc      0x8b7 ./Logical/XorDevice.o
 .debug_abbrev  0x00000000000064b3      0x9dc ./GPOutputDevice/GPOutputDevice.o
 .debug_abbrev  0x0000000000006e8f      0x9c2 ./GPInputDevice/GPIDevice.o
 .debug_abbrev  0x0000000000007851      0x6a3 ./EntryPoint.o
 .debug_abbrev  0x0000000000007ef4      0x9b6 ./DelayTimer/DelayTimer.o
 .debug_abbrev  0x00000000000088aa      0x992 ./ButtonDevice/ButtonDevice.o
 .debug_abbrev  0x000000000000923c      0x9da ./ADCDevice/ADCDevice.o
 .debug_abbrev  0x0000000000009c16      0x9b2 ./CosmDevice/CosmDevice.o

.debug_line     0x0000000000000000    0x15cca
 *(.debug_line)
 .debug_line    0x0000000000000000     0x1339 ./TimerDevice/TimerDevice.o
 .debug_line    0x0000000000001339      0xfce ./ScreenButton/ScreenButton.o
 .debug_line    0x0000000000002307     0x105c ./Logical/AdnWidget.o
 .debug_line    0x0000000000003363     0x1291 ./Logical/ComparatorWidget.o
 .debug_line    0x00000000000045f4     0x11ec ./Logical/ConstantWidget.o
 .debug_line    0x00000000000057e0     0x145d ./Logical/CounterDevice.o
 .debug_line    0x0000000000006c3d      0xff7 ./Logical/InverseDevice.o
 .debug_line    0x0000000000007c34     0x105a ./Logical/OrDevice.o
 .debug_line    0x0000000000008c8e      0xe09 ./Logical/RSTriggerDevice.o
 .debug_line    0x0000000000009a97      0xdfe ./Logical/SwitchBlock.o
 .debug_line    0x000000000000a895      0xd5d ./Logical/XorDevice.o
 .debug_line    0x000000000000b5f2     0x23e4 ./GPOutputDevice/GPOutputDevice.o
 .debug_line    0x000000000000d9d6     0x1b7c ./GPInputDevice/GPIDevice.o
 .debug_line    0x000000000000f552     0x104f ./EntryPoint.o
 .debug_line    0x00000000000105a1     0x131b ./DelayTimer/DelayTimer.o
 .debug_line    0x00000000000118bc     0x118f ./ButtonDevice/ButtonDevice.o
 .debug_line    0x0000000000012a4b     0x19be ./ADCDevice/ADCDevice.o
 .debug_line    0x0000000000014409     0x18c1 ./CosmDevice/CosmDevice.o

.debug_frame
 *(.debug_frame)

.debug_str      0x0000000000000000     0xf219
 *(.debug_str)
 .debug_str     0x0000000000000000     0x6072 ./TimerDevice/TimerDevice.o
                                       0x6489 (size before relaxing)
 .debug_str     0x0000000000006072      0x163 ./ScreenButton/ScreenButton.o
                                       0x4d61 (size before relaxing)
 .debug_str     0x00000000000061d5      0x145 ./Logical/AdnWidget.o
                                       0x3e77 (size before relaxing)
 .debug_str     0x000000000000631a      0x2cc ./Logical/ComparatorWidget.o
                                       0x4ed1 (size before relaxing)
 .debug_str     0x00000000000065e6      0x202 ./Logical/ConstantWidget.o
                                       0x4dfd (size before relaxing)
 .debug_str     0x00000000000067e8      0x1dd ./Logical/CounterDevice.o
                                       0x4dec (size before relaxing)
 .debug_str     0x00000000000069c5      0x135 ./Logical/InverseDevice.o
                                       0x4d37 (size before relaxing)
 .debug_str     0x0000000000006afa       0xfc ./Logical/OrDevice.o
                                       0x3e6c (size before relaxing)
 .debug_str     0x0000000000006bf6      0x130 ./Logical/RSTriggerDevice.o
                                       0x4aba (size before relaxing)
 .debug_str     0x0000000000006d26      0x147 ./Logical/SwitchBlock.o
                                       0x4aa9 (size before relaxing)
 .debug_str     0x0000000000006e6d       0xe7 ./Logical/XorDevice.o
                                       0x3bc7 (size before relaxing)
 .debug_str     0x0000000000006f54     0x4751 ./GPOutputDevice/GPOutputDevice.o
                                       0x9482 (size before relaxing)
 .debug_str     0x000000000000b6a5      0x831 ./GPInputDevice/GPIDevice.o
                                       0x9a3c (size before relaxing)
 .debug_str     0x000000000000bed6     0x13c6 ./EntryPoint.o
                                       0x2531 (size before relaxing)
 .debug_str     0x000000000000d29c      0x212 ./DelayTimer/DelayTimer.o
                                       0x6408 (size before relaxing)
 .debug_str     0x000000000000d4ae      0x1f9 ./ButtonDevice/ButtonDevice.o
                                       0x6300 (size before relaxing)
 .debug_str     0x000000000000d6a7      0x1cf ./ADCDevice/ADCDevice.o
                                       0x998e (size before relaxing)
 .debug_str     0x000000000000d876     0x19a3 ./CosmDevice/CosmDevice.o
                                       0x6600 (size before relaxing)

.debug_loc      0x0000000000000000    0x97814
 *(.debug_loc)
 .debug_loc     0x0000000000000000     0x8fab ./TimerDevice/TimerDevice.o
 .debug_loc     0x0000000000008fab     0x4b79 ./ScreenButton/ScreenButton.o
 .debug_loc     0x000000000000db24     0x53aa ./Logical/AdnWidget.o
 .debug_loc     0x0000000000012ece     0x7b89 ./Logical/ComparatorWidget.o
 .debug_loc     0x000000000001aa57     0x7ea2 ./Logical/ConstantWidget.o
 .debug_loc     0x00000000000228f9     0xc217 ./Logical/CounterDevice.o
 .debug_loc     0x000000000002eb10     0x4d85 ./Logical/InverseDevice.o
 .debug_loc     0x0000000000033895     0x53aa ./Logical/OrDevice.o
 .debug_loc     0x0000000000038c3f     0x25d9 ./Logical/RSTriggerDevice.o
 .debug_loc     0x000000000003b218     0x25d8 ./Logical/SwitchBlock.o
 .debug_loc     0x000000000003d7f0     0x19d7 ./Logical/XorDevice.o
 .debug_loc     0x000000000003f1c7    0x1a2e8 ./GPOutputDevice/GPOutputDevice.o
 .debug_loc     0x00000000000594af     0xf236 ./GPInputDevice/GPIDevice.o
 .debug_loc     0x00000000000686e5     0x17fe ./EntryPoint.o
 .debug_loc     0x0000000000069ee3     0x8e2a ./DelayTimer/DelayTimer.o
 .debug_loc     0x0000000000072d0d     0x6648 ./ButtonDevice/ButtonDevice.o
 .debug_loc     0x0000000000079355     0xde9a ./ADCDevice/ADCDevice.o
 .debug_loc     0x00000000000871ef    0x10625 ./CosmDevice/CosmDevice.o

.debug_macinfo  0x0000000000000000   0x1375b5
 *(.debug_macinfo)
 .debug_macinfo
                0x0000000000000000    0x11a62 ./TimerDevice/TimerDevice.o
 .debug_macinfo
                0x0000000000011a62    0x109b9 ./ScreenButton/ScreenButton.o
 .debug_macinfo
                0x000000000002241b    0x109f4 ./Logical/AdnWidget.o
 .debug_macinfo
                0x0000000000032e0f    0x10914 ./Logical/ComparatorWidget.o
 .debug_macinfo
                0x0000000000043723    0x10931 ./Logical/ConstantWidget.o
 .debug_macinfo
                0x0000000000054054    0x10b15 ./Logical/CounterDevice.o
 .debug_macinfo
                0x0000000000064b69    0x108f5 ./Logical/InverseDevice.o
 .debug_macinfo
                0x000000000007545e    0x10a5f ./Logical/OrDevice.o
 .debug_macinfo
                0x0000000000085ebd    0x10ab3 ./Logical/RSTriggerDevice.o
 .debug_macinfo
                0x0000000000096970    0x109af ./Logical/SwitchBlock.o
 .debug_macinfo
                0x00000000000a731f    0x10a9e ./Logical/XorDevice.o
 .debug_macinfo
                0x00000000000b7dbd    0x10915 ./GPOutputDevice/GPOutputDevice.o
 .debug_macinfo
                0x00000000000c86d2    0x109f2 ./GPInputDevice/GPIDevice.o
 .debug_macinfo
                0x00000000000d90c4    0x16960 ./EntryPoint.o
 .debug_macinfo
                0x00000000000efa24    0x11a8c ./DelayTimer/DelayTimer.o
 .debug_macinfo
                0x00000000001014b0    0x10924 ./ButtonDevice/ButtonDevice.o
 .debug_macinfo
                0x0000000000111dd4    0x1098e ./ADCDevice/ADCDevice.o
 .debug_macinfo
                0x0000000000122762    0x14e53 ./CosmDevice/CosmDevice.o

.debug_weaknames
 *(.debug_weaknames)

.debug_funcnames
 *(.debug_funcnames)

.debug_typenames
 *(.debug_typenames)

.debug_varnames
 *(.debug_varnames)

.debug_pubtypes
 *(.debug_pubtypes)

.debug_ranges   0x0000000000000000    0x25420
 *(.debug_ranges)
 .debug_ranges  0x0000000000000000     0x1e90 ./TimerDevice/TimerDevice.o
 .debug_ranges  0x0000000000001e90     0x12a0 ./ScreenButton/ScreenButton.o
 .debug_ranges  0x0000000000003130     0x16c0 ./Logical/AdnWidget.o
 .debug_ranges  0x00000000000047f0     0x1c60 ./Logical/ComparatorWidget.o
 .debug_ranges  0x0000000000006450     0x1a10 ./Logical/ConstantWidget.o
 .debug_ranges  0x0000000000007e60     0x23d0 ./Logical/CounterDevice.o
 .debug_ranges  0x000000000000a230     0x1400 ./Logical/InverseDevice.o
 .debug_ranges  0x000000000000b630     0x16c0 ./Logical/OrDevice.o
 .debug_ranges  0x000000000000ccf0      0xc20 ./Logical/RSTriggerDevice.o
 .debug_ranges  0x000000000000d910      0xbf0 ./Logical/SwitchBlock.o
 .debug_ranges  0x000000000000e500      0x9f0 ./Logical/XorDevice.o
 .debug_ranges  0x000000000000eef0     0x6c90 ./GPOutputDevice/GPOutputDevice.o
 .debug_ranges  0x0000000000015b80     0x4930 ./GPInputDevice/GPIDevice.o
 .debug_ranges  0x000000000001a4b0      0x160 ./EntryPoint.o
 .debug_ranges  0x000000000001a610     0x1e50 ./DelayTimer/DelayTimer.o
 .debug_ranges  0x000000000001c460     0x1a20 ./ButtonDevice/ButtonDevice.o
 .debug_ranges  0x000000000001de80     0x43b0 ./ADCDevice/ADCDevice.o
 .debug_ranges  0x0000000000022230     0x31f0 ./CosmDevice/CosmDevice.o

.gnu.attributes
 *(.gnu.attributes)

/DISCARD/
 *(.note.GNU-stack)
 *(.gnu_debuglink)
 *(.gnu.lto_*)
OUTPUT(libDevices.so elf64-x86-64)
