Archive member included because of file (symbol)

/usr/lib/gcc/arm-linux-gnueabihf/4.6/libgcc.a(linux-atomic.o)
                              ./FeedDevice/FeedDevice.o (__sync_fetch_and_add_4)

Discarded input sections

 .note.GNU-stack
                0x00000000        0x0 /usr/lib/gcc/arm-linux-gnueabihf/4.6/../../../arm-linux-gnueabihf/crti.o
 .gnu_debuglink
                0x00000000        0xc /usr/lib/gcc/arm-linux-gnueabihf/4.6/../../../arm-linux-gnueabihf/crti.o
 .note.GNU-stack
                0x00000000        0x0 /usr/lib/gcc/arm-linux-gnueabihf/4.6/crtbeginS.o
 .group         0x00000000       0x10 ./TimerDevice/TimerDevice.o
 .note.GNU-stack
                0x00000000        0x0 ./TimerDevice/TimerDevice.o
 .group         0x00000000       0x10 ./ScreenButton/ScreenButton.o
 .text._ZN15DeviceParameterD2Ev
                0x00000000      0x1e4 ./ScreenButton/ScreenButton.o
 .ARM.extab.text._ZN15DeviceParameterD2Ev
                0x00000000        0x0 ./ScreenButton/ScreenButton.o
 .ARM.exidx.text._ZN15DeviceParameterD2Ev
                0x00000000        0x8 ./ScreenButton/ScreenButton.o
 .note.GNU-stack
                0x00000000        0x0 ./ScreenButton/ScreenButton.o
 .group         0x00000000       0x10 ./Logical/AdnWidget.o
 .text._ZN15DeviceParameterD2Ev
                0x00000000      0x1e4 ./Logical/AdnWidget.o
 .ARM.extab.text._ZN15DeviceParameterD2Ev
                0x00000000        0x0 ./Logical/AdnWidget.o
 .ARM.exidx.text._ZN15DeviceParameterD2Ev
                0x00000000        0x8 ./Logical/AdnWidget.o
 .note.GNU-stack
                0x00000000        0x0 ./Logical/AdnWidget.o
 .group         0x00000000       0x10 ./Logical/ComparatorWidget.o
 .text._ZN15DeviceParameterD2Ev
                0x00000000      0x1e4 ./Logical/ComparatorWidget.o
 .ARM.extab.text._ZN15DeviceParameterD2Ev
                0x00000000        0x0 ./Logical/ComparatorWidget.o
 .ARM.exidx.text._ZN15DeviceParameterD2Ev
                0x00000000        0x8 ./Logical/ComparatorWidget.o
 .note.GNU-stack
                0x00000000        0x0 ./Logical/ComparatorWidget.o
 .group         0x00000000       0x10 ./Logical/ConstantWidget.o
 .text._ZN15DeviceParameterD2Ev
                0x00000000      0x1e4 ./Logical/ConstantWidget.o
 .ARM.extab.text._ZN15DeviceParameterD2Ev
                0x00000000        0x0 ./Logical/ConstantWidget.o
 .ARM.exidx.text._ZN15DeviceParameterD2Ev
                0x00000000        0x8 ./Logical/ConstantWidget.o
 .note.GNU-stack
                0x00000000        0x0 ./Logical/ConstantWidget.o
 .group         0x00000000       0x10 ./Logical/CounterDevice.o
 .text._ZN15DeviceParameterD2Ev
                0x00000000      0x1e4 ./Logical/CounterDevice.o
 .ARM.extab.text._ZN15DeviceParameterD2Ev
                0x00000000        0x0 ./Logical/CounterDevice.o
 .ARM.exidx.text._ZN15DeviceParameterD2Ev
                0x00000000        0x8 ./Logical/CounterDevice.o
 .note.GNU-stack
                0x00000000        0x0 ./Logical/CounterDevice.o
 .group         0x00000000       0x10 ./Logical/InverseDevice.o
 .text._ZN15DeviceParameterD2Ev
                0x00000000      0x1e4 ./Logical/InverseDevice.o
 .ARM.extab.text._ZN15DeviceParameterD2Ev
                0x00000000        0x0 ./Logical/InverseDevice.o
 .ARM.exidx.text._ZN15DeviceParameterD2Ev
                0x00000000        0x8 ./Logical/InverseDevice.o
 .note.GNU-stack
                0x00000000        0x0 ./Logical/InverseDevice.o
 .group         0x00000000       0x10 ./Logical/OrDevice.o
 .text._ZN15DeviceParameterD2Ev
                0x00000000      0x1e4 ./Logical/OrDevice.o
 .ARM.extab.text._ZN15DeviceParameterD2Ev
                0x00000000        0x0 ./Logical/OrDevice.o
 .ARM.exidx.text._ZN15DeviceParameterD2Ev
                0x00000000        0x8 ./Logical/OrDevice.o
 .note.GNU-stack
                0x00000000        0x0 ./Logical/OrDevice.o
 .note.GNU-stack
                0x00000000        0x0 ./Logical/RSTriggerDevice.o
 .note.GNU-stack
                0x00000000        0x0 ./Logical/SwitchBlock.o
 .note.GNU-stack
                0x00000000        0x0 ./Logical/XorDevice.o
 .group         0x00000000       0x10 ./GPOutputDevice/GPOutputDevice.o
 .text._ZN15DeviceParameterD2Ev
                0x00000000      0x1e4 ./GPOutputDevice/GPOutputDevice.o
 .ARM.extab.text._ZN15DeviceParameterD2Ev
                0x00000000        0x0 ./GPOutputDevice/GPOutputDevice.o
 .ARM.exidx.text._ZN15DeviceParameterD2Ev
                0x00000000        0x8 ./GPOutputDevice/GPOutputDevice.o
 .note.GNU-stack
                0x00000000        0x0 ./GPOutputDevice/GPOutputDevice.o
 .group         0x00000000       0x10 ./GPInputDevice/GPIDevice.o
 .text._ZN15DeviceParameterD2Ev
                0x00000000      0x1e4 ./GPInputDevice/GPIDevice.o
 .ARM.extab.text._ZN15DeviceParameterD2Ev
                0x00000000        0x0 ./GPInputDevice/GPIDevice.o
 .ARM.exidx.text._ZN15DeviceParameterD2Ev
                0x00000000        0x8 ./GPInputDevice/GPIDevice.o
 .note.GNU-stack
                0x00000000        0x0 ./GPInputDevice/GPIDevice.o
 .note.GNU-stack
                0x00000000        0x0 ./EntryPoint.o
 .group         0x00000000       0x10 ./DelayTimer/DelayTimer.o
 .text._ZN15DeviceParameterD2Ev
                0x00000000      0x1e4 ./DelayTimer/DelayTimer.o
 .ARM.extab.text._ZN15DeviceParameterD2Ev
                0x00000000        0x0 ./DelayTimer/DelayTimer.o
 .ARM.exidx.text._ZN15DeviceParameterD2Ev
                0x00000000        0x8 ./DelayTimer/DelayTimer.o
 .note.GNU-stack
                0x00000000        0x0 ./DelayTimer/DelayTimer.o
 .group         0x00000000       0x10 ./ButtonDevice/ButtonDevice.o
 .text._ZN15DeviceParameterD2Ev
                0x00000000      0x1e4 ./ButtonDevice/ButtonDevice.o
 .ARM.extab.text._ZN15DeviceParameterD2Ev
                0x00000000        0x0 ./ButtonDevice/ButtonDevice.o
 .ARM.exidx.text._ZN15DeviceParameterD2Ev
                0x00000000        0x8 ./ButtonDevice/ButtonDevice.o
 .note.GNU-stack
                0x00000000        0x0 ./ButtonDevice/ButtonDevice.o
 .group         0x00000000       0x10 ./ADCDevice/ADCDevice.o
 .text._ZN15DeviceParameterD2Ev
                0x00000000      0x1e4 ./ADCDevice/ADCDevice.o
 .ARM.extab.text._ZN15DeviceParameterD2Ev
                0x00000000        0x0 ./ADCDevice/ADCDevice.o
 .ARM.exidx.text._ZN15DeviceParameterD2Ev
                0x00000000        0x8 ./ADCDevice/ADCDevice.o
 .note.GNU-stack
                0x00000000        0x0 ./ADCDevice/ADCDevice.o
 .group         0x00000000       0x10 ./CosmDevice/CosmDevice.o
 .group         0x00000000       0x10 ./CosmDevice/CosmDevice.o
 .text._ZN15DeviceParameterD2Ev
                0x00000000      0x1e4 ./CosmDevice/CosmDevice.o
 .ARM.extab.text._ZN15DeviceParameterD2Ev
                0x00000000        0x0 ./CosmDevice/CosmDevice.o
 .ARM.exidx.text._ZN15DeviceParameterD2Ev
                0x00000000        0x8 ./CosmDevice/CosmDevice.o
 .note.GNU-stack
                0x00000000        0x0 ./CosmDevice/CosmDevice.o
 .group         0x00000000       0x10 ./FeedDevice/FeedDevice.o
 .text._ZN15DeviceParameterD2Ev
                0x00000000      0x184 ./FeedDevice/FeedDevice.o
 .ARM.extab.text._ZN15DeviceParameterD2Ev
                0x00000000        0x0 ./FeedDevice/FeedDevice.o
 .ARM.exidx.text._ZN15DeviceParameterD2Ev
                0x00000000        0x8 ./FeedDevice/FeedDevice.o
 .note.GNU-stack
                0x00000000        0x0 ./FeedDevice/FeedDevice.o
 .note.GNU-stack
                0x00000000        0x0 /usr/lib/gcc/arm-linux-gnueabihf/4.6/libgcc.a(linux-atomic.o)
 .note.GNU-stack
                0x00000000        0x0 /usr/lib/gcc/arm-linux-gnueabihf/4.6/crtendS.o
 .note.GNU-stack
                0x00000000        0x0 /usr/lib/gcc/arm-linux-gnueabihf/4.6/../../../arm-linux-gnueabihf/crtn.o
 .gnu_debuglink
                0x00000000        0xc /usr/lib/gcc/arm-linux-gnueabihf/4.6/../../../arm-linux-gnueabihf/crtn.o

Memory Configuration

Name             Origin             Length             Attributes
*default*        0x00000000         0xffffffff

Linker script and memory map

LOAD /usr/lib/gcc/arm-linux-gnueabihf/4.6/../../../arm-linux-gnueabihf/crti.o
LOAD /usr/lib/gcc/arm-linux-gnueabihf/4.6/crtbeginS.o
LOAD ./TimerDevice/TimerDevice.o
LOAD ./ScreenButton/ScreenButton.o
LOAD ./Logical/AdnWidget.o
LOAD ./Logical/ComparatorWidget.o
LOAD ./Logical/ConstantWidget.o
LOAD ./Logical/CounterDevice.o
LOAD ./Logical/InverseDevice.o
LOAD ./Logical/OrDevice.o
LOAD ./Logical/RSTriggerDevice.o
LOAD ./Logical/SwitchBlock.o
LOAD ./Logical/XorDevice.o
LOAD ./GPOutputDevice/GPOutputDevice.o
LOAD ./GPInputDevice/GPIDevice.o
LOAD ./EntryPoint.o
LOAD ./DelayTimer/DelayTimer.o
LOAD ./ButtonDevice/ButtonDevice.o
LOAD ./ADCDevice/ADCDevice.o
LOAD ./CosmDevice/CosmDevice.o
LOAD ./FeedDevice/FeedDevice.o
LOAD ../../Common/Debug/libCommon.so
LOAD /usr/lib/gcc/arm-linux-gnueabihf/4.6/libstdc++.so
LOAD /usr/lib/gcc/arm-linux-gnueabihf/4.6/../../../arm-linux-gnueabihf/libm.so
LOAD /usr/lib/gcc/arm-linux-gnueabihf/4.6/libgcc_s.so
START GROUP
LOAD /usr/lib/gcc/arm-linux-gnueabihf/4.6/libgcc_s.so.1
LOAD /usr/lib/gcc/arm-linux-gnueabihf/4.6/libgcc.a
END GROUP
LOAD /usr/lib/gcc/arm-linux-gnueabihf/4.6/../../../arm-linux-gnueabihf/libc.so
START GROUP
LOAD /lib/arm-linux-gnueabihf/libc.so.6
LOAD /usr/lib/arm-linux-gnueabihf/libc_nonshared.a
LOAD /lib/arm-linux-gnueabihf/ld-linux-armhf.so.3
END GROUP
LOAD /usr/lib/gcc/arm-linux-gnueabihf/4.6/libgcc_s.so
START GROUP
LOAD /usr/lib/gcc/arm-linux-gnueabihf/4.6/libgcc_s.so.1
LOAD /usr/lib/gcc/arm-linux-gnueabihf/4.6/libgcc.a
END GROUP
LOAD /usr/lib/gcc/arm-linux-gnueabihf/4.6/crtendS.o
LOAD /usr/lib/gcc/arm-linux-gnueabihf/4.6/../../../arm-linux-gnueabihf/crtn.o
                0x000000f4                . = (0x0 + SIZEOF_HEADERS)

.note.gnu.build-id
                0x000000f4       0x24
 *(.note.gnu.build-id)
 .note.gnu.build-id
                0x000000f4       0x24 linker stubs

.hash           0x00000118      0xab8
 *(.hash)
 .hash          0x00000118      0xab8 /usr/lib/gcc/arm-linux-gnueabihf/4.6/../../../arm-linux-gnueabihf/crti.o

.gnu.hash       0x00000bd0      0xa34
 *(.gnu.hash)
 .gnu.hash      0x00000bd0      0xa34 /usr/lib/gcc/arm-linux-gnueabihf/4.6/../../../arm-linux-gnueabihf/crti.o

.dynsym         0x00001604     0x1a50
 *(.dynsym)
 .dynsym        0x00001604     0x1a50 /usr/lib/gcc/arm-linux-gnueabihf/4.6/../../../arm-linux-gnueabihf/crti.o

.dynstr         0x00003054     0x2c53
 *(.dynstr)
 .dynstr        0x00003054     0x2c53 /usr/lib/gcc/arm-linux-gnueabihf/4.6/../../../arm-linux-gnueabihf/crti.o

.gnu.version    0x00005ca8      0x34a
 *(.gnu.version)
 .gnu.version   0x00005ca8      0x34a /usr/lib/gcc/arm-linux-gnueabihf/4.6/../../../arm-linux-gnueabihf/crti.o

.gnu.version_d  0x00005ff4        0x0
 *(.gnu.version_d)
 .gnu.version_d
                0x00000000        0x0 /usr/lib/gcc/arm-linux-gnueabihf/4.6/../../../arm-linux-gnueabihf/crti.o

.gnu.version_r  0x00005ff4       0x90
 *(.gnu.version_r)
 .gnu.version_r
                0x00005ff4       0x90 /usr/lib/gcc/arm-linux-gnueabihf/4.6/../../../arm-linux-gnueabihf/crti.o

.rel.dyn        0x00006084     0x10d0
 *(.rel.init)
 *(.rel.text .rel.text.* .rel.gnu.linkonce.t.*)
 .rel.text      0x00000000        0x0 /usr/lib/gcc/arm-linux-gnueabihf/4.6/../../../arm-linux-gnueabihf/crti.o
 *(.rel.fini)
 *(.rel.rodata .rel.rodata.* .rel.gnu.linkonce.r.*)
 *(.rel.data.rel.ro* .rel.gnu.linkonce.d.rel.ro.*)
 .rel.data.rel.ro
                0x00006084      0xf30 /usr/lib/gcc/arm-linux-gnueabihf/4.6/../../../arm-linux-gnueabihf/crti.o
 *(.rel.data .rel.data.* .rel.gnu.linkonce.d.*)
 .rel.data.rel  0x00006fb4        0x8 /usr/lib/gcc/arm-linux-gnueabihf/4.6/../../../arm-linux-gnueabihf/crti.o
 *(.rel.tdata .rel.tdata.* .rel.gnu.linkonce.td.*)
 *(.rel.tbss .rel.tbss.* .rel.gnu.linkonce.tb.*)
 *(.rel.ctors)
 *(.rel.dtors)
 *(.rel.got)
 .rel.got       0x00006fbc       0xf0 /usr/lib/gcc/arm-linux-gnueabihf/4.6/../../../arm-linux-gnueabihf/crti.o
 *(.rel.bss .rel.bss.* .rel.gnu.linkonce.b.*)
 *(.rel.iplt)
 .rel.iplt      0x00000000        0x0 /usr/lib/gcc/arm-linux-gnueabihf/4.6/../../../arm-linux-gnueabihf/crti.o
 .rel.init_array
                0x000070ac       0xa0 /usr/lib/gcc/arm-linux-gnueabihf/4.6/../../../arm-linux-gnueabihf/crti.o
 .rel.fini_array
                0x0000714c        0x8 /usr/lib/gcc/arm-linux-gnueabihf/4.6/../../../arm-linux-gnueabihf/crti.o

.rela.dyn
 *(.rela.init)
 *(.rela.text .rela.text.* .rela.gnu.linkonce.t.*)
 *(.rela.fini)
 *(.rela.rodata .rela.rodata.* .rela.gnu.linkonce.r.*)
 *(.rela.data .rela.data.* .rela.gnu.linkonce.d.*)
 *(.rela.tdata .rela.tdata.* .rela.gnu.linkonce.td.*)
 *(.rela.tbss .rela.tbss.* .rela.gnu.linkonce.tb.*)
 *(.rela.ctors)
 *(.rela.dtors)
 *(.rela.got)
 *(.rela.bss .rela.bss.* .rela.gnu.linkonce.b.*)
 *(.rela.iplt)

.rel.plt        0x00007154      0x3a8
 *(.rel.plt)
 .rel.plt       0x00007154      0x3a8 /usr/lib/gcc/arm-linux-gnueabihf/4.6/../../../arm-linux-gnueabihf/crti.o

.rela.plt
 *(.rela.plt)

.init           0x000074fc        0xc
 *(.init)
 .init          0x000074fc        0x8 /usr/lib/gcc/arm-linux-gnueabihf/4.6/../../../arm-linux-gnueabihf/crti.o
                0x000074fc                _init
 .init          0x00007504        0x4 /usr/lib/gcc/arm-linux-gnueabihf/4.6/../../../arm-linux-gnueabihf/crtn.o

.plt            0x00007508      0x590
 *(.plt)
 .plt           0x00007508      0x590 /usr/lib/gcc/arm-linux-gnueabihf/4.6/../../../arm-linux-gnueabihf/crti.o

.iplt           0x00007a98        0x0
 *(.iplt)
 .iplt          0x00000000        0x0 /usr/lib/gcc/arm-linux-gnueabihf/4.6/../../../arm-linux-gnueabihf/crti.o

.text           0x00007a98    0x1b290
 *(.text.unlikely .text.*_unlikely)
 *(.text.exit .text.exit.*)
 *(.text.startup .text.startup.*)
 .text.startup  0x00007a98       0x48 ./TimerDevice/TimerDevice.o
 .text.startup  0x00007ae0       0x48 ./ScreenButton/ScreenButton.o
 .text.startup  0x00007b28       0x48 ./Logical/AdnWidget.o
 .text.startup  0x00007b70       0x48 ./Logical/ComparatorWidget.o
 .text.startup  0x00007bb8       0x48 ./Logical/ConstantWidget.o
 .text.startup  0x00007c00       0x48 ./Logical/CounterDevice.o
 .text.startup  0x00007c48       0x48 ./Logical/InverseDevice.o
 .text.startup  0x00007c90       0x48 ./Logical/OrDevice.o
 .text.startup  0x00007cd8       0x48 ./Logical/RSTriggerDevice.o
 .text.startup  0x00007d20       0x48 ./Logical/SwitchBlock.o
 .text.startup  0x00007d68       0x48 ./Logical/XorDevice.o
 .text.startup  0x00007db0       0x48 ./GPOutputDevice/GPOutputDevice.o
 .text.startup  0x00007df8       0x48 ./GPInputDevice/GPIDevice.o
 .text.startup  0x00007e40       0x48 ./EntryPoint.o
 .text.startup  0x00007e88       0x48 ./DelayTimer/DelayTimer.o
 .text.startup  0x00007ed0       0x48 ./ButtonDevice/ButtonDevice.o
 .text.startup  0x00007f18       0x48 ./ADCDevice/ADCDevice.o
 .text.startup  0x00007f60       0x48 ./CosmDevice/CosmDevice.o
 .text.startup  0x00007fa8       0x48 ./FeedDevice/FeedDevice.o
 *(.text.hot .text.hot.*)
 *(.text .stub .text.* .gnu.linkonce.t.*)
 .text          0x00007ff0       0x24 /usr/lib/gcc/arm-linux-gnueabihf/4.6/../../../arm-linux-gnueabihf/crti.o
 .text          0x00008014       0xa8 /usr/lib/gcc/arm-linux-gnueabihf/4.6/crtbeginS.o
 .text          0x000080bc     0x16fc ./TimerDevice/TimerDevice.o
                0x000080bc                _ZN11TimerDevice4TypeEv
                0x000080cc                _ZN11TimerDevice7VersionEv
                0x000080dc                _ZN11TimerDevice11DescriptionEv
                0x000080ec                _ZN11TimerDevice9GroupNameEv
                0x000080fc                _ZN11TimerDevice24InitializeFromDescriptorESt4listI8PropertySaIS1_EE
                0x00008154                _Z14TimerThreadRunPv
                0x0000824c                _ZN11TimerDevice17WidgetInitializedEv
                0x0000826c                _ZN11TimerDeviceD2Ev
                0x0000826c                _ZN11TimerDeviceD1Ev
                0x000082a4                _ZN11TimerDeviceD0Ev
                0x000082c0                _ZN11TimerDevice12SetParameterESsPv
                0x000083bc                _ZN11TimerDevice12GetParameterESs
                0x00008a78                _ZN11TimerDeviceC1Ev
                0x00008a78                _ZN11TimerDeviceC2Ev
                0x00009540                _ZN11TimerDevice14CreateInstanceEv
                0x00009568                _ZN11TimerDevice11StartThreadEv
                0x00009664                _ZN11TimerDevice16CalculateOutputsEv
                0x00009770                _ZN11TimerDevice10StopThreadEv
                0x000097b4                _ZN11TimerDevice16ReleaseResourcesEv
 .text._ZN15DeviceParameterD2Ev
                0x000097b8      0x1e4 ./TimerDevice/TimerDevice.o
                0x000097b8                _ZN15DeviceParameterD2Ev
                0x000097b8                _ZN15DeviceParameterD1Ev
 .text          0x0000999c      0xba8 ./ScreenButton/ScreenButton.o
                0x0000999c                _ZN12ScreenButton4TypeEv
                0x000099ac                _ZN12ScreenButton7VersionEv
                0x000099bc                _ZN12ScreenButton11DescriptionEv
                0x000099cc                _ZN12ScreenButton9GroupNameEv
                0x000099dc                _ZN12ScreenButton16CalculateOutputsEv
                0x00009a38                _ZN12ScreenButtonD2Ev
                0x00009a38                _ZN12ScreenButtonD1Ev
                0x00009a70                _ZN12ScreenButtonD0Ev
                0x00009a8c                _ZN12ScreenButton12SetParameterESsPv
                0x00009af8                _ZN12ScreenButton12GetParameterESs
                0x0000a1b4                _ZN12ScreenButtonC1Ev
                0x0000a1b4                _ZN12ScreenButtonC2Ev
                0x0000a51c                _ZN12ScreenButton14CreateInstanceEv
 .text          0x0000a544      0xde8 ./Logical/AdnWidget.o
                0x0000a544                _ZN9AndWidget4TypeEv
                0x0000a554                _ZN9AndWidget7VersionEv
                0x0000a564                _ZN9AndWidget11DescriptionEv
                0x0000a574                _ZN9AndWidget9GroupNameEv
                0x0000a584                _ZN9AndWidget16CalculateOutputsEv
                0x0000a5e0                _ZN9AndWidgetD1Ev
                0x0000a5e0                _ZN9AndWidgetD2Ev
                0x0000a618                _ZN9AndWidgetD0Ev
                0x0000a634                _ZN9AndWidget12GetParameterESs
                0x0000acf0                _ZN9AndWidgetC1Ev
                0x0000acf0                _ZN9AndWidgetC2Ev
                0x0000b304                _ZN9AndWidget14CreateInstanceEv
 .text          0x0000b32c     0x1424 ./Logical/ComparatorWidget.o
                0x0000b32c                _ZN16ComparatorDevice4TypeEv
                0x0000b33c                _ZN16ComparatorDevice7VersionEv
                0x0000b34c                _ZN16ComparatorDevice11DescriptionEv
                0x0000b35c                _ZN16ComparatorDevice9GroupNameEv
                0x0000b36c                _ZN16ComparatorDeviceD1Ev
                0x0000b36c                _ZN16ComparatorDeviceD2Ev
                0x0000b3a4                _ZN16ComparatorDeviceD0Ev
                0x0000b3c0                _ZN16ComparatorDevice12GetParameterESs
                0x0000ba7c                _ZN16ComparatorDeviceC2Ev
                0x0000ba7c                _ZN16ComparatorDeviceC1Ev
                0x0000c2ec                _ZN16ComparatorDevice14CreateInstanceEv
                0x0000c314                _ZN16ComparatorDevice12GetOperationESs
                0x0000c3c0                _ZN16ComparatorDevice12SetParameterESsPv
                0x0000c548                _ZN16ComparatorDevice19GetComparisonResultEv
                0x0000c714                _ZN16ComparatorDevice16CalculateOutputsEv
 .text          0x0000c750     0x11e0 ./Logical/ConstantWidget.o
                0x0000c750                _ZN14ConstantDevice16CalculateOutputsEv
                0x0000c770                _ZN14ConstantDevice4TypeEv
                0x0000c780                _ZN14ConstantDevice7VersionEv
                0x0000c790                _ZN14ConstantDevice11DescriptionEv
                0x0000c7a0                _ZN14ConstantDevice9GroupNameEv
                0x0000c7b0                _ZN14ConstantDevice17WidgetInitializedEv
                0x0000c7b4                _ZN14ConstantDeviceD2Ev
                0x0000c7b4                _ZN14ConstantDeviceD1Ev
                0x0000c7ec                _ZN14ConstantDeviceD0Ev
                0x0000c808                _ZN14ConstantDevice12SetParameterESsPv
                0x0000c9ec                _ZN14ConstantDevice12GetParameterESs
                0x0000d094                _ZN14ConstantDeviceC2Ev
                0x0000d094                _ZN14ConstantDeviceC1Ev
                0x0000d8ec                _ZN14ConstantDevice14CreateInstanceEv
                0x0000d914                _ZN14ConstantDevice26UpdateOutconnectionsValuesEPv
 .text          0x0000d930     0x1920 ./Logical/CounterDevice.o
                0x0000d930                _ZN13CounterDevice4TypeEv
                0x0000d940                _ZN13CounterDevice7VersionEv
                0x0000d950                _ZN13CounterDevice11DescriptionEv
                0x0000d960                _ZN13CounterDevice9GroupNameEv
                0x0000d970                _ZN13CounterDevice12SetParameterESsPv
                0x0000daa0                _ZN13CounterDevice16CalculateOutputsEv
                0x0000dbcc                _ZN13CounterDeviceD1Ev
                0x0000dbcc                _ZN13CounterDeviceD2Ev
                0x0000dc04                _ZN13CounterDeviceD0Ev
                0x0000dc20                _ZN13CounterDevice12GetParameterESs
                0x0000e2dc                _ZN13CounterDeviceC2Ev
                0x0000e2dc                _ZN13CounterDeviceC1Ev
                0x0000f228                _ZN13CounterDevice14CreateInstanceEv
 .text          0x0000f250      0xc74 ./Logical/InverseDevice.o
                0x0000f250                _ZN13InverseDevice4TypeEv
                0x0000f260                _ZN13InverseDevice7VersionEv
                0x0000f270                _ZN13InverseDevice11DescriptionEv
                0x0000f280                _ZN13InverseDevice9GroupNameEv
                0x0000f290                _ZN13InverseDevice16CalculateOutputsEv
                0x0000f308                _ZN13InverseDeviceD2Ev
                0x0000f308                _ZN13InverseDeviceD1Ev
                0x0000f340                _ZN13InverseDeviceD0Ev
                0x0000f35c                _ZN13InverseDevice12GetParameterESs
                0x0000fa18                _ZN13InverseDeviceC1Ev
                0x0000fa18                _ZN13InverseDeviceC2Ev
                0x0000fe9c                _ZN13InverseDevice14CreateInstanceEv
 .text          0x0000fec4      0xde8 ./Logical/OrDevice.o
                0x0000fec4                _ZN8OrDevice4TypeEv
                0x0000fed4                _ZN8OrDevice7VersionEv
                0x0000fee4                _ZN8OrDevice11DescriptionEv
                0x0000fef4                _ZN8OrDevice9GroupNameEv
                0x0000ff04                _ZN8OrDevice16CalculateOutputsEv
                0x0000ff60                _ZN8OrDeviceD2Ev
                0x0000ff60                _ZN8OrDeviceD1Ev
                0x0000ff98                _ZN8OrDeviceD0Ev
                0x0000ffb4                _ZN8OrDevice12GetParameterESs
                0x00010670                _ZN8OrDeviceC1Ev
                0x00010670                _ZN8OrDeviceC2Ev
                0x00010c84                _ZN8OrDevice14CreateInstanceEv
 .text          0x00010cac      0x8e4 ./Logical/RSTriggerDevice.o
                0x00010cac                _ZN15RSTriggerDevice4TypeEv
                0x00010cbc                _ZN15RSTriggerDevice7VersionEv
                0x00010ccc                _ZN15RSTriggerDevice11DescriptionEv
                0x00010cdc                _ZN15RSTriggerDevice9GroupNameEv
                0x00010cec                _ZN15RSTriggerDevice16CalculateOutputsEv
                0x00010d4c                _ZN15RSTriggerDeviceD1Ev
                0x00010d4c                _ZN15RSTriggerDeviceD2Ev
                0x00010d84                _ZN15RSTriggerDeviceD0Ev
                0x00010da0                _ZN15RSTriggerDeviceC2Ev
                0x00010da0                _ZN15RSTriggerDeviceC1Ev
                0x00011568                _ZN15RSTriggerDevice14CreateInstanceEv
 .text          0x00011590      0x8dc ./Logical/SwitchBlock.o
                0x00011590                _ZN11SwitchBlock4TypeEv
                0x000115a0                _ZN11SwitchBlock7VersionEv
                0x000115b0                _ZN11SwitchBlock11DescriptionEv
                0x000115c0                _ZN11SwitchBlock9GroupNameEv
                0x000115d0                _ZN11SwitchBlock16CalculateOutputsEv
                0x00011628                _ZN11SwitchBlockD1Ev
                0x00011628                _ZN11SwitchBlockD2Ev
                0x00011660                _ZN11SwitchBlockD0Ev
                0x0001167c                _ZN11SwitchBlockC2Ev
                0x0001167c                _ZN11SwitchBlockC1Ev
                0x00011e44                _ZN11SwitchBlock14CreateInstanceEv
 .text          0x00011e6c      0x718 ./Logical/XorDevice.o
                0x00011e6c                _ZN9XorDevice4TypeEv
                0x00011e7c                _ZN9XorDevice7VersionEv
                0x00011e8c                _ZN9XorDevice11DescriptionEv
                0x00011e9c                _ZN9XorDevice9GroupNameEv
                0x00011eac                _ZN9XorDevice16CalculateOutputsEv
                0x00011efc                _ZN9XorDeviceD2Ev
                0x00011efc                _ZN9XorDeviceD1Ev
                0x00011f34                _ZN9XorDeviceD0Ev
                0x00011f50                _ZN9XorDeviceC1Ev
                0x00011f50                _ZN9XorDeviceC2Ev
                0x0001255c                _ZN9XorDevice14CreateInstanceEv
 .text          0x00012584     0x3878 ./GPOutputDevice/GPOutputDevice.o
                0x00012584                _ZN14GPOutputDevice4TypeEv
                0x00012594                _ZN14GPOutputDevice7VersionEv
                0x000125a4                _ZN14GPOutputDevice11DescriptionEv
                0x000125b4                _ZN14GPOutputDevice9GroupNameEv
                0x000125c4                _ZN14GPOutputDevice17WidgetInitializedEv
                0x000125c8                _ZN14GPOutputDeviceD1Ev
                0x000125c8                _ZN14GPOutputDeviceD2Ev
                0x00012600                _ZN14GPOutputDeviceD0Ev
                0x0001261c                _ZN14GPOutputDevice14ExecuteCommandE7Command
                0x00012ab4                _ZN14GPOutputDevice12SetParameterESsPv
                0x000131d0                _ZN14GPOutputDevice14EventTriggeredESt4listI14EventParameterSaIS1_EE
                0x00013744                _ZN14GPOutputDevice16ReleaseResourcesEv
                0x00013ae8                _ZN14GPOutputDevice16CalculateOutputsEv
                0x000143e0                _ZN14GPOutputDevice12GetParameterESs
                0x00014ae8                _ZN14GPOutputDeviceC2Ev
                0x00014ae8                _ZN14GPOutputDeviceC1Ev
                0x00015dcc                _ZN14GPOutputDevice14CreateInstanceEv
                0x00015df4                _ZN14GPOutputDevice13SetPortNumberEi
 .text          0x00015dfc     0x268c ./GPInputDevice/GPIDevice.o
                0x00015dfc                _ZN9GPIDevice4TypeEv
                0x00015e0c                _ZN9GPIDevice7VersionEv
                0x00015e1c                _ZN9GPIDevice11DescriptionEv
                0x00015e2c                _ZN9GPIDevice9GroupNameEv
                0x00015e3c                _ZN9GPIDevice16CalculateOutputsEv
                0x00015e70                _ZN9GPIDeviceD2Ev
                0x00015e70                _ZN9GPIDeviceD1Ev
                0x00015ed0                _ZN9GPIDeviceD0Ev
                0x00015eec                _ZN9GPIDevice12SetParameterESsPv
                0x00015f48                _ZN9GPIDevice14EventTriggeredESt4listI14EventParameterSaIS1_EE
                0x000160e0                _ZN9GPIDevice14ExecuteCommandE7Command
                0x00016578                _ZN9GPIDevice16ReleaseResourcesEv
                0x0001691c                _ZN9GPIDevice17WidgetInitializedEv
                0x00016cc4                _ZN9GPIDevice12GetParameterESs
                0x000173e4                _ZN9GPIDeviceC2Ev
                0x000173e4                _ZN9GPIDeviceC1Ev
                0x00018460                _ZN9GPIDevice14CreateInstanceEv
 .text          0x00018488      0x414 ./EntryPoint.o
                0x00018488                CreateDevices
 .text          0x0001889c     0x15f4 ./DelayTimer/DelayTimer.o
                0x0001889c                _ZN10DelayTimer4TypeEv
                0x000188ac                _ZN10DelayTimer7VersionEv
                0x000188bc                _ZN10DelayTimer11DescriptionEv
                0x000188cc                _ZN10DelayTimer9GroupNameEv
                0x000188dc                _ZN10DelayTimer24InitializeFromDescriptorESt4listI8PropertySaIS1_EE
                0x00018934                _Z19DelayTimerThreadRunPv
                0x000189e8                _ZN10DelayTimerD1Ev
                0x000189e8                _ZN10DelayTimerD2Ev
                0x00018a20                _ZN10DelayTimerD0Ev
                0x00018a3c                _ZN10DelayTimer12SetParameterESsPv
                0x00018b38                _ZN10DelayTimer12GetParameterESs
                0x000191f4                _ZN10DelayTimerC2Ev
                0x000191f4                _ZN10DelayTimerC1Ev
                0x00019cc0                _ZN10DelayTimer14CreateInstanceEv
                0x00019ce8                _ZN10DelayTimer11StartThreadEv
                0x00019ddc                _ZN10DelayTimer16CalculateOutputsEv
                0x00019e68                _ZN10DelayTimer10StopThreadEv
 .text          0x00019e90     0x110c ./ButtonDevice/ButtonDevice.o
                0x00019e90                _ZN12ButtonDevice4TypeEv
                0x00019ea0                _ZN12ButtonDevice7VersionEv
                0x00019eb0                _ZN12ButtonDevice11DescriptionEv
                0x00019ec0                _ZN12ButtonDevice9GroupNameEv
                0x00019ed0                _ZN12ButtonDevice16CalculateOutputsEv
                0x00019f58                _ZN12ButtonDeviceD2Ev
                0x00019f58                _ZN12ButtonDeviceD1Ev
                0x00019f90                _ZN12ButtonDeviceD0Ev
                0x00019fac                _ZN12ButtonDevice12GetParameterESs
                0x0001a6b4                _ZN12ButtonDeviceC1Ev
                0x0001a6b4                _ZN12ButtonDeviceC2Ev
                0x0001ae84                _ZN12ButtonDevice14CreateInstanceEv
                0x0001aeac                _Z20PinoutEventTriggeredPvSt4listI14EventParameterSaIS1_EE
 .text          0x0001af9c     0x2304 ./ADCDevice/ADCDevice.o
                0x0001af9c                _ZN9ADCDevice4TypeEv
                0x0001afac                _ZN9ADCDevice7VersionEv
                0x0001afbc                _ZN9ADCDevice11DescriptionEv
                0x0001afcc                _ZN9ADCDevice9GroupNameEv
                0x0001afdc                _ZN9ADCDevice16CalculateOutputsEv
                0x0001b03c                _ZN9ADCDeviceD1Ev
                0x0001b03c                _ZN9ADCDeviceD2Ev
                0x0001b074                _ZN9ADCDeviceD0Ev
                0x0001b090                _ZN9ADCDevice14EventTriggeredESt4listI14EventParameterSaIS1_EE
                0x0001b204                _ZN9ADCDevice14ExecuteCommandE7Command
                0x0001b69c                _ZN9ADCDevice16ReleaseResourcesEv
                0x0001ba40                _ZN9ADCDevice17WidgetInitializedEv
                0x0001bde8                _ZN9ADCDevice12GetParameterESs
                0x0001c4a4                _ZN9ADCDeviceC1Ev
                0x0001c4a4                _ZN9ADCDeviceC2Ev
                0x0001d278                _ZN9ADCDevice14CreateInstanceEv
 .text          0x0001d2a0     0x2400 ./CosmDevice/CosmDevice.o
                0x0001d2a0                _ZN10CosmDevice4TypeEv
                0x0001d2b0                _ZN10CosmDevice7VersionEv
                0x0001d2c0                _ZN10CosmDevice11DescriptionEv
                0x0001d2d0                _ZN10CosmDevice9GroupNameEv
                0x0001d2e0                _ZN10CosmDeviceD2Ev
                0x0001d2e0                _ZN10CosmDeviceD1Ev
                0x0001d4ac                _ZN10CosmDeviceD0Ev
                0x0001d4c8                _ZN10CosmDevice12GetParameterESs
                0x0001dbd0                _ZN10CosmDeviceC2Ev
                0x0001dbd0                _ZN10CosmDeviceC1Ev
                0x0001ebe8                _ZN10CosmDevice14CreateInstanceEv
                0x0001ec10                _ZN10CosmDevice20SendCosmNotificationESsSsSsSs
                0x0001f098                _ZN10CosmDevice16CalculateOutputsEv
                0x0001f384                _ZN10CosmDevice12SetParameterESsPv
 .text._ZStplIcSt11char_traitsIcESaIcEESbIT_T0_T1_EPKS3_RKS6_
                0x0001f6a0       0x80 ./CosmDevice/CosmDevice.o
                0x0001f6a0                _ZStplIcSt11char_traitsIcESaIcEESbIT_T0_T1_EPKS3_RKS6_
 .text          0x0001f720     0x2738 ./FeedDevice/FeedDevice.o
                0x0001f720                _ZN10FeedDevice4TypeEv
                0x0001f730                _ZN10FeedDevice7VersionEv
                0x0001f740                _ZN10FeedDevice11DescriptionEv
                0x0001f750                _ZN10FeedDevice9GroupNameEv
                0x0001f760                _ZN10FeedDevice12SetParameterESsPv
                0x0001f764                _ZN10FeedDeviceD2Ev
                0x0001f764                _ZN10FeedDeviceD1Ev
                0x0001f838                _ZN10FeedDeviceD0Ev
                0x0001f854                _ZN10FeedDevice16ReleaseResourcesEv
                0x0001fbb4                _ZN10FeedDevice16CalculateOutputsEv
                0x00020114                _ZN10FeedDevice14ExecuteCommandE7Command
                0x00020510                _ZN10FeedDevice17WidgetInitializedEv
                0x00020874                _ZN10FeedDevice12GetParameterESs
                0x00020e78                _ZN10FeedDeviceC1Ev
                0x00020e78                _ZN10FeedDeviceC2Ev
                0x00021e30                _ZN10FeedDevice14CreateInstanceEv
 .text          0x00021e58      0xed0 /usr/lib/gcc/arm-linux-gnueabihf/4.6/libgcc.a(linux-atomic.o)
                0x00021e58                __sync_fetch_and_add_4
                0x00021e90                __sync_fetch_and_sub_4
                0x00021ec8                __sync_fetch_and_or_4
                0x00021f00                __sync_fetch_and_and_4
                0x00021f38                __sync_fetch_and_xor_4
                0x00021f70                __sync_fetch_and_nand_4
                0x00021fac                __sync_fetch_and_add_2
                0x0002200c                __sync_fetch_and_sub_2
                0x0002206c                __sync_fetch_and_or_2
                0x000220cc                __sync_fetch_and_and_2
                0x0002212c                __sync_fetch_and_xor_2
                0x0002218c                __sync_fetch_and_nand_2
                0x000221f0                __sync_fetch_and_add_1
                0x0002224c                __sync_fetch_and_sub_1
                0x000222a8                __sync_fetch_and_or_1
                0x00022304                __sync_fetch_and_and_1
                0x00022360                __sync_fetch_and_xor_1
                0x000223bc                __sync_fetch_and_nand_1
                0x0002241c                __sync_add_and_fetch_4
                0x00022454                __sync_sub_and_fetch_4
                0x0002248c                __sync_or_and_fetch_4
                0x000224c4                __sync_and_and_fetch_4
                0x000224fc                __sync_xor_and_fetch_4
                0x00022534                __sync_nand_and_fetch_4
                0x00022570                __sync_add_and_fetch_2
                0x000225d8                __sync_sub_and_fetch_2
                0x00022640                __sync_or_and_fetch_2
                0x000226a8                __sync_and_and_fetch_2
                0x00022710                __sync_xor_and_fetch_2
                0x00022778                __sync_nand_and_fetch_2
                0x000227e4                __sync_add_and_fetch_1
                0x00022848                __sync_sub_and_fetch_1
                0x000228ac                __sync_or_and_fetch_1
                0x00022910                __sync_and_and_fetch_1
                0x00022974                __sync_xor_and_fetch_1
                0x000229d8                __sync_nand_and_fetch_1
                0x00022a40                __sync_val_compare_and_swap_4
                0x00022a88                __sync_val_compare_and_swap_2
                0x00022af8                __sync_val_compare_and_swap_1
                0x00022b64                __sync_bool_compare_and_swap_4
                0x00022b90                __sync_bool_compare_and_swap_2
                0x00022bac                __sync_bool_compare_and_swap_1
                0x00022bc8                __sync_synchronize
                0x00022bdc                __sync_lock_test_and_set_4
                0x00022c14                __sync_lock_test_and_set_2
                0x00022c70                __sync_lock_test_and_set_1
                0x00022cc8                __sync_lock_release_4
                0x00022ce8                __sync_lock_release_2
                0x00022d08                __sync_lock_release_1
 .text          0x00022d28        0x0 /usr/lib/gcc/arm-linux-gnueabihf/4.6/crtendS.o
 .text          0x00022d28        0x0 /usr/lib/gcc/arm-linux-gnueabihf/4.6/../../../arm-linux-gnueabihf/crtn.o
 *(.gnu.warning)
 *(.glue_7t)
 .glue_7t       0x00000000        0x0 linker stubs
 *(.glue_7)
 .glue_7        0x00000000        0x0 linker stubs
 *(.vfp11_veneer)
 .vfp11_veneer  0x00000000        0x0 linker stubs
 *(.v4_bx)
 .v4_bx         0x00000000        0x0 linker stubs

.fini           0x00022d28        0x8
 *(.fini)
 .fini          0x00022d28        0x4 /usr/lib/gcc/arm-linux-gnueabihf/4.6/../../../arm-linux-gnueabihf/crti.o
                0x00022d28                _fini
 .fini          0x00022d2c        0x4 /usr/lib/gcc/arm-linux-gnueabihf/4.6/../../../arm-linux-gnueabihf/crtn.o
                0x00022d30                PROVIDE (__etext, .)
                0x00022d30                PROVIDE (_etext, .)
                0x00022d30                PROVIDE (etext, .)

.rodata         0x00022d30     0x193c
 *(.rodata .rodata.* .gnu.linkonce.r.*)
 .rodata        0x00022d30       0x10 ./TimerDevice/TimerDevice.o
                0x00022d30                _ZTS11TimerDevice
 .rodata.str1.4
                0x00022d40      0x223 ./TimerDevice/TimerDevice.o
                                0x238 (size before relaxing)
 *fill*         0x00022f63        0x1 00
 .rodata        0x00022f64       0x10 ./ScreenButton/ScreenButton.o
                0x00022f64                _ZTS12ScreenButton
 .rodata.str1.4
                0x00022f74      0x12e ./ScreenButton/ScreenButton.o
                                0x164 (size before relaxing)
 *fill*         0x000230a2        0x2 00
 .rodata        0x000230a4        0xc ./Logical/AdnWidget.o
                0x000230a4                _ZTS9AndWidget
 .rodata.str1.4
                0x000230b0      0x138 ./Logical/AdnWidget.o
                                0x170 (size before relaxing)
 .rodata        0x000231e8       0x14 ./Logical/ComparatorWidget.o
                0x000231e8                _ZTS16ComparatorDevice
 .rodata.str1.4
                0x000231fc      0x119 ./Logical/ComparatorWidget.o
                                0x16c (size before relaxing)
 *fill*         0x00023315        0x3 00
 .rodata        0x00023318       0x14 ./Logical/ConstantWidget.o
                0x00023318                _ZTS14ConstantDevice
 .rodata.str1.4
                0x0002332c      0x17b ./Logical/ConstantWidget.o
                                0x1c4 (size before relaxing)
 *fill*         0x000234a7        0x1 00
 .rodata        0x000234a8       0x10 ./Logical/CounterDevice.o
                0x000234a8                _ZTS13CounterDevice
 .rodata.str1.4
                0x000234b8      0x2f0 ./Logical/CounterDevice.o
                                0x330 (size before relaxing)
 .rodata        0x000237a8       0x10 ./Logical/InverseDevice.o
                0x000237a8                _ZTS13InverseDevice
 .rodata.str1.4
                0x000237b8       0x9c ./Logical/InverseDevice.o
                                 0xe4 (size before relaxing)
 .rodata        0x00023854        0xc ./Logical/OrDevice.o
                0x00023854                _ZTS8OrDevice
 .rodata.str1.4
                0x00023860       0xb3 ./Logical/OrDevice.o
                                0x134 (size before relaxing)
 *fill*         0x00023913        0x1 00
 .rodata        0x00023914       0x14 ./Logical/RSTriggerDevice.o
                0x00023914                _ZTS15RSTriggerDevice
 .rodata.str1.4
                0x00023928      0x1c3 ./Logical/RSTriggerDevice.o
                                0x1f8 (size before relaxing)
 *fill*         0x00023aeb        0x1 00
 .rodata        0x00023aec       0x10 ./Logical/SwitchBlock.o
                0x00023aec                _ZTS11SwitchBlock
 .rodata.str1.4
                0x00023afc       0xaf ./Logical/SwitchBlock.o
                                 0xcc (size before relaxing)
 *fill*         0x00023bab        0x1 00
 .rodata        0x00023bac        0xc ./Logical/XorDevice.o
                0x00023bac                _ZTS9XorDevice
 .rodata.str1.4
                0x00023bb8       0xac ./Logical/XorDevice.o
                                0x114 (size before relaxing)
 .rodata        0x00023c64       0x14 ./GPOutputDevice/GPOutputDevice.o
                0x00023c64                _ZTS14GPOutputDevice
 .rodata.str1.4
                0x00023c78      0x1ef ./GPOutputDevice/GPOutputDevice.o
                                0x21c (size before relaxing)
 *fill*         0x00023e67        0x1 00
 .rodata        0x00023e68        0xc ./GPInputDevice/GPIDevice.o
                0x00023e68                _ZTS9GPIDevice
 .rodata.str1.4
                0x00023e74      0x21c ./GPInputDevice/GPIDevice.o
                                0x2d0 (size before relaxing)
 .rodata.str1.4
                0x00024090       0x42 ./EntryPoint.o
                                 0x44 (size before relaxing)
 *fill*         0x000240d2        0x2 00
 .rodata        0x000240d4       0x10 ./DelayTimer/DelayTimer.o
                0x000240d4                _ZTS10DelayTimer
 .rodata.str1.4
                0x000240e4       0xa8 ./DelayTimer/DelayTimer.o
                                0x1f8 (size before relaxing)
 .rodata        0x0002418c       0x10 ./ButtonDevice/ButtonDevice.o
                0x0002418c                _ZTS12ButtonDevice
 .rodata.str1.4
                0x0002419c       0x5e ./ButtonDevice/ButtonDevice.o
                                 0xf0 (size before relaxing)
 *fill*         0x000241fa        0x2 00
 .rodata        0x000241fc        0xc ./ADCDevice/ADCDevice.o
                0x000241fc                _ZTS9ADCDevice
 .rodata.str1.4
                0x00024208      0x12b ./ADCDevice/ADCDevice.o
                                0x18c (size before relaxing)
 *fill*         0x00024333        0x1 00
 .rodata        0x00024334       0x10 ./CosmDevice/CosmDevice.o
                0x00024334                _ZTS10CosmDevice
 .rodata.str1.4
                0x00024344      0x293 ./CosmDevice/CosmDevice.o
                                0x2e0 (size before relaxing)
 *fill*         0x000245d7        0x1 00
 .rodata        0x000245d8       0x10 ./FeedDevice/FeedDevice.o
                0x000245d8                _ZTS10FeedDevice
 .rodata.str1.4
                0x000245e8       0x84 ./FeedDevice/FeedDevice.o
                                 0xf4 (size before relaxing)

.rodata1
 *(.rodata1)

.ARM.extab      0x0002466c     0x1e18
 *(.ARM.extab* .gnu.linkonce.armextab.*)
 .ARM.extab     0x0002466c      0x168 ./TimerDevice/TimerDevice.o
 .ARM.extab.text._ZN15DeviceParameterD2Ev
                0x000247d4        0x0 ./TimerDevice/TimerDevice.o
 .ARM.extab.text.startup
                0x000247d4        0x0 ./TimerDevice/TimerDevice.o
 .ARM.extab     0x000247d4       0xc8 ./ScreenButton/ScreenButton.o
 .ARM.extab.text.startup
                0x0002489c        0x0 ./ScreenButton/ScreenButton.o
 .ARM.extab     0x0002489c       0xfc ./Logical/AdnWidget.o
 .ARM.extab.text.startup
                0x00024998        0x0 ./Logical/AdnWidget.o
 .ARM.extab     0x00024998      0x14c ./Logical/ComparatorWidget.o
 .ARM.extab.text.startup
                0x00024ae4        0x0 ./Logical/ComparatorWidget.o
 .ARM.extab     0x00024ae4      0x164 ./Logical/ConstantWidget.o
 .ARM.extab.text.startup
                0x00024c48        0x0 ./Logical/ConstantWidget.o
 .ARM.extab     0x00024c48      0x1a0 ./Logical/CounterDevice.o
 .ARM.extab.text.startup
                0x00024de8        0x0 ./Logical/CounterDevice.o
 .ARM.extab     0x00024de8       0xe0 ./Logical/InverseDevice.o
 .ARM.extab.text.startup
                0x00024ec8        0x0 ./Logical/InverseDevice.o
 .ARM.extab     0x00024ec8       0xfc ./Logical/OrDevice.o
 .ARM.extab.text.startup
                0x00024fc4        0x0 ./Logical/OrDevice.o
 .ARM.extab     0x00024fc4       0xac ./Logical/RSTriggerDevice.o
 .ARM.extab.text.startup
                0x00025070        0x0 ./Logical/RSTriggerDevice.o
 .ARM.extab     0x00025070       0xac ./Logical/SwitchBlock.o
 .ARM.extab.text.startup
                0x0002511c        0x0 ./Logical/SwitchBlock.o
 .ARM.extab     0x0002511c       0x98 ./Logical/XorDevice.o
 .ARM.extab.text.startup
                0x000251b4        0x0 ./Logical/XorDevice.o
 .ARM.extab     0x000251b4      0x41c ./GPOutputDevice/GPOutputDevice.o
 .ARM.extab.text.startup
                0x000255d0        0x0 ./GPOutputDevice/GPOutputDevice.o
 .ARM.extab     0x000255d0      0x2c8 ./GPInputDevice/GPIDevice.o
 .ARM.extab.text.startup
                0x00025898        0x0 ./GPInputDevice/GPIDevice.o
 .ARM.extab     0x00025898       0xe0 ./EntryPoint.o
 .ARM.extab.text.startup
                0x00025978        0x0 ./EntryPoint.o
 .ARM.extab     0x00025978      0x168 ./DelayTimer/DelayTimer.o
 .ARM.extab.text.startup
                0x00025ae0        0x0 ./DelayTimer/DelayTimer.o
 .ARM.extab     0x00025ae0      0x128 ./ButtonDevice/ButtonDevice.o
 .ARM.extab.text.startup
                0x00025c08        0x0 ./ButtonDevice/ButtonDevice.o
 .ARM.extab     0x00025c08      0x29c ./ADCDevice/ADCDevice.o
 .ARM.extab.text.startup
                0x00025ea4        0x0 ./ADCDevice/ADCDevice.o
 .ARM.extab     0x00025ea4      0x280 ./CosmDevice/CosmDevice.o
 .ARM.extab.text._ZStplIcSt11char_traitsIcESaIcEESbIT_T0_T1_EPKS3_RKS6_
                0x00026124       0x14 ./CosmDevice/CosmDevice.o
 .ARM.extab.text.startup
                0x00026138        0x0 ./CosmDevice/CosmDevice.o
 .ARM.extab     0x00026138      0x34c ./FeedDevice/FeedDevice.o
 .ARM.extab.text.startup
                0x00026484        0x0 ./FeedDevice/FeedDevice.o
 .ARM.extab     0x00026484        0x0 /usr/lib/gcc/arm-linux-gnueabihf/4.6/libgcc.a(linux-atomic.o)
                0x00026484                PROVIDE (__exidx_start, .)

.ARM.exidx      0x00026484      0x478
 *(.ARM.exidx* .gnu.linkonce.armexidx.*)
 .ARM.exidx     0x0002648c       0x48 ./TimerDevice/TimerDevice.o
                                 0x88 (size before relaxing)
 .ARM.exidx.text._ZN15DeviceParameterD2Ev
                0x000264d4        0x0 ./TimerDevice/TimerDevice.o
                                  0x8 (size before relaxing)
 .ARM.exidx.text.startup
                0x00026484        0x8 ./TimerDevice/TimerDevice.o
 .ARM.exidx     0x000264d4       0x30 ./ScreenButton/ScreenButton.o
                                 0x58 (size before relaxing)
 .ARM.exidx.text.startup
                0x0002648c        0x0 ./ScreenButton/ScreenButton.o
                                  0x8 (size before relaxing)
 .ARM.exidx     0x00026504       0x30 ./Logical/AdnWidget.o
                                 0x50 (size before relaxing)
 .ARM.exidx.text.startup
                0x0002648c        0x0 ./Logical/AdnWidget.o
                                  0x8 (size before relaxing)
 .ARM.exidx     0x00026534       0x48 ./Logical/ComparatorWidget.o
                                 0x68 (size before relaxing)
 .ARM.exidx.text.startup
                0x0002648c        0x0 ./Logical/ComparatorWidget.o
                                  0x8 (size before relaxing)
 .ARM.exidx     0x0002657c       0x40 ./Logical/ConstantWidget.o
                                 0x68 (size before relaxing)
 .ARM.exidx.text.startup
                0x0002648c        0x0 ./Logical/ConstantWidget.o
                                  0x8 (size before relaxing)
 .ARM.exidx     0x000265bc       0x38 ./Logical/CounterDevice.o
                                 0x58 (size before relaxing)
 .ARM.exidx.text.startup
                0x0002648c        0x0 ./Logical/CounterDevice.o
                                  0x8 (size before relaxing)
 .ARM.exidx     0x000265f4       0x30 ./Logical/InverseDevice.o
                                 0x50 (size before relaxing)
 .ARM.exidx.text.startup
                0x0002648c        0x0 ./Logical/InverseDevice.o
                                  0x8 (size before relaxing)
 .ARM.exidx     0x00026624       0x30 ./Logical/OrDevice.o
                                 0x50 (size before relaxing)
 .ARM.exidx.text.startup
                0x0002648c        0x0 ./Logical/OrDevice.o
                                  0x8 (size before relaxing)
 .ARM.exidx     0x00026654       0x28 ./Logical/RSTriggerDevice.o
                                 0x48 (size before relaxing)
 .ARM.exidx.text.startup
                0x0002648c        0x0 ./Logical/RSTriggerDevice.o
                                  0x8 (size before relaxing)
 .ARM.exidx     0x0002667c       0x28 ./Logical/SwitchBlock.o
                                 0x48 (size before relaxing)
 .ARM.exidx.text.startup
                0x0002648c        0x0 ./Logical/SwitchBlock.o
                                  0x8 (size before relaxing)
 .ARM.exidx     0x000266a4       0x28 ./Logical/XorDevice.o
                                 0x48 (size before relaxing)
 .ARM.exidx.text.startup
                0x0002648c        0x0 ./Logical/XorDevice.o
                                  0x8 (size before relaxing)
 .ARM.exidx     0x000266cc       0x58 ./GPOutputDevice/GPOutputDevice.o
                                 0x80 (size before relaxing)
 .ARM.exidx.text.startup
                0x0002648c        0x0 ./GPOutputDevice/GPOutputDevice.o
                                  0x8 (size before relaxing)
 .ARM.exidx     0x00026724       0x58 ./GPInputDevice/GPIDevice.o
                                 0x78 (size before relaxing)
 .ARM.exidx.text.startup
                0x0002648c        0x0 ./GPInputDevice/GPIDevice.o
                                  0x8 (size before relaxing)
 .ARM.exidx     0x0002677c        0x8 ./EntryPoint.o
 .ARM.exidx.text.startup
                0x0002648c        0x0 ./EntryPoint.o
                                  0x8 (size before relaxing)
 .ARM.exidx     0x00026784       0x50 ./DelayTimer/DelayTimer.o
                                 0x78 (size before relaxing)
 .ARM.exidx.text.startup
                0x0002648c        0x0 ./DelayTimer/DelayTimer.o
                                  0x8 (size before relaxing)
 .ARM.exidx     0x000267d4       0x30 ./ButtonDevice/ButtonDevice.o
                                 0x58 (size before relaxing)
 .ARM.exidx.text.startup
                0x0002648c        0x0 ./ButtonDevice/ButtonDevice.o
                                  0x8 (size before relaxing)
 .ARM.exidx     0x00026804       0x50 ./ADCDevice/ADCDevice.o
                                 0x70 (size before relaxing)
 .ARM.exidx.text.startup
                0x0002648c        0x0 ./ADCDevice/ADCDevice.o
                                  0x8 (size before relaxing)
 .ARM.exidx     0x00026854       0x48 ./CosmDevice/CosmDevice.o
                                 0x60 (size before relaxing)
 .ARM.exidx.text._ZStplIcSt11char_traitsIcESaIcEESbIT_T0_T1_EPKS3_RKS6_
                0x0002689c        0x8 ./CosmDevice/CosmDevice.o
 .ARM.exidx.text.startup
                0x0002648c        0x0 ./CosmDevice/CosmDevice.o
                                  0x8 (size before relaxing)
 .ARM.exidx     0x000268a4       0x50 ./FeedDevice/FeedDevice.o
                                 0x70 (size before relaxing)
 .ARM.exidx.text.startup
                0x0002648c        0x0 ./FeedDevice/FeedDevice.o
                                  0x8 (size before relaxing)
 .ARM.exidx     0x000268f4        0x8 /usr/lib/gcc/arm-linux-gnueabihf/4.6/libgcc.a(linux-atomic.o)
                                0x188 (size before relaxing)
                0x000268fc                PROVIDE (__exidx_end, .)

.eh_frame_hdr   0x000268fc        0x0
 *(.eh_frame_hdr)
 .eh_frame_hdr  0x00000000        0x0 /usr/lib/gcc/arm-linux-gnueabihf/4.6/../../../arm-linux-gnueabihf/crtn.o

.eh_frame       0x000268fc        0x4
 *(.eh_frame)
 .eh_frame      0x000268fc        0x4 /usr/lib/gcc/arm-linux-gnueabihf/4.6/crtendS.o

.gcc_except_table
 *(.gcc_except_table .gcc_except_table.*)

.exception_ranges
 *(.exception_ranges .exception_ranges*)
                0x00026900                . = (ALIGN (0x8000) - ((0x8000 - .) & 0x7fff))
                0x0002f000                . = DATA_SEGMENT_ALIGN (0x8000, 0x1000)

.eh_frame
 *(.eh_frame)

.gcc_except_table
 *(.gcc_except_table .gcc_except_table.*)

.exception_ranges
 *(.exception_ranges .exception_ranges*)

.tdata
 *(.tdata .tdata.* .gnu.linkonce.td.*)

.tbss
 *(.tbss .tbss.* .gnu.linkonce.tb.*)
 *(.tcommon)

.preinit_array
 *(.preinit_array)

.init_array     0x0002f000       0x50
 *(SORT(.init_array.*) SORT(.ctors.*))
 *(.init_array)
 .init_array    0x0002f000        0x4 /usr/lib/gcc/arm-linux-gnueabihf/4.6/crtbeginS.o
 .init_array    0x0002f004        0x4 ./TimerDevice/TimerDevice.o
 .init_array    0x0002f008        0x4 ./ScreenButton/ScreenButton.o
 .init_array    0x0002f00c        0x4 ./Logical/AdnWidget.o
 .init_array    0x0002f010        0x4 ./Logical/ComparatorWidget.o
 .init_array    0x0002f014        0x4 ./Logical/ConstantWidget.o
 .init_array    0x0002f018        0x4 ./Logical/CounterDevice.o
 .init_array    0x0002f01c        0x4 ./Logical/InverseDevice.o
 .init_array    0x0002f020        0x4 ./Logical/OrDevice.o
 .init_array    0x0002f024        0x4 ./Logical/RSTriggerDevice.o
 .init_array    0x0002f028        0x4 ./Logical/SwitchBlock.o
 .init_array    0x0002f02c        0x4 ./Logical/XorDevice.o
 .init_array    0x0002f030        0x4 ./GPOutputDevice/GPOutputDevice.o
 .init_array    0x0002f034        0x4 ./GPInputDevice/GPIDevice.o
 .init_array    0x0002f038        0x4 ./EntryPoint.o
 .init_array    0x0002f03c        0x4 ./DelayTimer/DelayTimer.o
 .init_array    0x0002f040        0x4 ./ButtonDevice/ButtonDevice.o
 .init_array    0x0002f044        0x4 ./ADCDevice/ADCDevice.o
 .init_array    0x0002f048        0x4 ./CosmDevice/CosmDevice.o
 .init_array    0x0002f04c        0x4 ./FeedDevice/FeedDevice.o
 *(EXCLUDE_FILE(*crtend?.o *crtend.o *crtbegin?.o *crtbegin.o) .ctors)

.fini_array     0x0002f050        0x4
 *(SORT(.fini_array.*) SORT(.dtors.*))
 *(.fini_array)
 .fini_array    0x0002f050        0x4 /usr/lib/gcc/arm-linux-gnueabihf/4.6/crtbeginS.o
 *(EXCLUDE_FILE(*crtend?.o *crtend.o *crtbegin?.o *crtbegin.o) .dtors)

.ctors
 *crtbegin.o(.ctors)
 *crtbegin?.o(.ctors)
 *(EXCLUDE_FILE(*crtend?.o *crtend.o) .ctors)
 *(SORT(.ctors.*))
 *(.ctors)

.dtors
 *crtbegin.o(.dtors)
 *crtbegin?.o(.dtors)
 *(EXCLUDE_FILE(*crtend?.o *crtend.o) .dtors)
 *(SORT(.dtors.*))
 *(.dtors)

.jcr            0x0002f054        0x4
 *(.jcr)
 .jcr           0x0002f054        0x0 /usr/lib/gcc/arm-linux-gnueabihf/4.6/crtbeginS.o
 .jcr           0x0002f054        0x4 /usr/lib/gcc/arm-linux-gnueabihf/4.6/crtendS.o

.data.rel.ro    0x0002f058      0x870
 *(.data.rel.ro.local* .gnu.linkonce.d.rel.ro.local.*)
 *(.data.rel.ro* .gnu.linkonce.d.rel.ro.*)
 .data.rel.ro   0x0002f058       0x78 ./TimerDevice/TimerDevice.o
                0x0002f058                _ZTI11TimerDevice
                0x0002f068                _ZTV11TimerDevice
 .data.rel.ro   0x0002f0d0       0x78 ./ScreenButton/ScreenButton.o
                0x0002f0d0                _ZTI12ScreenButton
                0x0002f0e0                _ZTV12ScreenButton
 .data.rel.ro   0x0002f148       0x78 ./Logical/AdnWidget.o
                0x0002f148                _ZTI9AndWidget
                0x0002f158                _ZTV9AndWidget
 .data.rel.ro   0x0002f1c0       0x78 ./Logical/ComparatorWidget.o
                0x0002f1c0                _ZTI16ComparatorDevice
                0x0002f1d0                _ZTV16ComparatorDevice
 .data.rel.ro   0x0002f238       0x78 ./Logical/ConstantWidget.o
                0x0002f238                _ZTI14ConstantDevice
                0x0002f248                _ZTV14ConstantDevice
 .data.rel.ro   0x0002f2b0       0x78 ./Logical/CounterDevice.o
                0x0002f2b0                _ZTI13CounterDevice
                0x0002f2c0                _ZTV13CounterDevice
 .data.rel.ro   0x0002f328       0x78 ./Logical/InverseDevice.o
                0x0002f328                _ZTI13InverseDevice
                0x0002f338                _ZTV13InverseDevice
 .data.rel.ro   0x0002f3a0       0x78 ./Logical/OrDevice.o
                0x0002f3a0                _ZTI8OrDevice
                0x0002f3b0                _ZTV8OrDevice
 .data.rel.ro   0x0002f418       0x78 ./Logical/RSTriggerDevice.o
                0x0002f418                _ZTI15RSTriggerDevice
                0x0002f428                _ZTV15RSTriggerDevice
 .data.rel.ro   0x0002f490       0x78 ./Logical/SwitchBlock.o
                0x0002f490                _ZTI11SwitchBlock
                0x0002f4a0                _ZTV11SwitchBlock
 .data.rel.ro   0x0002f508       0x78 ./Logical/XorDevice.o
                0x0002f508                _ZTI9XorDevice
                0x0002f518                _ZTV9XorDevice
 .data.rel.ro   0x0002f580       0x78 ./GPOutputDevice/GPOutputDevice.o
                0x0002f580                _ZTI14GPOutputDevice
                0x0002f590                _ZTV14GPOutputDevice
 .data.rel.ro   0x0002f5f8       0x78 ./GPInputDevice/GPIDevice.o
                0x0002f5f8                _ZTI9GPIDevice
                0x0002f608                _ZTV9GPIDevice
 .data.rel.ro   0x0002f670       0x78 ./DelayTimer/DelayTimer.o
                0x0002f670                _ZTI10DelayTimer
                0x0002f680                _ZTV10DelayTimer
 .data.rel.ro   0x0002f6e8       0x78 ./ButtonDevice/ButtonDevice.o
                0x0002f6e8                _ZTI12ButtonDevice
                0x0002f6f8                _ZTV12ButtonDevice
 .data.rel.ro   0x0002f760       0x78 ./ADCDevice/ADCDevice.o
                0x0002f760                _ZTI9ADCDevice
                0x0002f770                _ZTV9ADCDevice
 .data.rel.ro   0x0002f7d8       0x78 ./CosmDevice/CosmDevice.o
                0x0002f7d8                _ZTI10CosmDevice
                0x0002f7e8                _ZTV10CosmDevice
 .data.rel.ro   0x0002f850       0x78 ./FeedDevice/FeedDevice.o
                0x0002f850                _ZTI10FeedDevice
                0x0002f860                _ZTV10FeedDevice

.dynamic        0x0002f8c8      0x108
 *(.dynamic)
 .dynamic       0x0002f8c8      0x108 /usr/lib/gcc/arm-linux-gnueabihf/4.6/../../../arm-linux-gnueabihf/crti.o
                0x0002f8c8                _DYNAMIC
                0x0002f9d0                . = DATA_SEGMENT_RELRO_END (., 0x0)

.got            0x0002f9d0      0x258
 *(.got.plt)
 .got.plt       0x0002f9d0      0x1e0 /usr/lib/gcc/arm-linux-gnueabihf/4.6/../../../arm-linux-gnueabihf/crti.o
                0x0002f9d0                _GLOBAL_OFFSET_TABLE_
 *(.igot.plt)
 .igot.plt      0x00000000        0x0 /usr/lib/gcc/arm-linux-gnueabihf/4.6/../../../arm-linux-gnueabihf/crti.o
 *(.got)
 .got           0x0002fbb0       0x78 /usr/lib/gcc/arm-linux-gnueabihf/4.6/../../../arm-linux-gnueabihf/crti.o
 *(.igot)

.data           0x0002fc28        0x4
                0x0002fc28                PROVIDE (__data_start, .)
 *(.data .data.* .gnu.linkonce.d.*)
 .data          0x0002fc28        0x0 /usr/lib/gcc/arm-linux-gnueabihf/4.6/../../../arm-linux-gnueabihf/crti.o
 .data          0x0002fc28        0x0 /usr/lib/gcc/arm-linux-gnueabihf/4.6/crtbeginS.o
 .data.rel      0x0002fc28        0x4 /usr/lib/gcc/arm-linux-gnueabihf/4.6/crtbeginS.o
                0x0002fc28                __dso_handle
 .data          0x0002fc2c        0x0 ./TimerDevice/TimerDevice.o
 .data          0x0002fc2c        0x0 ./ScreenButton/ScreenButton.o
 .data          0x0002fc2c        0x0 ./Logical/AdnWidget.o
 .data          0x0002fc2c        0x0 ./Logical/ComparatorWidget.o
 .data          0x0002fc2c        0x0 ./Logical/ConstantWidget.o
 .data          0x0002fc2c        0x0 ./Logical/CounterDevice.o
 .data          0x0002fc2c        0x0 ./Logical/InverseDevice.o
 .data          0x0002fc2c        0x0 ./Logical/OrDevice.o
 .data          0x0002fc2c        0x0 ./Logical/RSTriggerDevice.o
 .data          0x0002fc2c        0x0 ./Logical/SwitchBlock.o
 .data          0x0002fc2c        0x0 ./Logical/XorDevice.o
 .data          0x0002fc2c        0x0 ./GPOutputDevice/GPOutputDevice.o
 .data          0x0002fc2c        0x0 ./GPInputDevice/GPIDevice.o
 .data          0x0002fc2c        0x0 ./EntryPoint.o
 .data          0x0002fc2c        0x0 ./DelayTimer/DelayTimer.o
 .data          0x0002fc2c        0x0 ./ButtonDevice/ButtonDevice.o
 .data          0x0002fc2c        0x0 ./ADCDevice/ADCDevice.o
 .data          0x0002fc2c        0x0 ./CosmDevice/CosmDevice.o
 .data          0x0002fc2c        0x0 ./FeedDevice/FeedDevice.o
 .data          0x0002fc2c        0x0 /usr/lib/gcc/arm-linux-gnueabihf/4.6/libgcc.a(linux-atomic.o)
 .data          0x0002fc2c        0x0 /usr/lib/gcc/arm-linux-gnueabihf/4.6/crtendS.o
 .data          0x0002fc2c        0x0 /usr/lib/gcc/arm-linux-gnueabihf/4.6/../../../arm-linux-gnueabihf/crtn.o

.data1
 *(.data1)
                0x0002fc2c                _edata = .
                0x0002fc2c                PROVIDE (edata, .)
                0x0002fc2c                __bss_start = .
                0x0002fc2c                __bss_start__ = .

.bss            0x0002fc2c       0x50
 *(.dynbss)
 .dynbss        0x00000000        0x0 /usr/lib/gcc/arm-linux-gnueabihf/4.6/../../../arm-linux-gnueabihf/crti.o
 *(.bss .bss.* .gnu.linkonce.b.*)
 .bss           0x0002fc2c        0x0 /usr/lib/gcc/arm-linux-gnueabihf/4.6/../../../arm-linux-gnueabihf/crti.o
 .bss           0x0002fc2c        0x1 /usr/lib/gcc/arm-linux-gnueabihf/4.6/crtbeginS.o
 *fill*         0x0002fc2d        0x3 00
 .bss           0x0002fc30        0x4 ./TimerDevice/TimerDevice.o
 .bss           0x0002fc34        0x4 ./ScreenButton/ScreenButton.o
 .bss           0x0002fc38        0x4 ./Logical/AdnWidget.o
 .bss           0x0002fc3c        0x4 ./Logical/ComparatorWidget.o
 .bss           0x0002fc40        0x4 ./Logical/ConstantWidget.o
 .bss           0x0002fc44        0x4 ./Logical/CounterDevice.o
 .bss           0x0002fc48        0x4 ./Logical/InverseDevice.o
 .bss           0x0002fc4c        0x4 ./Logical/OrDevice.o
 .bss           0x0002fc50        0x4 ./Logical/RSTriggerDevice.o
 .bss           0x0002fc54        0x4 ./Logical/SwitchBlock.o
 .bss           0x0002fc58        0x4 ./Logical/XorDevice.o
 .bss           0x0002fc5c        0x4 ./GPOutputDevice/GPOutputDevice.o
 .bss           0x0002fc60        0x4 ./GPInputDevice/GPIDevice.o
 .bss           0x0002fc64        0x4 ./EntryPoint.o
 .bss           0x0002fc68        0x4 ./DelayTimer/DelayTimer.o
 .bss           0x0002fc6c        0x4 ./ButtonDevice/ButtonDevice.o
 .bss           0x0002fc70        0x4 ./ADCDevice/ADCDevice.o
 .bss           0x0002fc74        0x4 ./CosmDevice/CosmDevice.o
 .bss           0x0002fc78        0x4 ./FeedDevice/FeedDevice.o
 .bss           0x0002fc7c        0x0 /usr/lib/gcc/arm-linux-gnueabihf/4.6/libgcc.a(linux-atomic.o)
 .bss           0x0002fc7c        0x0 /usr/lib/gcc/arm-linux-gnueabihf/4.6/crtendS.o
 .bss           0x0002fc7c        0x0 /usr/lib/gcc/arm-linux-gnueabihf/4.6/../../../arm-linux-gnueabihf/crtn.o
 *(COMMON)
                0x0002fc7c                . = ALIGN ((. != 0x0)?0x4:0x1)
                0x0002fc7c                _bss_end__ = .
                0x0002fc7c                __bss_end__ = .
                0x0002fc7c                . = ALIGN (0x4)
                0x0002fc7c                . = ALIGN (0x4)
                0x0002fc7c                __end__ = .
                0x0002fc7c                _end = .
                0x0002fc7c                PROVIDE (end, .)
                0x0002fc7c                . = DATA_SEGMENT_END (.)

.stab
 *(.stab)

.stabstr
 *(.stabstr)

.stab.excl
 *(.stab.excl)

.stab.exclstr
 *(.stab.exclstr)

.stab.index
 *(.stab.index)

.stab.indexstr
 *(.stab.indexstr)

.comment        0x00000000       0x22
 *(.comment)
 .comment       0x00000000       0x22 /usr/lib/gcc/arm-linux-gnueabihf/4.6/crtbeginS.o
                                 0x23 (size before relaxing)
 .comment       0x00000000       0x23 ./TimerDevice/TimerDevice.o
 .comment       0x00000000       0x23 ./ScreenButton/ScreenButton.o
 .comment       0x00000000       0x23 ./Logical/AdnWidget.o
 .comment       0x00000000       0x23 ./Logical/ComparatorWidget.o
 .comment       0x00000000       0x23 ./Logical/ConstantWidget.o
 .comment       0x00000000       0x23 ./Logical/CounterDevice.o
 .comment       0x00000000       0x23 ./Logical/InverseDevice.o
 .comment       0x00000000       0x23 ./Logical/OrDevice.o
 .comment       0x00000000       0x23 ./Logical/RSTriggerDevice.o
 .comment       0x00000000       0x23 ./Logical/SwitchBlock.o
 .comment       0x00000000       0x23 ./Logical/XorDevice.o
 .comment       0x00000000       0x23 ./GPOutputDevice/GPOutputDevice.o
 .comment       0x00000000       0x23 ./GPInputDevice/GPIDevice.o
 .comment       0x00000000       0x23 ./EntryPoint.o
 .comment       0x00000000       0x23 ./DelayTimer/DelayTimer.o
 .comment       0x00000000       0x23 ./ButtonDevice/ButtonDevice.o
 .comment       0x00000000       0x23 ./ADCDevice/ADCDevice.o
 .comment       0x00000000       0x23 ./CosmDevice/CosmDevice.o
 .comment       0x00000000       0x23 ./FeedDevice/FeedDevice.o
 .comment       0x00000000       0x23 /usr/lib/gcc/arm-linux-gnueabihf/4.6/libgcc.a(linux-atomic.o)
 .comment       0x00000000       0x23 /usr/lib/gcc/arm-linux-gnueabihf/4.6/crtendS.o

.ARM.attributes
                0x00000000       0x31
 .ARM.attributes
                0x00000000       0x31 /usr/lib/gcc/arm-linux-gnueabihf/4.6/../../../arm-linux-gnueabihf/crti.o
 .ARM.attributes
                0x00000031       0x31 /usr/lib/gcc/arm-linux-gnueabihf/4.6/crtbeginS.o
 .ARM.attributes
                0x00000062       0x31 ./TimerDevice/TimerDevice.o
 .ARM.attributes
                0x00000093       0x31 ./ScreenButton/ScreenButton.o
 .ARM.attributes
                0x000000c4       0x31 ./Logical/AdnWidget.o
 .ARM.attributes
                0x000000f5       0x31 ./Logical/ComparatorWidget.o
 .ARM.attributes
                0x00000126       0x31 ./Logical/ConstantWidget.o
 .ARM.attributes
                0x00000157       0x31 ./Logical/CounterDevice.o
 .ARM.attributes
                0x00000188       0x31 ./Logical/InverseDevice.o
 .ARM.attributes
                0x000001b9       0x31 ./Logical/OrDevice.o
 .ARM.attributes
                0x000001ea       0x31 ./Logical/RSTriggerDevice.o
 .ARM.attributes
                0x0000021b       0x31 ./Logical/SwitchBlock.o
 .ARM.attributes
                0x0000024c       0x31 ./Logical/XorDevice.o
 .ARM.attributes
                0x0000027d       0x31 ./GPOutputDevice/GPOutputDevice.o
 .ARM.attributes
                0x000002ae       0x31 ./GPInputDevice/GPIDevice.o
 .ARM.attributes
                0x000002df       0x31 ./EntryPoint.o
 .ARM.attributes
                0x00000310       0x31 ./DelayTimer/DelayTimer.o
 .ARM.attributes
                0x00000341       0x31 ./ButtonDevice/ButtonDevice.o
 .ARM.attributes
                0x00000372       0x31 ./ADCDevice/ADCDevice.o
 .ARM.attributes
                0x000003a3       0x31 ./CosmDevice/CosmDevice.o
 .ARM.attributes
                0x000003d4       0x3a ./FeedDevice/FeedDevice.o
 .ARM.attributes
                0x0000040e       0x31 /usr/lib/gcc/arm-linux-gnueabihf/4.6/libgcc.a(linux-atomic.o)
 .ARM.attributes
                0x0000043f       0x31 /usr/lib/gcc/arm-linux-gnueabihf/4.6/crtendS.o
 .ARM.attributes
                0x00000470       0x31 /usr/lib/gcc/arm-linux-gnueabihf/4.6/../../../arm-linux-gnueabihf/crtn.o

.debug
 *(.debug)

.line
 *(.line)

.debug_srcinfo
 *(.debug_srcinfo)

.debug_sfnames
 *(.debug_sfnames)

.debug_aranges  0x00000000      0x378
 *(.debug_aranges)
 .debug_aranges
                0x00000000       0x30 ./TimerDevice/TimerDevice.o
 .debug_aranges
                0x00000030       0x30 ./ScreenButton/ScreenButton.o
 .debug_aranges
                0x00000060       0x30 ./Logical/AdnWidget.o
 .debug_aranges
                0x00000090       0x30 ./Logical/ComparatorWidget.o
 .debug_aranges
                0x000000c0       0x30 ./Logical/ConstantWidget.o
 .debug_aranges
                0x000000f0       0x30 ./Logical/CounterDevice.o
 .debug_aranges
                0x00000120       0x30 ./Logical/InverseDevice.o
 .debug_aranges
                0x00000150       0x30 ./Logical/OrDevice.o
 .debug_aranges
                0x00000180       0x28 ./Logical/RSTriggerDevice.o
 .debug_aranges
                0x000001a8       0x28 ./Logical/SwitchBlock.o
 .debug_aranges
                0x000001d0       0x28 ./Logical/XorDevice.o
 .debug_aranges
                0x000001f8       0x30 ./GPOutputDevice/GPOutputDevice.o
 .debug_aranges
                0x00000228       0x30 ./GPInputDevice/GPIDevice.o
 .debug_aranges
                0x00000258       0x28 ./EntryPoint.o
 .debug_aranges
                0x00000280       0x30 ./DelayTimer/DelayTimer.o
 .debug_aranges
                0x000002b0       0x30 ./ButtonDevice/ButtonDevice.o
 .debug_aranges
                0x000002e0       0x30 ./ADCDevice/ADCDevice.o
 .debug_aranges
                0x00000310       0x38 ./CosmDevice/CosmDevice.o
 .debug_aranges
                0x00000348       0x30 ./FeedDevice/FeedDevice.o

.debug_pubnames
 *(.debug_pubnames)

.debug_info     0x00000000    0xc2cef
 *(.debug_info .gnu.linkonce.wi.*)
 .debug_info    0x00000000     0xa725 ./TimerDevice/TimerDevice.o
 .debug_info    0x0000a725     0x7ecc ./ScreenButton/ScreenButton.o
 .debug_info    0x000125f1     0x7139 ./Logical/AdnWidget.o
 .debug_info    0x0001972a     0x8cbb ./Logical/ComparatorWidget.o
 .debug_info    0x000223e5     0x8a8d ./Logical/ConstantWidget.o
 .debug_info    0x0002ae72     0x9453 ./Logical/CounterDevice.o
 .debug_info    0x000342c5     0x7f8e ./Logical/InverseDevice.o
 .debug_info    0x0003c253     0x7139 ./Logical/OrDevice.o
 .debug_info    0x0004338c     0x6e5d ./Logical/RSTriggerDevice.o
 .debug_info    0x0004a1e9     0x6e6c ./Logical/SwitchBlock.o
 .debug_info    0x00051055     0x5a51 ./Logical/XorDevice.o
 .debug_info    0x00056aa6    0x13894 ./GPOutputDevice/GPOutputDevice.o
 .debug_info    0x0006a33a    0x12499 ./GPInputDevice/GPIDevice.o
 .debug_info    0x0007c7d3     0x3ff1 ./EntryPoint.o
 .debug_info    0x000807c4     0xa665 ./DelayTimer/DelayTimer.o
 .debug_info    0x0008ae29     0xa879 ./ButtonDevice/ButtonDevice.o
 .debug_info    0x000956a2    0x11914 ./ADCDevice/ADCDevice.o
 .debug_info    0x000a6fb6     0xb47f ./CosmDevice/CosmDevice.o
 .debug_info    0x000b2435    0x108ba ./FeedDevice/FeedDevice.o

.debug_abbrev   0x00000000     0xae11
 *(.debug_abbrev)
 .debug_abbrev  0x00000000      0x9a5 ./TimerDevice/TimerDevice.o
 .debug_abbrev  0x000009a5      0x92a ./ScreenButton/ScreenButton.o
 .debug_abbrev  0x000012cf      0x916 ./Logical/AdnWidget.o
 .debug_abbrev  0x00001be5      0x94c ./Logical/ComparatorWidget.o
 .debug_abbrev  0x00002531      0x92f ./Logical/ConstantWidget.o
 .debug_abbrev  0x00002e60      0x916 ./Logical/CounterDevice.o
 .debug_abbrev  0x00003776      0x926 ./Logical/InverseDevice.o
 .debug_abbrev  0x0000409c      0x916 ./Logical/OrDevice.o
 .debug_abbrev  0x000049b2      0x89a ./Logical/RSTriggerDevice.o
 .debug_abbrev  0x0000524c      0x89a ./Logical/SwitchBlock.o
 .debug_abbrev  0x00005ae6      0x8aa ./Logical/XorDevice.o
 .debug_abbrev  0x00006390      0x9cf ./GPOutputDevice/GPOutputDevice.o
 .debug_abbrev  0x00006d5f      0x9b9 ./GPInputDevice/GPIDevice.o
 .debug_abbrev  0x00007718      0x6b0 ./EntryPoint.o
 .debug_abbrev  0x00007dc8      0x9a5 ./DelayTimer/DelayTimer.o
 .debug_abbrev  0x0000876d      0x975 ./ButtonDevice/ButtonDevice.o
 .debug_abbrev  0x000090e2      0x9bf ./ADCDevice/ADCDevice.o
 .debug_abbrev  0x00009aa1      0x9a1 ./CosmDevice/CosmDevice.o
 .debug_abbrev  0x0000a442      0x9cf ./FeedDevice/FeedDevice.o

.debug_line     0x00000000    0x16c38
 *(.debug_line)
 .debug_line    0x00000000     0x1251 ./TimerDevice/TimerDevice.o
 .debug_line    0x00001251      0xf13 ./ScreenButton/ScreenButton.o
 .debug_line    0x00002164      0xfaa ./Logical/AdnWidget.o
 .debug_line    0x0000310e     0x11bf ./Logical/ComparatorWidget.o
 .debug_line    0x000042cd     0x1120 ./Logical/ConstantWidget.o
 .debug_line    0x000053ed     0x131f ./Logical/CounterDevice.o
 .debug_line    0x0000670c      0xf37 ./Logical/InverseDevice.o
 .debug_line    0x00007643      0xfa7 ./Logical/OrDevice.o
 .debug_line    0x000085ea      0xd5d ./Logical/RSTriggerDevice.o
 .debug_line    0x00009347      0xd58 ./Logical/SwitchBlock.o
 .debug_line    0x0000a09f      0xce5 ./Logical/XorDevice.o
 .debug_line    0x0000ad84     0x2308 ./GPOutputDevice/GPOutputDevice.o
 .debug_line    0x0000d08c     0x1ac7 ./GPInputDevice/GPIDevice.o
 .debug_line    0x0000eb53     0x1062 ./EntryPoint.o
 .debug_line    0x0000fbb5     0x122d ./DelayTimer/DelayTimer.o
 .debug_line    0x00010de2     0x10e3 ./ButtonDevice/ButtonDevice.o
 .debug_line    0x00011ec5     0x1924 ./ADCDevice/ADCDevice.o
 .debug_line    0x000137e9     0x17a2 ./CosmDevice/CosmDevice.o
 .debug_line    0x00014f8b     0x1cad ./FeedDevice/FeedDevice.o

.debug_frame    0x00000000     0x1c00
 *(.debug_frame)
 .debug_frame   0x00000000      0x214 ./TimerDevice/TimerDevice.o
 .debug_frame   0x00000214      0x15c ./ScreenButton/ScreenButton.o
 .debug_frame   0x00000370      0x144 ./Logical/AdnWidget.o
 .debug_frame   0x000004b4      0x19c ./Logical/ComparatorWidget.o
 .debug_frame   0x00000650      0x18c ./Logical/ConstantWidget.o
 .debug_frame   0x000007dc      0x168 ./Logical/CounterDevice.o
 .debug_frame   0x00000944      0x140 ./Logical/InverseDevice.o
 .debug_frame   0x00000a84      0x144 ./Logical/OrDevice.o
 .debug_frame   0x00000bc8       0xfc ./Logical/RSTriggerDevice.o
 .debug_frame   0x00000cc4       0xf8 ./Logical/SwitchBlock.o
 .debug_frame   0x00000dbc       0xf4 ./Logical/XorDevice.o
 .debug_frame   0x00000eb0      0x220 ./GPOutputDevice/GPOutputDevice.o
 .debug_frame   0x000010d0      0x1fc ./GPInputDevice/GPIDevice.o
 .debug_frame   0x000012cc       0x54 ./EntryPoint.o
 .debug_frame   0x00001320      0x1e8 ./DelayTimer/DelayTimer.o
 .debug_frame   0x00001508      0x168 ./ButtonDevice/ButtonDevice.o
 .debug_frame   0x00001670      0x1e4 ./ADCDevice/ADCDevice.o
 .debug_frame   0x00001854      0x1c0 ./CosmDevice/CosmDevice.o
 .debug_frame   0x00001a14      0x1ec ./FeedDevice/FeedDevice.o

.debug_str      0x00000000     0xefc3
 *(.debug_str)
 .debug_str     0x00000000     0x5bdb ./TimerDevice/TimerDevice.o
                               0x5fd4 (size before relaxing)
 .debug_str     0x00005bdb      0x163 ./ScreenButton/ScreenButton.o
                               0x4c94 (size before relaxing)
 .debug_str     0x00005d3e      0x145 ./Logical/AdnWidget.o
                               0x3daa (size before relaxing)
 .debug_str     0x00005e83      0x2cc ./Logical/ComparatorWidget.o
                               0x4e04 (size before relaxing)
 .debug_str     0x0000614f      0x202 ./Logical/ConstantWidget.o
                               0x4d30 (size before relaxing)
 .debug_str     0x00006351      0x1dd ./Logical/CounterDevice.o
                               0x4d1f (size before relaxing)
 .debug_str     0x0000652e      0x135 ./Logical/InverseDevice.o
                               0x4c6a (size before relaxing)
 .debug_str     0x00006663       0xfc ./Logical/OrDevice.o
                               0x3d9f (size before relaxing)
 .debug_str     0x0000675f      0x130 ./Logical/RSTriggerDevice.o
                               0x49ed (size before relaxing)
 .debug_str     0x0000688f      0x147 ./Logical/SwitchBlock.o
                               0x49dc (size before relaxing)
 .debug_str     0x000069d6       0xe7 ./Logical/XorDevice.o
                               0x3afa (size before relaxing)
 .debug_str     0x00006abd     0x4751 ./GPOutputDevice/GPOutputDevice.o
                               0x93b5 (size before relaxing)
 .debug_str     0x0000b20e      0x83d ./GPInputDevice/GPIDevice.o
                               0x997b (size before relaxing)
 .debug_str     0x0000ba4b     0x13cb ./EntryPoint.o
                               0x2480 (size before relaxing)
 .debug_str     0x0000ce16      0x207 ./DelayTimer/DelayTimer.o
                               0x5f53 (size before relaxing)
 .debug_str     0x0000d01d      0x1f9 ./ButtonDevice/ButtonDevice.o
                               0x623f (size before relaxing)
 .debug_str     0x0000d216      0x1cf ./ADCDevice/ADCDevice.o
                               0x98c1 (size before relaxing)
 .debug_str     0x0000d3e5     0x1a2f ./CosmDevice/CosmDevice.o
                               0x65ba (size before relaxing)
 .debug_str     0x0000ee14      0x1af ./FeedDevice/FeedDevice.o
                               0x8121 (size before relaxing)

.debug_loc      0x00000000    0x5e662
 *(.debug_loc)
 .debug_loc     0x00000000     0x4fe4 ./TimerDevice/TimerDevice.o
 .debug_loc     0x00004fe4     0x2a53 ./ScreenButton/ScreenButton.o
 .debug_loc     0x00007a37     0x3056 ./Logical/AdnWidget.o
 .debug_loc     0x0000aa8d     0x4537 ./Logical/ComparatorWidget.o
 .debug_loc     0x0000efc4     0x48ba ./Logical/ConstantWidget.o
 .debug_loc     0x0001387e     0x6eeb ./Logical/CounterDevice.o
 .debug_loc     0x0001a769     0x2cc2 ./Logical/InverseDevice.o
 .debug_loc     0x0001d42b     0x3056 ./Logical/OrDevice.o
 .debug_loc     0x00020481     0x1733 ./Logical/RSTriggerDevice.o
 .debug_loc     0x00021bb4     0x1737 ./Logical/SwitchBlock.o
 .debug_loc     0x000232eb      0xfb8 ./Logical/XorDevice.o
 .debug_loc     0x000242a3     0xe799 ./GPOutputDevice/GPOutputDevice.o
 .debug_loc     0x00032a3c     0x8641 ./GPInputDevice/GPIDevice.o
 .debug_loc     0x0003b07d      0xb0f ./EntryPoint.o
 .debug_loc     0x0003bb8c     0x4f24 ./DelayTimer/DelayTimer.o
 .debug_loc     0x00040ab0     0x3f19 ./ButtonDevice/ButtonDevice.o
 .debug_loc     0x000449c9     0x787d ./ADCDevice/ADCDevice.o
 .debug_loc     0x0004c246     0x908a ./CosmDevice/CosmDevice.o
 .debug_loc     0x000552d0     0x9392 ./FeedDevice/FeedDevice.o

.debug_macinfo  0x00000000   0x13c642
 *(.debug_macinfo)
 .debug_macinfo
                0x00000000    0x11023 ./TimerDevice/TimerDevice.o
 .debug_macinfo
                0x00011023     0xfff3 ./ScreenButton/ScreenButton.o
 .debug_macinfo
                0x00021016    0x1002e ./Logical/AdnWidget.o
 .debug_macinfo
                0x00031044     0xff4e ./Logical/ComparatorWidget.o
 .debug_macinfo
                0x00040f92     0xff6b ./Logical/ConstantWidget.o
 .debug_macinfo
                0x00050efd    0x1014f ./Logical/CounterDevice.o
 .debug_macinfo
                0x0006104c     0xff2f ./Logical/InverseDevice.o
 .debug_macinfo
                0x00070f7b    0x10099 ./Logical/OrDevice.o
 .debug_macinfo
                0x00081014    0x100ed ./Logical/RSTriggerDevice.o
 .debug_macinfo
                0x00091101     0xffe9 ./Logical/SwitchBlock.o
 .debug_macinfo
                0x000a10ea    0x100d8 ./Logical/XorDevice.o
 .debug_macinfo
                0x000b11c2     0xff4f ./GPOutputDevice/GPOutputDevice.o
 .debug_macinfo
                0x000c1111    0x1002c ./GPInputDevice/GPIDevice.o
 .debug_macinfo
                0x000d113d    0x160e5 ./EntryPoint.o
 .debug_macinfo
                0x000e7222    0x1104d ./DelayTimer/DelayTimer.o
 .debug_macinfo
                0x000f826f     0xff5e ./ButtonDevice/ButtonDevice.o
 .debug_macinfo
                0x001081cd     0xffc8 ./ADCDevice/ADCDevice.o
 .debug_macinfo
                0x00118195    0x14636 ./CosmDevice/CosmDevice.o
 .debug_macinfo
                0x0012c7cb     0xfe77 ./FeedDevice/FeedDevice.o

.debug_weaknames
 *(.debug_weaknames)

.debug_funcnames
 *(.debug_funcnames)

.debug_typenames
 *(.debug_typenames)

.debug_varnames
 *(.debug_varnames)

.debug_pubtypes
 *(.debug_pubtypes)

.debug_ranges   0x00000000    0x15eb0
 *(.debug_ranges)
 .debug_ranges  0x00000000      0xf30 ./TimerDevice/TimerDevice.o
 .debug_ranges  0x00000f30      0x8f8 ./ScreenButton/ScreenButton.o
 .debug_ranges  0x00001828      0xb40 ./Logical/AdnWidget.o
 .debug_ranges  0x00002368      0xe08 ./Logical/ComparatorWidget.o
 .debug_ranges  0x00003170      0xca8 ./Logical/ConstantWidget.o
 .debug_ranges  0x00003e18     0x10e8 ./Logical/CounterDevice.o
 .debug_ranges  0x00004f00      0x9e0 ./Logical/InverseDevice.o
 .debug_ranges  0x000058e0      0xb40 ./Logical/OrDevice.o
 .debug_ranges  0x00006420      0x5e8 ./Logical/RSTriggerDevice.o
 .debug_ranges  0x00006a08      0x5e8 ./Logical/SwitchBlock.o
 .debug_ranges  0x00006ff0      0x4e0 ./Logical/XorDevice.o
 .debug_ranges  0x000074d0     0x3988 ./GPOutputDevice/GPOutputDevice.o
 .debug_ranges  0x0000ae58     0x2690 ./GPInputDevice/GPIDevice.o
 .debug_ranges  0x0000d4e8      0x388 ./EntryPoint.o
 .debug_ranges  0x0000d870      0xf28 ./DelayTimer/DelayTimer.o
 .debug_ranges  0x0000e798      0xd50 ./ButtonDevice/ButtonDevice.o
 .debug_ranges  0x0000f4e8     0x2398 ./ADCDevice/ADCDevice.o
 .debug_ranges  0x00011880     0x1850 ./CosmDevice/CosmDevice.o
 .debug_ranges  0x000130d0     0x2de0 ./FeedDevice/FeedDevice.o

.gnu.attributes
 *(.gnu.attributes)

.note.gnu.arm.ident
 *(.note.gnu.arm.ident)

/DISCARD/
 *(.note.GNU-stack)
 *(.gnu_debuglink)
 *(.gnu.lto_*)
OUTPUT(libDevices.so elf32-littlearm)
