
Discarded input sections

 .note.GNU-stack
                0x00000000        0x0 /usr/lib/gcc/armv5tel-unknown-linux-gnueabi/4.7.2/../../../crti.o
 .note.GNU-stack
                0x00000000        0x0 /usr/lib/gcc/armv5tel-unknown-linux-gnueabi/4.7.2/crtbeginS.o
 .group         0x00000000       0x10 ./TimerDevice/TimerDevice.o
 .group         0x00000000       0x10 ./TimerDevice/TimerDevice.o
 .group         0x00000000       0x10 ./TimerDevice/TimerDevice.o
 .group         0x00000000       0x10 ./TimerDevice/TimerDevice.o
 .group         0x00000000       0x10 ./TimerDevice/TimerDevice.o
 .group         0x00000000       0x10 ./TimerDevice/TimerDevice.o
 .group         0x00000000       0x10 ./TimerDevice/TimerDevice.o
 .group         0x00000000       0x10 ./TimerDevice/TimerDevice.o
 .group         0x00000000       0x10 ./TimerDevice/TimerDevice.o
 .group         0x00000000       0x10 ./TimerDevice/TimerDevice.o
 .group         0x00000000       0x10 ./TimerDevice/TimerDevice.o
 .group         0x00000000       0x10 ./TimerDevice/TimerDevice.o
 .group         0x00000000       0x10 ./TimerDevice/TimerDevice.o
 .group         0x00000000       0x10 ./TimerDevice/TimerDevice.o
 .group         0x00000000       0x10 ./TimerDevice/TimerDevice.o
 .group         0x00000000       0x10 ./TimerDevice/TimerDevice.o
 .group         0x00000000       0x10 ./TimerDevice/TimerDevice.o
 .group         0x00000000       0x10 ./TimerDevice/TimerDevice.o
 .group         0x00000000       0x10 ./TimerDevice/TimerDevice.o
 .group         0x00000000       0x10 ./TimerDevice/TimerDevice.o
 .group         0x00000000       0x10 ./TimerDevice/TimerDevice.o
 .group         0x00000000       0x10 ./TimerDevice/TimerDevice.o
 .group         0x00000000       0x10 ./TimerDevice/TimerDevice.o
 .group         0x00000000       0x10 ./TimerDevice/TimerDevice.o
 .group         0x00000000       0x10 ./TimerDevice/TimerDevice.o
 .group         0x00000000       0x10 ./TimerDevice/TimerDevice.o
 .group         0x00000000       0x10 ./TimerDevice/TimerDevice.o
 .group         0x00000000       0x10 ./TimerDevice/TimerDevice.o
 .group         0x00000000       0x10 ./TimerDevice/TimerDevice.o
 .group         0x00000000       0x10 ./TimerDevice/TimerDevice.o
 .group         0x00000000       0x10 ./TimerDevice/TimerDevice.o
 .group         0x00000000       0x10 ./TimerDevice/TimerDevice.o
 .group         0x00000000       0x10 ./TimerDevice/TimerDevice.o
 .group         0x00000000       0x10 ./TimerDevice/TimerDevice.o
 .group         0x00000000       0x10 ./TimerDevice/TimerDevice.o
 .group         0x00000000       0x10 ./TimerDevice/TimerDevice.o
 .group         0x00000000       0x10 ./TimerDevice/TimerDevice.o
 .group         0x00000000       0x10 ./TimerDevice/TimerDevice.o
 .group         0x00000000       0x10 ./TimerDevice/TimerDevice.o
 .group         0x00000000       0x10 ./TimerDevice/TimerDevice.o
 .group         0x00000000       0x10 ./TimerDevice/TimerDevice.o
 .group         0x00000000       0x10 ./TimerDevice/TimerDevice.o
 .group         0x00000000       0x10 ./TimerDevice/TimerDevice.o
 .group         0x00000000       0x10 ./TimerDevice/TimerDevice.o
 .group         0x00000000       0x10 ./TimerDevice/TimerDevice.o
 .group         0x00000000       0x10 ./TimerDevice/TimerDevice.o
 .group         0x00000000       0x10 ./TimerDevice/TimerDevice.o
 .group         0x00000000       0x10 ./TimerDevice/TimerDevice.o
 .group         0x00000000       0x10 ./TimerDevice/TimerDevice.o
 .group         0x00000000       0x10 ./TimerDevice/TimerDevice.o
 .group         0x00000000       0x10 ./TimerDevice/TimerDevice.o
 .group         0x00000000       0x10 ./TimerDevice/TimerDevice.o
 .group         0x00000000        0x8 ./TimerDevice/TimerDevice.o
 .group         0x00000000        0x8 ./TimerDevice/TimerDevice.o
 .group         0x00000000        0x8 ./TimerDevice/TimerDevice.o
 .group         0x00000000        0x8 ./TimerDevice/TimerDevice.o
 .group         0x00000000        0x8 ./TimerDevice/TimerDevice.o
 .group         0x00000000        0x8 ./TimerDevice/TimerDevice.o
 .group         0x00000000        0x8 ./TimerDevice/TimerDevice.o
 .group         0x00000000        0x8 ./TimerDevice/TimerDevice.o
 .group         0x00000000        0x8 ./TimerDevice/TimerDevice.o
 .group         0x00000000        0x8 ./TimerDevice/TimerDevice.o
 .group         0x00000000        0x8 ./TimerDevice/TimerDevice.o
 .group         0x00000000        0x8 ./TimerDevice/TimerDevice.o
 .group         0x00000000        0x8 ./TimerDevice/TimerDevice.o
 .group         0x00000000        0x8 ./TimerDevice/TimerDevice.o
 .group         0x00000000        0x8 ./TimerDevice/TimerDevice.o
 .group         0x00000000        0x8 ./TimerDevice/TimerDevice.o
 .group         0x00000000        0x8 ./TimerDevice/TimerDevice.o
 .group         0x00000000        0x8 ./TimerDevice/TimerDevice.o
 .group         0x00000000        0x8 ./TimerDevice/TimerDevice.o
[...]
Memory Configuration

Name             Origin             Length             Attributes
*default*        0x00000000         0xffffffff

Linker script and memory map

LOAD /usr/lib/gcc/armv5tel-unknown-linux-gnueabi/4.7.2/../../../crti.o
LOAD /usr/lib/gcc/armv5tel-unknown-linux-gnueabi/4.7.2/crtbeginS.o
LOAD ./TimerDevice/TimerDevice.o
LOAD ./ScreenButton/ScreenButton.o
LOAD ./Logical/AdnWidget.o
LOAD ./Logical/ComparatorWidget.o
LOAD ./Logical/ConstantWidget.o
LOAD ./Logical/CounterDevice.o
LOAD ./Logical/InverseDevice.o
LOAD ./Logical/OrDevice.o
LOAD ./Logical/RSTriggerDevice.o
LOAD ./Logical/SwitchBlock.o
LOAD ./Logical/XorDevice.o
LOAD ./GPOutputDevice/GPOutputDevice.o
LOAD ./GPInputDevice/GPIDevice.o
LOAD ./EntryPoint.o
LOAD ./DelayTimer/DelayTimer.o
LOAD ./ButtonDevice/ButtonDevice.o
LOAD ./ADCDevice/ADCDevice.o
LOAD ../../Common/Debug/libCommon.so
LOAD /usr/lib/gcc/armv5tel-unknown-linux-gnueabi/4.7.2/../../../libstdc++.so
LOAD /usr/lib/gcc/armv5tel-unknown-linux-gnueabi/4.7.2/../../../libm.so
LOAD /usr/lib/gcc/armv5tel-unknown-linux-gnueabi/4.7.2/../../../libgcc_s.so
START GROUP
LOAD /usr/lib/gcc/armv5tel-unknown-linux-gnueabi/4.7.2/../../../libgcc_s.so.1
LOAD /usr/lib/gcc/armv5tel-unknown-linux-gnueabi/4.7.2/libgcc.a
END GROUP
LOAD /usr/lib/gcc/armv5tel-unknown-linux-gnueabi/4.7.2/../../../libc.so
START GROUP
LOAD /lib/libc.so.6
LOAD /usr/lib/libc_nonshared.a
LOAD /lib/ld-linux.so.3
END GROUP
LOAD /usr/lib/gcc/armv5tel-unknown-linux-gnueabi/4.7.2/../../../libgcc_s.so
START GROUP
LOAD /usr/lib/gcc/armv5tel-unknown-linux-gnueabi/4.7.2/../../../libgcc_s.so.1
LOAD /usr/lib/gcc/armv5tel-unknown-linux-gnueabi/4.7.2/libgcc.a
END GROUP
LOAD /usr/lib/gcc/armv5tel-unknown-linux-gnueabi/4.7.2/crtendS.o
LOAD /usr/lib/gcc/armv5tel-unknown-linux-gnueabi/4.7.2/../../../crtn.o
                0x000000f4                . = (0x0 + SIZEOF_HEADERS)

.note.gnu.build-id
                0x000000f4       0x24
 *(.note.gnu.build-id)
 .note.gnu.build-id
                0x000000f4       0x24 linker stubs

.hash
 *(.hash)

.gnu.hash       0x00000118     0x1464
 *(.gnu.hash)
 .gnu.hash      0x00000118     0x1464 /usr/lib/gcc/armv5tel-unknown-linux-gnueabi/4.7.2/../../../crti.o

.dynsym         0x0000157c     0x2f30
 *(.dynsym)
 .dynsym        0x0000157c     0x2f30 /usr/lib/gcc/armv5tel-unknown-linux-gnueabi/4.7.2/../../../crti.o

.dynstr         0x000044ac     0x7328
 *(.dynstr)
 .dynstr        0x000044ac     0x7328 /usr/lib/gcc/armv5tel-unknown-linux-gnueabi/4.7.2/../../../crti.o

.gnu.version    0x0000b7d4      0x5e6
 *(.gnu.version)
 .gnu.version   0x0000b7d4      0x5e6 /usr/lib/gcc/armv5tel-unknown-linux-gnueabi/4.7.2/../../../crti.o

.gnu.version_d  0x0000bdbc        0x0
 *(.gnu.version_d)
 .gnu.version_d
                0x00000000        0x0 /usr/lib/gcc/armv5tel-unknown-linux-gnueabi/4.7.2/../../../crti.o

.gnu.version_r  0x0000bdbc       0x90
 *(.gnu.version_r)
 .gnu.version_r
                0x0000bdbc       0x90 /usr/lib/gcc/armv5tel-unknown-linux-gnueabi/4.7.2/../../../crti.o

.rel.dyn        0x0000be4c      0xff0
 *(.rel.init)
 *(.rel.text .rel.text.* .rel.gnu.linkonce.t.*)
 .rel.text      0x00000000        0x0 /usr/lib/gcc/armv5tel-unknown-linux-gnueabi/4.7.2/../../../crti.o
 *(.rel.fini)
 *(.rel.rodata .rel.rodata.* .rel.gnu.linkonce.r.*)
 *(.rel.data.rel.ro .rel.data.rel.ro.* .rel.gnu.linkonce.d.rel.ro.*)
 .rel.data.rel.ro
                0x0000be4c      0xe00 /usr/lib/gcc/armv5tel-unknown-linux-gnueabi/4.7.2/../../../crti.o
 .rel.data.rel.ro.local
                0x0000cc4c       0x80 /usr/lib/gcc/armv5tel-unknown-linux-gnueabi/4.7.2/../../../crti.o
 *(.rel.data .rel.data.* .rel.gnu.linkonce.d.*)
 .rel.data.rel  0x0000cccc        0x8 /usr/lib/gcc/armv5tel-unknown-linux-gnueabi/4.7.2/../../../crti.o
 *(.rel.tdata .rel.tdata.* .rel.gnu.linkonce.td.*)
 *(.rel.tbss .rel.tbss.* .rel.gnu.linkonce.tb.*)
 *(.rel.ctors)
 *(.rel.dtors)
 *(.rel.got)
 .rel.got       0x0000ccd4       0xd0 /usr/lib/gcc/armv5tel-unknown-linux-gnueabi/4.7.2/../../../crti.o
 *(.rel.bss .rel.bss.* .rel.gnu.linkonce.b.*)
 *(.rel.iplt)
 .rel.iplt      0x00000000        0x0 /usr/lib/gcc/armv5tel-unknown-linux-gnueabi/4.7.2/../../../crti.o
 .rel.fini_array
                0x0000cda4        0x8 /usr/lib/gcc/armv5tel-unknown-linux-gnueabi/4.7.2/../../../crti.o
 .rel.init_array
                0x0000cdac       0x90 /usr/lib/gcc/armv5tel-unknown-linux-gnueabi/4.7.2/../../../crti.o

.rela.dyn
 *(.rela.init)
 *(.rela.text .rela.text.* .rela.gnu.linkonce.t.*)
 *(.rela.fini)
 *(.rela.rodata .rela.rodata.* .rela.gnu.linkonce.r.*)
 *(.rela.data .rela.data.* .rela.gnu.linkonce.d.*)
 *(.rela.tdata .rela.tdata.* .rela.gnu.linkonce.td.*)
 *(.rela.tbss .rela.tbss.* .rela.gnu.linkonce.tb.*)
 *(.rela.ctors)
 *(.rela.dtors)
 *(.rela.got)
 *(.rela.bss .rela.bss.* .rela.gnu.linkonce.b.*)
 *(.rela.iplt)

.rel.plt        0x0000ce3c      0xb78
 *(.rel.plt)
 .rel.plt       0x0000ce3c      0xb78 /usr/lib/gcc/armv5tel-unknown-linux-gnueabi/4.7.2/../../../crti.o

.rela.plt
 *(.rela.plt)

.init           0x0000d9b4        0xc
 *(SORT(.init))
 .init          0x0000d9b4        0x8 /usr/lib/gcc/armv5tel-unknown-linux-gnueabi/4.7.2/../../../crti.o
                0x0000d9b4                _init
 .init          0x0000d9bc        0x4 /usr/lib/gcc/armv5tel-unknown-linux-gnueabi/4.7.2/../../../crtn.o

.plt            0x0000d9c0     0x1148
 *(.plt)
 .plt           0x0000d9c0     0x1148 /usr/lib/gcc/armv5tel-unknown-linux-gnueabi/4.7.2/../../../crti.o

.iplt           0x0000eb08        0x0
 *(.iplt)
 .iplt          0x00000000        0x0 /usr/lib/gcc/armv5tel-unknown-linux-gnueabi/4.7.2/../../../crti.o

.text           0x0000eb08    0x13044
 *(.text.unlikely .text.*_unlikely)
 *(.text.exit .text.exit.*)
 *(.text.startup .text.startup.*)
 *(.text.hot .text.hot.*)
 *(.text .stub .text.* .gnu.linkonce.t.*)
 .text          0x0000eb08       0x24 /usr/lib/gcc/armv5tel-unknown-linux-gnueabi/4.7.2/../../../crti.o
 .text          0x0000eb2c      0x160 /usr/lib/gcc/armv5tel-unknown-linux-gnueabi/4.7.2/crtbeginS.o
 .text          0x0000ec8c     0x1314 ./TimerDevice/TimerDevice.o
                0x0000ec8c                TimerDevice::TimerDevice()
                0x0000ec8c                TimerDevice::TimerDevice()
                0x0000f484                TimerDevice::~TimerDevice()
                0x0000f484                TimerDevice::~TimerDevice()
                0x0000f500                TimerDevice::~TimerDevice()
                0x0000f530                TimerDevice::ReleaseResources()
                0x0000f550                TimerDevice::CalculateOutputs()
                0x0000f720                TimerDevice::WidgetInitialized()
                0x0000f75c                TimerThreadRun(void*)
                0x0000f90c                TimerDevice::StartThread()
                0x0000fa0c                TimerDevice::StopThread()
                0x0000fa7c                TimerDevice::Type()
                0x0000faa8                TimerDevice::Version()
                0x0000fad4                TimerDevice::Description()
                0x0000fb00                TimerDevice::GroupName()
                0x0000fb2c                TimerDevice::CreateInstance()
                0x0000fb78                TimerDevice::InitializeFromDescriptor(std::list<PropertyDescriptor, std::allocator<PropertyDescriptor> >)
                0x0000fc70                TimerDevice::GetParameter(std::string)
                0x0000fe20                TimerDevice::SetParameter(std::string, void*)
 .text._ZnwjPv  0x0000ffa0       0x28 ./TimerDevice/TimerDevice.o
                0x0000ffa0                operator new(unsigned int, void*)
 .text._ZN15DeviceParameter4InitEv
                0x0000ffc8      0x1bc ./TimerDevice/TimerDevice.o
                0x0000ffc8                DeviceParameter::Init()
 .text._ZN15DeviceParameterC2Ev
                0x00010184       0xd8 ./TimerDevice/TimerDevice.o
                0x00010184                DeviceParameter::DeviceParameter()
                0x00010184                DeviceParameter::DeviceParameter()
 .text._ZN15DeviceParameterC2ESs16AgilartDataTypesPvSs
                0x0001025c      0x148 ./TimerDevice/TimerDevice.o
                0x0001025c                DeviceParameter::DeviceParameter(std::string, AgilartDataTypes, void*, std::string)
                0x0001025c                DeviceParameter::DeviceParameter(std::string, AgilartDataTypes, void*, std::string)
 .text._ZN15DeviceParameterC2ESsSsSsSs
                0x000103a4      0x10c ./TimerDevice/TimerDevice.o
                0x000103a4                DeviceParameter::DeviceParameter(std::string, std::string, std::string, std::string)
                0x000103a4                DeviceParameter::DeviceParameter(std::string, std::string, std::string, std::string)
 .text._ZN15DeviceParameterC2ERKS_
                0x000104b0      0x140 ./TimerDevice/TimerDevice.o
                0x000104b0                DeviceParameter::DeviceParameter(DeviceParameter const&)
                0x000104b0                DeviceParameter::DeviceParameter(DeviceParameter const&)
 .text._ZN15DeviceParameterD2Ev
                0x000105f0       0x98 ./TimerDevice/TimerDevice.o
                0x000105f0                DeviceParameter::~DeviceParameter()
                0x000105f0                DeviceParameter::~DeviceParameter()
 .text._ZNSt14_List_iteratorI18PropertyDescriptorEC2Ev
                0x00010688       0x30 ./TimerDevice/TimerDevice.o
                0x00010688                std::_List_iterator<PropertyDescriptor>::_List_iterator()
                0x00010688                std::_List_iterator<PropertyDescriptor>::_List_iterator()
 .text._ZNSt4listI18PropertyDescriptorSaIS0_EE5beginEv
                0x000106b8       0x38 ./TimerDevice/TimerDevice.o
                0x000106b8                std::list<PropertyDescriptor, std::allocator<PropertyDescriptor> >::begin()
 .text._ZNSt4listI18PropertyDescriptorSaIS0_EE3endEv
                0x000106f0       0x34 ./TimerDevice/TimerDevice.o
                0x000106f0                std::list<PropertyDescriptor, std::allocator<PropertyDescriptor> >::end()
 .text._ZNKSt14_List_iteratorI18PropertyDescriptorEneERKS1_
                0x00010724       0x44 ./TimerDevice/TimerDevice.o
                0x00010724                std::_List_iterator<PropertyDescriptor>::operator!=(std::_List_iterator<PropertyDescriptor> const&) const
 .text._ZNSt14_List_iteratorI18PropertyDescriptorEppEi
                0x00010768       0x48 ./TimerDevice/TimerDevice.o
                0x00010768                std::_List_iterator<PropertyDescriptor>::operator++(int)
 .text._ZNKSt14_List_iteratorI18PropertyDescriptorEdeEv
                0x000107b0       0x2c ./TimerDevice/TimerDevice.o
                0x000107b0                std::_List_iterator<PropertyDescriptor>::operator*() const
 .text._ZSteqIcSt11char_traitsIcESaIcEEbRKSbIT_T0_T1_EPKS3_
                0x000107dc       0x40 ./TimerDevice/TimerDevice.o
                0x000107dc                bool std::operator==<char, std::char_traits<char>, std::allocator<char> >(std::basic_string<char, std::char_traits<char>, std::allocator<char> > const&, char const*)
 .text._ZNSt4listIP15ConnectionPointSaIS1_EEC2Ev
                0x0001081c       0x2c ./TimerDevice/TimerDevice.o
                0x0001081c                std::list<ConnectionPoint*, std::allocator<ConnectionPoint*> >::list()
                0x0001081c                std::list<ConnectionPoint*, std::allocator<ConnectionPoint*> >::list()
 .text._ZNSt4listIP6PinoutSaIS1_EEC2Ev
                0x00010848       0x2c ./TimerDevice/TimerDevice.o
                0x00010848                std::list<Pinout*, std::allocator<Pinout*> >::list()
                0x00010848                std::list<Pinout*, std::allocator<Pinout*> >::list()
 .text._ZNSt4listIP15ConnectionPointSaIS1_EE9push_backERKS1_
                0x00010874       0x38 ./TimerDevice/TimerDevice.o
                0x00010874                std::list<ConnectionPoint*, std::allocator<ConnectionPoint*> >::push_back(ConnectionPoint* const&)
 .text._ZSteqIcSt11char_traitsIcESaIcEEbPKT_RKSbIS3_T0_T1_E
                0x000108ac       0x40 ./TimerDevice/TimerDevice.o
                0x000108ac                bool std::operator==<char, std::char_traits<char>, std::allocator<char> >(char const*, std::basic_string<char, std::char_traits<char>, std::allocator<char> > const&)
 .text._ZNSt14_List_iteratorI18PropertyDescriptorEC2EPNSt8__detail15_List_node_baseE
                0x000108ec       0x34 ./TimerDevice/TimerDevice.o
                0x000108ec                std::_List_iterator<PropertyDescriptor>::_List_iterator(std::__detail::_List_node_base*)
                0x000108ec                std::_List_iterator<PropertyDescriptor>::_List_iterator(std::__detail::_List_node_base*)
 .text._ZNSt10_List_baseIP15ConnectionPointSaIS1_EE10_List_implD2Ev
                0x00010920       0x28 ./TimerDevice/TimerDevice.o
                0x00010920                std::_List_base<ConnectionPoint*, std::allocator<ConnectionPoint*> >::_List_impl::~_List_impl()
                0x00010920                std::_List_base<ConnectionPoint*, std::allocator<ConnectionPoint*> >::_List_impl::~_List_impl()
 .text._ZNSt10_List_baseIP15ConnectionPointSaIS1_EEC2Ev
                0x00010948       0x48 ./TimerDevice/TimerDevice.o
                0x00010948                std::_List_base<ConnectionPoint*, std::allocator<ConnectionPoint*> >::_List_base()
                0x00010948                std::_List_base<ConnectionPoint*, std::allocator<ConnectionPoint*> >::_List_base()
 .text._ZNSt10_List_baseIP6PinoutSaIS1_EE10_List_implD2Ev
                0x00010990       0x28 ./TimerDevice/TimerDevice.o
                0x00010990                std::_List_base<Pinout*, std::allocator<Pinout*> >::_List_impl::~_List_impl()
                0x00010990                std::_List_base<Pinout*, std::allocator<Pinout*> >::_List_impl::~_List_impl()
 .text._ZNSt10_List_baseIP6PinoutSaIS1_EEC2Ev
                0x000109b8       0x48 ./TimerDevice/TimerDevice.o
                0x000109b8                std::_List_base<Pinout*, std::allocator<Pinout*> >::_List_base()
                0x000109b8                std::_List_base<Pinout*, std::allocator<Pinout*> >::_List_base()
 .text._ZNSt4listIP15ConnectionPointSaIS1_EE3endEv
                0x00010a00       0x34 ./TimerDevice/TimerDevice.o
                0x00010a00                std::list<ConnectionPoint*, std::allocator<ConnectionPoint*> >::end()
 .text._ZNSt4listIP15ConnectionPointSaIS1_EE9_M_insertESt14_List_iteratorIS1_ERKS1_
                0x00010a34       0x48 ./TimerDevice/TimerDevice.o
                0x00010a34                std::list<ConnectionPoint*, std::allocator<ConnectionPoint*> >::_M_insert(std::_List_iterator<ConnectionPoint*>, ConnectionPoint* const&)
 .text._ZNSt10_List_baseIP15ConnectionPointSaIS1_EE10_List_implC2Ev
                0x00010a7c       0x40 ./TimerDevice/TimerDevice.o
                0x00010a7c                std::_List_base<ConnectionPoint*, std::allocator<ConnectionPoint*> >::_List_impl::_List_impl()
                0x00010a7c                std::_List_base<ConnectionPoint*, std::allocator<ConnectionPoint*> >::_List_impl::_List_impl()
 .text._ZNSaISt10_List_nodeIP15ConnectionPointEED2Ev
                0x00010abc       0x28 ./TimerDevice/TimerDevice.o
                0x00010abc                std::allocator<std::_List_node<ConnectionPoint*> >::~allocator()
                0x00010abc                std::allocator<std::_List_node<ConnectionPoint*> >::~allocator()
 .text._ZNSt10_List_baseIP15ConnectionPointSaIS1_EE7_M_initEv
                0x00010ae4       0x34 ./TimerDevice/TimerDevice.o
                0x00010ae4                std::_List_base<ConnectionPoint*, std::allocator<ConnectionPoint*> >::_M_init()
 .text._ZNSt10_List_baseIP6PinoutSaIS1_EE10_List_implC2Ev
                0x00010b18       0x40 ./TimerDevice/TimerDevice.o
                0x00010b18                std::_List_base<Pinout*, std::allocator<Pinout*> >::_List_impl::_List_impl()
                0x00010b18                std::_List_base<Pinout*, std::allocator<Pinout*> >::_List_impl::_List_impl()
 .text._ZNSaISt10_List_nodeIP6PinoutEED2Ev
                0x00010b58       0x28 ./TimerDevice/TimerDevice.o
                0x00010b58                std::allocator<std::_List_node<Pinout*> >::~allocator()
                0x00010b58                std::allocator<std::_List_node<Pinout*> >::~allocator()
 .text._ZNSt10_List_baseIP6PinoutSaIS1_EE7_M_initEv
                0x00010b80       0x34 ./TimerDevice/TimerDevice.o
                0x00010b80                std::_List_base<Pinout*, std::allocator<Pinout*> >::_M_init()
 .text._ZNSt14_List_iteratorIP15ConnectionPointEC2EPNSt8__detail15_List_node_baseE
                0x00010bb4       0x34 ./TimerDevice/TimerDevice.o
                0x00010bb4                std::_List_iterator<ConnectionPoint*>::_List_iterator(std::__detail::_List_node_base*)
                0x00010bb4                std::_List_iterator<ConnectionPoint*>::_List_iterator(std::__detail::_List_node_base*)
 .text._ZNSt4listIP15ConnectionPointSaIS1_EE14_M_create_nodeERKS1_
                0x00010be8       0xc4 ./TimerDevice/TimerDevice.o
                0x00010be8                std::list<ConnectionPoint*, std::allocator<ConnectionPoint*> >::_M_create_node(ConnectionPoint* const&)
 .text._ZNSaISt10_List_nodeIP15ConnectionPointEEC2Ev
                0x00010cac       0x28 ./TimerDevice/TimerDevice.o
                0x00010cac                std::allocator<std::_List_node<ConnectionPoint*> >::allocator()
                0x00010cac                std::allocator<std::_List_node<ConnectionPoint*> >::allocator()
 .text._ZN9__gnu_cxx13new_allocatorISt10_List_nodeIP15ConnectionPointEED2Ev
                0x00010cd4       0x24 ./TimerDevice/TimerDevice.o
                0x00010cd4                __gnu_cxx::new_allocator<std::_List_node<ConnectionPoint*> >::~new_allocator()
                0x00010cd4                __gnu_cxx::new_allocator<std::_List_node<ConnectionPoint*> >::~new_allocator()
 .text._ZNKSt10_List_baseIP15ConnectionPointSaIS1_EE19_M_get_Tp_allocatorEv
                0x00010cf8       0x38 ./TimerDevice/TimerDevice.o
                0x00010cf8                std::_List_base<ConnectionPoint*, std::allocator<ConnectionPoint*> >::_M_get_Tp_allocator() const
 .text._ZNSaIP15ConnectionPointED2Ev
                0x00010d30       0x28 ./TimerDevice/TimerDevice.o
                0x00010d30                std::allocator<ConnectionPoint*>::~allocator()
                0x00010d30                std::allocator<ConnectionPoint*>::~allocator()
 .text._ZSt11__addressofIP15ConnectionPointEPT_RS2_
                0x00010d58       0x24 ./TimerDevice/TimerDevice.o
                0x00010d58                ConnectionPoint** std::__addressof<ConnectionPoint*>(ConnectionPoint*&)
 .text._ZNSt10_List_baseIP15ConnectionPointSaIS1_EE11_M_put_nodeEPSt10_List_nodeIS1_E
                0x00010d7c       0x30 ./TimerDevice/TimerDevice.o
                0x00010d7c                std::_List_base<ConnectionPoint*, std::allocator<ConnectionPoint*> >::_M_put_node(std::_List_node<ConnectionPoint*>*)
 .text._ZNSaISt10_List_nodeIP6PinoutEEC2Ev
                0x00010dac       0x28 ./TimerDevice/TimerDevice.o
                0x00010dac                std::allocator<std::_List_node<Pinout*> >::allocator()
                0x00010dac                std::allocator<std::_List_node<Pinout*> >::allocator()
 .text._ZN9__gnu_cxx13new_allocatorISt10_List_nodeIP6PinoutEED2Ev
                0x00010dd4       0x24 ./TimerDevice/TimerDevice.o
                0x00010dd4                __gnu_cxx::new_allocator<std::_List_node<Pinout*> >::~new_allocator()
                0x00010dd4                __gnu_cxx::new_allocator<std::_List_node<Pinout*> >::~new_allocator()
 .text._ZNSt10_List_baseIP15ConnectionPointSaIS1_EE11_M_get_nodeEv
                0x00010df8       0x34 ./TimerDevice/TimerDevice.o
                0x00010df8                std::_List_base<ConnectionPoint*, std::allocator<ConnectionPoint*> >::_M_get_node()
 .text._ZN9__gnu_cxx13new_allocatorIP15ConnectionPointE9constructEPS2_RKS2_
                0x00010e2c       0x48 ./TimerDevice/TimerDevice.o
                0x00010e2c                __gnu_cxx::new_allocator<ConnectionPoint*>::construct(ConnectionPoint**, ConnectionPoint* const&)
 .text._ZN9__gnu_cxx13new_allocatorISt10_List_nodeIP15ConnectionPointEEC2Ev
                0x00010e74       0x24 ./TimerDevice/TimerDevice.o
                0x00010e74                __gnu_cxx::new_allocator<std::_List_node<ConnectionPoint*> >::new_allocator()
                0x00010e74                __gnu_cxx::new_allocator<std::_List_node<ConnectionPoint*> >::new_allocator()
 .text._ZNKSt10_List_baseIP15ConnectionPointSaIS1_EE21_M_get_Node_allocatorEv
                0x00010e98       0x24 ./TimerDevice/TimerDevice.o
                0x00010e98                std::_List_base<ConnectionPoint*, std::allocator<ConnectionPoint*> >::_M_get_Node_allocator() const
 .text._ZNSaIP15ConnectionPointEC2ISt10_List_nodeIS0_EEERKSaIT_E
                0x00010ebc       0x2c ./TimerDevice/TimerDevice.o
                0x00010ebc                std::allocator<ConnectionPoint*>::allocator<std::_List_node<ConnectionPoint*> >(std::allocator<std::_List_node<ConnectionPoint*> > const&)
                0x00010ebc                std::allocator<ConnectionPoint*>::allocator<std::_List_node<ConnectionPoint*> >(std::allocator<std::_List_node<ConnectionPoint*> > const&)
 .text._ZN9__gnu_cxx13new_allocatorIP15ConnectionPointED2Ev
                0x00010ee8       0x24 ./TimerDevice/TimerDevice.o
                0x00010ee8                __gnu_cxx::new_allocator<ConnectionPoint*>::~new_allocator()
                0x00010ee8                __gnu_cxx::new_allocator<ConnectionPoint*>::~new_allocator()
 .text._ZN9__gnu_cxx13new_allocatorISt10_List_nodeIP15ConnectionPointEE10deallocateEPS4_j
                0x00010f0c       0x28 ./TimerDevice/TimerDevice.o
                0x00010f0c                __gnu_cxx::new_allocator<std::_List_node<ConnectionPoint*> >::deallocate(std::_List_node<ConnectionPoint*>*, unsigned int)
 .text._ZN9__gnu_cxx13new_allocatorISt10_List_nodeIP6PinoutEEC2Ev
                0x00010f34       0x24 ./TimerDevice/TimerDevice.o
                0x00010f34                __gnu_cxx::new_allocator<std::_List_node<Pinout*> >::new_allocator()
                0x00010f34                __gnu_cxx::new_allocator<std::_List_node<Pinout*> >::new_allocator()
 .text._ZN9__gnu_cxx13new_allocatorISt10_List_nodeIP15ConnectionPointEE8allocateEjPKv
                0x00010f58       0x70 ./TimerDevice/TimerDevice.o
                0x00010f58                __gnu_cxx::new_allocator<std::_List_node<ConnectionPoint*> >::allocate(unsigned int, void const*)
 .text._ZN9__gnu_cxx13new_allocatorIP15ConnectionPointEC2Ev
                0x00010fc8       0x24 ./TimerDevice/TimerDevice.o
                0x00010fc8                __gnu_cxx::new_allocator<ConnectionPoint*>::new_allocator()
                0x00010fc8                __gnu_cxx::new_allocator<ConnectionPoint*>::new_allocator()
 .text._ZNK9__gnu_cxx13new_allocatorISt10_List_nodeIP15ConnectionPointEE8max_sizeEv
                0x00010fec       0x28 ./TimerDevice/TimerDevice.o
                0x00010fec                __gnu_cxx::new_allocator<std::_List_node<ConnectionPoint*> >::max_size() const
 .text          0x00011014      0x898 ./ScreenButton/ScreenButton.o
                0x00011014                ScreenButton::ScreenButton()
                0x00011014                ScreenButton::ScreenButton()
                0x00011358                ScreenButton::~ScreenButton()
                0x00011358                ScreenButton::~ScreenButton()
                0x000113d4                ScreenButton::~ScreenButton()
                0x00011404                ScreenButton::CalculateOutputs()
                0x000114a0                ScreenButton::Type()
                0x000114cc                ScreenButton::Version()
                0x000114f8                ScreenButton::Description()
                0x00011524                ScreenButton::GroupName()
                0x00011550                ScreenButton::CreateInstance()
                0x0001159c                ScreenButton::GetParameter(std::string)
                0x0001174c                ScreenButton::SetParameter(std::string, void*)
 .text          0x000118ac      0xa7c ./Logical/AdnWidget.o
                0x000118ac                AndWidget::AndWidget()
                0x000118ac                AndWidget::AndWidget()
                0x00011e68                AndWidget::~AndWidget()
                0x00011e68                AndWidget::~AndWidget()
                0x00011ee4                AndWidget::~AndWidget()
                0x00011f14                AndWidget::Type()
                0x00011f40                AndWidget::Version()
                0x00011f6c                AndWidget::Description()
                0x00011f98                AndWidget::GroupName()
                0x00011fc4                AndWidget::CreateInstance()
                0x00012010                AndWidget::CalculateOutputs()
                0x000120cc                AndWidget::GetParameter(std::string)
 .text          0x00012328     0x1128 ./Logical/ComparatorWidget.o
                0x00012328                ComparatorDevice::ComparatorDevice()
                0x00012328                ComparatorDevice::ComparatorDevice()
                0x00012a60                ComparatorDevice::~ComparatorDevice()
                0x00012a60                ComparatorDevice::~ComparatorDevice()
                0x00012adc                ComparatorDevice::~ComparatorDevice()
                0x00012b0c                ComparatorDevice::CalculateOutputs()
                0x00012b80                ComparatorDevice::Type()
                0x00012bac                ComparatorDevice::Version()
                0x00012bd8                ComparatorDevice::Description()
                0x00012c04                ComparatorDevice::GroupName()
                0x00012c30                ComparatorDevice::CreateInstance()
                0x00012c7c                ComparatorDevice::GetParameter(std::string)
                0x00012e2c                ComparatorDevice::SetParameter(std::string, void*)
                0x00012f2c                ComparatorDevice::GetOperation(std::string)
                0x00013044                ComparatorDevice::GetComparisonResult()
 .text          0x00013450      0xca0 ./Logical/ConstantWidget.o
                0x00013450                ConstantDevice::ConstantDevice()
                0x00013450                ConstantDevice::ConstantDevice()
                0x00013aa8                ConstantDevice::~ConstantDevice()
                0x00013aa8                ConstantDevice::~ConstantDevice()
                0x00013b24                ConstantDevice::~ConstantDevice()
                0x00013b54                ConstantDevice::CalculateOutputs()
                0x00013b9c                ConstantDevice::WidgetInitialized()
                0x00013bc0                ConstantDevice::UpdateOutconnectionsValues(void*)
                0x00013c04                ConstantDevice::Type()
                0x00013c30                ConstantDevice::Version()
                0x00013c5c                ConstantDevice::Description()
                0x00013c88                ConstantDevice::GroupName()
                0x00013cb4                ConstantDevice::CreateInstance()
                0x00013d00                ConstantDevice::GetParameter(std::string)
                0x00013ea0                ConstantDevice::SetParameter(std::string, void*)
 .text          0x000140f0     0x12e8 ./Logical/CounterDevice.o
                0x000140f0                CounterDevice::CounterDevice()
                0x000140f0                CounterDevice::CounterDevice()
                0x00014c2c                CounterDevice::~CounterDevice()
                0x00014c2c                CounterDevice::~CounterDevice()
                0x00014ca8                CounterDevice::~CounterDevice()
                0x00014cd8                CounterDevice::Type()
                0x00014d04                CounterDevice::Version()
                0x00014d30                CounterDevice::Description()
                0x00014d5c                CounterDevice::GroupName()
                0x00014d88                CounterDevice::CreateInstance()
                0x00014dd4                CounterDevice::CalculateOutputs()
                0x00014fb0                CounterDevice::GetParameter(std::string)
                0x00015160                CounterDevice::SetParameter(std::string, void*)
 .text          0x000153d8      0x94c ./Logical/InverseDevice.o
                0x000153d8                InverseDevice::InverseDevice()
                0x000153d8                InverseDevice::InverseDevice()
                0x0001583c                InverseDevice::~InverseDevice()
                0x0001583c                InverseDevice::~InverseDevice()
                0x000158b8                InverseDevice::~InverseDevice()
                0x000158e8                InverseDevice::Type()
                0x00015914                InverseDevice::Version()
                0x00015940                InverseDevice::Description()
                0x0001596c                InverseDevice::GroupName()
                0x00015998                InverseDevice::CreateInstance()
                0x000159e4                InverseDevice::CalculateOutputs()
                0x00015ac8                InverseDevice::GetParameter(std::string)
 .text          0x00015d24      0xa7c ./Logical/OrDevice.o
                0x00015d24                OrDevice::OrDevice()
                0x00015d24                OrDevice::OrDevice()
                0x000162e0                OrDevice::~OrDevice()
                0x000162e0                OrDevice::~OrDevice()
                0x0001635c                OrDevice::~OrDevice()
                0x0001638c                OrDevice::Type()
                0x000163b8                OrDevice::Version()
                0x000163e4                OrDevice::Description()
                0x00016410                OrDevice::GroupName()
                0x0001643c                OrDevice::CreateInstance()
                0x00016488                OrDevice::CalculateOutputs()
                0x00016544                OrDevice::GetParameter(std::string)
 .text          0x000167a0      0xa30 ./Logical/RSTriggerDevice.o
                0x000167a0                RSTriggerDevice::RSTriggerDevice()
                0x000167a0                RSTriggerDevice::RSTriggerDevice()
                0x00016ea8                RSTriggerDevice::~RSTriggerDevice()
                0x00016ea8                RSTriggerDevice::~RSTriggerDevice()
                0x00016f24                RSTriggerDevice::~RSTriggerDevice()
                0x00016f54                RSTriggerDevice::Type()
                0x00016f80                RSTriggerDevice::Version()
                0x00016fac                RSTriggerDevice::Description()
                0x00016fd8                RSTriggerDevice::GroupName()
                0x00017004                RSTriggerDevice::CreateInstance()
                0x00017050                RSTriggerDevice::CalculateOutputs()
 .text          0x000171d0      0xa14 ./Logical/SwitchBlock.o
                0x000171d0                SwitchBlock::SwitchBlock()
                0x000171d0                SwitchBlock::SwitchBlock()
                0x000178d8                SwitchBlock::~SwitchBlock()
                0x000178d8                SwitchBlock::~SwitchBlock()
                0x00017954                SwitchBlock::~SwitchBlock()
                0x00017984                SwitchBlock::Type()
                0x000179b0                SwitchBlock::Version()
                0x000179dc                SwitchBlock::Description()
                0x00017a08                SwitchBlock::GroupName()
                0x00017a34                SwitchBlock::CreateInstance()
                0x00017a80                SwitchBlock::CalculateOutputs()
 .text          0x00017be4      0x8e0 ./Logical/XorDevice.o
                0x00017be4                XorDevice::XorDevice()
                0x00017be4                XorDevice::XorDevice()
                0x00018194                XorDevice::~XorDevice()
                0x00018194                XorDevice::~XorDevice()
                0x00018210                XorDevice::~XorDevice()
                0x00018240                XorDevice::Type()
                0x0001826c                XorDevice::Version()
                0x00018298                XorDevice::Description()
                0x000182c4                XorDevice::GroupName()
                0x000182f0                XorDevice::CreateInstance()
                0x0001833c                XorDevice::CalculateOutputs()
 .text          0x000184c4     0x1a88 ./GPOutputDevice/GPOutputDevice.o
                0x000184c4                GPOutputDevice::GPOutputDevice()
                0x000184c4                GPOutputDevice::GPOutputDevice()
                0x00018dec                GPOutputDevice::~GPOutputDevice()
                0x00018dec                GPOutputDevice::~GPOutputDevice()
                0x00018e68                GPOutputDevice::~GPOutputDevice()
                0x00018e98                GPOutputDevice::EventTriggered(std::list<EventParameter, std::allocator<EventParameter> >)
                0x00019138                GPOutputDevice::WidgetInitialized()
                0x0001915c                GPOutputDevice::ReleaseResources()
                0x00019274                GPOutputDevice::CalculateOutputs()
                0x0001962c                GPOutputDevice::ExecuteCommand(Command)
                0x000197c4                GPOutputDevice::SetPortNumber(int)
                0x000197f0                GPOutputDevice::Type()
                0x0001981c                GPOutputDevice::Version()
                0x00019848                GPOutputDevice::Description()
                0x00019874                GPOutputDevice::GroupName()
                0x000198a0                GPOutputDevice::CreateInstance()
                0x000198ec                GPOutputDevice::GetParameter(std::string)
                0x00019ac8                GPOutputDevice::SetParameter(std::string, void*)
 .text._ZNSt11char_traitsIcE6lengthEPKc
                0x00019f4c       0x28 ./GPOutputDevice/GPOutputDevice.o
                0x00019f4c                std::char_traits<char>::length(char const*)
 .text._ZdlPvS_
                0x00019f74       0x20 ./GPOutputDevice/GPOutputDevice.o
                0x00019f74                operator delete(void*, void*)
 .text._ZN16CommandParameterC2ESsPvSs
                0x00019f94       0xa0 ./GPOutputDevice/GPOutputDevice.o
                0x00019f94                CommandParameter::CommandParameter(std::string, void*, std::string)
                0x00019f94                CommandParameter::CommandParameter(std::string, void*, std::string)
 .text._ZN16CommandParameter5CloneEv
                0x0001a034      0x1ac ./GPOutputDevice/GPOutputDevice.o
                0x0001a034                CommandParameter::Clone()
 .text._ZN7CommandC2ERKS_
                0x0001a1e0      0x180 ./GPOutputDevice/GPOutputDevice.o
                0x0001a1e0                Command::Command(Command const&)
                0x0001a1e0                Command::Command(Command const&)
 .text._ZStplIcSt11char_traitsIcESaIcEESbIT_T0_T1_EPKS3_RKS6_
                0x0001a360       0x8c ./GPOutputDevice/GPOutputDevice.o
                0x0001a360                std::basic_string<char, std::char_traits<char>, std::allocator<char> > std::operator+<char, std::char_traits<char>, std::allocator<char> >(char const*, std::basic_string<char, std::char_traits<char>, std::allocator<char> > const&)
 .text._ZNSt4listIP16CommandParameterSaIS1_EEC2Ev
                0x0001a3ec       0x2c ./GPOutputDevice/GPOutputDevice.o
                0x0001a3ec                std::list<CommandParameter*, std::allocator<CommandParameter*> >::list()
                0x0001a3ec                std::list<CommandParameter*, std::allocator<CommandParameter*> >::list()
 .text._ZNSt14_List_iteratorIP16CommandParameterEC2Ev
                0x0001a418       0x30 ./GPOutputDevice/GPOutputDevice.o
                0x0001a418                std::_List_iterator<CommandParameter*>::_List_iterator()
                0x0001a418                std::_List_iterator<CommandParameter*>::_List_iterator()
 .text._ZNSt4listIP16CommandParameterSaIS1_EE5beginEv
                0x0001a448       0x38 ./GPOutputDevice/GPOutputDevice.o
                0x0001a448                std::list<CommandParameter*, std::allocator<CommandParameter*> >::begin()
 .text._ZNSt4listIP16CommandParameterSaIS1_EE3endEv
                0x0001a480       0x34 ./GPOutputDevice/GPOutputDevice.o
                0x0001a480                std::list<CommandParameter*, std::allocator<CommandParameter*> >::end()
 .text._ZNKSt14_List_iteratorIP16CommandParameterEneERKS2_
                0x0001a4b4       0x44 ./GPOutputDevice/GPOutputDevice.o
                0x0001a4b4                std::_List_iterator<CommandParameter*>::operator!=(std::_List_iterator<CommandParameter*> const&) const
 .text._ZNSt14_List_iteratorIP16CommandParameterEppEi
                0x0001a4f8       0x48 ./GPOutputDevice/GPOutputDevice.o
                0x0001a4f8                std::_List_iterator<CommandParameter*>::operator++(int)
 .text._ZNKSt14_List_iteratorIP16CommandParameterEdeEv
                0x0001a540       0x2c ./GPOutputDevice/GPOutputDevice.o
                0x0001a540                std::_List_iterator<CommandParameter*>::operator*() const
 .text._ZNSt4listIP16CommandParameterSaIS1_EE9push_backERKS1_
                0x0001a56c       0x38 ./GPOutputDevice/GPOutputDevice.o
                0x0001a56c                std::list<CommandParameter*, std::allocator<CommandParameter*> >::push_back(CommandParameter* const&)
 .text._ZNSt4listI7CommandSaIS0_EEC2Ev
                0x0001a5a4       0x2c ./GPOutputDevice/GPOutputDevice.o
                0x0001a5a4                std::list<Command, std::allocator<Command> >::list()
                0x0001a5a4                std::list<Command, std::allocator<Command> >::list()
 .text._ZNSt4listI7CommandSaIS0_EE9push_backERKS0_
                0x0001a5d0       0x38 ./GPOutputDevice/GPOutputDevice.o
                0x0001a5d0                std::list<Command, std::allocator<Command> >::push_back(Command const&)
 .text._ZNSt4listI5EventSaIS0_EEC2Ev
                0x0001a608       0x2c ./GPOutputDevice/GPOutputDevice.o
                0x0001a608                std::list<Event, std::allocator<Event> >::list()
                0x0001a608                std::list<Event, std::allocator<Event> >::list()
 .text._ZNSt4listIP6PinoutSaIS1_EE9push_backERKS1_
                0x0001a634       0x38 ./GPOutputDevice/GPOutputDevice.o
                0x0001a634                std::list<Pinout*, std::allocator<Pinout*> >::push_back(Pinout* const&)
 .text._ZNSt14_List_iteratorIP6PinoutEC2Ev
                0x0001a66c       0x30 ./GPOutputDevice/GPOutputDevice.o
                0x0001a66c                std::_List_iterator<Pinout*>::_List_iterator()
                0x0001a66c                std::_List_iterator<Pinout*>::_List_iterator()
 .text._ZNSt4listIP6PinoutSaIS1_EE5beginEv
                0x0001a69c       0x38 ./GPOutputDevice/GPOutputDevice.o
                0x0001a69c                std::list<Pinout*, std::allocator<Pinout*> >::begin()
 .text._ZNSt4listIP6PinoutSaIS1_EE3endEv
                0x0001a6d4       0x34 ./GPOutputDevice/GPOutputDevice.o
                0x0001a6d4                std::list<Pinout*, std::allocator<Pinout*> >::end()
 .text._ZNKSt14_List_iteratorIP6PinoutEneERKS2_
                0x0001a708       0x44 ./GPOutputDevice/GPOutputDevice.o
                0x0001a708                std::_List_iterator<Pinout*>::operator!=(std::_List_iterator<Pinout*> const&) const
 .text._ZNSt14_List_iteratorIP6PinoutEppEi
                0x0001a74c       0x48 ./GPOutputDevice/GPOutputDevice.o
                0x0001a74c                std::_List_iterator<Pinout*>::operator++(int)
 .text._ZNKSt14_List_iteratorIP6PinoutEdeEv
                0x0001a794       0x2c ./GPOutputDevice/GPOutputDevice.o
                0x0001a794                std::_List_iterator<Pinout*>::operator*() const
 .text._ZNSt10_List_baseIP16CommandParameterSaIS1_EE10_List_implD2Ev
                0x0001a7c0       0x28 ./GPOutputDevice/GPOutputDevice.o
                0x0001a7c0                std::_List_base<CommandParameter*, std::allocator<CommandParameter*> >::_List_impl::~_List_impl()
                0x0001a7c0                std::_List_base<CommandParameter*, std::allocator<CommandParameter*> >::_List_impl::~_List_impl()
 .text._ZNSt10_List_baseIP16CommandParameterSaIS1_EEC2Ev
                0x0001a7e8       0x48 ./GPOutputDevice/GPOutputDevice.o
                0x0001a7e8                std::_List_base<CommandParameter*, std::allocator<CommandParameter*> >::_List_base()
                0x0001a7e8                std::_List_base<CommandParameter*, std::allocator<CommandParameter*> >::_List_base()
 .text._ZNSt14_List_iteratorIP16CommandParameterEC2EPNSt8__detail15_List_node_baseE
                0x0001a830       0x34 ./GPOutputDevice/GPOutputDevice.o
                0x0001a830                std::_List_iterator<CommandParameter*>::_List_iterator(std::__detail::_List_node_base*)
                0x0001a830                std::_List_iterator<CommandParameter*>::_List_iterator(std::__detail::_List_node_base*)
 .text._ZNSt4listIP16CommandParameterSaIS1_EE9_M_insertESt14_List_iteratorIS1_ERKS1_
                0x0001a864       0x48 ./GPOutputDevice/GPOutputDevice.o
                0x0001a864                std::list<CommandParameter*, std::allocator<CommandParameter*> >::_M_insert(std::_List_iterator<CommandParameter*>, CommandParameter* const&)
 .text._ZNSt10_List_baseI7CommandSaIS0_EE10_List_implD2Ev
                0x0001a8ac       0x28 ./GPOutputDevice/GPOutputDevice.o
                0x0001a8ac                std::_List_base<Command, std::allocator<Command> >::_List_impl::~_List_impl()
                0x0001a8ac                std::_List_base<Command, std::allocator<Command> >::_List_impl::~_List_impl()
 .text._ZNSt10_List_baseI7CommandSaIS0_EEC2Ev
                0x0001a8d4       0x48 ./GPOutputDevice/GPOutputDevice.o
                0x0001a8d4                std::_List_base<Command, std::allocator<Command> >::_List_base()
                0x0001a8d4                std::_List_base<Command, std::allocator<Command> >::_List_base()
 .text._ZNSt4listI7CommandSaIS0_EE3endEv
                0x0001a91c       0x34 ./GPOutputDevice/GPOutputDevice.o
                0x0001a91c                std::list<Command, std::allocator<Command> >::end()
 .text._ZNSt4listI7CommandSaIS0_EE9_M_insertESt14_List_iteratorIS0_ERKS0_
                0x0001a950       0x48 ./GPOutputDevice/GPOutputDevice.o
                0x0001a950                std::list<Command, std::allocator<Command> >::_M_insert(std::_List_iterator<Command>, Command const&)
 .text._ZNSt10_List_baseI5EventSaIS0_EE10_List_implD2Ev
                0x0001a998       0x28 ./GPOutputDevice/GPOutputDevice.o
                0x0001a998                std::_List_base<Event, std::allocator<Event> >::_List_impl::~_List_impl()
                0x0001a998                std::_List_base<Event, std::allocator<Event> >::_List_impl::~_List_impl()
 .text._ZNSt10_List_baseI5EventSaIS0_EEC2Ev
                0x0001a9c0       0x48 ./GPOutputDevice/GPOutputDevice.o
                0x0001a9c0                std::_List_base<Event, std::allocator<Event> >::_List_base()
                0x0001a9c0                std::_List_base<Event, std::allocator<Event> >::_List_base()
 .text._ZNSt4listIP6PinoutSaIS1_EE9_M_insertESt14_List_iteratorIS1_ERKS1_
                0x0001aa08       0x48 ./GPOutputDevice/GPOutputDevice.o
                0x0001aa08                std::list<Pinout*, std::allocator<Pinout*> >::_M_insert(std::_List_iterator<Pinout*>, Pinout* const&)
 .text._ZNSt14_List_iteratorIP6PinoutEC2EPNSt8__detail15_List_node_baseE
                0x0001aa50       0x34 ./GPOutputDevice/GPOutputDevice.o
                0x0001aa50                std::_List_iterator<Pinout*>::_List_iterator(std::__detail::_List_node_base*)
                0x0001aa50                std::_List_iterator<Pinout*>::_List_iterator(std::__detail::_List_node_base*)
 .text._ZNSt10_List_baseIP16CommandParameterSaIS1_EE10_List_implC2Ev
                0x0001aa84       0x40 ./GPOutputDevice/GPOutputDevice.o
                0x0001aa84                std::_List_base<CommandParameter*, std::allocator<CommandParameter*> >::_List_impl::_List_impl()
                0x0001aa84                std::_List_base<CommandParameter*, std::allocator<CommandParameter*> >::_List_impl::_List_impl()
 .text._ZNSaISt10_List_nodeIP16CommandParameterEED2Ev
                0x0001aac4       0x28 ./GPOutputDevice/GPOutputDevice.o
                0x0001aac4                std::allocator<std::_List_node<CommandParameter*> >::~allocator()
                0x0001aac4                std::allocator<std::_List_node<CommandParameter*> >::~allocator()
 .text._ZNSt10_List_baseIP16CommandParameterSaIS1_EE7_M_initEv
                0x0001aaec       0x34 ./GPOutputDevice/GPOutputDevice.o
                0x0001aaec                std::_List_base<CommandParameter*, std::allocator<CommandParameter*> >::_M_init()
 .text._ZNSt4listIP16CommandParameterSaIS1_EE14_M_create_nodeERKS1_
                0x0001ab20       0xc4 ./GPOutputDevice/GPOutputDevice.o
                0x0001ab20                std::list<CommandParameter*, std::allocator<CommandParameter*> >::_M_create_node(CommandParameter* const&)
 .text._ZNSt10_List_baseI7CommandSaIS0_EE10_List_implC2Ev
                0x0001abe4       0x40 ./GPOutputDevice/GPOutputDevice.o
                0x0001abe4                std::_List_base<Command, std::allocator<Command> >::_List_impl::_List_impl()
                0x0001abe4                std::_List_base<Command, std::allocator<Command> >::_List_impl::_List_impl()
 .text._ZNSaISt10_List_nodeI7CommandEED2Ev
                0x0001ac24       0x28 ./GPOutputDevice/GPOutputDevice.o
                0x0001ac24                std::allocator<std::_List_node<Command> >::~allocator()
                0x0001ac24                std::allocator<std::_List_node<Command> >::~allocator()
 .text._ZNSt10_List_baseI7CommandSaIS0_EE7_M_initEv
                0x0001ac4c       0x34 ./GPOutputDevice/GPOutputDevice.o
                0x0001ac4c                std::_List_base<Command, std::allocator<Command> >::_M_init()
 .text._ZNSt14_List_iteratorI7CommandEC2EPNSt8__detail15_List_node_baseE
                0x0001ac80       0x34 ./GPOutputDevice/GPOutputDevice.o
                0x0001ac80                std::_List_iterator<Command>::_List_iterator(std::__detail::_List_node_base*)
                0x0001ac80                std::_List_iterator<Command>::_List_iterator(std::__detail::_List_node_base*)
 .text._ZNSt4listI7CommandSaIS0_EE14_M_create_nodeERKS0_
                0x0001acb4       0xc4 ./GPOutputDevice/GPOutputDevice.o
                0x0001acb4                std::list<Command, std::allocator<Command> >::_M_create_node(Command const&)
 .text._ZNSt10_List_baseI5EventSaIS0_EE10_List_implC2Ev
                0x0001ad78       0x40 ./GPOutputDevice/GPOutputDevice.o
                0x0001ad78                std::_List_base<Event, std::allocator<Event> >::_List_impl::_List_impl()
                0x0001ad78                std::_List_base<Event, std::allocator<Event> >::_List_impl::_List_impl()
 .text._ZNSaISt10_List_nodeI5EventEED2Ev
                0x0001adb8       0x28 ./GPOutputDevice/GPOutputDevice.o
                0x0001adb8                std::allocator<std::_List_node<Event> >::~allocator()
                0x0001adb8                std::allocator<std::_List_node<Event> >::~allocator()
 .text._ZNSt10_List_baseI5EventSaIS0_EE7_M_initEv
                0x0001ade0       0x34 ./GPOutputDevice/GPOutputDevice.o
                0x0001ade0                std::_List_base<Event, std::allocator<Event> >::_M_init()
 .text._ZNSt4listIP6PinoutSaIS1_EE14_M_create_nodeERKS1_
                0x0001ae14       0xc4 ./GPOutputDevice/GPOutputDevice.o
                0x0001ae14                std::list<Pinout*, std::allocator<Pinout*> >::_M_create_node(Pinout* const&)
 .text._ZNSaISt10_List_nodeIP16CommandParameterEEC2Ev
                0x0001aed8       0x28 ./GPOutputDevice/GPOutputDevice.o
                0x0001aed8                std::allocator<std::_List_node<CommandParameter*> >::allocator()
                0x0001aed8                std::allocator<std::_List_node<CommandParameter*> >::allocator()
 .text._ZN9__gnu_cxx13new_allocatorISt10_List_nodeIP16CommandParameterEED2Ev
                0x0001af00       0x24 ./GPOutputDevice/GPOutputDevice.o
                0x0001af00                __gnu_cxx::new_allocator<std::_List_node<CommandParameter*> >::~new_allocator()
                0x0001af00                __gnu_cxx::new_allocator<std::_List_node<CommandParameter*> >::~new_allocator()
 .text._ZNKSt10_List_baseIP16CommandParameterSaIS1_EE19_M_get_Tp_allocatorEv
                0x0001af24       0x38 ./GPOutputDevice/GPOutputDevice.o
                0x0001af24                std::_List_base<CommandParameter*, std::allocator<CommandParameter*> >::_M_get_Tp_allocator() const
 .text._ZNSaIP16CommandParameterED2Ev
                0x0001af5c       0x28 ./GPOutputDevice/GPOutputDevice.o
                0x0001af5c                std::allocator<CommandParameter*>::~allocator()
                0x0001af5c                std::allocator<CommandParameter*>::~allocator()
 .text._ZSt11__addressofIP16CommandParameterEPT_RS2_
                0x0001af84       0x24 ./GPOutputDevice/GPOutputDevice.o
                0x0001af84                CommandParameter** std::__addressof<CommandParameter*>(CommandParameter*&)
 .text._ZNSt10_List_baseIP16CommandParameterSaIS1_EE11_M_put_nodeEPSt10_List_nodeIS1_E
                0x0001afa8       0x30 ./GPOutputDevice/GPOutputDevice.o
                0x0001afa8                std::_List_base<CommandParameter*, std::allocator<CommandParameter*> >::_M_put_node(std::_List_node<CommandParameter*>*)
 .text._ZNSt10_List_baseIP16CommandParameterSaIS1_EE11_M_get_nodeEv
                0x0001afd8       0x34 ./GPOutputDevice/GPOutputDevice.o
                0x0001afd8                std::_List_base<CommandParameter*, std::allocator<CommandParameter*> >::_M_get_node()
 .text._ZN9__gnu_cxx13new_allocatorIP16CommandParameterE9constructEPS2_RKS2_
                0x0001b00c       0x48 ./GPOutputDevice/GPOutputDevice.o
                0x0001b00c                __gnu_cxx::new_allocator<CommandParameter*>::construct(CommandParameter**, CommandParameter* const&)
 .text._ZNKSt10_List_baseIP6PinoutSaIS1_EE19_M_get_Tp_allocatorEv
                0x0001b054       0x38 ./GPOutputDevice/GPOutputDevice.o
                0x0001b054                std::_List_base<Pinout*, std::allocator<Pinout*> >::_M_get_Tp_allocator() const
 .text._ZNSaIP6PinoutED2Ev
                0x0001b08c       0x28 ./GPOutputDevice/GPOutputDevice.o
                0x0001b08c                std::allocator<Pinout*>::~allocator()
                0x0001b08c                std::allocator<Pinout*>::~allocator()
 .text._ZSt11__addressofIP6PinoutEPT_RS2_
                0x0001b0b4       0x24 ./GPOutputDevice/GPOutputDevice.o
                0x0001b0b4                Pinout** std::__addressof<Pinout*>(Pinout*&)
 .text._ZNSt10_List_baseIP6PinoutSaIS1_EE11_M_put_nodeEPSt10_List_nodeIS1_E
                0x0001b0d8       0x30 ./GPOutputDevice/GPOutputDevice.o
                0x0001b0d8                std::_List_base<Pinout*, std::allocator<Pinout*> >::_M_put_node(std::_List_node<Pinout*>*)
 .text._ZNSaISt10_List_nodeI7CommandEEC2Ev
                0x0001b108       0x28 ./GPOutputDevice/GPOutputDevice.o
                0x0001b108                std::allocator<std::_List_node<Command> >::allocator()
                0x0001b108                std::allocator<std::_List_node<Command> >::allocator()
 .text._ZN9__gnu_cxx13new_allocatorISt10_List_nodeI7CommandEED2Ev
                0x0001b130       0x24 ./GPOutputDevice/GPOutputDevice.o
                0x0001b130                __gnu_cxx::new_allocator<std::_List_node<Command> >::~new_allocator()
                0x0001b130                __gnu_cxx::new_allocator<std::_List_node<Command> >::~new_allocator()
 .text._ZNKSt10_List_baseI7CommandSaIS0_EE19_M_get_Tp_allocatorEv
                0x0001b154       0x38 ./GPOutputDevice/GPOutputDevice.o
                0x0001b154                std::_List_base<Command, std::allocator<Command> >::_M_get_Tp_allocator() const
 .text._ZNSaI7CommandED2Ev
                0x0001b18c       0x28 ./GPOutputDevice/GPOutputDevice.o
                0x0001b18c                std::allocator<Command>::~allocator()
                0x0001b18c                std::allocator<Command>::~allocator()
 .text._ZSt11__addressofI7CommandEPT_RS1_
                0x0001b1b4       0x24 ./GPOutputDevice/GPOutputDevice.o
                0x0001b1b4                Command* std::__addressof<Command>(Command&)
 .text._ZNSt10_List_baseI7CommandSaIS0_EE11_M_put_nodeEPSt10_List_nodeIS0_E
                0x0001b1d8       0x30 ./GPOutputDevice/GPOutputDevice.o
                0x0001b1d8                std::_List_base<Command, std::allocator<Command> >::_M_put_node(std::_List_node<Command>*)
 .text._ZNSt10_List_baseI7CommandSaIS0_EE11_M_get_nodeEv
                0x0001b208       0x34 ./GPOutputDevice/GPOutputDevice.o
                0x0001b208                std::_List_base<Command, std::allocator<Command> >::_M_get_node()
 .text._ZN9__gnu_cxx13new_allocatorI7CommandE9constructEPS1_RKS1_
                0x0001b23c       0x5c ./GPOutputDevice/GPOutputDevice.o
                0x0001b23c                __gnu_cxx::new_allocator<Command>::construct(Command*, Command const&)
 .text._ZNSaISt10_List_nodeI5EventEEC2Ev
                0x0001b298       0x28 ./GPOutputDevice/GPOutputDevice.o
                0x0001b298                std::allocator<std::_List_node<Event> >::allocator()
                0x0001b298                std::allocator<std::_List_node<Event> >::allocator()
 .text._ZN9__gnu_cxx13new_allocatorISt10_List_nodeI5EventEED2Ev
                0x0001b2c0       0x24 ./GPOutputDevice/GPOutputDevice.o
                0x0001b2c0                __gnu_cxx::new_allocator<std::_List_node<Event> >::~new_allocator()
                0x0001b2c0                __gnu_cxx::new_allocator<std::_List_node<Event> >::~new_allocator()
 .text._ZNSt10_List_baseIP6PinoutSaIS1_EE11_M_get_nodeEv
                0x0001b2e4       0x34 ./GPOutputDevice/GPOutputDevice.o
                0x0001b2e4                std::_List_base<Pinout*, std::allocator<Pinout*> >::_M_get_node()
 .text._ZN9__gnu_cxx13new_allocatorIP6PinoutE9constructEPS2_RKS2_
                0x0001b318       0x48 ./GPOutputDevice/GPOutputDevice.o
                0x0001b318                __gnu_cxx::new_allocator<Pinout*>::construct(Pinout**, Pinout* const&)
 .text._ZN9__gnu_cxx13new_allocatorISt10_List_nodeIP16CommandParameterEEC2Ev
                0x0001b360       0x24 ./GPOutputDevice/GPOutputDevice.o
                0x0001b360                __gnu_cxx::new_allocator<std::_List_node<CommandParameter*> >::new_allocator()
                0x0001b360                __gnu_cxx::new_allocator<std::_List_node<CommandParameter*> >::new_allocator()
 .text._ZNKSt10_List_baseIP16CommandParameterSaIS1_EE21_M_get_Node_allocatorEv
                0x0001b384       0x24 ./GPOutputDevice/GPOutputDevice.o
                0x0001b384                std::_List_base<CommandParameter*, std::allocator<CommandParameter*> >::_M_get_Node_allocator() const
 .text._ZNSaIP16CommandParameterEC2ISt10_List_nodeIS0_EEERKSaIT_E
                0x0001b3a8       0x2c ./GPOutputDevice/GPOutputDevice.o
                0x0001b3a8                std::allocator<CommandParameter*>::allocator<std::_List_node<CommandParameter*> >(std::allocator<std::_List_node<CommandParameter*> > const&)
                0x0001b3a8                std::allocator<CommandParameter*>::allocator<std::_List_node<CommandParameter*> >(std::allocator<std::_List_node<CommandParameter*> > const&)
 .text._ZN9__gnu_cxx13new_allocatorIP16CommandParameterED2Ev
                0x0001b3d4       0x24 ./GPOutputDevice/GPOutputDevice.o
                0x0001b3d4                __gnu_cxx::new_allocator<CommandParameter*>::~new_allocator()
                0x0001b3d4                __gnu_cxx::new_allocator<CommandParameter*>::~new_allocator()
 .text._ZN9__gnu_cxx13new_allocatorISt10_List_nodeIP16CommandParameterEE10deallocateEPS4_j
                0x0001b3f8       0x28 ./GPOutputDevice/GPOutputDevice.o
                0x0001b3f8                __gnu_cxx::new_allocator<std::_List_node<CommandParameter*> >::deallocate(std::_List_node<CommandParameter*>*, unsigned int)
 .text._ZN9__gnu_cxx13new_allocatorISt10_List_nodeIP16CommandParameterEE8allocateEjPKv
                0x0001b420       0x70 ./GPOutputDevice/GPOutputDevice.o
                0x0001b420                __gnu_cxx::new_allocator<std::_List_node<CommandParameter*> >::allocate(unsigned int, void const*)
 .text._ZNKSt10_List_baseIP6PinoutSaIS1_EE21_M_get_Node_allocatorEv
                0x0001b490       0x24 ./GPOutputDevice/GPOutputDevice.o
                0x0001b490                std::_List_base<Pinout*, std::allocator<Pinout*> >::_M_get_Node_allocator() const
 .text._ZNSaIP6PinoutEC2ISt10_List_nodeIS0_EEERKSaIT_E
                0x0001b4b4       0x2c ./GPOutputDevice/GPOutputDevice.o
                0x0001b4b4                std::allocator<Pinout*>::allocator<std::_List_node<Pinout*> >(std::allocator<std::_List_node<Pinout*> > const&)
                0x0001b4b4                std::allocator<Pinout*>::allocator<std::_List_node<Pinout*> >(std::allocator<std::_List_node<Pinout*> > const&)
 .text._ZN9__gnu_cxx13new_allocatorIP6PinoutED2Ev
                0x0001b4e0       0x24 ./GPOutputDevice/GPOutputDevice.o
                0x0001b4e0                __gnu_cxx::new_allocator<Pinout*>::~new_allocator()
                0x0001b4e0                __gnu_cxx::new_allocator<Pinout*>::~new_allocator()
 .text._ZN9__gnu_cxx13new_allocatorISt10_List_nodeIP6PinoutEE10deallocateEPS4_j
                0x0001b504       0x28 ./GPOutputDevice/GPOutputDevice.o
                0x0001b504                __gnu_cxx::new_allocator<std::_List_node<Pinout*> >::deallocate(std::_List_node<Pinout*>*, unsigned int)
 .text._ZN9__gnu_cxx13new_allocatorISt10_List_nodeI7CommandEEC2Ev
                0x0001b52c       0x24 ./GPOutputDevice/GPOutputDevice.o
                0x0001b52c                __gnu_cxx::new_allocator<std::_List_node<Command> >::new_allocator()
                0x0001b52c                __gnu_cxx::new_allocator<std::_List_node<Command> >::new_allocator()
 .text._ZNKSt10_List_baseI7CommandSaIS0_EE21_M_get_Node_allocatorEv
                0x0001b550       0x24 ./GPOutputDevice/GPOutputDevice.o
                0x0001b550                std::_List_base<Command, std::allocator<Command> >::_M_get_Node_allocator() const
 .text._ZNSaI7CommandEC2ISt10_List_nodeIS_EEERKSaIT_E
                0x0001b574       0x2c ./GPOutputDevice/GPOutputDevice.o
                0x0001b574                std::allocator<Command>::allocator<std::_List_node<Command> >(std::allocator<std::_List_node<Command> > const&)
                0x0001b574                std::allocator<Command>::allocator<std::_List_node<Command> >(std::allocator<std::_List_node<Command> > const&)
 .text._ZN9__gnu_cxx13new_allocatorI7CommandED2Ev
                0x0001b5a0       0x24 ./GPOutputDevice/GPOutputDevice.o
                0x0001b5a0                __gnu_cxx::new_allocator<Command>::~new_allocator()
                0x0001b5a0                __gnu_cxx::new_allocator<Command>::~new_allocator()
 .text._ZN9__gnu_cxx13new_allocatorISt10_List_nodeI7CommandEE10deallocateEPS3_j
                0x0001b5c4       0x28 ./GPOutputDevice/GPOutputDevice.o
                0x0001b5c4                __gnu_cxx::new_allocator<std::_List_node<Command> >::deallocate(std::_List_node<Command>*, unsigned int)
 .text._ZN9__gnu_cxx13new_allocatorISt10_List_nodeI7CommandEE8allocateEjPKv
                0x0001b5ec       0x70 ./GPOutputDevice/GPOutputDevice.o
                0x0001b5ec                __gnu_cxx::new_allocator<std::_List_node<Command> >::allocate(unsigned int, void const*)
 .text._ZN9__gnu_cxx13new_allocatorISt10_List_nodeI5EventEEC2Ev
                0x0001b65c       0x24 ./GPOutputDevice/GPOutputDevice.o
                0x0001b65c                __gnu_cxx::new_allocator<std::_List_node<Event> >::new_allocator()
                0x0001b65c                __gnu_cxx::new_allocator<std::_List_node<Event> >::new_allocator()
 .text._ZN9__gnu_cxx13new_allocatorISt10_List_nodeIP6PinoutEE8allocateEjPKv
                0x0001b680       0x70 ./GPOutputDevice/GPOutputDevice.o
                0x0001b680                __gnu_cxx::new_allocator<std::_List_node<Pinout*> >::allocate(unsigned int, void const*)
 .text._ZN9__gnu_cxx13new_allocatorIP16CommandParameterEC2Ev
                0x0001b6f0       0x24 ./GPOutputDevice/GPOutputDevice.o
                0x0001b6f0                __gnu_cxx::new_allocator<CommandParameter*>::new_allocator()
                0x0001b6f0                __gnu_cxx::new_allocator<CommandParameter*>::new_allocator()
 .text._ZNK9__gnu_cxx13new_allocatorISt10_List_nodeIP16CommandParameterEE8max_sizeEv
                0x0001b714       0x28 ./GPOutputDevice/GPOutputDevice.o
                0x0001b714                __gnu_cxx::new_allocator<std::_List_node<CommandParameter*> >::max_size() const
 .text._ZN9__gnu_cxx13new_allocatorIP6PinoutEC2Ev
                0x0001b73c       0x24 ./GPOutputDevice/GPOutputDevice.o
                0x0001b73c                __gnu_cxx::new_allocator<Pinout*>::new_allocator()
                0x0001b73c                __gnu_cxx::new_allocator<Pinout*>::new_allocator()
 .text._ZN9__gnu_cxx13new_allocatorI7CommandEC2Ev
                0x0001b760       0x24 ./GPOutputDevice/GPOutputDevice.o
                0x0001b760                __gnu_cxx::new_allocator<Command>::new_allocator()
                0x0001b760                __gnu_cxx::new_allocator<Command>::new_allocator()
 .text._ZNK9__gnu_cxx13new_allocatorISt10_List_nodeI7CommandEE8max_sizeEv
                0x0001b784       0x28 ./GPOutputDevice/GPOutputDevice.o
                0x0001b784                __gnu_cxx::new_allocator<std::_List_node<Command> >::max_size() const
 .text._ZNK9__gnu_cxx13new_allocatorISt10_List_nodeIP6PinoutEE8max_sizeEv
                0x0001b7ac       0x28 ./GPOutputDevice/GPOutputDevice.o
                0x0001b7ac                __gnu_cxx::new_allocator<std::_List_node<Pinout*> >::max_size() const
 .text          0x0001b7d4     0x151c ./GPInputDevice/GPIDevice.o
                0x0001b7d4                GPIDevice::GPIDevice()
                0x0001b7d4                GPIDevice::GPIDevice()
                0x0001c108                GPIDevice::~GPIDevice()
                0x0001c108                GPIDevice::~GPIDevice()
                0x0001c1a8                GPIDevice::~GPIDevice()
                0x0001c1d8                GPIDevice::WidgetInitialized()
                0x0001c2fc                GPIDevice::ReleaseResources()
                0x0001c414                GPIDevice::CalculateOutputs()
                0x0001c470                GPIDevice::EventTriggered(std::list<EventParameter, std::allocator<EventParameter> >)
                0x0001c714                GPIDevice::ExecuteCommand(Command)
                0x0001c8ac                GPIDevice::Type()
                0x0001c8d8                GPIDevice::Version()
                0x0001c904                GPIDevice::Description()
                0x0001c930                GPIDevice::GroupName()
                0x0001c95c                GPIDevice::CreateInstance()
                0x0001c9a8                GPIDevice::GetParameter(std::string)
                0x0001cbac                GPIDevice::SetParameter(std::string, void*)
 .text._ZN14EventParameterC2ERKS_
                0x0001ccf0       0x58 ./GPInputDevice/GPIDevice.o
                0x0001ccf0                EventParameter::EventParameter(EventParameter const&)
                0x0001ccf0                EventParameter::EventParameter(EventParameter const&)
 .text._ZN14EventParameterC2EPKciS1_
                0x0001cd48       0x54 ./GPInputDevice/GPIDevice.o
                0x0001cd48                EventParameter::EventParameter(char const*, int, char const*)
                0x0001cd48                EventParameter::EventParameter(char const*, int, char const*)
 .text._ZN14EventParameterD2Ev
                0x0001cd9c       0x24 ./GPInputDevice/GPIDevice.o
                0x0001cd9c                EventParameter::~EventParameter()
                0x0001cd9c                EventParameter::~EventParameter()
 .text._ZNSt4listI14EventParameterSaIS0_EED2Ev
                0x0001cdc0       0x2c ./GPInputDevice/GPIDevice.o
                0x0001cdc0                std::list<EventParameter, std::allocator<EventParameter> >::~list()
                0x0001cdc0                std::list<EventParameter, std::allocator<EventParameter> >::~list()
 .text._ZNSt4listI14EventParameterSaIS0_EEC2Ev
                0x0001cdec       0x2c ./GPInputDevice/GPIDevice.o
                0x0001cdec                std::list<EventParameter, std::allocator<EventParameter> >::list()
                0x0001cdec                std::list<EventParameter, std::allocator<EventParameter> >::list()
 .text._ZNSt10_List_baseI14EventParameterSaIS0_EE10_List_implD2Ev
                0x0001ce18       0x28 ./GPInputDevice/GPIDevice.o
                0x0001ce18                std::_List_base<EventParameter, std::allocator<EventParameter> >::_List_impl::~_List_impl()
                0x0001ce18                std::_List_base<EventParameter, std::allocator<EventParameter> >::_List_impl::~_List_impl()
 .text._ZNSt10_List_baseI14EventParameterSaIS0_EED2Ev
                0x0001ce40       0x48 ./GPInputDevice/GPIDevice.o
                0x0001ce40                std::_List_base<EventParameter, std::allocator<EventParameter> >::~_List_base()
                0x0001ce40                std::_List_base<EventParameter, std::allocator<EventParameter> >::~_List_base()
 .text._ZNSt4listI14EventParameterSaIS0_EE9push_backERKS0_
                0x0001ce88       0x38 ./GPInputDevice/GPIDevice.o
                0x0001ce88                std::list<EventParameter, std::allocator<EventParameter> >::push_back(EventParameter const&)
 .text._ZNSt4listI5EventSaIS0_EE9push_backERKS0_
                0x0001cec0       0x38 ./GPInputDevice/GPIDevice.o
                0x0001cec0                std::list<Event, std::allocator<Event> >::push_back(Event const&)
 .text._ZNSt14_List_iteratorI14EventParameterEC2Ev
                0x0001cef8       0x30 ./GPInputDevice/GPIDevice.o
                0x0001cef8                std::_List_iterator<EventParameter>::_List_iterator()
                0x0001cef8                std::_List_iterator<EventParameter>::_List_iterator()
 .text._ZNKSt4listI14EventParameterSaIS0_EE4sizeEv
                0x0001cf28       0x44 ./GPInputDevice/GPIDevice.o
                0x0001cf28                std::list<EventParameter, std::allocator<EventParameter> >::size() const
 .text._ZNSt4listI14EventParameterSaIS0_EE5beginEv
                0x0001cf6c       0x38 ./GPInputDevice/GPIDevice.o
                0x0001cf6c                std::list<EventParameter, std::allocator<EventParameter> >::begin()
 .text._ZNSt4listI14EventParameterSaIS0_EE3endEv
                0x0001cfa4       0x34 ./GPInputDevice/GPIDevice.o
                0x0001cfa4                std::list<EventParameter, std::allocator<EventParameter> >::end()
 .text._ZNKSt14_List_iteratorI14EventParameterEneERKS1_
                0x0001cfd8       0x44 ./GPInputDevice/GPIDevice.o
                0x0001cfd8                std::_List_iterator<EventParameter>::operator!=(std::_List_iterator<EventParameter> const&) const
 .text._ZNSt14_List_iteratorI14EventParameterEppEi
                0x0001d01c       0x48 ./GPInputDevice/GPIDevice.o
                0x0001d01c                std::_List_iterator<EventParameter>::operator++(int)
 .text._ZNKSt14_List_iteratorI14EventParameterEdeEv
                0x0001d064       0x2c ./GPInputDevice/GPIDevice.o
                0x0001d064                std::_List_iterator<EventParameter>::operator*() const
 .text._ZNSt10_List_baseI14EventParameterSaIS0_EEC2Ev
                0x0001d090       0x48 ./GPInputDevice/GPIDevice.o
                0x0001d090                std::_List_base<EventParameter, std::allocator<EventParameter> >::_List_base()
                0x0001d090                std::_List_base<EventParameter, std::allocator<EventParameter> >::_List_base()
 .text._ZNSaISt10_List_nodeI14EventParameterEED2Ev
                0x0001d0d8       0x28 ./GPInputDevice/GPIDevice.o
                0x0001d0d8                std::allocator<std::_List_node<EventParameter> >::~allocator()
                0x0001d0d8                std::allocator<std::_List_node<EventParameter> >::~allocator()
 .text._ZNSt10_List_baseI14EventParameterSaIS0_EE8_M_clearEv
                0x0001d100       0xbc ./GPInputDevice/GPIDevice.o
                0x0001d100                std::_List_base<EventParameter, std::allocator<EventParameter> >::_M_clear()
 .text._ZNSt4listI14EventParameterSaIS0_EE9_M_insertESt14_List_iteratorIS0_ERKS0_
                0x0001d1bc       0x48 ./GPInputDevice/GPIDevice.o
                0x0001d1bc                std::list<EventParameter, std::allocator<EventParameter> >::_M_insert(std::_List_iterator<EventParameter>, EventParameter const&)
 .text._ZNSt4listI5EventSaIS0_EE3endEv
                0x0001d204       0x34 ./GPInputDevice/GPIDevice.o
                0x0001d204                std::list<Event, std::allocator<Event> >::end()
 .text._ZNSt4listI5EventSaIS0_EE9_M_insertESt14_List_iteratorIS0_ERKS0_
                0x0001d238       0x48 ./GPInputDevice/GPIDevice.o
                0x0001d238                std::list<Event, std::allocator<Event> >::_M_insert(std::_List_iterator<Event>, Event const&)
 .text._ZNKSt4listI14EventParameterSaIS0_EE5beginEv
                0x0001d280       0x38 ./GPInputDevice/GPIDevice.o
                0x0001d280                std::list<EventParameter, std::allocator<EventParameter> >::begin() const
 .text._ZNKSt4listI14EventParameterSaIS0_EE3endEv
                0x0001d2b8       0x34 ./GPInputDevice/GPIDevice.o
                0x0001d2b8                std::list<EventParameter, std::allocator<EventParameter> >::end() const
 .text._ZSt8distanceISt20_List_const_iteratorI14EventParameterEENSt15iterator_traitsIT_E15difference_typeES4_S4_
                0x0001d2ec       0x48 ./GPInputDevice/GPIDevice.o
                0x0001d2ec                std::iterator_traits<std::_List_const_iterator<EventParameter> >::difference_type std::distance<std::_List_const_iterator<EventParameter> >(std::_List_const_iterator<EventParameter>, std::_List_const_iterator<EventParameter>)
 .text._ZNSt14_List_iteratorI14EventParameterEC2EPNSt8__detail15_List_node_baseE
                0x0001d334       0x34 ./GPInputDevice/GPIDevice.o
                0x0001d334                std::_List_iterator<EventParameter>::_List_iterator(std::__detail::_List_node_base*)
                0x0001d334                std::_List_iterator<EventParameter>::_List_iterator(std::__detail::_List_node_base*)
 .text._ZNSt10_List_baseI14EventParameterSaIS0_EE10_List_implC2Ev
                0x0001d368       0x40 ./GPInputDevice/GPIDevice.o
                0x0001d368                std::_List_base<EventParameter, std::allocator<EventParameter> >::_List_impl::_List_impl()
                0x0001d368                std::_List_base<EventParameter, std::allocator<EventParameter> >::_List_impl::_List_impl()
 .text._ZNSt10_List_baseI14EventParameterSaIS0_EE7_M_initEv
                0x0001d3a8       0x34 ./GPInputDevice/GPIDevice.o
                0x0001d3a8                std::_List_base<EventParameter, std::allocator<EventParameter> >::_M_init()
 .text._ZN9__gnu_cxx13new_allocatorISt10_List_nodeI14EventParameterEED2Ev
                0x0001d3dc       0x24 ./GPInputDevice/GPIDevice.o
                0x0001d3dc                __gnu_cxx::new_allocator<std::_List_node<EventParameter> >::~new_allocator()
                0x0001d3dc                __gnu_cxx::new_allocator<std::_List_node<EventParameter> >::~new_allocator()
 .text._ZNKSt10_List_baseI14EventParameterSaIS0_EE19_M_get_Tp_allocatorEv
                0x0001d400       0x38 ./GPInputDevice/GPIDevice.o
                0x0001d400                std::_List_base<EventParameter, std::allocator<EventParameter> >::_M_get_Tp_allocator() const
 .text._ZNSaI14EventParameterED2Ev
                0x0001d438       0x28 ./GPInputDevice/GPIDevice.o
                0x0001d438                std::allocator<EventParameter>::~allocator()
                0x0001d438                std::allocator<EventParameter>::~allocator()
 .text._ZSt11__addressofI14EventParameterEPT_RS1_
                0x0001d460       0x24 ./GPInputDevice/GPIDevice.o
                0x0001d460                EventParameter* std::__addressof<EventParameter>(EventParameter&)
 .text._ZN9__gnu_cxx13new_allocatorI14EventParameterE7destroyEPS1_
                0x0001d484       0x24 ./GPInputDevice/GPIDevice.o
                0x0001d484                __gnu_cxx::new_allocator<EventParameter>::destroy(EventParameter*)
 .text._ZNSt10_List_baseI14EventParameterSaIS0_EE11_M_put_nodeEPSt10_List_nodeIS0_E
                0x0001d4a8       0x30 ./GPInputDevice/GPIDevice.o
                0x0001d4a8                std::_List_base<EventParameter, std::allocator<EventParameter> >::_M_put_node(std::_List_node<EventParameter>*)
 .text._ZNSt4listI14EventParameterSaIS0_EE14_M_create_nodeERKS0_
                0x0001d4d8       0xc4 ./GPInputDevice/GPIDevice.o
                0x0001d4d8                std::list<EventParameter, std::allocator<EventParameter> >::_M_create_node(EventParameter const&)
 .text._ZNSt14_List_iteratorI5EventEC2EPNSt8__detail15_List_node_baseE
                0x0001d59c       0x34 ./GPInputDevice/GPIDevice.o
                0x0001d59c                std::_List_iterator<Event>::_List_iterator(std::__detail::_List_node_base*)
                0x0001d59c                std::_List_iterator<Event>::_List_iterator(std::__detail::_List_node_base*)
 .text._ZNSt4listI5EventSaIS0_EE14_M_create_nodeERKS0_
                0x0001d5d0       0xc4 ./GPInputDevice/GPIDevice.o
                0x0001d5d0                std::list<Event, std::allocator<Event> >::_M_create_node(Event const&)
 .text._ZNSt20_List_const_iteratorI14EventParameterEC2EPKNSt8__detail15_List_node_baseE
                0x0001d694       0x34 ./GPInputDevice/GPIDevice.o
                0x0001d694                std::_List_const_iterator<EventParameter>::_List_const_iterator(std::__detail::_List_node_base const*)
                0x0001d694                std::_List_const_iterator<EventParameter>::_List_const_iterator(std::__detail::_List_node_base const*)
 .text._ZSt19__iterator_categoryISt20_List_const_iteratorI14EventParameterEENSt15iterator_traitsIT_E17iterator_categoryERKS4_
                0x0001d6c8       0x20 ./GPInputDevice/GPIDevice.o
                0x0001d6c8                std::iterator_traits<std::_List_const_iterator<EventParameter> >::iterator_category std::__iterator_category<std::_List_const_iterator<EventParameter> >(std::_List_const_iterator<EventParameter> const&)
 .text._ZSt10__distanceISt20_List_const_iteratorI14EventParameterEENSt15iterator_traitsIT_E15difference_typeES4_S4_St18input_iterator_tag
                0x0001d6e8       0x6c ./GPInputDevice/GPIDevice.o
                0x0001d6e8                std::iterator_traits<std::_List_const_iterator<EventParameter> >::difference_type std::__distance<std::_List_const_iterator<EventParameter> >(std::_List_const_iterator<EventParameter>, std::_List_const_iterator<EventParameter>, std::input_iterator_tag)
 .text._ZNSaISt10_List_nodeI14EventParameterEEC2Ev
                0x0001d754       0x28 ./GPInputDevice/GPIDevice.o
                0x0001d754                std::allocator<std::_List_node<EventParameter> >::allocator()
                0x0001d754                std::allocator<std::_List_node<EventParameter> >::allocator()
 .text._ZNKSt10_List_baseI14EventParameterSaIS0_EE21_M_get_Node_allocatorEv
                0x0001d77c       0x24 ./GPInputDevice/GPIDevice.o
                0x0001d77c                std::_List_base<EventParameter, std::allocator<EventParameter> >::_M_get_Node_allocator() const
 .text._ZNSaI14EventParameterEC2ISt10_List_nodeIS_EEERKSaIT_E
                0x0001d7a0       0x2c ./GPInputDevice/GPIDevice.o
                0x0001d7a0                std::allocator<EventParameter>::allocator<std::_List_node<EventParameter> >(std::allocator<std::_List_node<EventParameter> > const&)
                0x0001d7a0                std::allocator<EventParameter>::allocator<std::_List_node<EventParameter> >(std::allocator<std::_List_node<EventParameter> > const&)
 .text._ZN9__gnu_cxx13new_allocatorI14EventParameterED2Ev
                0x0001d7cc       0x24 ./GPInputDevice/GPIDevice.o
                0x0001d7cc                __gnu_cxx::new_allocator<EventParameter>::~new_allocator()
                0x0001d7cc                __gnu_cxx::new_allocator<EventParameter>::~new_allocator()
 .text._ZN9__gnu_cxx13new_allocatorISt10_List_nodeI14EventParameterEE10deallocateEPS3_j
                0x0001d7f0       0x28 ./GPInputDevice/GPIDevice.o
                0x0001d7f0                __gnu_cxx::new_allocator<std::_List_node<EventParameter> >::deallocate(std::_List_node<EventParameter>*, unsigned int)
 .text._ZNKSt10_List_baseI5EventSaIS0_EE19_M_get_Tp_allocatorEv
                0x0001d818       0x38 ./GPInputDevice/GPIDevice.o
                0x0001d818                std::_List_base<Event, std::allocator<Event> >::_M_get_Tp_allocator() const
 .text._ZNSaI5EventED2Ev
                0x0001d850       0x28 ./GPInputDevice/GPIDevice.o
                0x0001d850                std::allocator<Event>::~allocator()
                0x0001d850                std::allocator<Event>::~allocator()
 .text._ZSt11__addressofI5EventEPT_RS1_
                0x0001d878       0x24 ./GPInputDevice/GPIDevice.o
                0x0001d878                Event* std::__addressof<Event>(Event&)
 .text._ZNSt10_List_baseI5EventSaIS0_EE11_M_put_nodeEPSt10_List_nodeIS0_E
                0x0001d89c       0x30 ./GPInputDevice/GPIDevice.o
                0x0001d89c                std::_List_base<Event, std::allocator<Event> >::_M_put_node(std::_List_node<Event>*)
 .text._ZNSt10_List_baseI14EventParameterSaIS0_EE11_M_get_nodeEv
                0x0001d8cc       0x34 ./GPInputDevice/GPIDevice.o
                0x0001d8cc                std::_List_base<EventParameter, std::allocator<EventParameter> >::_M_get_node()
 .text._ZN9__gnu_cxx13new_allocatorI14EventParameterE9constructEPS1_RKS1_
                0x0001d900       0x48 ./GPInputDevice/GPIDevice.o
                0x0001d900                __gnu_cxx::new_allocator<EventParameter>::construct(EventParameter*, EventParameter const&)
 .text._ZNSt10_List_baseI5EventSaIS0_EE11_M_get_nodeEv
                0x0001d948       0x34 ./GPInputDevice/GPIDevice.o
                0x0001d948                std::_List_base<Event, std::allocator<Event> >::_M_get_node()
 .text._ZN9__gnu_cxx13new_allocatorI5EventE9constructEPS1_RKS1_
                0x0001d97c       0x5c ./GPInputDevice/GPIDevice.o
                0x0001d97c                __gnu_cxx::new_allocator<Event>::construct(Event*, Event const&)
 .text._ZNKSt20_List_const_iteratorI14EventParameterEneERKS1_
                0x0001d9d8       0x44 ./GPInputDevice/GPIDevice.o
                0x0001d9d8                std::_List_const_iterator<EventParameter>::operator!=(std::_List_const_iterator<EventParameter> const&) const
 .text._ZNSt20_List_const_iteratorI14EventParameterEppEv
                0x0001da1c       0x38 ./GPInputDevice/GPIDevice.o
                0x0001da1c                std::_List_const_iterator<EventParameter>::operator++()
 .text._ZN9__gnu_cxx13new_allocatorISt10_List_nodeI14EventParameterEEC2Ev
                0x0001da54       0x24 ./GPInputDevice/GPIDevice.o
                0x0001da54                __gnu_cxx::new_allocator<std::_List_node<EventParameter> >::new_allocator()
                0x0001da54                __gnu_cxx::new_allocator<std::_List_node<EventParameter> >::new_allocator()
 .text._ZN9__gnu_cxx13new_allocatorI14EventParameterEC2Ev
                0x0001da78       0x24 ./GPInputDevice/GPIDevice.o
                0x0001da78                __gnu_cxx::new_allocator<EventParameter>::new_allocator()
                0x0001da78                __gnu_cxx::new_allocator<EventParameter>::new_allocator()
 .text._ZNKSt10_List_baseI5EventSaIS0_EE21_M_get_Node_allocatorEv
                0x0001da9c       0x24 ./GPInputDevice/GPIDevice.o
                0x0001da9c                std::_List_base<Event, std::allocator<Event> >::_M_get_Node_allocator() const
 .text._ZNSaI5EventEC2ISt10_List_nodeIS_EEERKSaIT_E
                0x0001dac0       0x2c ./GPInputDevice/GPIDevice.o
                0x0001dac0                std::allocator<Event>::allocator<std::_List_node<Event> >(std::allocator<std::_List_node<Event> > const&)
                0x0001dac0                std::allocator<Event>::allocator<std::_List_node<Event> >(std::allocator<std::_List_node<Event> > const&)
 .text._ZN9__gnu_cxx13new_allocatorI5EventED2Ev
                0x0001daec       0x24 ./GPInputDevice/GPIDevice.o
                0x0001daec                __gnu_cxx::new_allocator<Event>::~new_allocator()
                0x0001daec                __gnu_cxx::new_allocator<Event>::~new_allocator()
 .text._ZN9__gnu_cxx13new_allocatorISt10_List_nodeI5EventEE10deallocateEPS3_j
                0x0001db10       0x28 ./GPInputDevice/GPIDevice.o
                0x0001db10                __gnu_cxx::new_allocator<std::_List_node<Event> >::deallocate(std::_List_node<Event>*, unsigned int)
 .text._ZN9__gnu_cxx13new_allocatorISt10_List_nodeI14EventParameterEE8allocateEjPKv
                0x0001db38       0x70 ./GPInputDevice/GPIDevice.o
                0x0001db38                __gnu_cxx::new_allocator<std::_List_node<EventParameter> >::allocate(unsigned int, void const*)
 .text._ZN9__gnu_cxx13new_allocatorISt10_List_nodeI5EventEE8allocateEjPKv
                0x0001dba8       0x70 ./GPInputDevice/GPIDevice.o
                0x0001dba8                __gnu_cxx::new_allocator<std::_List_node<Event> >::allocate(unsigned int, void const*)
 .text._ZN9__gnu_cxx13new_allocatorI5EventEC2Ev
                0x0001dc18       0x24 ./GPInputDevice/GPIDevice.o
                0x0001dc18                __gnu_cxx::new_allocator<Event>::new_allocator()
                0x0001dc18                __gnu_cxx::new_allocator<Event>::new_allocator()
 .text._ZNK9__gnu_cxx13new_allocatorISt10_List_nodeI14EventParameterEE8max_sizeEv
                0x0001dc3c       0x28 ./GPInputDevice/GPIDevice.o
                0x0001dc3c                __gnu_cxx::new_allocator<std::_List_node<EventParameter> >::max_size() const
 .text._ZNK9__gnu_cxx13new_allocatorISt10_List_nodeI5EventEE8max_sizeEv
                0x0001dc64       0x28 ./GPInputDevice/GPIDevice.o
                0x0001dc64                __gnu_cxx::new_allocator<std::_List_node<Event> >::max_size() const
 .text          0x0001dc8c      0x578 ./EntryPoint.o
                0x0001dc8c                CreateDevices
 .text._ZNSt4listIP10BaseDeviceSaIS1_EED2Ev
                0x0001e204       0x2c ./EntryPoint.o
                0x0001e204                std::list<BaseDevice*, std::allocator<BaseDevice*> >::~list()
                0x0001e204                std::list<BaseDevice*, std::allocator<BaseDevice*> >::~list()
 .text._ZNSt4listIP10BaseDeviceSaIS1_EEC2Ev
                0x0001e230       0x2c ./EntryPoint.o
                0x0001e230                std::list<BaseDevice*, std::allocator<BaseDevice*> >::list()
                0x0001e230                std::list<BaseDevice*, std::allocator<BaseDevice*> >::list()
 .text._ZNSt10_List_baseIP10BaseDeviceSaIS1_EE10_List_implD2Ev
                0x0001e25c       0x28 ./EntryPoint.o
                0x0001e25c                std::_List_base<BaseDevice*, std::allocator<BaseDevice*> >::_List_impl::~_List_impl()
                0x0001e25c                std::_List_base<BaseDevice*, std::allocator<BaseDevice*> >::_List_impl::~_List_impl()
 .text._ZNSt10_List_baseIP10BaseDeviceSaIS1_EED2Ev
                0x0001e284       0x48 ./EntryPoint.o
                0x0001e284                std::_List_base<BaseDevice*, std::allocator<BaseDevice*> >::~_List_base()
                0x0001e284                std::_List_base<BaseDevice*, std::allocator<BaseDevice*> >::~_List_base()
 .text._ZNSt4listIP10BaseDeviceSaIS1_EE9push_backERKS1_
                0x0001e2cc       0x38 ./EntryPoint.o
                0x0001e2cc                std::list<BaseDevice*, std::allocator<BaseDevice*> >::push_back(BaseDevice* const&)
 .text._ZNSt10_List_baseIP10BaseDeviceSaIS1_EEC2Ev
                0x0001e304       0x48 ./EntryPoint.o
                0x0001e304                std::_List_base<BaseDevice*, std::allocator<BaseDevice*> >::_List_base()
                0x0001e304                std::_List_base<BaseDevice*, std::allocator<BaseDevice*> >::_List_base()
 .text._ZNSaISt10_List_nodeIP10BaseDeviceEED2Ev
                0x0001e34c       0x28 ./EntryPoint.o
                0x0001e34c                std::allocator<std::_List_node<BaseDevice*> >::~allocator()
                0x0001e34c                std::allocator<std::_List_node<BaseDevice*> >::~allocator()
 .text._ZNSt10_List_baseIP10BaseDeviceSaIS1_EE8_M_clearEv
                0x0001e374       0xbc ./EntryPoint.o
                0x0001e374                std::_List_base<BaseDevice*, std::allocator<BaseDevice*> >::_M_clear()
 .text._ZNSt4listIP10BaseDeviceSaIS1_EE3endEv
                0x0001e430       0x34 ./EntryPoint.o
                0x0001e430                std::list<BaseDevice*, std::allocator<BaseDevice*> >::end()
 .text._ZNSt4listIP10BaseDeviceSaIS1_EE9_M_insertESt14_List_iteratorIS1_ERKS1_
                0x0001e464       0x48 ./EntryPoint.o
                0x0001e464                std::list<BaseDevice*, std::allocator<BaseDevice*> >::_M_insert(std::_List_iterator<BaseDevice*>, BaseDevice* const&)
 .text._ZNKSt10_List_baseIP10BaseDeviceSaIS1_EE21_M_get_Node_allocatorEv
                0x0001e4ac       0x24 ./EntryPoint.o
                0x0001e4ac                std::_List_base<BaseDevice*, std::allocator<BaseDevice*> >::_M_get_Node_allocator() const
 .text._ZNSt10_List_baseIP10BaseDeviceSaIS1_EE10_List_implC2Ev
                0x0001e4d0       0x40 ./EntryPoint.o
                0x0001e4d0                std::_List_base<BaseDevice*, std::allocator<BaseDevice*> >::_List_impl::_List_impl()
                0x0001e4d0                std::_List_base<BaseDevice*, std::allocator<BaseDevice*> >::_List_impl::_List_impl()
 .text._ZNSt10_List_baseIP10BaseDeviceSaIS1_EE7_M_initEv
                0x0001e510       0x34 ./EntryPoint.o
                0x0001e510                std::_List_base<BaseDevice*, std::allocator<BaseDevice*> >::_M_init()
 .text._ZN9__gnu_cxx13new_allocatorISt10_List_nodeIP10BaseDeviceEED2Ev
                0x0001e544       0x24 ./EntryPoint.o
                0x0001e544                __gnu_cxx::new_allocator<std::_List_node<BaseDevice*> >::~new_allocator()
                0x0001e544                __gnu_cxx::new_allocator<std::_List_node<BaseDevice*> >::~new_allocator()
 .text._ZNKSt10_List_baseIP10BaseDeviceSaIS1_EE19_M_get_Tp_allocatorEv
                0x0001e568       0x38 ./EntryPoint.o
                0x0001e568                std::_List_base<BaseDevice*, std::allocator<BaseDevice*> >::_M_get_Tp_allocator() const
 .text._ZNSaIP10BaseDeviceED2Ev
                0x0001e5a0       0x28 ./EntryPoint.o
                0x0001e5a0                std::allocator<BaseDevice*>::~allocator()
                0x0001e5a0                std::allocator<BaseDevice*>::~allocator()
 .text._ZSt11__addressofIP10BaseDeviceEPT_RS2_
                0x0001e5c8       0x24 ./EntryPoint.o
                0x0001e5c8                BaseDevice** std::__addressof<BaseDevice*>(BaseDevice*&)
 .text._ZN9__gnu_cxx13new_allocatorIP10BaseDeviceE7destroyEPS2_
                0x0001e5ec       0x20 ./EntryPoint.o
                0x0001e5ec                __gnu_cxx::new_allocator<BaseDevice*>::destroy(BaseDevice**)
 .text._ZNSt10_List_baseIP10BaseDeviceSaIS1_EE11_M_put_nodeEPSt10_List_nodeIS1_E
                0x0001e60c       0x30 ./EntryPoint.o
                0x0001e60c                std::_List_base<BaseDevice*, std::allocator<BaseDevice*> >::_M_put_node(std::_List_node<BaseDevice*>*)
 .text._ZNSt14_List_iteratorIP10BaseDeviceEC2EPNSt8__detail15_List_node_baseE
                0x0001e63c       0x34 ./EntryPoint.o
                0x0001e63c                std::_List_iterator<BaseDevice*>::_List_iterator(std::__detail::_List_node_base*)
                0x0001e63c                std::_List_iterator<BaseDevice*>::_List_iterator(std::__detail::_List_node_base*)
 .text._ZNSt4listIP10BaseDeviceSaIS1_EE14_M_create_nodeERKS1_
                0x0001e670       0xc0 ./EntryPoint.o
                0x0001e670                std::list<BaseDevice*, std::allocator<BaseDevice*> >::_M_create_node(BaseDevice* const&)
 .text._ZNSaISt10_List_nodeIP10BaseDeviceEEC2Ev
                0x0001e730       0x28 ./EntryPoint.o
                0x0001e730                std::allocator<std::_List_node<BaseDevice*> >::allocator()
                0x0001e730                std::allocator<std::_List_node<BaseDevice*> >::allocator()
 .text._ZNSaIP10BaseDeviceEC2ISt10_List_nodeIS0_EEERKSaIT_E
                0x0001e758       0x2c ./EntryPoint.o
                0x0001e758                std::allocator<BaseDevice*>::allocator<std::_List_node<BaseDevice*> >(std::allocator<std::_List_node<BaseDevice*> > const&)
                0x0001e758                std::allocator<BaseDevice*>::allocator<std::_List_node<BaseDevice*> >(std::allocator<std::_List_node<BaseDevice*> > const&)
 .text._ZN9__gnu_cxx13new_allocatorIP10BaseDeviceED2Ev
                0x0001e784       0x24 ./EntryPoint.o
                0x0001e784                __gnu_cxx::new_allocator<BaseDevice*>::~new_allocator()
                0x0001e784                __gnu_cxx::new_allocator<BaseDevice*>::~new_allocator()
 .text._ZN9__gnu_cxx13new_allocatorISt10_List_nodeIP10BaseDeviceEE10deallocateEPS4_j
                0x0001e7a8       0x28 ./EntryPoint.o
                0x0001e7a8                __gnu_cxx::new_allocator<std::_List_node<BaseDevice*> >::deallocate(std::_List_node<BaseDevice*>*, unsigned int)
 .text._ZNSt10_List_baseIP10BaseDeviceSaIS1_EE11_M_get_nodeEv
                0x0001e7d0       0x34 ./EntryPoint.o
                0x0001e7d0                std::_List_base<BaseDevice*, std::allocator<BaseDevice*> >::_M_get_node()
 .text._ZN9__gnu_cxx13new_allocatorIP10BaseDeviceE9constructEPS2_RKS2_
                0x0001e804       0x48 ./EntryPoint.o
                0x0001e804                __gnu_cxx::new_allocator<BaseDevice*>::construct(BaseDevice**, BaseDevice* const&)
 .text._ZN9__gnu_cxx13new_allocatorISt10_List_nodeIP10BaseDeviceEEC2Ev
                0x0001e84c       0x24 ./EntryPoint.o
                0x0001e84c                __gnu_cxx::new_allocator<std::_List_node<BaseDevice*> >::new_allocator()
                0x0001e84c                __gnu_cxx::new_allocator<std::_List_node<BaseDevice*> >::new_allocator()
 .text._ZN9__gnu_cxx13new_allocatorIP10BaseDeviceEC2Ev
                0x0001e870       0x24 ./EntryPoint.o
                0x0001e870                __gnu_cxx::new_allocator<BaseDevice*>::new_allocator()
                0x0001e870                __gnu_cxx::new_allocator<BaseDevice*>::new_allocator()
 .text._ZN9__gnu_cxx13new_allocatorISt10_List_nodeIP10BaseDeviceEE8allocateEjPKv
                0x0001e894       0x70 ./EntryPoint.o
                0x0001e894                __gnu_cxx::new_allocator<std::_List_node<BaseDevice*> >::allocate(unsigned int, void const*)
 .text._ZNK9__gnu_cxx13new_allocatorISt10_List_nodeIP10BaseDeviceEE8max_sizeEv
                0x0001e904       0x28 ./EntryPoint.o
                0x0001e904                __gnu_cxx::new_allocator<std::_List_node<BaseDevice*> >::max_size() const
 .text          0x0001e92c     0x113c ./DelayTimer/DelayTimer.o
                0x0001e92c                DelayTimer::DelayTimer()
                0x0001e92c                DelayTimer::DelayTimer()
                0x0001f130                DelayTimer::~DelayTimer()
                0x0001f130                DelayTimer::~DelayTimer()
                0x0001f1ac                DelayTimer::~DelayTimer()
                0x0001f1dc                DelayTimer::CalculateOutputs()
                0x0001f2d0                DelayTimerThreadRun(void*)
                0x0001f40c                DelayTimer::StartThread()
                0x0001f500                DelayTimer::StopThread()
                0x0001f544                DelayTimer::Type()
                0x0001f570                DelayTimer::Version()
                0x0001f59c                DelayTimer::Description()
                0x0001f5c8                DelayTimer::GroupName()
                0x0001f5f4                DelayTimer::CreateInstance()
                0x0001f640                DelayTimer::InitializeFromDescriptor(std::list<PropertyDescriptor, std::allocator<PropertyDescriptor> >)
                0x0001f738                DelayTimer::GetParameter(std::string)
                0x0001f8e8                DelayTimer::SetParameter(std::string, void*)
 .text          0x0001fa68      0xcd0 ./ButtonDevice/ButtonDevice.o
                0x0001fa68                ButtonDevice::ButtonDevice()
                0x0001fa68                ButtonDevice::ButtonDevice()
                0x0002017c                ButtonDevice::~ButtonDevice()