
Discarded input sections

 .note.GNU-stack
                0x0000000000000000        0x0 /usr/lib/gcc/x86_64-linux-gnu/4.6/../../../x86_64-linux-gnu/crti.o
 .gnu_debuglink
                0x0000000000000000        0xc /usr/lib/gcc/x86_64-linux-gnu/4.6/../../../x86_64-linux-gnu/crti.o
 .note.GNU-stack
                0x0000000000000000        0x0 /usr/lib/gcc/x86_64-linux-gnu/4.6/crtbeginS.o
 .group         0x0000000000000000        0x8 ./TimerDevice/TimerDevice.o
 .group         0x0000000000000000        0xc ./TimerDevice/TimerDevice.o
 .group         0x0000000000000000        0x8 ./TimerDevice/TimerDevice.o
 .group         0x0000000000000000        0x8 ./TimerDevice/TimerDevice.o
 .group         0x0000000000000000        0x8 ./TimerDevice/TimerDevice.o
 .group         0x0000000000000000        0x8 ./TimerDevice/TimerDevice.o
 .group         0x0000000000000000        0x8 ./TimerDevice/TimerDevice.o
 .group         0x0000000000000000        0x8 ./TimerDevice/TimerDevice.o
 .group         0x0000000000000000        0x8 ./TimerDevice/TimerDevice.o
 .group         0x0000000000000000        0x8 ./TimerDevice/TimerDevice.o
 .group         0x0000000000000000        0x8 ./TimerDevice/TimerDevice.o
 .group         0x0000000000000000        0x8 ./TimerDevice/TimerDevice.o
 .group         0x0000000000000000        0x8 ./TimerDevice/TimerDevice.o
 .group         0x0000000000000000        0x8 ./TimerDevice/TimerDevice.o
 .group         0x0000000000000000        0x8 ./TimerDevice/TimerDevice.o
 .group         0x0000000000000000        0x8 ./TimerDevice/TimerDevice.o
 .group         0x0000000000000000        0x8 ./TimerDevice/TimerDevice.o
 .group         0x0000000000000000        0x8 ./TimerDevice/TimerDevice.o
 .group         0x0000000000000000        0x8 ./TimerDevice/TimerDevice.o
 .group         0x0000000000000000        0x8 ./TimerDevice/TimerDevice.o
 .group         0x0000000000000000        0x8 ./TimerDevice/TimerDevice.o
 .group         0x0000000000000000        0x8 ./TimerDevice/TimerDevice.o
 .group         0x0000000000000000        0x8 ./TimerDevice/TimerDevice.o
 .group         0x0000000000000000        0x8 ./TimerDevice/TimerDevice.o
 .group         0x0000000000000000        0x8 ./TimerDevice/TimerDevice.o
 .group         0x0000000000000000        0x8 ./TimerDevice/TimerDevice.o
 .group         0x0000000000000000        0x8 ./TimerDevice/TimerDevice.o
 .group         0x0000000000000000        0x8 ./TimerDevice/TimerDevice.o
 .group         0x0000000000000000        0x8 ./TimerDevice/TimerDevice.o
 .group         0x0000000000000000        0x8 ./TimerDevice/TimerDevice.o
 .group         0x0000000000000000        0x8 ./TimerDevice/TimerDevice.o
 .group         0x0000000000000000        0x8 ./TimerDevice/TimerDevice.o
 .group         0x0000000000000000        0x8 ./TimerDevice/TimerDevice.o
 .group         0x0000000000000000        0x8 ./TimerDevice/TimerDevice.o
 .group         0x0000000000000000        0x8 ./TimerDevice/TimerDevice.o
 .group         0x0000000000000000        0x8 ./TimerDevice/TimerDevice.o
 .group         0x0000000000000000        0x8 ./TimerDevice/TimerDevice.o
 .group         0x0000000000000000        0x8 ./TimerDevice/TimerDevice.o
 .group         0x0000000000000000        0x8 ./TimerDevice/TimerDevice.o
 .group         0x0000000000000000        0x8 ./TimerDevice/TimerDevice.o
 .group         0x0000000000000000        0x8 ./TimerDevice/TimerDevice.o
 .group         0x0000000000000000        0x8 ./TimerDevice/TimerDevice.o
 .group         0x0000000000000000        0x8 ./TimerDevice/TimerDevice.o
 .group         0x0000000000000000        0x8 ./TimerDevice/TimerDevice.o
 .group         0x0000000000000000        0x8 ./TimerDevice/TimerDevice.o
 .group         0x0000000000000000        0x8 ./TimerDevice/TimerDevice.o
 .group         0x0000000000000000        0x8 ./TimerDevice/TimerDevice.o
 .group         0x0000000000000000        0x8 ./TimerDevice/TimerDevice.o
 .group         0x0000000000000000        0x8 ./TimerDevice/TimerDevice.o
 .group         0x0000000000000000        0x8 ./TimerDevice/TimerDevice.o
 .group         0x0000000000000000        0x8 ./TimerDevice/TimerDevice.o
 .group         0x0000000000000000        0x8 ./TimerDevice/TimerDevice.o
 .group         0x0000000000000000        0x8 ./TimerDevice/TimerDevice.o
 .group         0x0000000000000000        0x8 ./TimerDevice/TimerDevice.o
 .group         0x0000000000000000        0x8 ./TimerDevice/TimerDevice.o
 .group         0x0000000000000000        0x8 ./TimerDevice/TimerDevice.o
 .note.GNU-stack
                0x0000000000000000        0x0 ./TimerDevice/TimerDevice.o
 .group         0x0000000000000000        0x8 ./ScreenButton/ScreenButton.o
 .group         0x0000000000000000        0xc ./ScreenButton/ScreenButton.o
 .group         0x0000000000000000        0x8 ./ScreenButton/ScreenButton.o
 .group         0x0000000000000000        0x8 ./ScreenButton/ScreenButton.o
[...]
Memory Configuration

Name             Origin             Length             Attributes
*default*        0x0000000000000000 0xffffffffffffffff

Linker script and memory map

LOAD /usr/lib/gcc/x86_64-linux-gnu/4.6/../../../x86_64-linux-gnu/crti.o
LOAD /usr/lib/gcc/x86_64-linux-gnu/4.6/crtbeginS.o
LOAD ./TimerDevice/TimerDevice.o
LOAD ./ScreenButton/ScreenButton.o
LOAD ./Logical/AdnWidget.o
LOAD ./Logical/ComparatorWidget.o
LOAD ./Logical/ConstantWidget.o
LOAD ./Logical/CounterDevice.o
LOAD ./Logical/InverseDevice.o
LOAD ./Logical/OrDevice.o
LOAD ./Logical/RSTriggerDevice.o
LOAD ./Logical/SwitchBlock.o
LOAD ./Logical/XorDevice.o
LOAD ./GPOutputDevice/GPOutputDevice.o
LOAD ./GPInputDevice/GPIDevice.o
LOAD ./EntryPoint.o
LOAD ./DelayTimer/DelayTimer.o
LOAD ./ButtonDevice/ButtonDevice.o
LOAD ./ADCDevice/ADCDevice.o
LOAD ./CosmDevice/CosmDevice.o
LOAD ../../Common/Debug/libCommon.so
LOAD /usr/lib/gcc/x86_64-linux-gnu/4.6/libstdc++.so
LOAD /usr/lib/gcc/x86_64-linux-gnu/4.6/../../../x86_64-linux-gnu/libm.so
LOAD /usr/lib/gcc/x86_64-linux-gnu/4.6/libgcc_s.so
LOAD /usr/lib/gcc/x86_64-linux-gnu/4.6/../../../x86_64-linux-gnu/libc.so
START GROUP
LOAD /lib/x86_64-linux-gnu/libc.so.6
LOAD /usr/lib/x86_64-linux-gnu/libc_nonshared.a
LOAD /lib/x86_64-linux-gnu/ld-linux-x86-64.so.2
END GROUP
LOAD /usr/lib/gcc/x86_64-linux-gnu/4.6/libgcc_s.so
LOAD /usr/lib/gcc/x86_64-linux-gnu/4.6/crtendS.o
LOAD /usr/lib/gcc/x86_64-linux-gnu/4.6/../../../x86_64-linux-gnu/crtn.o
                0x00000000000001c8                . = (0x0 + SIZEOF_HEADERS)

.note.gnu.build-id
                0x00000000000001c8       0x24
 *(.note.gnu.build-id)
 .note.gnu.build-id
                0x00000000000001c8       0x24 /usr/lib/gcc/x86_64-linux-gnu/4.6/../../../x86_64-linux-gnu/crti.o

.hash
 *(.hash)

.gnu.hash       0x00000000000001f0     0x14a8
 *(.gnu.hash)
 .gnu.hash      0x00000000000001f0     0x14a8 /usr/lib/gcc/x86_64-linux-gnu/4.6/../../../x86_64-linux-gnu/crti.o

.dynsym         0x0000000000001698     0x4818
 *(.dynsym)
 .dynsym        0x0000000000001698     0x4818 /usr/lib/gcc/x86_64-linux-gnu/4.6/../../../x86_64-linux-gnu/crti.o

.dynstr         0x0000000000005eb0     0x7491
 *(.dynstr)
 .dynstr        0x0000000000005eb0     0x7491 /usr/lib/gcc/x86_64-linux-gnu/4.6/../../../x86_64-linux-gnu/crti.o

.gnu.version    0x000000000000d342      0x602
 *(.gnu.version)
 .gnu.version   0x000000000000d342      0x602 /usr/lib/gcc/x86_64-linux-gnu/4.6/../../../x86_64-linux-gnu/crti.o

.gnu.version_d  0x000000000000d948        0x0
 *(.gnu.version_d)
 .gnu.version_d
                0x0000000000000000        0x0 /usr/lib/gcc/x86_64-linux-gnu/4.6/../../../x86_64-linux-gnu/crti.o

.gnu.version_r  0x000000000000d948       0x80
 *(.gnu.version_r)
 .gnu.version_r
                0x000000000000d948       0x80 /usr/lib/gcc/x86_64-linux-gnu/4.6/../../../x86_64-linux-gnu/crti.o

.rela.dyn       0x000000000000d9c8     0x3108
 *(.rela.init)
 *(.rela.text .rela.text.* .rela.gnu.linkonce.t.*)
 .rela.text     0x0000000000000000        0x0 /usr/lib/gcc/x86_64-linux-gnu/4.6/../../../x86_64-linux-gnu/crti.o
 *(.rela.fini)
 *(.rela.rodata .rela.rodata.* .rela.gnu.linkonce.r.*)
 *(.rela.data .rela.data.* .rela.gnu.linkonce.d.*)
 .rela.data.rel
                0x000000000000d9c8       0x18 /usr/lib/gcc/x86_64-linux-gnu/4.6/../../../x86_64-linux-gnu/crti.o
 .rela.data.rel.ro._ZTV11TimerDevice
                0x000000000000d9e0      0x240 /usr/lib/gcc/x86_64-linux-gnu/4.6/../../../x86_64-linux-gnu/crti.o
 .rela.data.rel.ro._ZTI11TimerDevice
                0x000000000000dc20       0x48 /usr/lib/gcc/x86_64-linux-gnu/4.6/../../../x86_64-linux-gnu/crti.o
 .rela.data.rel.ro.local
                0x000000000000dc68      0x198 /usr/lib/gcc/x86_64-linux-gnu/4.6/../../../x86_64-linux-gnu/crti.o
 .rela.data.DW.ref.__gxx_personality_v0
                0x000000000000de00       0x18 /usr/lib/gcc/x86_64-linux-gnu/4.6/../../../x86_64-linux-gnu/crti.o
 .rela.data.rel.ro._ZTV12ScreenButton
                0x000000000000de18      0x240 /usr/lib/gcc/x86_64-linux-gnu/4.6/../../../x86_64-linux-gnu/crti.o
 .rela.data.rel.ro._ZTI12ScreenButton
                0x000000000000e058       0x48 /usr/lib/gcc/x86_64-linux-gnu/4.6/../../../x86_64-linux-gnu/crti.o
 .rela.data.rel.ro._ZTV9AndWidget
                0x000000000000e0a0      0x240 /usr/lib/gcc/x86_64-linux-gnu/4.6/../../../x86_64-linux-gnu/crti.o
 .rela.data.rel.ro._ZTI9AndWidget
                0x000000000000e2e0       0x48 /usr/lib/gcc/x86_64-linux-gnu/4.6/../../../x86_64-linux-gnu/crti.o
 .rela.data.rel.ro._ZTV16ComparatorDevice
                0x000000000000e328      0x240 /usr/lib/gcc/x86_64-linux-gnu/4.6/../../../x86_64-linux-gnu/crti.o
 .rela.data.rel.ro._ZTI16ComparatorDevice
                0x000000000000e568       0x48 /usr/lib/gcc/x86_64-linux-gnu/4.6/../../../x86_64-linux-gnu/crti.o
 .rela.data.rel.ro._ZTV14ConstantDevice
                0x000000000000e5b0      0x240 /usr/lib/gcc/x86_64-linux-gnu/4.6/../../../x86_64-linux-gnu/crti.o
 .rela.data.rel.ro._ZTI14ConstantDevice
                0x000000000000e7f0       0x48 /usr/lib/gcc/x86_64-linux-gnu/4.6/../../../x86_64-linux-gnu/crti.o
 .rela.data.rel.ro._ZTV13CounterDevice
                0x000000000000e838      0x240 /usr/lib/gcc/x86_64-linux-gnu/4.6/../../../x86_64-linux-gnu/crti.o
 .rela.data.rel.ro._ZTI13CounterDevice
                0x000000000000ea78       0x48 /usr/lib/gcc/x86_64-linux-gnu/4.6/../../../x86_64-linux-gnu/crti.o
 .rela.data.rel.ro._ZTV13InverseDevice
                0x000000000000eac0      0x240 /usr/lib/gcc/x86_64-linux-gnu/4.6/../../../x86_64-linux-gnu/crti.o
 .rela.data.rel.ro._ZTI13InverseDevice
                0x000000000000ed00       0x48 /usr/lib/gcc/x86_64-linux-gnu/4.6/../../../x86_64-linux-gnu/crti.o
 .rela.data.rel.ro._ZTV8OrDevice
                0x000000000000ed48      0x240 /usr/lib/gcc/x86_64-linux-gnu/4.6/../../../x86_64-linux-gnu/crti.o
 .rela.data.rel.ro._ZTI8OrDevice
                0x000000000000ef88       0x48 /usr/lib/gcc/x86_64-linux-gnu/4.6/../../../x86_64-linux-gnu/crti.o
 .rela.data.rel.ro._ZTV15RSTriggerDevice
                0x000000000000efd0      0x240 /usr/lib/gcc/x86_64-linux-gnu/4.6/../../../x86_64-linux-gnu/crti.o
 .rela.data.rel.ro._ZTI15RSTriggerDevice
                0x000000000000f210       0x48 /usr/lib/gcc/x86_64-linux-gnu/4.6/../../../x86_64-linux-gnu/crti.o
 .rela.data.rel.ro._ZTV11SwitchBlock
                0x000000000000f258      0x240 /usr/lib/gcc/x86_64-linux-gnu/4.6/../../../x86_64-linux-gnu/crti.o
 .rela.data.rel.ro._ZTI11SwitchBlock
                0x000000000000f498       0x48 /usr/lib/gcc/x86_64-linux-gnu/4.6/../../../x86_64-linux-gnu/crti.o
 .rela.data.rel.ro._ZTV9XorDevice
                0x000000000000f4e0      0x240 /usr/lib/gcc/x86_64-linux-gnu/4.6/../../../x86_64-linux-gnu/crti.o
 .rela.data.rel.ro._ZTI9XorDevice
                0x000000000000f720       0x48 /usr/lib/gcc/x86_64-linux-gnu/4.6/../../../x86_64-linux-gnu/crti.o
 .rela.data.rel.ro._ZTV14GPOutputDevice
                0x000000000000f768      0x240 /usr/lib/gcc/x86_64-linux-gnu/4.6/../../../x86_64-linux-gnu/crti.o
 .rela.data.rel.ro._ZTI14GPOutputDevice
                0x000000000000f9a8       0x48 /usr/lib/gcc/x86_64-linux-gnu/4.6/../../../x86_64-linux-gnu/crti.o
 .rela.data.rel.ro._ZTV9GPIDevice
                0x000000000000f9f0      0x240 /usr/lib/gcc/x86_64-linux-gnu/4.6/../../../x86_64-linux-gnu/crti.o
 .rela.data.rel.ro._ZTI9GPIDevice
                0x000000000000fc30       0x48 /usr/lib/gcc/x86_64-linux-gnu/4.6/../../../x86_64-linux-gnu/crti.o
 .rela.data.rel.ro._ZTV10DelayTimer
                0x000000000000fc78      0x240 /usr/lib/gcc/x86_64-linux-gnu/4.6/../../../x86_64-linux-gnu/crti.o
 .rela.data.rel.ro._ZTI10DelayTimer
                0x000000000000feb8       0x48 /usr/lib/gcc/x86_64-linux-gnu/4.6/../../../x86_64-linux-gnu/crti.o
 .rela.data.rel.ro._ZTV12ButtonDevice
                0x000000000000ff00      0x240 /usr/lib/gcc/x86_64-linux-gnu/4.6/../../../x86_64-linux-gnu/crti.o
 .rela.data.rel.ro._ZTI12ButtonDevice
                0x0000000000010140       0x48 /usr/lib/gcc/x86_64-linux-gnu/4.6/../../../x86_64-linux-gnu/crti.o
 .rela.data.rel.ro._ZTV9ADCDevice
                0x0000000000010188      0x240 /usr/lib/gcc/x86_64-linux-gnu/4.6/../../../x86_64-linux-gnu/crti.o
 .rela.data.rel.ro._ZTI9ADCDevice
                0x00000000000103c8       0x48 /usr/lib/gcc/x86_64-linux-gnu/4.6/../../../x86_64-linux-gnu/crti.o
 .rela.data.rel.ro._ZTV10CosmDevice
                0x0000000000010410      0x240 /usr/lib/gcc/x86_64-linux-gnu/4.6/../../../x86_64-linux-gnu/crti.o
 .rela.data.rel.ro._ZTI10CosmDevice
                0x0000000000010650       0x48 /usr/lib/gcc/x86_64-linux-gnu/4.6/../../../x86_64-linux-gnu/crti.o
 *(.rela.tdata .rela.tdata.* .rela.gnu.linkonce.td.*)
 *(.rela.tbss .rela.tbss.* .rela.gnu.linkonce.tb.*)
 *(.rela.ctors)
 .rela.ctors    0x0000000000010698      0x1b0 /usr/lib/gcc/x86_64-linux-gnu/4.6/../../../x86_64-linux-gnu/crti.o
 *(.rela.dtors)
 *(.rela.got)
 .rela.got      0x0000000000010848      0x288 /usr/lib/gcc/x86_64-linux-gnu/4.6/../../../x86_64-linux-gnu/crti.o
 *(.rela.bss .rela.bss.* .rela.gnu.linkonce.b.*)
 *(.rela.ldata .rela.ldata.* .rela.gnu.linkonce.l.*)
 *(.rela.lbss .rela.lbss.* .rela.gnu.linkonce.lb.*)
 *(.rela.lrodata .rela.lrodata.* .rela.gnu.linkonce.lr.*)
 *(.rela.ifunc)
 .rela.ifunc    0x0000000000000000        0x0 /usr/lib/gcc/x86_64-linux-gnu/4.6/../../../x86_64-linux-gnu/crti.o
 .rela.eh_frame
                0x0000000000000000        0x0 /usr/lib/gcc/x86_64-linux-gnu/4.6/../../../x86_64-linux-gnu/crti.o

.rela.plt       0x0000000000010ad0     0x22f8
 *(.rela.plt)
 .rela.plt      0x0000000000010ad0     0x22f8 /usr/lib/gcc/x86_64-linux-gnu/4.6/../../../x86_64-linux-gnu/crti.o
 *(.rela.iplt)

.init           0x0000000000012dc8       0x18
 *(.init)
 .init          0x0000000000012dc8        0x9 /usr/lib/gcc/x86_64-linux-gnu/4.6/../../../x86_64-linux-gnu/crti.o
                0x0000000000012dc8                _init
 .init          0x0000000000012dd1        0x5 /usr/lib/gcc/x86_64-linux-gnu/4.6/crtbeginS.o
 .init          0x0000000000012dd6        0x5 /usr/lib/gcc/x86_64-linux-gnu/4.6/crtendS.o
 .init          0x0000000000012ddb        0x5 /usr/lib/gcc/x86_64-linux-gnu/4.6/../../../x86_64-linux-gnu/crtn.o

.plt            0x0000000000012de0     0x1760
 *(.plt)
 .plt           0x0000000000012de0     0x1760 /usr/lib/gcc/x86_64-linux-gnu/4.6/../../../x86_64-linux-gnu/crti.o
 *(.iplt)

.text           0x0000000000014540    0x12108
 *(.text.unlikely .text.*_unlikely)
 *(.text.exit .text.exit.*)
 *(.text.startup .text.startup.*)
 *(.text.hot .text.hot.*)
 *(.text .stub .text.* .gnu.linkonce.t.*)
 .text          0x0000000000014540       0x17 /usr/lib/gcc/x86_64-linux-gnu/4.6/../../../x86_64-linux-gnu/crti.o
 *fill*         0x0000000000014557        0x9 90909090
 .text          0x0000000000014560       0xaa /usr/lib/gcc/x86_64-linux-gnu/4.6/crtbeginS.o
 *fill*         0x000000000001460a        0x2 90909090
 .text          0x000000000001460c     0x1125 ./TimerDevice/TimerDevice.o
                0x000000000001460c                _ZN11TimerDeviceC1Ev
                0x000000000001460c                _ZN11TimerDeviceC2Ev
                0x0000000000014e18                _ZN11TimerDeviceD2Ev
                0x0000000000014e18                _ZN11TimerDeviceD1Ev
                0x0000000000014e72                _ZN11TimerDeviceD0Ev
                0x0000000000014e98                _ZN11TimerDevice16ReleaseResourcesEv
                0x0000000000014eb2                _ZN11TimerDevice16CalculateOutputsEv
                0x000000000001503c                _ZN11TimerDevice17WidgetInitializedEv
                0x000000000001506d                _Z14TimerThreadRunPv
                0x00000000000151f8                _ZN11TimerDevice11StartThreadEv
                0x00000000000152d4                _ZN11TimerDevice10StopThreadEv
                0x000000000001532c                _ZN11TimerDevice4TypeEv
                0x000000000001533e                _ZN11TimerDevice7VersionEv
                0x0000000000015350                _ZN11TimerDevice11DescriptionEv
                0x0000000000015362                _ZN11TimerDevice9GroupNameEv
                0x0000000000015374                _ZN11TimerDevice14CreateInstanceEv
                0x00000000000153c0                _ZN11TimerDevice24InitializeFromDescriptorESt4listI8PropertySaIS1_EE
                0x0000000000015470                _ZN11TimerDevice12GetParameterESs
                0x000000000001561e                _ZN11TimerDevice12SetParameterESsPv
 .text._ZnwmPv  0x0000000000015731       0x12 ./TimerDevice/TimerDevice.o
                0x0000000000015731                _ZnwmPv
 *fill*         0x0000000000015743        0x1 90909090
 .text._ZN15DeviceParameter4InitEv
                0x0000000000015744      0x1a7 ./TimerDevice/TimerDevice.o
                0x0000000000015744                _ZN15DeviceParameter4InitEv
 *fill*         0x00000000000158eb        0x1 90909090
 .text._ZN15DeviceParameterC2Ev
                0x00000000000158ec       0xca ./TimerDevice/TimerDevice.o
                0x00000000000158ec                _ZN15DeviceParameterC2Ev
                0x00000000000158ec                _ZN15DeviceParameterC1Ev
 .text._ZN15DeviceParameterC2ESs16AgilartDataTypesPvSs
                0x00000000000159b6      0x14c ./TimerDevice/TimerDevice.o
                0x00000000000159b6                _ZN15DeviceParameterC2ESs16AgilartDataTypesPvSs
                0x00000000000159b6                _ZN15DeviceParameterC1ESs16AgilartDataTypesPvSs
 .text._ZN15DeviceParameterC2ESsSsSsSs
                0x0000000000015b02      0x11f ./TimerDevice/TimerDevice.o
                0x0000000000015b02                _ZN15DeviceParameterC2ESsSsSsSs
                0x0000000000015b02                _ZN15DeviceParameterC1ESsSsSsSs
 *fill*         0x0000000000015c21        0x1 90909090
 .text._ZN15DeviceParameterC2ERKS_
                0x0000000000015c22      0x13f ./TimerDevice/TimerDevice.o
                0x0000000000015c22                _ZN15DeviceParameterC1ERKS_
                0x0000000000015c22                _ZN15DeviceParameterC2ERKS_
 *fill*         0x0000000000015d61        0x1 90909090
 .text._ZN15DeviceParameterD2Ev
                0x0000000000015d62       0x94 ./TimerDevice/TimerDevice.o
                0x0000000000015d62                _ZN15DeviceParameterD2Ev
                0x0000000000015d62                _ZN15DeviceParameterD1Ev
 .text._ZSteqIcSt11char_traitsIcESaIcEEbRKSbIT_T0_T1_EPKS3_
                0x0000000000015df6       0x2a ./TimerDevice/TimerDevice.o
                0x0000000000015df6                _ZSteqIcSt11char_traitsIcESaIcEEbRKSbIT_T0_T1_EPKS3_
 .text._ZNSt4listIP15ConnectionPointSaIS1_EEC2Ev
                0x0000000000015e20       0x1a ./TimerDevice/TimerDevice.o
                0x0000000000015e20                _ZNSt4listIP15ConnectionPointSaIS1_EEC1Ev
                0x0000000000015e20                _ZNSt4listIP15ConnectionPointSaIS1_EEC2Ev
 .text._ZNSt4listIP6PinoutSaIS1_EEC2Ev
                0x0000000000015e3a       0x1a ./TimerDevice/TimerDevice.o
                0x0000000000015e3a                _ZNSt4listIP6PinoutSaIS1_EEC1Ev
                0x0000000000015e3a                _ZNSt4listIP6PinoutSaIS1_EEC2Ev
 .text._ZNSt4listIP15ConnectionPointSaIS1_EE9push_backERKS1_
                0x0000000000015e54       0x34 ./TimerDevice/TimerDevice.o
                0x0000000000015e54                _ZNSt4listIP15ConnectionPointSaIS1_EE9push_backERKS1_
 .text._ZNSt14_List_iteratorI8PropertyEC2Ev
                0x0000000000015e88       0x15 ./TimerDevice/TimerDevice.o
                0x0000000000015e88                _ZNSt14_List_iteratorI8PropertyEC1Ev
                0x0000000000015e88                _ZNSt14_List_iteratorI8PropertyEC2Ev
 *fill*         0x0000000000015e9d        0x1 90909090
 .text._ZNSt4listI8PropertySaIS0_EE5beginEv
                0x0000000000015e9e       0x28 ./TimerDevice/TimerDevice.o
                0x0000000000015e9e                _ZNSt4listI8PropertySaIS0_EE5beginEv
 .text._ZNSt4listI8PropertySaIS0_EE3endEv
                0x0000000000015ec6       0x25 ./TimerDevice/TimerDevice.o
                0x0000000000015ec6                _ZNSt4listI8PropertySaIS0_EE3endEv
 *fill*         0x0000000000015eeb        0x1 90909090
 .text._ZNKSt14_List_iteratorI8PropertyEneERKS1_
                0x0000000000015eec       0x22 ./TimerDevice/TimerDevice.o
                0x0000000000015eec                _ZNKSt14_List_iteratorI8PropertyEneERKS1_
 .text._ZNSt14_List_iteratorI8PropertyEppEi
                0x0000000000015f0e       0x2d ./TimerDevice/TimerDevice.o
                0x0000000000015f0e                _ZNSt14_List_iteratorI8PropertyEppEi
 *fill*         0x0000000000015f3b        0x1 90909090
 .text._ZNKSt14_List_iteratorI8PropertyEdeEv
                0x0000000000015f3c       0x15 ./TimerDevice/TimerDevice.o
                0x0000000000015f3c                _ZNKSt14_List_iteratorI8PropertyEdeEv
 .text._ZSteqIcSt11char_traitsIcESaIcEEbPKT_RKSbIS3_T0_T1_E
                0x0000000000015f51       0x2a ./TimerDevice/TimerDevice.o
                0x0000000000015f51                _ZSteqIcSt11char_traitsIcESaIcEEbPKT_RKSbIS3_T0_T1_E
 *fill*         0x0000000000015f7b        0x1 90909090
 .text._ZNSt10_List_baseIP15ConnectionPointSaIS1_EE10_List_implD2Ev
                0x0000000000015f7c       0x1a ./TimerDevice/TimerDevice.o
                0x0000000000015f7c                _ZNSt10_List_baseIP15ConnectionPointSaIS1_EE10_List_implD1Ev
                0x0000000000015f7c                _ZNSt10_List_baseIP15ConnectionPointSaIS1_EE10_List_implD2Ev
 .text._ZNSt10_List_baseIP15ConnectionPointSaIS1_EEC2Ev
                0x0000000000015f96       0x48 ./TimerDevice/TimerDevice.o
                0x0000000000015f96                _ZNSt10_List_baseIP15ConnectionPointSaIS1_EEC2Ev
                0x0000000000015f96                _ZNSt10_List_baseIP15ConnectionPointSaIS1_EEC1Ev
 .text._ZNSt10_List_baseIP6PinoutSaIS1_EE10_List_implD2Ev
                0x0000000000015fde       0x1a ./TimerDevice/TimerDevice.o
                0x0000000000015fde                _ZNSt10_List_baseIP6PinoutSaIS1_EE10_List_implD1Ev
                0x0000000000015fde                _ZNSt10_List_baseIP6PinoutSaIS1_EE10_List_implD2Ev
 .text._ZNSt10_List_baseIP6PinoutSaIS1_EEC2Ev
                0x0000000000015ff8       0x48 ./TimerDevice/TimerDevice.o
                0x0000000000015ff8                _ZNSt10_List_baseIP6PinoutSaIS1_EEC1Ev
                0x0000000000015ff8                _ZNSt10_List_baseIP6PinoutSaIS1_EEC2Ev
 .text._ZNSt4listIP15ConnectionPointSaIS1_EE3endEv
                0x0000000000016040       0x25 ./TimerDevice/TimerDevice.o
                0x0000000000016040                _ZNSt4listIP15ConnectionPointSaIS1_EE3endEv
 *fill*         0x0000000000016065        0x1 90909090
 .text._ZNSt4listIP15ConnectionPointSaIS1_EE9_M_insertESt14_List_iteratorIS1_ERKS1_
                0x0000000000016066       0x40 ./TimerDevice/TimerDevice.o
                0x0000000000016066                _ZNSt4listIP15ConnectionPointSaIS1_EE9_M_insertESt14_List_iteratorIS1_ERKS1_
 .text._ZNSt14_List_iteratorI8PropertyEC2EPNSt8__detail15_List_node_baseE
                0x00000000000160a6       0x19 ./TimerDevice/TimerDevice.o
                0x00000000000160a6                _ZNSt14_List_iteratorI8PropertyEC2EPNSt8__detail15_List_node_baseE
                0x00000000000160a6                _ZNSt14_List_iteratorI8PropertyEC1EPNSt8__detail15_List_node_baseE
 *fill*         0x00000000000160bf        0x1 90909090
 .text._ZNSt10_List_baseIP15ConnectionPointSaIS1_EE10_List_implC2Ev
                0x00000000000160c0       0x31 ./TimerDevice/TimerDevice.o
                0x00000000000160c0                _ZNSt10_List_baseIP15ConnectionPointSaIS1_EE10_List_implC2Ev
                0x00000000000160c0                _ZNSt10_List_baseIP15ConnectionPointSaIS1_EE10_List_implC1Ev
 *fill*         0x00000000000160f1        0x1 90909090
 .text._ZNSaISt10_List_nodeIP15ConnectionPointEED2Ev
                0x00000000000160f2       0x1a ./TimerDevice/TimerDevice.o
                0x00000000000160f2                _ZNSaISt10_List_nodeIP15ConnectionPointEED1Ev
                0x00000000000160f2                _ZNSaISt10_List_nodeIP15ConnectionPointEED2Ev
 .text._ZNSt10_List_baseIP15ConnectionPointSaIS1_EE7_M_initEv
                0x000000000001610c       0x21 ./TimerDevice/TimerDevice.o
                0x000000000001610c                _ZNSt10_List_baseIP15ConnectionPointSaIS1_EE7_M_initEv
 *fill*         0x000000000001612d        0x1 90909090
 .text._ZNSt10_List_baseIP6PinoutSaIS1_EE10_List_implC2Ev
                0x000000000001612e       0x31 ./TimerDevice/TimerDevice.o
                0x000000000001612e                _ZNSt10_List_baseIP6PinoutSaIS1_EE10_List_implC2Ev
                0x000000000001612e                _ZNSt10_List_baseIP6PinoutSaIS1_EE10_List_implC1Ev
 *fill*         0x000000000001615f        0x1 90909090
 .text._ZNSaISt10_List_nodeIP6PinoutEED2Ev
                0x0000000000016160       0x1a ./TimerDevice/TimerDevice.o
                0x0000000000016160                _ZNSaISt10_List_nodeIP6PinoutEED2Ev
                0x0000000000016160                _ZNSaISt10_List_nodeIP6PinoutEED1Ev
 .text._ZNSt10_List_baseIP6PinoutSaIS1_EE7_M_initEv
                0x000000000001617a       0x21 ./TimerDevice/TimerDevice.o
                0x000000000001617a                _ZNSt10_List_baseIP6PinoutSaIS1_EE7_M_initEv
 *fill*         0x000000000001619b        0x1 90909090
 .text._ZNSt14_List_iteratorIP15ConnectionPointEC2EPNSt8__detail15_List_node_baseE
                0x000000000001619c       0x19 ./TimerDevice/TimerDevice.o
                0x000000000001619c                _ZNSt14_List_iteratorIP15ConnectionPointEC2EPNSt8__detail15_List_node_baseE
                0x000000000001619c                _ZNSt14_List_iteratorIP15ConnectionPointEC1EPNSt8__detail15_List_node_baseE
 *fill*         0x00000000000161b5        0x1 90909090
 .text._ZNSt4listIP15ConnectionPointSaIS1_EE14_M_create_nodeERKS1_
                0x00000000000161b6       0xb8 ./TimerDevice/TimerDevice.o
                0x00000000000161b6                _ZNSt4listIP15ConnectionPointSaIS1_EE14_M_create_nodeERKS1_
 .text._ZNSaISt10_List_nodeIP15ConnectionPointEEC2Ev
                0x000000000001626e       0x1a ./TimerDevice/TimerDevice.o
                0x000000000001626e                _ZNSaISt10_List_nodeIP15ConnectionPointEEC2Ev
                0x000000000001626e                _ZNSaISt10_List_nodeIP15ConnectionPointEEC1Ev
 .text._ZN9__gnu_cxx13new_allocatorISt10_List_nodeIP15ConnectionPointEED2Ev
                0x0000000000016288        0xa ./TimerDevice/TimerDevice.o
                0x0000000000016288                _ZN9__gnu_cxx13new_allocatorISt10_List_nodeIP15ConnectionPointEED2Ev
                0x0000000000016288                _ZN9__gnu_cxx13new_allocatorISt10_List_nodeIP15ConnectionPointEED1Ev
 .text._ZNKSt10_List_baseIP15ConnectionPointSaIS1_EE19_M_get_Tp_allocatorEv
                0x0000000000016292       0x34 ./TimerDevice/TimerDevice.o
                0x0000000000016292                _ZNKSt10_List_baseIP15ConnectionPointSaIS1_EE19_M_get_Tp_allocatorEv
 .text._ZNSaIP15ConnectionPointED2Ev
                0x00000000000162c6       0x1a ./TimerDevice/TimerDevice.o
                0x00000000000162c6                _ZNSaIP15ConnectionPointED1Ev
                0x00000000000162c6                _ZNSaIP15ConnectionPointED2Ev
 .text._ZSt11__addressofIP15ConnectionPointEPT_RS2_
                0x00000000000162e0        0xe ./TimerDevice/TimerDevice.o
                0x00000000000162e0                _ZSt11__addressofIP15ConnectionPointEPT_RS2_
 .text._ZNSt10_List_baseIP15ConnectionPointSaIS1_EE11_M_put_nodeEPSt10_List_nodeIS1_E
                0x00000000000162ee       0x2a ./TimerDevice/TimerDevice.o
                0x00000000000162ee                _ZNSt10_List_baseIP15ConnectionPointSaIS1_EE11_M_put_nodeEPSt10_List_nodeIS1_E
 .text._ZNSaISt10_List_nodeIP6PinoutEEC2Ev
                0x0000000000016318       0x1a ./TimerDevice/TimerDevice.o
                0x0000000000016318                _ZNSaISt10_List_nodeIP6PinoutEEC1Ev
                0x0000000000016318                _ZNSaISt10_List_nodeIP6PinoutEEC2Ev
 .text._ZN9__gnu_cxx13new_allocatorISt10_List_nodeIP6PinoutEED2Ev
                0x0000000000016332        0xa ./TimerDevice/TimerDevice.o
                0x0000000000016332                _ZN9__gnu_cxx13new_allocatorISt10_List_nodeIP6PinoutEED1Ev
                0x0000000000016332                _ZN9__gnu_cxx13new_allocatorISt10_List_nodeIP6PinoutEED2Ev
 .text._ZNSt10_List_baseIP15ConnectionPointSaIS1_EE11_M_get_nodeEv
                0x000000000001633c       0x24 ./TimerDevice/TimerDevice.o
                0x000000000001633c                _ZNSt10_List_baseIP15ConnectionPointSaIS1_EE11_M_get_nodeEv
 .text._ZN9__gnu_cxx13new_allocatorIP15ConnectionPointE9constructEPS2_RKS2_
                0x0000000000016360       0x36 ./TimerDevice/TimerDevice.o
                0x0000000000016360                _ZN9__gnu_cxx13new_allocatorIP15ConnectionPointE9constructEPS2_RKS2_
 .text._ZN9__gnu_cxx13new_allocatorISt10_List_nodeIP15ConnectionPointEEC2Ev
                0x0000000000016396        0xa ./TimerDevice/TimerDevice.o
                0x0000000000016396                _ZN9__gnu_cxx13new_allocatorISt10_List_nodeIP15ConnectionPointEEC1Ev
                0x0000000000016396                _ZN9__gnu_cxx13new_allocatorISt10_List_nodeIP15ConnectionPointEEC2Ev
 .text._ZNKSt10_List_baseIP15ConnectionPointSaIS1_EE21_M_get_Node_allocatorEv
                0x00000000000163a0        0xe ./TimerDevice/TimerDevice.o
                0x00000000000163a0                _ZNKSt10_List_baseIP15ConnectionPointSaIS1_EE21_M_get_Node_allocatorEv
 .text._ZNSaIP15ConnectionPointEC2ISt10_List_nodeIS0_EEERKSaIT_E
                0x00000000000163ae       0x1e ./TimerDevice/TimerDevice.o
                0x00000000000163ae                _ZNSaIP15ConnectionPointEC2ISt10_List_nodeIS0_EEERKSaIT_E
                0x00000000000163ae                _ZNSaIP15ConnectionPointEC1ISt10_List_nodeIS0_EEERKSaIT_E
 .text._ZN9__gnu_cxx13new_allocatorIP15ConnectionPointED2Ev
                0x00000000000163cc        0xa ./TimerDevice/TimerDevice.o
                0x00000000000163cc                _ZN9__gnu_cxx13new_allocatorIP15ConnectionPointED2Ev
                0x00000000000163cc                _ZN9__gnu_cxx13new_allocatorIP15ConnectionPointED1Ev
 .text._ZN9__gnu_cxx13new_allocatorISt10_List_nodeIP15ConnectionPointEE10deallocateEPS4_m
                0x00000000000163d6       0x22 ./TimerDevice/TimerDevice.o
                0x00000000000163d6                _ZN9__gnu_cxx13new_allocatorISt10_List_nodeIP15ConnectionPointEE10deallocateEPS4_m
 .text._ZN9__gnu_cxx13new_allocatorISt10_List_nodeIP6PinoutEEC2Ev
                0x00000000000163f8        0xa ./TimerDevice/TimerDevice.o
                0x00000000000163f8                _ZN9__gnu_cxx13new_allocatorISt10_List_nodeIP6PinoutEEC2Ev
                0x00000000000163f8                _ZN9__gnu_cxx13new_allocatorISt10_List_nodeIP6PinoutEEC1Ev
 .text._ZN9__gnu_cxx13new_allocatorISt10_List_nodeIP15ConnectionPointEE8allocateEmPKv
                0x0000000000016402       0x4b ./TimerDevice/TimerDevice.o
                0x0000000000016402                _ZN9__gnu_cxx13new_allocatorISt10_List_nodeIP15ConnectionPointEE8allocateEmPKv
 *fill*         0x000000000001644d        0x1 90909090
 .text._ZN9__gnu_cxx13new_allocatorIP15ConnectionPointEC2Ev
                0x000000000001644e        0xa ./TimerDevice/TimerDevice.o
                0x000000000001644e                _ZN9__gnu_cxx13new_allocatorIP15ConnectionPointEC1Ev
                0x000000000001644e                _ZN9__gnu_cxx13new_allocatorIP15ConnectionPointEC2Ev
 .text._ZNK9__gnu_cxx13new_allocatorISt10_List_nodeIP15ConnectionPointEE8max_sizeEv
                0x0000000000016458       0x14 ./TimerDevice/TimerDevice.o
                0x0000000000016458                _ZNK9__gnu_cxx13new_allocatorISt10_List_nodeIP15ConnectionPointEE8max_sizeEv
 .text          0x000000000001646c      0x763 ./ScreenButton/ScreenButton.o
                0x000000000001646c                _ZN12ScreenButtonC1Ev
                0x000000000001646c                _ZN12ScreenButtonC2Ev
                0x000000000001679e                _ZN12ScreenButtonD2Ev
                0x000000000001679e                _ZN12ScreenButtonD1Ev
                0x00000000000167f8                _ZN12ScreenButtonD0Ev
                0x000000000001681e                _ZN12ScreenButton16CalculateOutputsEv
                0x000000000001689e                _ZN12ScreenButton4TypeEv
                0x00000000000168b0                _ZN12ScreenButton7VersionEv
                0x00000000000168c2                _ZN12ScreenButton11DescriptionEv
                0x00000000000168d4                _ZN12ScreenButton9GroupNameEv
                0x00000000000168e6                _ZN12ScreenButton14CreateInstanceEv
                0x0000000000016932                _ZN12ScreenButton12GetParameterESs
                0x0000000000016ae0                _ZN12ScreenButton12SetParameterESsPv
 *fill*         0x0000000000016bcf        0x1 90909090
 .text          0x0000000000016bd0      0x961 ./Logical/AdnWidget.o
                0x0000000000016bd0                _ZN9AndWidgetC1Ev
                0x0000000000016bd0                _ZN9AndWidgetC2Ev
                0x0000000000017176                _ZN9AndWidgetD1Ev
                0x0000000000017176                _ZN9AndWidgetD2Ev
                0x00000000000171d0                _ZN9AndWidgetD0Ev
                0x00000000000171f6                _ZN9AndWidget4TypeEv
                0x0000000000017208                _ZN9AndWidget7VersionEv
                0x000000000001721a                _ZN9AndWidget11DescriptionEv
                0x000000000001722c                _ZN9AndWidget9GroupNameEv
                0x000000000001723e                _ZN9AndWidget14CreateInstanceEv
                0x000000000001728a                _ZN9AndWidget16CalculateOutputsEv
                0x0000000000017326                _ZN9AndWidget12GetParameterESs
 *fill*         0x0000000000017531        0x3 90909090
 .text          0x0000000000017534      0xea9 ./Logical/ComparatorWidget.o
                0x0000000000017534                _ZN16ComparatorDeviceC2Ev
                0x0000000000017534                _ZN16ComparatorDeviceC1Ev
                0x0000000000017c70                _ZN16ComparatorDeviceD1Ev
                0x0000000000017c70                _ZN16ComparatorDeviceD2Ev
                0x0000000000017cca                _ZN16ComparatorDeviceD0Ev
                0x0000000000017cf0                _ZN16ComparatorDevice16CalculateOutputsEv
                0x0000000000017d58                _ZN16ComparatorDevice4TypeEv
                0x0000000000017d6a                _ZN16ComparatorDevice7VersionEv
                0x0000000000017d7c                _ZN16ComparatorDevice11DescriptionEv
                0x0000000000017d8e                _ZN16ComparatorDevice9GroupNameEv
                0x0000000000017da0                _ZN16ComparatorDevice14CreateInstanceEv
                0x0000000000017dec                _ZN16ComparatorDevice12GetParameterESs
                0x0000000000017f9e                _ZN16ComparatorDevice12SetParameterESsPv
                0x0000000000018088                _ZN16ComparatorDevice12GetOperationESs
                0x0000000000018142                _ZN16ComparatorDevice19GetComparisonResultEv
 *fill*         0x00000000000183dd        0x3 90909090
 .text          0x00000000000183e0      0xb6c ./Logical/ConstantWidget.o
                0x00000000000183e0                _ZN14ConstantDeviceC2Ev
                0x00000000000183e0                _ZN14ConstantDeviceC1Ev
                0x0000000000018a46                _ZN14ConstantDeviceD2Ev
                0x0000000000018a46                _ZN14ConstantDeviceD1Ev
                0x0000000000018aa0                _ZN14ConstantDeviceD0Ev
                0x0000000000018ac6                _ZN14ConstantDevice16CalculateOutputsEv
                0x0000000000018b04                _ZN14ConstantDevice17WidgetInitializedEv
                0x0000000000018b1e                _ZN14ConstantDevice26UpdateOutconnectionsValuesEPv
                0x0000000000018b5c                _ZN14ConstantDevice4TypeEv
                0x0000000000018b6e                _ZN14ConstantDevice7VersionEv
                0x0000000000018b80                _ZN14ConstantDevice11DescriptionEv
                0x0000000000018b92                _ZN14ConstantDevice9GroupNameEv
                0x0000000000018ba4                _ZN14ConstantDevice14CreateInstanceEv
                0x0000000000018bf0                _ZN14ConstantDevice12GetParameterESs
                0x0000000000018d8a                _ZN14ConstantDevice12SetParameterESsPv
 .text          0x0000000000018f4c     0x11d8 ./Logical/CounterDevice.o
                0x0000000000018f4c                _ZN13CounterDeviceC2Ev
                0x0000000000018f4c                _ZN13CounterDeviceC1Ev
                0x0000000000019ab6                _ZN13CounterDeviceD1Ev
                0x0000000000019ab6                _ZN13CounterDeviceD2Ev
                0x0000000000019b10                _ZN13CounterDeviceD0Ev
                0x0000000000019b36                _ZN13CounterDevice4TypeEv
                0x0000000000019b48                _ZN13CounterDevice7VersionEv
                0x0000000000019b5a                _ZN13CounterDevice11DescriptionEv
                0x0000000000019b6c                _ZN13CounterDevice9GroupNameEv
                0x0000000000019b7e                _ZN13CounterDevice14CreateInstanceEv
                0x0000000000019bca                _ZN13CounterDevice16CalculateOutputsEv
                0x0000000000019d7a                _ZN13CounterDevice12GetParameterESs
                0x0000000000019f2a                _ZN13CounterDevice12SetParameterESsPv
 .text          0x000000000001a124      0x811 ./Logical/InverseDevice.o
                0x000000000001a124                _ZN13InverseDeviceC1Ev
                0x000000000001a124                _ZN13InverseDeviceC2Ev
                0x000000000001a55c                _ZN13InverseDeviceD2Ev
                0x000000000001a55c                _ZN13InverseDeviceD1Ev
                0x000000000001a5b6                _ZN13InverseDeviceD0Ev
                0x000000000001a5dc                _ZN13InverseDevice4TypeEv
                0x000000000001a5ee                _ZN13InverseDevice7VersionEv
                0x000000000001a600                _ZN13InverseDevice11DescriptionEv
                0x000000000001a612                _ZN13InverseDevice9GroupNameEv
                0x000000000001a624                _ZN13InverseDevice14CreateInstanceEv
                0x000000000001a670                _ZN13InverseDevice16CalculateOutputsEv
                0x000000000001a72a                _ZN13InverseDevice12GetParameterESs
 *fill*         0x000000000001a935        0x3 90909090
 .text          0x000000000001a938      0x961 ./Logical/OrDevice.o
                0x000000000001a938                _ZN8OrDeviceC1Ev
                0x000000000001a938                _ZN8OrDeviceC2Ev
                0x000000000001aede                _ZN8OrDeviceD2Ev
                0x000000000001aede                _ZN8OrDeviceD1Ev
                0x000000000001af38                _ZN8OrDeviceD0Ev
                0x000000000001af5e                _ZN8OrDevice4TypeEv
                0x000000000001af70                _ZN8OrDevice7VersionEv
                0x000000000001af82                _ZN8OrDevice11DescriptionEv
                0x000000000001af94                _ZN8OrDevice9GroupNameEv
                0x000000000001afa6                _ZN8OrDevice14CreateInstanceEv
                0x000000000001aff2                _ZN8OrDevice16CalculateOutputsEv
                0x000000000001b08e                _ZN8OrDevice12GetParameterESs
 *fill*         0x000000000001b299        0x3 90909090
 .text          0x000000000001b29c      0x91b ./Logical/RSTriggerDevice.o
                0x000000000001b29c                _ZN15RSTriggerDeviceC2Ev
                0x000000000001b29c                _ZN15RSTriggerDeviceC1Ev
                0x000000000001b9aa                _ZN15RSTriggerDeviceD1Ev
                0x000000000001b9aa                _ZN15RSTriggerDeviceD2Ev
                0x000000000001ba04                _ZN15RSTriggerDeviceD0Ev
                0x000000000001ba2a                _ZN15RSTriggerDevice4TypeEv
                0x000000000001ba3c                _ZN15RSTriggerDevice7VersionEv
                0x000000000001ba4e                _ZN15RSTriggerDevice11DescriptionEv
                0x000000000001ba60                _ZN15RSTriggerDevice9GroupNameEv
                0x000000000001ba72                _ZN15RSTriggerDevice14CreateInstanceEv
                0x000000000001babe                _ZN15RSTriggerDevice16CalculateOutputsEv
 *fill*         0x000000000001bbb7        0x1 90909090
 .text          0x000000000001bbb8      0x90a ./Logical/SwitchBlock.o
                0x000000000001bbb8                _ZN11SwitchBlockC2Ev
                0x000000000001bbb8                _ZN11SwitchBlockC1Ev
                0x000000000001c2c6                _ZN11SwitchBlockD1Ev
                0x000000000001c2c6                _ZN11SwitchBlockD2Ev
                0x000000000001c320                _ZN11SwitchBlockD0Ev
                0x000000000001c346                _ZN11SwitchBlock4TypeEv
                0x000000000001c358                _ZN11SwitchBlock7VersionEv
                0x000000000001c36a                _ZN11SwitchBlock11DescriptionEv
                0x000000000001c37c                _ZN11SwitchBlock9GroupNameEv
                0x000000000001c38e                _ZN11SwitchBlock14CreateInstanceEv
                0x000000000001c3da                _ZN11SwitchBlock16CalculateOutputsEv
 *fill*         0x000000000001c4c2        0x2 90909090
 .text          0x000000000001c4c4      0x7a4 ./Logical/XorDevice.o
                0x000000000001c4c4                _ZN9XorDeviceC1Ev
                0x000000000001c4c4                _ZN9XorDeviceC2Ev
                0x000000000001ca54                _ZN9XorDeviceD2Ev
                0x000000000001ca54                _ZN9XorDeviceD1Ev
                0x000000000001caae                _ZN9XorDeviceD0Ev
                0x000000000001cad4                _ZN9XorDevice4TypeEv
                0x000000000001cae6                _ZN9XorDevice7VersionEv
                0x000000000001caf8                _ZN9XorDevice11DescriptionEv
                0x000000000001cb0a                _ZN9XorDevice9GroupNameEv
                0x000000000001cb1c                _ZN9XorDevice14CreateInstanceEv
                0x000000000001cb68                _ZN9XorDevice16CalculateOutputsEv
 .text          0x000000000001cc68     0x1a4e ./GPOutputDevice/GPOutputDevice.o
                0x000000000001cc68                _ZN14GPOutputDeviceC2Ev
                0x000000000001cc68                _ZN14GPOutputDeviceC1Ev
                0x000000000001d5fe                _ZN14GPOutputDeviceD1Ev
                0x000000000001d5fe                _ZN14GPOutputDeviceD2Ev
                0x000000000001d658                _ZN14GPOutputDeviceD0Ev
                0x000000000001d67e                _ZN14GPOutputDevice14EventTriggeredESt4listI14EventParameterSaIS1_EE
                0x000000000001d944                _ZN14GPOutputDevice17WidgetInitializedEv
                0x000000000001d95e                _ZN14GPOutputDevice16ReleaseResourcesEv
                0x000000000001da70                _ZN14GPOutputDevice16CalculateOutputsEv
                0x000000000001de68                _ZN14GPOutputDevice14ExecuteCommandE7Command
                0x000000000001dfce                _ZN14GPOutputDevice13SetPortNumberEi
                0x000000000001dfe6                _ZN14GPOutputDevice4TypeEv
                0x000000000001dff8                _ZN14GPOutputDevice7VersionEv
                0x000000000001e00a                _ZN14GPOutputDevice11DescriptionEv
                0x000000000001e01c                _ZN14GPOutputDevice9GroupNameEv
                0x000000000001e02e                _ZN14GPOutputDevice14CreateInstanceEv
                0x000000000001e07a                _ZN14GPOutputDevice12GetParameterESs
                0x000000000001e250                _ZN14GPOutputDevice12SetParameterESsPv
 .text._ZNSt11char_traitsIcE6lengthEPKc
                0x000000000001e6b6       0x31 ./GPOutputDevice/GPOutputDevice.o
                0x000000000001e6b6                _ZNSt11char_traitsIcE6lengthEPKc
 .text._ZdlPvS_
                0x000000000001e6e7        0xe ./GPOutputDevice/GPOutputDevice.o
                0x000000000001e6e7                _ZdlPvS_
 *fill*         0x000000000001e6f5        0x1 90909090
 .text._ZN16CommandParameterC2ESsPvSs
                0x000000000001e6f6       0xa3 ./GPOutputDevice/GPOutputDevice.o
                0x000000000001e6f6                _ZN16CommandParameterC2ESsPvSs
                0x000000000001e6f6                _ZN16CommandParameterC1ESsPvSs
 *fill*         0x000000000001e799        0x1 90909090
 .text._ZN16CommandParameter5CloneEv
                0x000000000001e79a      0x195 ./GPOutputDevice/GPOutputDevice.o
                0x000000000001e79a                _ZN16CommandParameter5CloneEv
 *fill*         0x000000000001e92f        0x1 90909090
 .text._ZN7CommandC2ERKS_
                0x000000000001e930      0x148 ./GPOutputDevice/GPOutputDevice.o
                0x000000000001e930                _ZN7CommandC1ERKS_
                0x000000000001e930                _ZN7CommandC2ERKS_
 .text._ZStplIcSt11char_traitsIcESaIcEESbIT_T0_T1_EPKS3_RKS6_
                0x000000000001ea78       0xa4 ./GPOutputDevice/GPOutputDevice.o
                0x000000000001ea78                _ZStplIcSt11char_traitsIcESaIcEESbIT_T0_T1_EPKS3_RKS6_
 .text._ZNSt4listIP16CommandParameterSaIS1_EEC2Ev
                0x000000000001eb1c       0x1a ./GPOutputDevice/GPOutputDevice.o
                0x000000000001eb1c                _ZNSt4listIP16CommandParameterSaIS1_EEC2Ev
                0x000000000001eb1c                _ZNSt4listIP16CommandParameterSaIS1_EEC1Ev
 .text._ZNSt14_List_iteratorIP16CommandParameterEC2Ev
                0x000000000001eb36       0x15 ./GPOutputDevice/GPOutputDevice.o
                0x000000000001eb36                _ZNSt14_List_iteratorIP16CommandParameterEC1Ev
                0x000000000001eb36                _ZNSt14_List_iteratorIP16CommandParameterEC2Ev
 *fill*         0x000000000001eb4b        0x1 90909090
 .text._ZNSt4listIP16CommandParameterSaIS1_EE5beginEv
                0x000000000001eb4c       0x28 ./GPOutputDevice/GPOutputDevice.o
                0x000000000001eb4c                _ZNSt4listIP16CommandParameterSaIS1_EE5beginEv
 .text._ZNSt4listIP16CommandParameterSaIS1_EE3endEv
                0x000000000001eb74       0x25 ./GPOutputDevice/GPOutputDevice.o
                0x000000000001eb74                _ZNSt4listIP16CommandParameterSaIS1_EE3endEv
 *fill*         0x000000000001eb99        0x1 90909090
 .text._ZNKSt14_List_iteratorIP16CommandParameterEneERKS2_
                0x000000000001eb9a       0x22 ./GPOutputDevice/GPOutputDevice.o
                0x000000000001eb9a                _ZNKSt14_List_iteratorIP16CommandParameterEneERKS2_
 .text._ZNSt14_List_iteratorIP16CommandParameterEppEi
                0x000000000001ebbc       0x2d ./GPOutputDevice/GPOutputDevice.o
                0x000000000001ebbc                _ZNSt14_List_iteratorIP16CommandParameterEppEi
 *fill*         0x000000000001ebe9        0x1 90909090
 .text._ZNKSt14_List_iteratorIP16CommandParameterEdeEv
                0x000000000001ebea       0x15 ./GPOutputDevice/GPOutputDevice.o
                0x000000000001ebea                _ZNKSt14_List_iteratorIP16CommandParameterEdeEv
 *fill*         0x000000000001ebff        0x1 90909090
 .text._ZNSt4listIP16CommandParameterSaIS1_EE9push_backERKS1_
                0x000000000001ec00       0x34 ./GPOutputDevice/GPOutputDevice.o
                0x000000000001ec00                _ZNSt4listIP16CommandParameterSaIS1_EE9push_backERKS1_
 .text._ZNSt4listI7CommandSaIS0_EEC2Ev
                0x000000000001ec34       0x1a ./GPOutputDevice/GPOutputDevice.o
                0x000000000001ec34                _ZNSt4listI7CommandSaIS0_EEC1Ev
                0x000000000001ec34                _ZNSt4listI7CommandSaIS0_EEC2Ev
 .text._ZNSt4listI7CommandSaIS0_EE9push_backERKS0_
                0x000000000001ec4e       0x34 ./GPOutputDevice/GPOutputDevice.o
                0x000000000001ec4e                _ZNSt4listI7CommandSaIS0_EE9push_backERKS0_
 .text._ZNSt4listI5EventSaIS0_EEC2Ev
                0x000000000001ec82       0x1a ./GPOutputDevice/GPOutputDevice.o
                0x000000000001ec82                _ZNSt4listI5EventSaIS0_EEC1Ev
                0x000000000001ec82                _ZNSt4listI5EventSaIS0_EEC2Ev
 .text._ZNSt4listIP6PinoutSaIS1_EE9push_backERKS1_
                0x000000000001ec9c       0x34 ./GPOutputDevice/GPOutputDevice.o
                0x000000000001ec9c                _ZNSt4listIP6PinoutSaIS1_EE9push_backERKS1_
 .text._ZNSt14_List_iteratorIP6PinoutEC2Ev
                0x000000000001ecd0       0x15 ./GPOutputDevice/GPOutputDevice.o
                0x000000000001ecd0                _ZNSt14_List_iteratorIP6PinoutEC1Ev
                0x000000000001ecd0                _ZNSt14_List_iteratorIP6PinoutEC2Ev
 *fill*         0x000000000001ece5        0x1 90909090
 .text._ZNSt4listIP6PinoutSaIS1_EE5beginEv
                0x000000000001ece6       0x28 ./GPOutputDevice/GPOutputDevice.o
                0x000000000001ece6                _ZNSt4listIP6PinoutSaIS1_EE5beginEv
 .text._ZNSt4listIP6PinoutSaIS1_EE3endEv
                0x000000000001ed0e       0x25 ./GPOutputDevice/GPOutputDevice.o
                0x000000000001ed0e                _ZNSt4listIP6PinoutSaIS1_EE3endEv
 *fill*         0x000000000001ed33        0x1 90909090
 .text._ZNKSt14_List_iteratorIP6PinoutEneERKS2_
                0x000000000001ed34       0x22 ./GPOutputDevice/GPOutputDevice.o
                0x000000000001ed34                _ZNKSt14_List_iteratorIP6PinoutEneERKS2_
 .text._ZNSt14_List_iteratorIP6PinoutEppEi
                0x000000000001ed56       0x2d ./GPOutputDevice/GPOutputDevice.o
                0x000000000001ed56                _ZNSt14_List_iteratorIP6PinoutEppEi
 *fill*         0x000000000001ed83        0x1 90909090
 .text._ZNKSt14_List_iteratorIP6PinoutEdeEv
                0x000000000001ed84       0x15 ./GPOutputDevice/GPOutputDevice.o
                0x000000000001ed84                _ZNKSt14_List_iteratorIP6PinoutEdeEv
 *fill*         0x000000000001ed99        0x1 90909090
 .text._ZNSt10_List_baseIP16CommandParameterSaIS1_EE10_List_implD2Ev
                0x000000000001ed9a       0x1a ./GPOutputDevice/GPOutputDevice.o
                0x000000000001ed9a                _ZNSt10_List_baseIP16CommandParameterSaIS1_EE10_List_implD1Ev
                0x000000000001ed9a                _ZNSt10_List_baseIP16CommandParameterSaIS1_EE10_List_implD2Ev
 .text._ZNSt10_List_baseIP16CommandParameterSaIS1_EEC2Ev
                0x000000000001edb4       0x48 ./GPOutputDevice/GPOutputDevice.o
                0x000000000001edb4                _ZNSt10_List_baseIP16CommandParameterSaIS1_EEC2Ev
                0x000000000001edb4                _ZNSt10_List_baseIP16CommandParameterSaIS1_EEC1Ev
 .text._ZNSt14_List_iteratorIP16CommandParameterEC2EPNSt8__detail15_List_node_baseE
                0x000000000001edfc       0x19 ./GPOutputDevice/GPOutputDevice.o
                0x000000000001edfc                _ZNSt14_List_iteratorIP16CommandParameterEC2EPNSt8__detail15_List_node_baseE
                0x000000000001edfc                _ZNSt14_List_iteratorIP16CommandParameterEC1EPNSt8__detail15_List_node_baseE
 *fill*         0x000000000001ee15        0x1 90909090
 .text._ZNSt4listIP16CommandParameterSaIS1_EE9_M_insertESt14_List_iteratorIS1_ERKS1_
                0x000000000001ee16       0x40 ./GPOutputDevice/GPOutputDevice.o
                0x000000000001ee16                _ZNSt4listIP16CommandParameterSaIS1_EE9_M_insertESt14_List_iteratorIS1_ERKS1_
 .text._ZNSt10_List_baseI7CommandSaIS0_EE10_List_implD2Ev
                0x000000000001ee56       0x1a ./GPOutputDevice/GPOutputDevice.o
                0x000000000001ee56                _ZNSt10_List_baseI7CommandSaIS0_EE10_List_implD1Ev
                0x000000000001ee56                _ZNSt10_List_baseI7CommandSaIS0_EE10_List_implD2Ev
 .text._ZNSt10_List_baseI7CommandSaIS0_EEC2Ev
                0x000000000001ee70       0x48 ./GPOutputDevice/GPOutputDevice.o
                0x000000000001ee70                _ZNSt10_List_baseI7CommandSaIS0_EEC2Ev
                0x000000000001ee70                _ZNSt10_List_baseI7CommandSaIS0_EEC1Ev
 .text._ZNSt4listI7CommandSaIS0_EE3endEv
                0x000000000001eeb8       0x25 ./GPOutputDevice/GPOutputDevice.o
                0x000000000001eeb8                _ZNSt4listI7CommandSaIS0_EE3endEv
 *fill*         0x000000000001eedd        0x1 90909090
 .text._ZNSt4listI7CommandSaIS0_EE9_M_insertESt14_List_iteratorIS0_ERKS0_
                0x000000000001eede       0x40 ./GPOutputDevice/GPOutputDevice.o
                0x000000000001eede                _ZNSt4listI7CommandSaIS0_EE9_M_insertESt14_List_iteratorIS0_ERKS0_
 .text._ZNSt10_List_baseI5EventSaIS0_EE10_List_implD2Ev
                0x000000000001ef1e       0x1a ./GPOutputDevice/GPOutputDevice.o
                0x000000000001ef1e                _ZNSt10_List_baseI5EventSaIS0_EE10_List_implD2Ev
                0x000000000001ef1e                _ZNSt10_List_baseI5EventSaIS0_EE10_List_implD1Ev
 .text._ZNSt10_List_baseI5EventSaIS0_EEC2Ev
                0x000000000001ef38       0x48 ./GPOutputDevice/GPOutputDevice.o
                0x000000000001ef38                _ZNSt10_List_baseI5EventSaIS0_EEC1Ev
                0x000000000001ef38                _ZNSt10_List_baseI5EventSaIS0_EEC2Ev
 .text._ZNSt4listIP6PinoutSaIS1_EE9_M_insertESt14_List_iteratorIS1_ERKS1_
                0x000000000001ef80       0x40 ./GPOutputDevice/GPOutputDevice.o
                0x000000000001ef80                _ZNSt4listIP6PinoutSaIS1_EE9_M_insertESt14_List_iteratorIS1_ERKS1_
 .text._ZNSt14_List_iteratorIP6PinoutEC2EPNSt8__detail15_List_node_baseE
                0x000000000001efc0       0x19 ./GPOutputDevice/GPOutputDevice.o
                0x000000000001efc0                _ZNSt14_List_iteratorIP6PinoutEC2EPNSt8__detail15_List_node_baseE
                0x000000000001efc0                _ZNSt14_List_iteratorIP6PinoutEC1EPNSt8__detail15_List_node_baseE
 *fill*         0x000000000001efd9        0x1 90909090
 .text._ZNSt10_List_baseIP16CommandParameterSaIS1_EE10_List_implC2Ev
                0x000000000001efda       0x31 ./GPOutputDevice/GPOutputDevice.o
                0x000000000001efda                _ZNSt10_List_baseIP16CommandParameterSaIS1_EE10_List_implC2Ev
                0x000000000001efda                _ZNSt10_List_baseIP16CommandParameterSaIS1_EE10_List_implC1Ev
 *fill*         0x000000000001f00b        0x1 90909090
 .text._ZNSaISt10_List_nodeIP16CommandParameterEED2Ev
                0x000000000001f00c       0x1a ./GPOutputDevice/GPOutputDevice.o
                0x000000000001f00c                _ZNSaISt10_List_nodeIP16CommandParameterEED1Ev
                0x000000000001f00c                _ZNSaISt10_List_nodeIP16CommandParameterEED2Ev
 .text._ZNSt10_List_baseIP16CommandParameterSaIS1_EE7_M_initEv
                0x000000000001f026       0x21 ./GPOutputDevice/GPOutputDevice.o
                0x000000000001f026                _ZNSt10_List_baseIP16CommandParameterSaIS1_EE7_M_initEv
 *fill*         0x000000000001f047        0x1 90909090
 .text._ZNSt4listIP16CommandParameterSaIS1_EE14_M_create_nodeERKS1_
                0x000000000001f048       0xb8 ./GPOutputDevice/GPOutputDevice.o
                0x000000000001f048                _ZNSt4listIP16CommandParameterSaIS1_EE14_M_create_nodeERKS1_
 .text._ZNSt10_List_baseI7CommandSaIS0_EE10_List_implC2Ev
                0x000000000001f100       0x31 ./GPOutputDevice/GPOutputDevice.o
                0x000000000001f100                _ZNSt10_List_baseI7CommandSaIS0_EE10_List_implC2Ev
                0x000000000001f100                _ZNSt10_List_baseI7CommandSaIS0_EE10_List_implC1Ev
 *fill*         0x000000000001f131        0x1 90909090
 .text._ZNSaISt10_List_nodeI7CommandEED2Ev
                0x000000000001f132       0x1a ./GPOutputDevice/GPOutputDevice.o
                0x000000000001f132                _ZNSaISt10_List_nodeI7CommandEED2Ev
                0x000000000001f132                _ZNSaISt10_List_nodeI7CommandEED1Ev
 .text._ZNSt10_List_baseI7CommandSaIS0_EE7_M_initEv
                0x000000000001f14c       0x21 ./GPOutputDevice/GPOutputDevice.o
                0x000000000001f14c                _ZNSt10_List_baseI7CommandSaIS0_EE7_M_initEv
 *fill*         0x000000000001f16d        0x1 90909090
 .text._ZNSt14_List_iteratorI7CommandEC2EPNSt8__detail15_List_node_baseE
                0x000000000001f16e       0x19 ./GPOutputDevice/GPOutputDevice.o
                0x000000000001f16e                _ZNSt14_List_iteratorI7CommandEC2EPNSt8__detail15_List_node_baseE
                0x000000000001f16e                _ZNSt14_List_iteratorI7CommandEC1EPNSt8__detail15_List_node_baseE
 *fill*         0x000000000001f187        0x1 90909090
 .text._ZNSt4listI7CommandSaIS0_EE14_M_create_nodeERKS0_
                0x000000000001f188       0xb8 ./GPOutputDevice/GPOutputDevice.o
                0x000000000001f188                _ZNSt4listI7CommandSaIS0_EE14_M_create_nodeERKS0_
 .text._ZNSt10_List_baseI5EventSaIS0_EE10_List_implC2Ev
                0x000000000001f240       0x31 ./GPOutputDevice/GPOutputDevice.o
                0x000000000001f240                _ZNSt10_List_baseI5EventSaIS0_EE10_List_implC1Ev
                0x000000000001f240                _ZNSt10_List_baseI5EventSaIS0_EE10_List_implC2Ev
 *fill*         0x000000000001f271        0x1 90909090
 .text._ZNSaISt10_List_nodeI5EventEED2Ev
                0x000000000001f272       0x1a ./GPOutputDevice/GPOutputDevice.o
                0x000000000001f272                _ZNSaISt10_List_nodeI5EventEED2Ev
                0x000000000001f272                _ZNSaISt10_List_nodeI5EventEED1Ev
 .text._ZNSt10_List_baseI5EventSaIS0_EE7_M_initEv
                0x000000000001f28c       0x21 ./GPOutputDevice/GPOutputDevice.o
                0x000000000001f28c                _ZNSt10_List_baseI5EventSaIS0_EE7_M_initEv
 *fill*         0x000000000001f2ad        0x1 90909090
 .text._ZNSt4listIP6PinoutSaIS1_EE14_M_create_nodeERKS1_
                0x000000000001f2ae       0xb8 ./GPOutputDevice/GPOutputDevice.o
                0x000000000001f2ae                _ZNSt4listIP6PinoutSaIS1_EE14_M_create_nodeERKS1_
 .text._ZNSaISt10_List_nodeIP16CommandParameterEEC2Ev
                0x000000000001f366       0x1a ./GPOutputDevice/GPOutputDevice.o
                0x000000000001f366                _ZNSaISt10_List_nodeIP16CommandParameterEEC2Ev
                0x000000000001f366                _ZNSaISt10_List_nodeIP16CommandParameterEEC1Ev
 .text._ZN9__gnu_cxx13new_allocatorISt10_List_nodeIP16CommandParameterEED2Ev
                0x000000000001f380        0xa ./GPOutputDevice/GPOutputDevice.o
                0x000000000001f380                _ZN9__gnu_cxx13new_allocatorISt10_List_nodeIP16CommandParameterEED1Ev
                0x000000000001f380                _ZN9__gnu_cxx13new_allocatorISt10_List_nodeIP16CommandParameterEED2Ev
 .text._ZNKSt10_List_baseIP16CommandParameterSaIS1_EE19_M_get_Tp_allocatorEv
                0x000000000001f38a       0x34 ./GPOutputDevice/GPOutputDevice.o
                0x000000000001f38a                _ZNKSt10_List_baseIP16CommandParameterSaIS1_EE19_M_get_Tp_allocatorEv
 .text._ZNSaIP16CommandParameterED2Ev
                0x000000000001f3be       0x1a ./GPOutputDevice/GPOutputDevice.o
                0x000000000001f3be                _ZNSaIP16CommandParameterED1Ev
                0x000000000001f3be                _ZNSaIP16CommandParameterED2Ev
 .text._ZSt11__addressofIP16CommandParameterEPT_RS2_
                0x000000000001f3d8        0xe ./GPOutputDevice/GPOutputDevice.o
                0x000000000001f3d8                _ZSt11__addressofIP16CommandParameterEPT_RS2_
 .text._ZNSt10_List_baseIP16CommandParameterSaIS1_EE11_M_put_nodeEPSt10_List_nodeIS1_E
                0x000000000001f3e6       0x2a ./GPOutputDevice/GPOutputDevice.o
                0x000000000001f3e6                _ZNSt10_List_baseIP16CommandParameterSaIS1_EE11_M_put_nodeEPSt10_List_nodeIS1_E
 .text._ZNSt10_List_baseIP16CommandParameterSaIS1_EE11_M_get_nodeEv
                0x000000000001f410       0x24 ./GPOutputDevice/GPOutputDevice.o
                0x000000000001f410                _ZNSt10_List_baseIP16CommandParameterSaIS1_EE11_M_get_nodeEv
 .text._ZN9__gnu_cxx13new_allocatorIP16CommandParameterE9constructEPS2_RKS2_
                0x000000000001f434       0x36 ./GPOutputDevice/GPOutputDevice.o
                0x000000000001f434                _ZN9__gnu_cxx13new_allocatorIP16CommandParameterE9constructEPS2_RKS2_
 .text._ZNKSt10_List_baseIP6PinoutSaIS1_EE19_M_get_Tp_allocatorEv
                0x000000000001f46a       0x34 ./GPOutputDevice/GPOutputDevice.o
                0x000000000001f46a                _ZNKSt10_List_baseIP6PinoutSaIS1_EE19_M_get_Tp_allocatorEv
 .text._ZNSaIP6PinoutED2Ev
                0x000000000001f49e       0x1a ./GPOutputDevice/GPOutputDevice.o
                0x000000000001f49e                _ZNSaIP6PinoutED2Ev
                0x000000000001f49e                _ZNSaIP6PinoutED1Ev
 .text._ZSt11__addressofIP6PinoutEPT_RS2_
                0x000000000001f4b8        0xe ./GPOutputDevice/GPOutputDevice.o
                0x000000000001f4b8                _ZSt11__addressofIP6PinoutEPT_RS2_
 .text._ZNSt10_List_baseIP6PinoutSaIS1_EE11_M_put_nodeEPSt10_List_nodeIS1_E
                0x000000000001f4c6       0x2a ./GPOutputDevice/GPOutputDevice.o
                0x000000000001f4c6                _ZNSt10_List_baseIP6PinoutSaIS1_EE11_M_put_nodeEPSt10_List_nodeIS1_E
 .text._ZNSaISt10_List_nodeI7CommandEEC2Ev
                0x000000000001f4f0       0x1a ./GPOutputDevice/GPOutputDevice.o
                0x000000000001f4f0                _ZNSaISt10_List_nodeI7CommandEEC2Ev
                0x000000000001f4f0                _ZNSaISt10_List_nodeI7CommandEEC1Ev
 .text._ZN9__gnu_cxx13new_allocatorISt10_List_nodeI7CommandEED2Ev
                0x000000000001f50a        0xa ./GPOutputDevice/GPOutputDevice.o
                0x000000000001f50a                _ZN9__gnu_cxx13new_allocatorISt10_List_nodeI7CommandEED2Ev
                0x000000000001f50a                _ZN9__gnu_cxx13new_allocatorISt10_List_nodeI7CommandEED1Ev
 .text._ZNKSt10_List_baseI7CommandSaIS0_EE19_M_get_Tp_allocatorEv
                0x000000000001f514       0x34 ./GPOutputDevice/GPOutputDevice.o
                0x000000000001f514                _ZNKSt10_List_baseI7CommandSaIS0_EE19_M_get_Tp_allocatorEv
 .text._ZNSaI7CommandED2Ev
                0x000000000001f548       0x1a ./GPOutputDevice/GPOutputDevice.o
                0x000000000001f548                _ZNSaI7CommandED1Ev
                0x000000000001f548                _ZNSaI7CommandED2Ev
 .text._ZSt11__addressofI7CommandEPT_RS1_
                0x000000000001f562        0xe ./GPOutputDevice/GPOutputDevice.o
                0x000000000001f562                _ZSt11__addressofI7CommandEPT_RS1_
 .text._ZNSt10_List_baseI7CommandSaIS0_EE11_M_put_nodeEPSt10_List_nodeIS0_E
                0x000000000001f570       0x2a ./GPOutputDevice/GPOutputDevice.o
                0x000000000001f570                _ZNSt10_List_baseI7CommandSaIS0_EE11_M_put_nodeEPSt10_List_nodeIS0_E
 .text._ZNSt10_List_baseI7CommandSaIS0_EE11_M_get_nodeEv
                0x000000000001f59a       0x24 ./GPOutputDevice/GPOutputDevice.o
                0x000000000001f59a                _ZNSt10_List_baseI7CommandSaIS0_EE11_M_get_nodeEv
 .text._ZN9__gnu_cxx13new_allocatorI7CommandE9constructEPS1_RKS1_
                0x000000000001f5be       0x67 ./GPOutputDevice/GPOutputDevice.o
                0x000000000001f5be                _ZN9__gnu_cxx13new_allocatorI7CommandE9constructEPS1_RKS1_
 *fill*         0x000000000001f625        0x1 90909090
 .text._ZNSaISt10_List_nodeI5EventEEC2Ev
                0x000000000001f626       0x1a ./GPOutputDevice/GPOutputDevice.o
                0x000000000001f626                _ZNSaISt10_List_nodeI5EventEEC2Ev
                0x000000000001f626                _ZNSaISt10_List_nodeI5EventEEC1Ev
 .text._ZN9__gnu_cxx13new_allocatorISt10_List_nodeI5EventEED2Ev
                0x000000000001f640        0xa ./GPOutputDevice/GPOutputDevice.o
                0x000000000001f640                _ZN9__gnu_cxx13new_allocatorISt10_List_nodeI5EventEED1Ev
                0x000000000001f640                _ZN9__gnu_cxx13new_allocatorISt10_List_nodeI5EventEED2Ev
 .text._ZNSt10_List_baseIP6PinoutSaIS1_EE11_M_get_nodeEv
                0x000000000001f64a       0x24 ./GPOutputDevice/GPOutputDevice.o
                0x000000000001f64a                _ZNSt10_List_baseIP6PinoutSaIS1_EE11_M_get_nodeEv
 .text._ZN9__gnu_cxx13new_allocatorIP6PinoutE9constructEPS2_RKS2_
                0x000000000001f66e       0x36 ./GPOutputDevice/GPOutputDevice.o
                0x000000000001f66e                _ZN9__gnu_cxx13new_allocatorIP6PinoutE9constructEPS2_RKS2_
 .text._ZN9__gnu_cxx13new_allocatorISt10_List_nodeIP16CommandParameterEEC2Ev
                0x000000000001f6a4        0xa ./GPOutputDevice/GPOutputDevice.o
                0x000000000001f6a4                _ZN9__gnu_cxx13new_allocatorISt10_List_nodeIP16CommandParameterEEC2Ev
                0x000000000001f6a4                _ZN9__gnu_cxx13new_allocatorISt10_List_nodeIP16CommandParameterEEC1Ev
 .text._ZNKSt10_List_baseIP16CommandParameterSaIS1_EE21_M_get_Node_allocatorEv
                0x000000000001f6ae        0xe ./GPOutputDevice/GPOutputDevice.o
                0x000000000001f6ae                _ZNKSt10_List_baseIP16CommandParameterSaIS1_EE21_M_get_Node_allocatorEv
 .text._ZNSaIP16CommandParameterEC2ISt10_List_nodeIS0_EEERKSaIT_E
                0x000000000001f6bc       0x1e ./GPOutputDevice/GPOutputDevice.o
                0x000000000001f6bc                _ZNSaIP16CommandParameterEC2ISt10_List_nodeIS0_EEERKSaIT_E
                0x000000000001f6bc                _ZNSaIP16CommandParameterEC1ISt10_List_nodeIS0_EEERKSaIT_E
 .text._ZN9__gnu_cxx13new_allocatorIP16CommandParameterED2Ev
                0x000000000001f6da        0xa ./GPOutputDevice/GPOutputDevice.o
                0x000000000001f6da                _ZN9__gnu_cxx13new_allocatorIP16CommandParameterED1Ev
                0x000000000001f6da                _ZN9__gnu_cxx13new_allocatorIP16CommandParameterED2Ev
 .text._ZN9__gnu_cxx13new_allocatorISt10_List_nodeIP16CommandParameterEE10deallocateEPS4_m
                0x000000000001f6e4       0x22 ./GPOutputDevice/GPOutputDevice.o
                0x000000000001f6e4                _ZN9__gnu_cxx13new_allocatorISt10_List_nodeIP16CommandParameterEE10deallocateEPS4_m
 .text._ZN9__gnu_cxx13new_allocatorISt10_List_nodeIP16CommandParameterEE8allocateEmPKv
                0x000000000001f706       0x4b ./GPOutputDevice/GPOutputDevice.o
                0x000000000001f706                _ZN9__gnu_cxx13new_allocatorISt10_List_nodeIP16CommandParameterEE8allocateEmPKv
 *fill*         0x000000000001f751        0x1 90909090
 .text._ZNKSt10_List_baseIP6PinoutSaIS1_EE21_M_get_Node_allocatorEv
                0x000000000001f752        0xe ./GPOutputDevice/GPOutputDevice.o
                0x000000000001f752                _ZNKSt10_List_baseIP6PinoutSaIS1_EE21_M_get_Node_allocatorEv
 .text._ZNSaIP6PinoutEC2ISt10_List_nodeIS0_EEERKSaIT_E
                0x000000000001f760       0x1e ./GPOutputDevice/GPOutputDevice.o
                0x000000000001f760                _ZNSaIP6PinoutEC1ISt10_List_nodeIS0_EEERKSaIT_E
                0x000000000001f760                _ZNSaIP6PinoutEC2ISt10_List_nodeIS0_EEERKSaIT_E
 .text._ZN9__gnu_cxx13new_allocatorIP6PinoutED2Ev
                0x000000000001f77e        0xa ./GPOutputDevice/GPOutputDevice.o
                0x000000000001f77e                _ZN9__gnu_cxx13new_allocatorIP6PinoutED2Ev
                0x000000000001f77e                _ZN9__gnu_cxx13new_allocatorIP6PinoutED1Ev
 .text._ZN9__gnu_cxx13new_allocatorISt10_List_nodeIP6PinoutEE10deallocateEPS4_m
                0x000000000001f788       0x22 ./GPOutputDevice/GPOutputDevice.o
                0x000000000001f788                _ZN9__gnu_cxx13new_allocatorISt10_List_nodeIP6PinoutEE10deallocateEPS4_m
 .text._ZN9__gnu_cxx13new_allocatorISt10_List_nodeI7CommandEEC2Ev
                0x000000000001f7aa        0xa ./GPOutputDevice/GPOutputDevice.o
                0x000000000001f7aa                _ZN9__gnu_cxx13new_allocatorISt10_List_nodeI7CommandEEC1Ev
                0x000000000001f7aa                _ZN9__gnu_cxx13new_allocatorISt10_List_nodeI7CommandEEC2Ev
 .text._ZNKSt10_List_baseI7CommandSaIS0_EE21_M_get_Node_allocatorEv
                0x000000000001f7b4        0xe ./GPOutputDevice/GPOutputDevice.o
                0x000000000001f7b4                _ZNKSt10_List_baseI7CommandSaIS0_EE21_M_get_Node_allocatorEv
 .text._ZNSaI7CommandEC2ISt10_List_nodeIS_EEERKSaIT_E
                0x000000000001f7c2       0x1e ./GPOutputDevice/GPOutputDevice.o
                0x000000000001f7c2                _ZNSaI7CommandEC2ISt10_List_nodeIS_EEERKSaIT_E
                0x000000000001f7c2                _ZNSaI7CommandEC1ISt10_List_nodeIS_EEERKSaIT_E
 .text._ZN9__gnu_cxx13new_allocatorI7CommandED2Ev
                0x000000000001f7e0        0xa ./GPOutputDevice/GPOutputDevice.o
                0x000000000001f7e0                _ZN9__gnu_cxx13new_allocatorI7CommandED1Ev
                0x000000000001f7e0                _ZN9__gnu_cxx13new_allocatorI7CommandED2Ev
 .text._ZN9__gnu_cxx13new_allocatorISt10_List_nodeI7CommandEE10deallocateEPS3_m
                0x000000000001f7ea       0x22 ./GPOutputDevice/GPOutputDevice.o
                0x000000000001f7ea                _ZN9__gnu_cxx13new_allocatorISt10_List_nodeI7CommandEE10deallocateEPS3_m
 .text._ZN9__gnu_cxx13new_allocatorISt10_List_nodeI7CommandEE8allocateEmPKv
                0x000000000001f80c       0x4c ./GPOutputDevice/GPOutputDevice.o
                0x000000000001f80c                _ZN9__gnu_cxx13new_allocatorISt10_List_nodeI7CommandEE8allocateEmPKv
 .text._ZN9__gnu_cxx13new_allocatorISt10_List_nodeI5EventEEC2Ev
                0x000000000001f858        0xa ./GPOutputDevice/GPOutputDevice.o
                0x000000000001f858                _ZN9__gnu_cxx13new_allocatorISt10_List_nodeI5EventEEC1Ev
                0x000000000001f858                _ZN9__gnu_cxx13new_allocatorISt10_List_nodeI5EventEEC2Ev
 .text._ZN9__gnu_cxx13new_allocatorISt10_List_nodeIP6PinoutEE8allocateEmPKv
                0x000000000001f862       0x4b ./GPOutputDevice/GPOutputDevice.o
                0x000000000001f862                _ZN9__gnu_cxx13new_allocatorISt10_List_nodeIP6PinoutEE8allocateEmPKv
 *fill*         0x000000000001f8ad        0x1 90909090
 .text._ZN9__gnu_cxx13new_allocatorIP16CommandParameterEC2Ev
                0x000000000001f8ae        0xa ./GPOutputDevice/GPOutputDevice.o
                0x000000000001f8ae                _ZN9__gnu_cxx13new_allocatorIP16CommandParameterEC2Ev
                0x000000000001f8ae                _ZN9__gnu_cxx13new_allocatorIP16CommandParameterEC1Ev
 .text._ZNK9__gnu_cxx13new_allocatorISt10_List_nodeIP16CommandParameterEE8max_sizeEv
                0x000000000001f8b8       0x14 ./GPOutputDevice/GPOutputDevice.o
                0x000000000001f8b8                _ZNK9__gnu_cxx13new_allocatorISt10_List_nodeIP16CommandParameterEE8max_sizeEv
 .text._ZN9__gnu_cxx13new_allocatorIP6PinoutEC2Ev
                0x000000000001f8cc        0xa ./GPOutputDevice/GPOutputDevice.o
                0x000000000001f8cc                _ZN9__gnu_cxx13new_allocatorIP6PinoutEC1Ev
                0x000000000001f8cc                _ZN9__gnu_cxx13new_allocatorIP6PinoutEC2Ev
 .text._ZN9__gnu_cxx13new_allocatorI7CommandEC2Ev
                0x000000000001f8d6        0xa ./GPOutputDevice/GPOutputDevice.o
                0x000000000001f8d6                _ZN9__gnu_cxx13new_allocatorI7CommandEC2Ev
                0x000000000001f8d6                _ZN9__gnu_cxx13new_allocatorI7CommandEC1Ev
 .text._ZNK9__gnu_cxx13new_allocatorISt10_List_nodeI7CommandEE8max_sizeEv
                0x000000000001f8e0       0x14 ./GPOutputDevice/GPOutputDevice.o
                0x000000000001f8e0                _ZNK9__gnu_cxx13new_allocatorISt10_List_nodeI7CommandEE8max_sizeEv
 .text._ZNK9__gnu_cxx13new_allocatorISt10_List_nodeIP6PinoutEE8max_sizeEv
                0x000000000001f8f4       0x14 ./GPOutputDevice/GPOutputDevice.o
                0x000000000001f8f4                _ZNK9__gnu_cxx13new_allocatorISt10_List_nodeIP6PinoutEE8max_sizeEv
 .text          0x000000000001f908     0x13d1 ./GPInputDevice/GPIDevice.o
                0x000000000001f908                _ZN9GPIDeviceC2Ev
                0x000000000001f908                _ZN9GPIDeviceC1Ev
                0x00000000000202a8                _ZN9GPIDeviceD2Ev
                0x00000000000202a8                _ZN9GPIDeviceD1Ev
                0x0000000000020334                _ZN9GPIDeviceD0Ev
                0x000000000002035a                _ZN9GPIDevice17WidgetInitializedEv
                0x0000000000020478                _ZN9GPIDevice16ReleaseResourcesEv
                0x000000000002058a                _ZN9GPIDevice16CalculateOutputsEv
                0x00000000000205dc                _ZN9GPIDevice14EventTriggeredESt4listI14EventParameterSaIS1_EE
                0x0000000000020812                _ZN9GPIDevice14ExecuteCommandE7Command
                0x0000000000020978                _ZN9GPIDevice4TypeEv
                0x000000000002098a                _ZN9GPIDevice7VersionEv
                0x000000000002099c                _ZN9GPIDevice11DescriptionEv
                0x00000000000209ae                _ZN9GPIDevice9GroupNameEv
                0x00000000000209c0                _ZN9GPIDevice14CreateInstanceEv
                0x0000000000020a0c                _ZN9GPIDevice12GetParameterESs
                0x0000000000020c02                _ZN9GPIDevice12SetParameterESsPv
 *fill*         0x0000000000020cd9        0x1 90909090
 .text._ZN14EventParameterC2ERKS_
                0x0000000000020cda       0x3a ./GPInputDevice/GPIDevice.o
                0x0000000000020cda                _ZN14EventParameterC2ERKS_
                0x0000000000020cda                _ZN14EventParameterC1ERKS_
 .text._ZN14EventParameterC2EPKciS1_
                0x0000000000020d14       0x36 ./GPInputDevice/GPIDevice.o
                0x0000000000020d14                _ZN14EventParameterC1EPKciS1_
                0x0000000000020d14                _ZN14EventParameterC2EPKciS1_
 .text._ZN14EventParameterD2Ev
                0x0000000000020d4a        0xa ./GPInputDevice/GPIDevice.o
                0x0000000000020d4a                _ZN14EventParameterD1Ev
                0x0000000000020d4a                _ZN14EventParameterD2Ev
 .text._ZNSt4listI14EventParameterSaIS0_EED2Ev
                0x0000000000020d54       0x1a ./GPInputDevice/GPIDevice.o
                0x0000000000020d54                _ZNSt4listI14EventParameterSaIS0_EED2Ev
                0x0000000000020d54                _ZNSt4listI14EventParameterSaIS0_EED1Ev
 .text._ZNSt4listI14EventParameterSaIS0_EEC2Ev
                0x0000000000020d6e       0x1a ./GPInputDevice/GPIDevice.o
                0x0000000000020d6e                _ZNSt4listI14EventParameterSaIS0_EEC1Ev
                0x0000000000020d6e                _ZNSt4listI14EventParameterSaIS0_EEC2Ev
 .text._ZNSt10_List_baseI14EventParameterSaIS0_EE10_List_implD2Ev
                0x0000000000020d88       0x1a ./GPInputDevice/GPIDevice.o
                0x0000000000020d88                _ZNSt10_List_baseI14EventParameterSaIS0_EE10_List_implD1Ev
                0x0000000000020d88                _ZNSt10_List_baseI14EventParameterSaIS0_EE10_List_implD2Ev
 .text._ZNSt10_List_baseI14EventParameterSaIS0_EED2Ev
                0x0000000000020da2       0x46 ./GPInputDevice/GPIDevice.o
                0x0000000000020da2                _ZNSt10_List_baseI14EventParameterSaIS0_EED2Ev
                0x0000000000020da2                _ZNSt10_List_baseI14EventParameterSaIS0_EED1Ev
 .text._ZNSt4listI14EventParameterSaIS0_EE9push_backERKS0_
                0x0000000000020de8       0x34 ./GPInputDevice/GPIDevice.o
                0x0000000000020de8                _ZNSt4listI14EventParameterSaIS0_EE9push_backERKS0_
 .text._ZNSt4listI5EventSaIS0_EE9push_backERKS0_
                0x0000000000020e1c       0x34 ./GPInputDevice/GPIDevice.o
                0x0000000000020e1c                _ZNSt4listI5EventSaIS0_EE9push_backERKS0_
 .text._ZNSt14_List_iteratorI14EventParameterEC2Ev
                0x0000000000020e50       0x15 ./GPInputDevice/GPIDevice.o
                0x0000000000020e50                _ZNSt14_List_iteratorI14EventParameterEC2Ev
                0x0000000000020e50                _ZNSt14_List_iteratorI14EventParameterEC1Ev
 *fill*         0x0000000000020e65        0x1 90909090
 .text._ZNKSt4listI14EventParameterSaIS0_EE4sizeEv
                0x0000000000020e66       0x3a ./GPInputDevice/GPIDevice.o
                0x0000000000020e66                _ZNKSt4listI14EventParameterSaIS0_EE4sizeEv
 .text._ZNSt4listI14EventParameterSaIS0_EE5beginEv
                0x0000000000020ea0       0x28 ./GPInputDevice/GPIDevice.o
                0x0000000000020ea0                _ZNSt4listI14EventParameterSaIS0_EE5beginEv
 .text._ZNSt4listI14EventParameterSaIS0_EE3endEv
                0x0000000000020ec8       0x25 ./GPInputDevice/GPIDevice.o
                0x0000000000020ec8                _ZNSt4listI14EventParameterSaIS0_EE3endEv
 *fill*         0x0000000000020eed        0x1 90909090
 .text._ZNKSt14_List_iteratorI14EventParameterEneERKS1_
                0x0000000000020eee       0x22 ./GPInputDevice/GPIDevice.o
                0x0000000000020eee                _ZNKSt14_List_iteratorI14EventParameterEneERKS1_
 .text._ZNSt14_List_iteratorI14EventParameterEppEi
                0x0000000000020f10       0x2d ./GPInputDevice/GPIDevice.o
                0x0000000000020f10                _ZNSt14_List_iteratorI14EventParameterEppEi
 *fill*         0x0000000000020f3d        0x1 90909090
 .text._ZNKSt14_List_iteratorI14EventParameterEdeEv
                0x0000000000020f3e       0x15 ./GPInputDevice/GPIDevice.o
                0x0000000000020f3e                _ZNKSt14_List_iteratorI14EventParameterEdeEv
 *fill*         0x0000000000020f53        0x1 90909090
 .text._ZNSt10_List_baseI14EventParameterSaIS0_EEC2Ev
                0x0000000000020f54       0x48 ./GPInputDevice/GPIDevice.o
                0x0000000000020f54                _ZNSt10_List_baseI14EventParameterSaIS0_EEC1Ev
                0x0000000000020f54                _ZNSt10_List_baseI14EventParameterSaIS0_EEC2Ev
 .text._ZNSaISt10_List_nodeI14EventParameterEED2Ev
                0x0000000000020f9c       0x1a ./GPInputDevice/GPIDevice.o
                0x0000000000020f9c                _ZNSaISt10_List_nodeI14EventParameterEED2Ev
                0x0000000000020f9c                _ZNSaISt10_List_nodeI14EventParameterEED1Ev
 .text._ZNSt10_List_baseI14EventParameterSaIS0_EE8_M_clearEv
                0x0000000000020fb6       0xb3 ./GPInputDevice/GPIDevice.o
                0x0000000000020fb6                _ZNSt10_List_baseI14EventParameterSaIS0_EE8_M_clearEv
 *fill*         0x0000000000021069        0x1 90909090
 .text._ZNSt4listI14EventParameterSaIS0_EE9_M_insertESt14_List_iteratorIS0_ERKS0_
                0x000000000002106a       0x40 ./GPInputDevice/GPIDevice.o
                0x000000000002106a                _ZNSt4listI14EventParameterSaIS0_EE9_M_insertESt14_List_iteratorIS0_ERKS0_
 .text._ZNSt4listI5EventSaIS0_EE3endEv
                0x00000000000210aa       0x25 ./GPInputDevice/GPIDevice.o
                0x00000000000210aa                _ZNSt4listI5EventSaIS0_EE3endEv
 *fill*         0x00000000000210cf        0x1 90909090
 .text._ZNSt4listI5EventSaIS0_EE9_M_insertESt14_List_iteratorIS0_ERKS0_
                0x00000000000210d0       0x40 ./GPInputDevice/GPIDevice.o
                0x00000000000210d0                _ZNSt4listI5EventSaIS0_EE9_M_insertESt14_List_iteratorIS0_ERKS0_
 .text._ZNKSt4listI14EventParameterSaIS0_EE5beginEv
                0x0000000000021110       0x28 ./GPInputDevice/GPIDevice.o
                0x0000000000021110                _ZNKSt4listI14EventParameterSaIS0_EE5beginEv
 .text._ZNKSt4listI14EventParameterSaIS0_EE3endEv
                0x0000000000021138       0x25 ./GPInputDevice/GPIDevice.o
                0x0000000000021138                _ZNKSt4listI14EventParameterSaIS0_EE3endEv
 .text._ZSt8distanceISt20_List_const_iteratorI14EventParameterEENSt15iterator_traitsIT_E15difference_typeES4_S4_
                0x000000000002115d       0x3a ./GPInputDevice/GPIDevice.o
                0x000000000002115d                _ZSt8distanceISt20_List_const_iteratorI14EventParameterEENSt15iterator_traitsIT_E15difference_typeES4_S4_
 *fill*         0x0000000000021197        0x1 90909090
 .text._ZNSt14_List_iteratorI14EventParameterEC2EPNSt8__detail15_List_node_baseE
                0x0000000000021198       0x19 ./GPInputDevice/GPIDevice.o
                0x0000000000021198                _ZNSt14_List_iteratorI14EventParameterEC2EPNSt8__detail15_List_node_baseE
                0x0000000000021198                _ZNSt14_List_iteratorI14EventParameterEC1EPNSt8__detail15_List_node_baseE
 *fill*         0x00000000000211b1        0x1 90909090
 .text._ZNSt10_List_baseI14EventParameterSaIS0_EE10_List_implC2Ev
                0x00000000000211b2       0x31 ./GPInputDevice/GPIDevice.o
                0x00000000000211b2                _ZNSt10_List_baseI14EventParameterSaIS0_EE10_List_implC2Ev
                0x00000000000211b2                _ZNSt10_List_baseI14EventParameterSaIS0_EE10_List_implC1Ev
 *fill*         0x00000000000211e3        0x1 90909090
 .text._ZNSt10_List_baseI14EventParameterSaIS0_EE7_M_initEv
                0x00000000000211e4       0x21 ./GPInputDevice/GPIDevice.o
                0x00000000000211e4                _ZNSt10_List_baseI14EventParameterSaIS0_EE7_M_initEv
 *fill*         0x0000000000021205        0x1 90909090
 .text._ZN9__gnu_cxx13new_allocatorISt10_List_nodeI14EventParameterEED2Ev
                0x0000000000021206        0xa ./GPInputDevice/GPIDevice.o
                0x0000000000021206                _ZN9__gnu_cxx13new_allocatorISt10_List_nodeI14EventParameterEED1Ev
                0x0000000000021206                _ZN9__gnu_cxx13new_allocatorISt10_List_nodeI14EventParameterEED2Ev
 .text._ZNKSt10_List_baseI14EventParameterSaIS0_EE19_M_get_Tp_allocatorEv
                0x0000000000021210       0x34 ./GPInputDevice/GPIDevice.o
                0x0000000000021210                _ZNKSt10_List_baseI14EventParameterSaIS0_EE19_M_get_Tp_allocatorEv
 .text._ZNSaI14EventParameterED2Ev
                0x0000000000021244       0x1a ./GPInputDevice/GPIDevice.o
                0x0000000000021244                _ZNSaI14EventParameterED2Ev
                0x0000000000021244                _ZNSaI14EventParameterED1Ev
 .text._ZSt11__addressofI14EventParameterEPT_RS1_
                0x000000000002125e        0xe ./GPInputDevice/GPIDevice.o
                0x000000000002125e                _ZSt11__addressofI14EventParameterEPT_RS1_
 .text._ZN9__gnu_cxx13new_allocatorI14EventParameterE7destroyEPS1_
                0x000000000002126c       0x1e ./GPInputDevice/GPIDevice.o
                0x000000000002126c                _ZN9__gnu_cxx13new_allocatorI14EventParameterE7destroyEPS1_
 .text._ZNSt10_List_baseI14EventParameterSaIS0_EE11_M_put_nodeEPSt10_List_nodeIS0_E
                0x000000000002128a       0x2a ./GPInputDevice/GPIDevice.o
                0x000000000002128a                _ZNSt10_List_baseI14EventParameterSaIS0_EE11_M_put_nodeEPSt10_List_nodeIS0_E
 .text._ZNSt4listI14EventParameterSaIS0_EE14_M_create_nodeERKS0_
                0x00000000000212b4       0xb8 ./GPInputDevice/GPIDevice.o
                0x00000000000212b4                _ZNSt4listI14EventParameterSaIS0_EE14_M_create_nodeERKS0_
 .text._ZNSt14_List_iteratorI5EventEC2EPNSt8__detail15_List_node_baseE
                0x000000000002136c       0x19 ./GPInputDevice/GPIDevice.o
                0x000000000002136c                _ZNSt14_List_iteratorI5EventEC2EPNSt8__detail15_List_node_baseE
                0x000000000002136c                _ZNSt14_List_iteratorI5EventEC1EPNSt8__detail15_List_node_baseE
 *fill*         0x0000000000021385        0x1 90909090
 .text._ZNSt4listI5EventSaIS0_EE14_M_create_nodeERKS0_
                0x0000000000021386       0xb8 ./GPInputDevice/GPIDevice.o
                0x0000000000021386                _ZNSt4listI5EventSaIS0_EE14_M_create_nodeERKS0_
 .text._ZNSt20_List_const_iteratorI14EventParameterEC2EPKNSt8__detail15_List_node_baseE
                0x000000000002143e       0x19 ./GPInputDevice/GPIDevice.o
                0x000000000002143e                _ZNSt20_List_const_iteratorI14EventParameterEC1EPKNSt8__detail15_List_node_baseE
                0x000000000002143e                _ZNSt20_List_const_iteratorI14EventParameterEC2EPKNSt8__detail15_List_node_baseE
 .text._ZSt19__iterator_categoryISt20_List_const_iteratorI14EventParameterEENSt15iterator_traitsIT_E17iterator_categoryERKS4_
                0x0000000000021457        0xa ./GPInputDevice/GPIDevice.o
                0x0000000000021457                _ZSt19__iterator_categoryISt20_List_const_iteratorI14EventParameterEENSt15iterator_traitsIT_E17iterator_categoryERKS4_
 .text._ZSt10__distanceISt20_List_const_iteratorI14EventParameterEENSt15iterator_traitsIT_E15difference_typeES4_S4_St18input_iterator_tag
                0x0000000000021461       0x48 ./GPInputDevice/GPIDevice.o
                0x0000000000021461                _ZSt10__distanceISt20_List_const_iteratorI14EventParameterEENSt15iterator_traitsIT_E15difference_typeES4_S4_St18input_iterator_tag
 *fill*         0x00000000000214a9        0x1 90909090
 .text._ZNSaISt10_List_nodeI14EventParameterEEC2Ev
                0x00000000000214aa       0x1a ./GPInputDevice/GPIDevice.o
                0x00000000000214aa                _ZNSaISt10_List_nodeI14EventParameterEEC1Ev
                0x00000000000214aa                _ZNSaISt10_List_nodeI14EventParameterEEC2Ev
 .text._ZNKSt10_List_baseI14EventParameterSaIS0_EE21_M_get_Node_allocatorEv
                0x00000000000214c4        0xe ./GPInputDevice/GPIDevice.o
                0x00000000000214c4                _ZNKSt10_List_baseI14EventParameterSaIS0_EE21_M_get_Node_allocatorEv
 .text._ZNSaI14EventParameterEC2ISt10_List_nodeIS_EEERKSaIT_E
                0x00000000000214d2       0x1e ./GPInputDevice/GPIDevice.o
                0x00000000000214d2                _ZNSaI14EventParameterEC1ISt10_List_nodeIS_EEERKSaIT_E
                0x00000000000214d2                _ZNSaI14EventParameterEC2ISt10_List_nodeIS_EEERKSaIT_E
 .text._ZN9__gnu_cxx13new_allocatorI14EventParameterED2Ev
                0x00000000000214f0        0xa ./GPInputDevice/GPIDevice.o
                0x00000000000214f0                _ZN9__gnu_cxx13new_allocatorI14EventParameterED2Ev
                0x00000000000214f0                _ZN9__gnu_cxx13new_allocatorI14EventParameterED1Ev
 .text._ZN9__gnu_cxx13new_allocatorISt10_List_nodeI14EventParameterEE10deallocateEPS3_m
                0x00000000000214fa       0x22 ./GPInputDevice/GPIDevice.o
                0x00000000000214fa                _ZN9__gnu_cxx13new_allocatorISt10_List_nodeI14EventParameterEE10deallocateEPS3_m
 .text._ZNKSt10_List_baseI5EventSaIS0_EE19_M_get_Tp_allocatorEv
                0x000000000002151c       0x34 ./GPInputDevice/GPIDevice.o
                0x000000000002151c                _ZNKSt10_List_baseI5EventSaIS0_EE19_M_get_Tp_allocatorEv
 .text._ZNSaI5EventED2Ev
                0x0000000000021550       0x1a ./GPInputDevice/GPIDevice.o
                0x0000000000021550                _ZNSaI5EventED1Ev
                0x0000000000021550                _ZNSaI5EventED2Ev
 .text._ZSt11__addressofI5EventEPT_RS1_
                0x000000000002156a        0xe ./GPInputDevice/GPIDevice.o
                0x000000000002156a                _ZSt11__addressofI5EventEPT_RS1_
 .text._ZNSt10_List_baseI5EventSaIS0_EE11_M_put_nodeEPSt10_List_nodeIS0_E
                0x0000000000021578       0x2a ./GPInputDevice/GPIDevice.o
                0x0000000000021578                _ZNSt10_List_baseI5EventSaIS0_EE11_M_put_nodeEPSt10_List_nodeIS0_E
 .text._ZNSt10_List_baseI14EventParameterSaIS0_EE11_M_get_nodeEv
                0x00000000000215a2       0x24 ./GPInputDevice/GPIDevice.o
                0x00000000000215a2                _ZNSt10_List_baseI14EventParameterSaIS0_EE11_M_get_nodeEv
 .text._ZN9__gnu_cxx13new_allocatorI14EventParameterE9constructEPS1_RKS1_
                0x00000000000215c6       0x3b ./GPInputDevice/GPIDevice.o
                0x00000000000215c6                _ZN9__gnu_cxx13new_allocatorI14EventParameterE9constructEPS1_RKS1_
 *fill*         0x0000000000021601        0x1 90909090
 .text._ZNSt10_List_baseI5EventSaIS0_EE11_M_get_nodeEv
                0x0000000000021602       0x24 ./GPInputDevice/GPIDevice.o
                0x0000000000021602                _ZNSt10_List_baseI5EventSaIS0_EE11_M_get_nodeEv
 .text._ZN9__gnu_cxx13new_allocatorI5EventE9constructEPS1_RKS1_
                0x0000000000021626       0x67 ./GPInputDevice/GPIDevice.o
                0x0000000000021626                _ZN9__gnu_cxx13new_allocatorI5EventE9constructEPS1_RKS1_
 *fill*         0x000000000002168d        0x1 90909090
 .text._ZNKSt20_List_const_iteratorI14EventParameterEneERKS1_
                0x000000000002168e       0x22 ./GPInputDevice/GPIDevice.o
                0x000000000002168e                _ZNKSt20_List_const_iteratorI14EventParameterEneERKS1_
 .text._ZNSt20_List_const_iteratorI14EventParameterEppEv
                0x00000000000216b0       0x1f ./GPInputDevice/GPIDevice.o
                0x00000000000216b0                _ZNSt20_List_const_iteratorI14EventParameterEppEv
 *fill*         0x00000000000216cf        0x1 90909090
 .text._ZN9__gnu_cxx13new_allocatorISt10_List_nodeI14EventParameterEEC2Ev
                0x00000000000216d0        0xa ./GPInputDevice/GPIDevice.o
                0x00000000000216d0                _ZN9__gnu_cxx13new_allocatorISt10_List_nodeI14EventParameterEEC2Ev
                0x00000000000216d0                _ZN9__gnu_cxx13new_allocatorISt10_List_nodeI14EventParameterEEC1Ev
 .text._ZN9__gnu_cxx13new_allocatorI14EventParameterEC2Ev
                0x00000000000216da        0xa ./GPInputDevice/GPIDevice.o
                0x00000000000216da                _ZN9__gnu_cxx13new_allocatorI14EventParameterEC1Ev
                0x00000000000216da                _ZN9__gnu_cxx13new_allocatorI14EventParameterEC2Ev
 .text._ZNKSt10_List_baseI5EventSaIS0_EE21_M_get_Node_allocatorEv
                0x00000000000216e4        0xe ./GPInputDevice/GPIDevice.o
                0x00000000000216e4                _ZNKSt10_List_baseI5EventSaIS0_EE21_M_get_Node_allocatorEv
 .text._ZNSaI5EventEC2ISt10_List_nodeIS_EEERKSaIT_E
                0x00000000000216f2       0x1e ./GPInputDevice/GPIDevice.o
                0x00000000000216f2                _ZNSaI5EventEC1ISt10_List_nodeIS_EEERKSaIT_E
                0x00000000000216f2                _ZNSaI5EventEC2ISt10_List_nodeIS_EEERKSaIT_E
 .text._ZN9__gnu_cxx13new_allocatorI5EventED2Ev
                0x0000000000021710        0xa ./GPInputDevice/GPIDevice.o
                0x0000000000021710                _ZN9__gnu_cxx13new_allocatorI5EventED1Ev
                0x0000000000021710                _ZN9__gnu_cxx13new_allocatorI5EventED2Ev
 .text._ZN9__gnu_cxx13new_allocatorISt10_List_nodeI5EventEE10deallocateEPS3_m
                0x000000000002171a       0x22 ./GPInputDevice/GPIDevice.o
                0x000000000002171a                _ZN9__gnu_cxx13new_allocatorISt10_List_nodeI5EventEE10deallocateEPS3_m
 .text._ZN9__gnu_cxx13new_allocatorISt10_List_nodeI14EventParameterEE8allocateEmPKv
                0x000000000002173c       0x4c ./GPInputDevice/GPIDevice.o
                0x000000000002173c                _ZN9__gnu_cxx13new_allocatorISt10_List_nodeI14EventParameterEE8allocateEmPKv
 .text._ZN9__gnu_cxx13new_allocatorISt10_List_nodeI5EventEE8allocateEmPKv
                0x0000000000021788       0x4c ./GPInputDevice/GPIDevice.o
                0x0000000000021788                _ZN9__gnu_cxx13new_allocatorISt10_List_nodeI5EventEE8allocateEmPKv
 .text._ZN9__gnu_cxx13new_allocatorI5EventEC2Ev
                0x00000000000217d4        0xa ./GPInputDevice/GPIDevice.o
                0x00000000000217d4                _ZN9__gnu_cxx13new_allocatorI5EventEC2Ev
                0x00000000000217d4                _ZN9__gnu_cxx13new_allocatorI5EventEC1Ev
 .text._ZNK9__gnu_cxx13new_allocatorISt10_List_nodeI14EventParameterEE8max_sizeEv
                0x00000000000217de       0x14 ./GPInputDevice/GPIDevice.o
                0x00000000000217de                _ZNK9__gnu_cxx13new_allocatorISt10_List_nodeI14EventParameterEE8max_sizeEv
 .text._ZNK9__gnu_cxx13new_allocatorISt10_List_nodeI5EventEE8max_sizeEv
                0x00000000000217f2       0x14 ./GPInputDevice/GPIDevice.o
                0x00000000000217f2                _ZNK9__gnu_cxx13new_allocatorISt10_List_nodeI5EventEE8max_sizeEv
 *fill*         0x0000000000021806        0x2 90909090
 .text          0x0000000000021808      0x5e0 ./EntryPoint.o
                0x0000000000021808                CreateDevices
 .text._ZNSt4listIP10BaseDeviceSaIS1_EED2Ev
                0x0000000000021de8       0x1a ./EntryPoint.o
                0x0000000000021de8                _ZNSt4listIP10BaseDeviceSaIS1_EED2Ev
                0x0000000000021de8                _ZNSt4listIP10BaseDeviceSaIS1_EED1Ev
 .text._ZNSt4listIP10BaseDeviceSaIS1_EEC2Ev
                0x0000000000021e02       0x1a ./EntryPoint.o
                0x0000000000021e02                _ZNSt4listIP10BaseDeviceSaIS1_EEC2Ev
                0x0000000000021e02                _ZNSt4listIP10BaseDeviceSaIS1_EEC1Ev
 .text._ZNSt10_List_baseIP10BaseDeviceSaIS1_EE10_List_implD2Ev
                0x0000000000021e1c       0x1a ./EntryPoint.o
                0x0000000000021e1c                _ZNSt10_List_baseIP10BaseDeviceSaIS1_EE10_List_implD1Ev
                0x0000000000021e1c                _ZNSt10_List_baseIP10BaseDeviceSaIS1_EE10_List_implD2Ev
 .text._ZNSt10_List_baseIP10BaseDeviceSaIS1_EED2Ev
                0x0000000000021e36       0x46 ./EntryPoint.o
                0x0000000000021e36                _ZNSt10_List_baseIP10BaseDeviceSaIS1_EED2Ev
                0x0000000000021e36                _ZNSt10_List_baseIP10BaseDeviceSaIS1_EED1Ev
 .text._ZNSt4listIP10BaseDeviceSaIS1_EE9push_backERKS1_
                0x0000000000021e7c       0x34 ./EntryPoint.o
                0x0000000000021e7c                _ZNSt4listIP10BaseDeviceSaIS1_EE9push_backERKS1_
 .text._ZNSt10_List_baseIP10BaseDeviceSaIS1_EEC2Ev
                0x0000000000021eb0       0x48 ./EntryPoint.o
                0x0000000000021eb0                _ZNSt10_List_baseIP10BaseDeviceSaIS1_EEC1Ev
                0x0000000000021eb0                _ZNSt10_List_baseIP10BaseDeviceSaIS1_EEC2Ev
 .text._ZNSaISt10_List_nodeIP10BaseDeviceEED2Ev
                0x0000000000021ef8       0x1a ./EntryPoint.o
                0x0000000000021ef8                _ZNSaISt10_List_nodeIP10BaseDeviceEED2Ev
                0x0000000000021ef8                _ZNSaISt10_List_nodeIP10BaseDeviceEED1Ev
 .text._ZNSt10_List_baseIP10BaseDeviceSaIS1_EE8_M_clearEv
                0x0000000000021f12       0xb3 ./EntryPoint.o
                0x0000000000021f12                _ZNSt10_List_baseIP10BaseDeviceSaIS1_EE8_M_clearEv
 *fill*         0x0000000000021fc5        0x1 90909090
 .text._ZNSt4listIP10BaseDeviceSaIS1_EE3endEv
                0x0000000000021fc6       0x25 ./EntryPoint.o
                0x0000000000021fc6                _ZNSt4listIP10BaseDeviceSaIS1_EE3endEv
 *fill*         0x0000000000021feb        0x1 90909090
 .text._ZNSt4listIP10BaseDeviceSaIS1_EE9_M_insertESt14_List_iteratorIS1_ERKS1_
                0x0000000000021fec       0x40 ./EntryPoint.o
                0x0000000000021fec                _ZNSt4listIP10BaseDeviceSaIS1_EE9_M_insertESt14_List_iteratorIS1_ERKS1_
 .text._ZNKSt10_List_baseIP10BaseDeviceSaIS1_EE21_M_get_Node_allocatorEv
                0x000000000002202c        0xe ./EntryPoint.o
                0x000000000002202c                _ZNKSt10_List_baseIP10BaseDeviceSaIS1_EE21_M_get_Node_allocatorEv
 .text._ZNSaIP10BaseDeviceEC2ISt10_List_nodeIS0_EEERKSaIT_E
                0x000000000002203a       0x1e ./EntryPoint.o
                0x000000000002203a                _ZNSaIP10BaseDeviceEC1ISt10_List_nodeIS0_EEERKSaIT_E
                0x000000000002203a                _ZNSaIP10BaseDeviceEC2ISt10_List_nodeIS0_EEERKSaIT_E
 .text._ZNSaIP10BaseDeviceED2Ev
                0x0000000000022058       0x1a ./EntryPoint.o
                0x0000000000022058                _ZNSaIP10BaseDeviceED2Ev
                0x0000000000022058                _ZNSaIP10BaseDeviceED1Ev
 .text._ZNSt10_List_baseIP10BaseDeviceSaIS1_EE10_List_implC2Ev
                0x0000000000022072       0x31 ./EntryPoint.o
                0x0000000000022072                _ZNSt10_List_baseIP10BaseDeviceSaIS1_EE10_List_implC2Ev
                0x0000000000022072                _ZNSt10_List_baseIP10BaseDeviceSaIS1_EE10_List_implC1Ev
 *fill*         0x00000000000220a3        0x1 90909090
 .text._ZNSt10_List_baseIP10BaseDeviceSaIS1_EE7_M_initEv
                0x00000000000220a4       0x21 ./EntryPoint.o
                0x00000000000220a4                _ZNSt10_List_baseIP10BaseDeviceSaIS1_EE7_M_initEv
 *fill*         0x00000000000220c5        0x1 90909090
 .text._ZN9__gnu_cxx13new_allocatorISt10_List_nodeIP10BaseDeviceEED2Ev
                0x00000000000220c6        0xa ./EntryPoint.o
                0x00000000000220c6                _ZN9__gnu_cxx13new_allocatorISt10_List_nodeIP10BaseDeviceEED2Ev