
Discarded input sections

 .note.GNU-stack
                0x00000000        0x0 /usr/lib/gcc/arm-linux-gnueabihf/4.6/../../../arm-linux-gnueabihf/crti.o
 .gnu_debuglink
                0x00000000        0xc /usr/lib/gcc/arm-linux-gnueabihf/4.6/../../../arm-linux-gnueabihf/crti.o
 .note.GNU-stack
                0x00000000        0x0 /usr/lib/gcc/arm-linux-gnueabihf/4.6/crtbeginS.o
 .group         0x00000000       0x10 ./TimerDevice/TimerDevice.o
 .note.GNU-stack
                0x00000000        0x0 ./TimerDevice/TimerDevice.o
 .group         0x00000000       0x10 ./ScreenButton/ScreenButton.o
 .text._ZN15DeviceParameterD2Ev
                0x00000000      0x1e4 ./ScreenButton/ScreenButton.o
 .ARM.extab.text._ZN15DeviceParameterD2Ev
                0x00000000        0x0 ./ScreenButton/ScreenButton.o
 .ARM.exidx.text._ZN15DeviceParameterD2Ev
                0x00000000        0x8 ./ScreenButton/ScreenButton.o
 .note.GNU-stack
                0x00000000        0x0 ./ScreenButton/ScreenButton.o
 .group         0x00000000       0x10 ./Logical/AdnWidget.o
 .text._ZN15DeviceParameterD2Ev
                0x00000000      0x1e4 ./Logical/AdnWidget.o
 .ARM.extab.text._ZN15DeviceParameterD2Ev
                0x00000000        0x0 ./Logical/AdnWidget.o
 .ARM.exidx.text._ZN15DeviceParameterD2Ev
                0x00000000        0x8 ./Logical/AdnWidget.o
 .note.GNU-stack
                0x00000000        0x0 ./Logical/AdnWidget.o
 .group         0x00000000       0x10 ./Logical/ComparatorWidget.o
 .text._ZN15DeviceParameterD2Ev
                0x00000000      0x1e4 ./Logical/ComparatorWidget.o
 .ARM.extab.text._ZN15DeviceParameterD2Ev
                0x00000000        0x0 ./Logical/ComparatorWidget.o
 .ARM.exidx.text._ZN15DeviceParameterD2Ev
                0x00000000        0x8 ./Logical/ComparatorWidget.o
 .note.GNU-stack
                0x00000000        0x0 ./Logical/ComparatorWidget.o
 .group         0x00000000       0x10 ./Logical/ConstantWidget.o
 .text._ZN15DeviceParameterD2Ev
                0x00000000      0x1e4 ./Logical/ConstantWidget.o
 .ARM.extab.text._ZN15DeviceParameterD2Ev
                0x00000000        0x0 ./Logical/ConstantWidget.o
 .ARM.exidx.text._ZN15DeviceParameterD2Ev
                0x00000000        0x8 ./Logical/ConstantWidget.o
 .note.GNU-stack
                0x00000000        0x0 ./Logical/ConstantWidget.o
 .group         0x00000000       0x10 ./Logical/CounterDevice.o
 .text._ZN15DeviceParameterD2Ev
                0x00000000      0x1e4 ./Logical/CounterDevice.o
 .ARM.extab.text._ZN15DeviceParameterD2Ev
                0x00000000        0x0 ./Logical/CounterDevice.o
 .ARM.exidx.text._ZN15DeviceParameterD2Ev
                0x00000000        0x8 ./Logical/CounterDevice.o
 .note.GNU-stack
                0x00000000        0x0 ./Logical/CounterDevice.o
 .group         0x00000000       0x10 ./Logical/InverseDevice.o
 .text._ZN15DeviceParameterD2Ev
                0x00000000      0x1e4 ./Logical/InverseDevice.o
 .ARM.extab.text._ZN15DeviceParameterD2Ev
                0x00000000        0x0 ./Logical/InverseDevice.o
 .ARM.exidx.text._ZN15DeviceParameterD2Ev
                0x00000000        0x8 ./Logical/InverseDevice.o
 .note.GNU-stack
                0x00000000        0x0 ./Logical/InverseDevice.o
 .group         0x00000000       0x10 ./Logical/OrDevice.o
 .text._ZN15DeviceParameterD2Ev
                0x00000000      0x1e4 ./Logical/OrDevice.o
 .ARM.extab.text._ZN15DeviceParameterD2Ev
                0x00000000        0x0 ./Logical/OrDevice.o
 .ARM.exidx.text._ZN15DeviceParameterD2Ev
                0x00000000        0x8 ./Logical/OrDevice.o
 .note.GNU-stack
                0x00000000        0x0 ./Logical/OrDevice.o
 .note.GNU-stack
                0x00000000        0x0 ./Logical/RSTriggerDevice.o
 .note.GNU-stack
                0x00000000        0x0 ./Logical/SwitchBlock.o
 .note.GNU-stack
                0x00000000        0x0 ./Logical/XorDevice.o
 .group         0x00000000       0x10 ./GPOutputDevice/GPOutputDevice.o
 .text._ZN15DeviceParameterD2Ev
                0x00000000      0x1e4 ./GPOutputDevice/GPOutputDevice.o
 .ARM.extab.text._ZN15DeviceParameterD2Ev
                0x00000000        0x0 ./GPOutputDevice/GPOutputDevice.o
 .ARM.exidx.text._ZN15DeviceParameterD2Ev
                0x00000000        0x8 ./GPOutputDevice/GPOutputDevice.o
 .note.GNU-stack
                0x00000000        0x0 ./GPOutputDevice/GPOutputDevice.o
 .group         0x00000000       0x10 ./GPInputDevice/GPIDevice.o
 .text._ZN15DeviceParameterD2Ev
                0x00000000      0x1e4 ./GPInputDevice/GPIDevice.o
 .ARM.extab.text._ZN15DeviceParameterD2Ev
                0x00000000        0x0 ./GPInputDevice/GPIDevice.o
 .ARM.exidx.text._ZN15DeviceParameterD2Ev
                0x00000000        0x8 ./GPInputDevice/GPIDevice.o
 .note.GNU-stack
                0x00000000        0x0 ./GPInputDevice/GPIDevice.o
 .note.GNU-stack
                0x00000000        0x0 ./EntryPoint.o
 .group         0x00000000       0x10 ./DelayTimer/DelayTimer.o
 .text._ZN15DeviceParameterD2Ev
                0x00000000      0x1e4 ./DelayTimer/DelayTimer.o
 .ARM.extab.text._ZN15DeviceParameterD2Ev
                0x00000000        0x0 ./DelayTimer/DelayTimer.o
 .ARM.exidx.text._ZN15DeviceParameterD2Ev
                0x00000000        0x8 ./DelayTimer/DelayTimer.o
 .note.GNU-stack
                0x00000000        0x0 ./DelayTimer/DelayTimer.o
 .group         0x00000000       0x10 ./ButtonDevice/ButtonDevice.o
 .text._ZN15DeviceParameterD2Ev
                0x00000000      0x1e4 ./ButtonDevice/ButtonDevice.o
 .ARM.extab.text._ZN15DeviceParameterD2Ev
                0x00000000        0x0 ./ButtonDevice/ButtonDevice.o
 .ARM.exidx.text._ZN15DeviceParameterD2Ev
                0x00000000        0x8 ./ButtonDevice/ButtonDevice.o
 .note.GNU-stack
                0x00000000        0x0 ./ButtonDevice/ButtonDevice.o
 .group         0x00000000       0x10 ./ADCDevice/ADCDevice.o
 .text._ZN15DeviceParameterD2Ev
                0x00000000      0x1e4 ./ADCDevice/ADCDevice.o
 .ARM.extab.text._ZN15DeviceParameterD2Ev
                0x00000000        0x0 ./ADCDevice/ADCDevice.o
 .ARM.exidx.text._ZN15DeviceParameterD2Ev
                0x00000000        0x8 ./ADCDevice/ADCDevice.o
 .note.GNU-stack
                0x00000000        0x0 ./ADCDevice/ADCDevice.o
 .group         0x00000000       0x10 ./CosmDevice/CosmDevice.o
 .group         0x00000000       0x10 ./CosmDevice/CosmDevice.o
 .text._ZN15DeviceParameterD2Ev
                0x00000000      0x1e4 ./CosmDevice/CosmDevice.o
 .ARM.extab.text._ZN15DeviceParameterD2Ev
                0x00000000        0x0 ./CosmDevice/CosmDevice.o
 .ARM.exidx.text._ZN15DeviceParameterD2Ev
                0x00000000        0x8 ./CosmDevice/CosmDevice.o
 .note.GNU-stack
                0x00000000        0x0 ./CosmDevice/CosmDevice.o
 .note.GNU-stack
                0x00000000        0x0 /usr/lib/gcc/arm-linux-gnueabihf/4.6/crtendS.o
 .note.GNU-stack
                0x00000000        0x0 /usr/lib/gcc/arm-linux-gnueabihf/4.6/../../../arm-linux-gnueabihf/crtn.o
 .gnu_debuglink
                0x00000000        0xc /usr/lib/gcc/arm-linux-gnueabihf/4.6/../../../arm-linux-gnueabihf/crtn.o

Memory Configuration

Name             Origin             Length             Attributes
*default*        0x00000000         0xffffffff

Linker script and memory map

LOAD /usr/lib/gcc/arm-linux-gnueabihf/4.6/../../../arm-linux-gnueabihf/crti.o
LOAD /usr/lib/gcc/arm-linux-gnueabihf/4.6/crtbeginS.o
LOAD ./TimerDevice/TimerDevice.o
LOAD ./ScreenButton/ScreenButton.o
LOAD ./Logical/AdnWidget.o
LOAD ./Logical/ComparatorWidget.o
LOAD ./Logical/ConstantWidget.o
LOAD ./Logical/CounterDevice.o
LOAD ./Logical/InverseDevice.o
LOAD ./Logical/OrDevice.o
LOAD ./Logical/RSTriggerDevice.o
LOAD ./Logical/SwitchBlock.o
LOAD ./Logical/XorDevice.o
LOAD ./GPOutputDevice/GPOutputDevice.o
LOAD ./GPInputDevice/GPIDevice.o
LOAD ./EntryPoint.o
LOAD ./DelayTimer/DelayTimer.o
LOAD ./ButtonDevice/ButtonDevice.o
LOAD ./ADCDevice/ADCDevice.o
LOAD ./CosmDevice/CosmDevice.o
LOAD ../../Common/Debug/libCommon.so
LOAD /usr/lib/gcc/arm-linux-gnueabihf/4.6/libstdc++.so
LOAD /usr/lib/gcc/arm-linux-gnueabihf/4.6/../../../arm-linux-gnueabihf/libm.so
LOAD /usr/lib/gcc/arm-linux-gnueabihf/4.6/libgcc_s.so
START GROUP
LOAD /usr/lib/gcc/arm-linux-gnueabihf/4.6/libgcc_s.so.1
LOAD /usr/lib/gcc/arm-linux-gnueabihf/4.6/libgcc.a
END GROUP
LOAD /usr/lib/gcc/arm-linux-gnueabihf/4.6/../../../arm-linux-gnueabihf/libc.so
START GROUP
LOAD /lib/arm-linux-gnueabihf/libc.so.6
LOAD /usr/lib/arm-linux-gnueabihf/libc_nonshared.a
LOAD /lib/arm-linux-gnueabihf/ld-linux-armhf.so.3
END GROUP
LOAD /usr/lib/gcc/arm-linux-gnueabihf/4.6/libgcc_s.so
START GROUP
LOAD /usr/lib/gcc/arm-linux-gnueabihf/4.6/libgcc_s.so.1
LOAD /usr/lib/gcc/arm-linux-gnueabihf/4.6/libgcc.a
END GROUP
LOAD /usr/lib/gcc/arm-linux-gnueabihf/4.6/crtendS.o
LOAD /usr/lib/gcc/arm-linux-gnueabihf/4.6/../../../arm-linux-gnueabihf/crtn.o
                0x000000f4                . = (0x0 + SIZEOF_HEADERS)

.note.gnu.build-id
                0x000000f4       0x24
 *(.note.gnu.build-id)
 .note.gnu.build-id
                0x000000f4       0x24 linker stubs

.hash           0x00000118      0xa68
 *(.hash)
 .hash          0x00000118      0xa68 /usr/lib/gcc/arm-linux-gnueabihf/4.6/../../../arm-linux-gnueabihf/crti.o

.gnu.hash       0x00000b80      0x9e8
 *(.gnu.hash)
 .gnu.hash      0x00000b80      0x9e8 /usr/lib/gcc/arm-linux-gnueabihf/4.6/../../../arm-linux-gnueabihf/crti.o

.dynsym         0x00001568     0x1910
 *(.dynsym)
 .dynsym        0x00001568     0x1910 /usr/lib/gcc/arm-linux-gnueabihf/4.6/../../../arm-linux-gnueabihf/crti.o

.dynstr         0x00002e78     0x2a26
 *(.dynstr)
 .dynstr        0x00002e78     0x2a26 /usr/lib/gcc/arm-linux-gnueabihf/4.6/../../../arm-linux-gnueabihf/crti.o

.gnu.version    0x0000589e      0x322
 *(.gnu.version)
 .gnu.version   0x0000589e      0x322 /usr/lib/gcc/arm-linux-gnueabihf/4.6/../../../arm-linux-gnueabihf/crti.o

.gnu.version_d  0x00005bc0        0x0
 *(.gnu.version_d)
 .gnu.version_d
                0x00000000        0x0 /usr/lib/gcc/arm-linux-gnueabihf/4.6/../../../arm-linux-gnueabihf/crti.o

.gnu.version_r  0x00005bc0       0x90
 *(.gnu.version_r)
 .gnu.version_r
                0x00005bc0       0x90 /usr/lib/gcc/arm-linux-gnueabihf/4.6/../../../arm-linux-gnueabihf/crti.o

.rel.dyn        0x00005c50      0xfe8
 *(.rel.init)
 *(.rel.text .rel.text.* .rel.gnu.linkonce.t.*)
 .rel.text      0x00000000        0x0 /usr/lib/gcc/arm-linux-gnueabihf/4.6/../../../arm-linux-gnueabihf/crti.o
 *(.rel.fini)
 *(.rel.rodata .rel.rodata.* .rel.gnu.linkonce.r.*)
 *(.rel.data.rel.ro* .rel.gnu.linkonce.d.rel.ro.*)
 .rel.data.rel.ro
                0x00005c50      0xe58 /usr/lib/gcc/arm-linux-gnueabihf/4.6/../../../arm-linux-gnueabihf/crti.o
 *(.rel.data .rel.data.* .rel.gnu.linkonce.d.*)
 .rel.data.rel  0x00006aa8        0x8 /usr/lib/gcc/arm-linux-gnueabihf/4.6/../../../arm-linux-gnueabihf/crti.o
 *(.rel.tdata .rel.tdata.* .rel.gnu.linkonce.td.*)
 *(.rel.tbss .rel.tbss.* .rel.gnu.linkonce.tb.*)
 *(.rel.ctors)
 *(.rel.dtors)
 *(.rel.got)
 .rel.got       0x00006ab0       0xe8 /usr/lib/gcc/arm-linux-gnueabihf/4.6/../../../arm-linux-gnueabihf/crti.o
 *(.rel.bss .rel.bss.* .rel.gnu.linkonce.b.*)
 *(.rel.iplt)
 .rel.iplt      0x00000000        0x0 /usr/lib/gcc/arm-linux-gnueabihf/4.6/../../../arm-linux-gnueabihf/crti.o
 .rel.init_array
                0x00006b98       0x98 /usr/lib/gcc/arm-linux-gnueabihf/4.6/../../../arm-linux-gnueabihf/crti.o
 .rel.fini_array
                0x00006c30        0x8 /usr/lib/gcc/arm-linux-gnueabihf/4.6/../../../arm-linux-gnueabihf/crti.o

.rela.dyn
 *(.rela.init)
 *(.rela.text .rela.text.* .rela.gnu.linkonce.t.*)
 *(.rela.fini)
 *(.rela.rodata .rela.rodata.* .rela.gnu.linkonce.r.*)
 *(.rela.data .rela.data.* .rela.gnu.linkonce.d.*)
 *(.rela.tdata .rela.tdata.* .rela.gnu.linkonce.td.*)
 *(.rela.tbss .rela.tbss.* .rela.gnu.linkonce.tb.*)
 *(.rela.ctors)
 *(.rela.dtors)
 *(.rela.got)
 *(.rela.bss .rela.bss.* .rela.gnu.linkonce.b.*)
 *(.rela.iplt)

.rel.plt        0x00006c38      0x390
 *(.rel.plt)
 .rel.plt       0x00006c38      0x390 /usr/lib/gcc/arm-linux-gnueabihf/4.6/../../../arm-linux-gnueabihf/crti.o

.rela.plt
 *(.rela.plt)

.init           0x00006fc8        0xc
 *(.init)
 .init          0x00006fc8        0x8 /usr/lib/gcc/arm-linux-gnueabihf/4.6/../../../arm-linux-gnueabihf/crti.o
                0x00006fc8                _init
 .init          0x00006fd0        0x4 /usr/lib/gcc/arm-linux-gnueabihf/4.6/../../../arm-linux-gnueabihf/crtn.o

.plt            0x00006fd4      0x56c
 *(.plt)
 .plt           0x00006fd4      0x56c /usr/lib/gcc/arm-linux-gnueabihf/4.6/../../../arm-linux-gnueabihf/crti.o

.iplt           0x00007540        0x0
 *(.iplt)
 .iplt          0x00000000        0x0 /usr/lib/gcc/arm-linux-gnueabihf/4.6/../../../arm-linux-gnueabihf/crti.o

.text           0x00007540    0x17c04
 *(.text.unlikely .text.*_unlikely)
 *(.text.exit .text.exit.*)
 *(.text.startup .text.startup.*)
 .text.startup  0x00007540       0x48 ./TimerDevice/TimerDevice.o
 .text.startup  0x00007588       0x48 ./ScreenButton/ScreenButton.o
 .text.startup  0x000075d0       0x48 ./Logical/AdnWidget.o
 .text.startup  0x00007618       0x48 ./Logical/ComparatorWidget.o
 .text.startup  0x00007660       0x48 ./Logical/ConstantWidget.o
 .text.startup  0x000076a8       0x48 ./Logical/CounterDevice.o
 .text.startup  0x000076f0       0x48 ./Logical/InverseDevice.o
 .text.startup  0x00007738       0x48 ./Logical/OrDevice.o
 .text.startup  0x00007780       0x48 ./Logical/RSTriggerDevice.o
 .text.startup  0x000077c8       0x48 ./Logical/SwitchBlock.o
 .text.startup  0x00007810       0x48 ./Logical/XorDevice.o
 .text.startup  0x00007858       0x48 ./GPOutputDevice/GPOutputDevice.o
 .text.startup  0x000078a0       0x48 ./GPInputDevice/GPIDevice.o
 .text.startup  0x000078e8       0x48 ./EntryPoint.o
 .text.startup  0x00007930       0x48 ./DelayTimer/DelayTimer.o
 .text.startup  0x00007978       0x48 ./ButtonDevice/ButtonDevice.o
 .text.startup  0x000079c0       0x48 ./ADCDevice/ADCDevice.o
 .text.startup  0x00007a08       0x48 ./CosmDevice/CosmDevice.o
 *(.text.hot .text.hot.*)
 *(.text .stub .text.* .gnu.linkonce.t.*)
 .text          0x00007a50       0x24 /usr/lib/gcc/arm-linux-gnueabihf/4.6/../../../arm-linux-gnueabihf/crti.o
 .text          0x00007a74       0xa8 /usr/lib/gcc/arm-linux-gnueabihf/4.6/crtbeginS.o
 .text          0x00007b1c     0x16fc ./TimerDevice/TimerDevice.o
                0x00007b1c                _ZN11TimerDevice4TypeEv
                0x00007b2c                _ZN11TimerDevice7VersionEv
                0x00007b3c                _ZN11TimerDevice11DescriptionEv
                0x00007b4c                _ZN11TimerDevice9GroupNameEv
                0x00007b5c                _ZN11TimerDevice24InitializeFromDescriptorESt4listI8PropertySaIS1_EE
                0x00007bb4                _Z14TimerThreadRunPv
                0x00007cac                _ZN11TimerDevice17WidgetInitializedEv
                0x00007ccc                _ZN11TimerDeviceD2Ev
                0x00007ccc                _ZN11TimerDeviceD1Ev
                0x00007d04                _ZN11TimerDeviceD0Ev
                0x00007d20                _ZN11TimerDevice12SetParameterESsPv
                0x00007e1c                _ZN11TimerDevice12GetParameterESs
                0x000084d8                _ZN11TimerDeviceC1Ev
                0x000084d8                _ZN11TimerDeviceC2Ev
                0x00008fa0                _ZN11TimerDevice14CreateInstanceEv
                0x00008fc8                _ZN11TimerDevice11StartThreadEv
                0x000090c4                _ZN11TimerDevice16CalculateOutputsEv
                0x000091d0                _ZN11TimerDevice10StopThreadEv
                0x00009214                _ZN11TimerDevice16ReleaseResourcesEv
 .text._ZN15DeviceParameterD2Ev
                0x00009218      0x1e4 ./TimerDevice/TimerDevice.o
                0x00009218                _ZN15DeviceParameterD2Ev
                0x00009218                _ZN15DeviceParameterD1Ev
 .text          0x000093fc      0xba8 ./ScreenButton/ScreenButton.o
                0x000093fc                _ZN12ScreenButton4TypeEv
                0x0000940c                _ZN12ScreenButton7VersionEv
                0x0000941c                _ZN12ScreenButton11DescriptionEv
                0x0000942c                _ZN12ScreenButton9GroupNameEv
                0x0000943c                _ZN12ScreenButton16CalculateOutputsEv
                0x00009498                _ZN12ScreenButtonD2Ev
                0x00009498                _ZN12ScreenButtonD1Ev
                0x000094d0                _ZN12ScreenButtonD0Ev
                0x000094ec                _ZN12ScreenButton12SetParameterESsPv
                0x00009558                _ZN12ScreenButton12GetParameterESs
                0x00009c14                _ZN12ScreenButtonC1Ev
                0x00009c14                _ZN12ScreenButtonC2Ev
                0x00009f7c                _ZN12ScreenButton14CreateInstanceEv
 .text          0x00009fa4      0xde8 ./Logical/AdnWidget.o
                0x00009fa4                _ZN9AndWidget4TypeEv
                0x00009fb4                _ZN9AndWidget7VersionEv
                0x00009fc4                _ZN9AndWidget11DescriptionEv
                0x00009fd4                _ZN9AndWidget9GroupNameEv
                0x00009fe4                _ZN9AndWidget16CalculateOutputsEv
                0x0000a040                _ZN9AndWidgetD1Ev
                0x0000a040                _ZN9AndWidgetD2Ev
                0x0000a078                _ZN9AndWidgetD0Ev
                0x0000a094                _ZN9AndWidget12GetParameterESs
                0x0000a750                _ZN9AndWidgetC1Ev
                0x0000a750                _ZN9AndWidgetC2Ev
                0x0000ad64                _ZN9AndWidget14CreateInstanceEv
 .text          0x0000ad8c     0x1424 ./Logical/ComparatorWidget.o
                0x0000ad8c                _ZN16ComparatorDevice4TypeEv
                0x0000ad9c                _ZN16ComparatorDevice7VersionEv
                0x0000adac                _ZN16ComparatorDevice11DescriptionEv
                0x0000adbc                _ZN16ComparatorDevice9GroupNameEv
                0x0000adcc                _ZN16ComparatorDeviceD1Ev
                0x0000adcc                _ZN16ComparatorDeviceD2Ev
                0x0000ae04                _ZN16ComparatorDeviceD0Ev
                0x0000ae20                _ZN16ComparatorDevice12GetParameterESs
                0x0000b4dc                _ZN16ComparatorDeviceC2Ev
                0x0000b4dc                _ZN16ComparatorDeviceC1Ev
                0x0000bd4c                _ZN16ComparatorDevice14CreateInstanceEv
                0x0000bd74                _ZN16ComparatorDevice12GetOperationESs
                0x0000be20                _ZN16ComparatorDevice12SetParameterESsPv
                0x0000bfa8                _ZN16ComparatorDevice19GetComparisonResultEv
                0x0000c174                _ZN16ComparatorDevice16CalculateOutputsEv
 .text          0x0000c1b0     0x11e0 ./Logical/ConstantWidget.o
                0x0000c1b0                _ZN14ConstantDevice16CalculateOutputsEv
                0x0000c1d0                _ZN14ConstantDevice4TypeEv
                0x0000c1e0                _ZN14ConstantDevice7VersionEv
                0x0000c1f0                _ZN14ConstantDevice11DescriptionEv
                0x0000c200                _ZN14ConstantDevice9GroupNameEv
                0x0000c210                _ZN14ConstantDevice17WidgetInitializedEv
                0x0000c214                _ZN14ConstantDeviceD2Ev
                0x0000c214                _ZN14ConstantDeviceD1Ev
                0x0000c24c                _ZN14ConstantDeviceD0Ev
                0x0000c268                _ZN14ConstantDevice12SetParameterESsPv
                0x0000c44c                _ZN14ConstantDevice12GetParameterESs
                0x0000caf4                _ZN14ConstantDeviceC2Ev
                0x0000caf4                _ZN14ConstantDeviceC1Ev
                0x0000d34c                _ZN14ConstantDevice14CreateInstanceEv
                0x0000d374                _ZN14ConstantDevice26UpdateOutconnectionsValuesEPv
 .text          0x0000d390     0x1920 ./Logical/CounterDevice.o
                0x0000d390                _ZN13CounterDevice4TypeEv
                0x0000d3a0                _ZN13CounterDevice7VersionEv
                0x0000d3b0                _ZN13CounterDevice11DescriptionEv
                0x0000d3c0                _ZN13CounterDevice9GroupNameEv
                0x0000d3d0                _ZN13CounterDevice12SetParameterESsPv
                0x0000d500                _ZN13CounterDevice16CalculateOutputsEv
                0x0000d62c                _ZN13CounterDeviceD1Ev
                0x0000d62c                _ZN13CounterDeviceD2Ev
                0x0000d664                _ZN13CounterDeviceD0Ev
                0x0000d680                _ZN13CounterDevice12GetParameterESs
                0x0000dd3c                _ZN13CounterDeviceC2Ev
                0x0000dd3c                _ZN13CounterDeviceC1Ev
                0x0000ec88                _ZN13CounterDevice14CreateInstanceEv
 .text          0x0000ecb0      0xc74 ./Logical/InverseDevice.o
                0x0000ecb0                _ZN13InverseDevice4TypeEv
                0x0000ecc0                _ZN13InverseDevice7VersionEv
                0x0000ecd0                _ZN13InverseDevice11DescriptionEv
                0x0000ece0                _ZN13InverseDevice9GroupNameEv
                0x0000ecf0                _ZN13InverseDevice16CalculateOutputsEv
                0x0000ed68                _ZN13InverseDeviceD2Ev
                0x0000ed68                _ZN13InverseDeviceD1Ev
                0x0000eda0                _ZN13InverseDeviceD0Ev
                0x0000edbc                _ZN13InverseDevice12GetParameterESs
                0x0000f478                _ZN13InverseDeviceC1Ev
                0x0000f478                _ZN13InverseDeviceC2Ev
                0x0000f8fc                _ZN13InverseDevice14CreateInstanceEv
 .text          0x0000f924      0xde8 ./Logical/OrDevice.o
                0x0000f924                _ZN8OrDevice4TypeEv
                0x0000f934                _ZN8OrDevice7VersionEv
                0x0000f944                _ZN8OrDevice11DescriptionEv
                0x0000f954                _ZN8OrDevice9GroupNameEv
                0x0000f964                _ZN8OrDevice16CalculateOutputsEv
                0x0000f9c0                _ZN8OrDeviceD2Ev
                0x0000f9c0                _ZN8OrDeviceD1Ev
                0x0000f9f8                _ZN8OrDeviceD0Ev
                0x0000fa14                _ZN8OrDevice12GetParameterESs
                0x000100d0                _ZN8OrDeviceC1Ev
                0x000100d0                _ZN8OrDeviceC2Ev
                0x000106e4                _ZN8OrDevice14CreateInstanceEv
 .text          0x0001070c      0x8e4 ./Logical/RSTriggerDevice.o
                0x0001070c                _ZN15RSTriggerDevice4TypeEv
                0x0001071c                _ZN15RSTriggerDevice7VersionEv
                0x0001072c                _ZN15RSTriggerDevice11DescriptionEv
                0x0001073c                _ZN15RSTriggerDevice9GroupNameEv
                0x0001074c                _ZN15RSTriggerDevice16CalculateOutputsEv
                0x000107ac                _ZN15RSTriggerDeviceD1Ev
                0x000107ac                _ZN15RSTriggerDeviceD2Ev
                0x000107e4                _ZN15RSTriggerDeviceD0Ev
                0x00010800                _ZN15RSTriggerDeviceC2Ev
                0x00010800                _ZN15RSTriggerDeviceC1Ev
                0x00010fc8                _ZN15RSTriggerDevice14CreateInstanceEv
 .text          0x00010ff0      0x8dc ./Logical/SwitchBlock.o
                0x00010ff0                _ZN11SwitchBlock4TypeEv
                0x00011000                _ZN11SwitchBlock7VersionEv
                0x00011010                _ZN11SwitchBlock11DescriptionEv
                0x00011020                _ZN11SwitchBlock9GroupNameEv
                0x00011030                _ZN11SwitchBlock16CalculateOutputsEv
                0x00011088                _ZN11SwitchBlockD1Ev
                0x00011088                _ZN11SwitchBlockD2Ev
                0x000110c0                _ZN11SwitchBlockD0Ev
                0x000110dc                _ZN11SwitchBlockC2Ev
                0x000110dc                _ZN11SwitchBlockC1Ev
                0x000118a4                _ZN11SwitchBlock14CreateInstanceEv
 .text          0x000118cc      0x718 ./Logical/XorDevice.o
                0x000118cc                _ZN9XorDevice4TypeEv
                0x000118dc                _ZN9XorDevice7VersionEv
                0x000118ec                _ZN9XorDevice11DescriptionEv
                0x000118fc                _ZN9XorDevice9GroupNameEv
                0x0001190c                _ZN9XorDevice16CalculateOutputsEv
                0x0001195c                _ZN9XorDeviceD2Ev
                0x0001195c                _ZN9XorDeviceD1Ev
                0x00011994                _ZN9XorDeviceD0Ev
                0x000119b0                _ZN9XorDeviceC1Ev
                0x000119b0                _ZN9XorDeviceC2Ev
                0x00011fbc                _ZN9XorDevice14CreateInstanceEv
 .text          0x00011fe4     0x3878 ./GPOutputDevice/GPOutputDevice.o
                0x00011fe4                _ZN14GPOutputDevice4TypeEv
                0x00011ff4                _ZN14GPOutputDevice7VersionEv
                0x00012004                _ZN14GPOutputDevice11DescriptionEv
                0x00012014                _ZN14GPOutputDevice9GroupNameEv
                0x00012024                _ZN14GPOutputDevice17WidgetInitializedEv
                0x00012028                _ZN14GPOutputDeviceD1Ev
                0x00012028                _ZN14GPOutputDeviceD2Ev
                0x00012060                _ZN14GPOutputDeviceD0Ev
                0x0001207c                _ZN14GPOutputDevice14ExecuteCommandE7Command
                0x00012514                _ZN14GPOutputDevice12SetParameterESsPv
                0x00012c30                _ZN14GPOutputDevice14EventTriggeredESt4listI14EventParameterSaIS1_EE
                0x000131a4                _ZN14GPOutputDevice16ReleaseResourcesEv
                0x00013548                _ZN14GPOutputDevice16CalculateOutputsEv
                0x00013e40                _ZN14GPOutputDevice12GetParameterESs
                0x00014548                _ZN14GPOutputDeviceC2Ev
                0x00014548                _ZN14GPOutputDeviceC1Ev
                0x0001582c                _ZN14GPOutputDevice14CreateInstanceEv
                0x00015854                _ZN14GPOutputDevice13SetPortNumberEi
 .text          0x0001585c     0x268c ./GPInputDevice/GPIDevice.o
                0x0001585c                _ZN9GPIDevice4TypeEv
                0x0001586c                _ZN9GPIDevice7VersionEv
                0x0001587c                _ZN9GPIDevice11DescriptionEv
                0x0001588c                _ZN9GPIDevice9GroupNameEv
                0x0001589c                _ZN9GPIDevice16CalculateOutputsEv
                0x000158d0                _ZN9GPIDeviceD2Ev
                0x000158d0                _ZN9GPIDeviceD1Ev
                0x00015930                _ZN9GPIDeviceD0Ev
                0x0001594c                _ZN9GPIDevice12SetParameterESsPv
                0x000159a8                _ZN9GPIDevice14EventTriggeredESt4listI14EventParameterSaIS1_EE
                0x00015b40                _ZN9GPIDevice14ExecuteCommandE7Command
                0x00015fd8                _ZN9GPIDevice16ReleaseResourcesEv
                0x0001637c                _ZN9GPIDevice17WidgetInitializedEv
                0x00016724                _ZN9GPIDevice12GetParameterESs
                0x00016e44                _ZN9GPIDeviceC2Ev
                0x00016e44                _ZN9GPIDeviceC1Ev
                0x00017ec0                _ZN9GPIDevice14CreateInstanceEv
 .text          0x00017ee8      0x3dc ./EntryPoint.o
                0x00017ee8                CreateDevices
 .text          0x000182c4     0x15f4 ./DelayTimer/DelayTimer.o
                0x000182c4                _ZN10DelayTimer4TypeEv
                0x000182d4                _ZN10DelayTimer7VersionEv
                0x000182e4                _ZN10DelayTimer11DescriptionEv
                0x000182f4                _ZN10DelayTimer9GroupNameEv
                0x00018304                _ZN10DelayTimer24InitializeFromDescriptorESt4listI8PropertySaIS1_EE
                0x0001835c                _Z19DelayTimerThreadRunPv
                0x00018410                _ZN10DelayTimerD1Ev
                0x00018410                _ZN10DelayTimerD2Ev
                0x00018448                _ZN10DelayTimerD0Ev
                0x00018464                _ZN10DelayTimer12SetParameterESsPv
                0x00018560                _ZN10DelayTimer12GetParameterESs
                0x00018c1c                _ZN10DelayTimerC2Ev
                0x00018c1c                _ZN10DelayTimerC1Ev
                0x000196e8                _ZN10DelayTimer14CreateInstanceEv
                0x00019710                _ZN10DelayTimer11StartThreadEv
                0x00019804                _ZN10DelayTimer16CalculateOutputsEv
                0x00019890                _ZN10DelayTimer10StopThreadEv
 .text          0x000198b8     0x110c ./ButtonDevice/ButtonDevice.o
                0x000198b8                _ZN12ButtonDevice4TypeEv
                0x000198c8                _ZN12ButtonDevice7VersionEv
                0x000198d8                _ZN12ButtonDevice11DescriptionEv
                0x000198e8                _ZN12ButtonDevice9GroupNameEv
                0x000198f8                _ZN12ButtonDevice16CalculateOutputsEv
                0x00019980                _ZN12ButtonDeviceD2Ev
                0x00019980                _ZN12ButtonDeviceD1Ev
                0x000199b8                _ZN12ButtonDeviceD0Ev
                0x000199d4                _ZN12ButtonDevice12GetParameterESs
                0x0001a0dc                _ZN12ButtonDeviceC1Ev
                0x0001a0dc                _ZN12ButtonDeviceC2Ev
                0x0001a8ac                _ZN12ButtonDevice14CreateInstanceEv
                0x0001a8d4                _Z20PinoutEventTriggeredPvSt4listI14EventParameterSaIS1_EE
 .text          0x0001a9c4     0x2300 ./ADCDevice/ADCDevice.o
                0x0001a9c4                _ZN9ADCDevice4TypeEv
                0x0001a9d4                _ZN9ADCDevice7VersionEv
                0x0001a9e4                _ZN9ADCDevice11DescriptionEv
                0x0001a9f4                _ZN9ADCDevice9GroupNameEv
                0x0001aa04                _ZN9ADCDevice16CalculateOutputsEv
                0x0001aa64                _ZN9ADCDeviceD1Ev
                0x0001aa64                _ZN9ADCDeviceD2Ev
                0x0001aa9c                _ZN9ADCDeviceD0Ev
                0x0001aab8                _ZN9ADCDevice14EventTriggeredESt4listI14EventParameterSaIS1_EE
                0x0001ac2c                _ZN9ADCDevice14ExecuteCommandE7Command
                0x0001b0c4                _ZN9ADCDevice16ReleaseResourcesEv
                0x0001b468                _ZN9ADCDevice17WidgetInitializedEv
                0x0001b80c                _ZN9ADCDevice12GetParameterESs
                0x0001bec8                _ZN9ADCDeviceC1Ev
                0x0001bec8                _ZN9ADCDeviceC2Ev
                0x0001cc9c                _ZN9ADCDevice14CreateInstanceEv
 .text          0x0001ccc4     0x2400 ./CosmDevice/CosmDevice.o
                0x0001ccc4                _ZN10CosmDevice4TypeEv
                0x0001ccd4                _ZN10CosmDevice7VersionEv
                0x0001cce4                _ZN10CosmDevice11DescriptionEv
                0x0001ccf4                _ZN10CosmDevice9GroupNameEv
                0x0001cd04                _ZN10CosmDeviceD2Ev
                0x0001cd04                _ZN10CosmDeviceD1Ev
                0x0001ced0                _ZN10CosmDeviceD0Ev
                0x0001ceec                _ZN10CosmDevice12GetParameterESs
                0x0001d5f4                _ZN10CosmDeviceC2Ev
                0x0001d5f4                _ZN10CosmDeviceC1Ev
                0x0001e60c                _ZN10CosmDevice14CreateInstanceEv
                0x0001e634                _ZN10CosmDevice20SendCosmNotificationESsSsSsSs
                0x0001eabc                _ZN10CosmDevice16CalculateOutputsEv
                0x0001eda8                _ZN10CosmDevice12SetParameterESsPv
 .text._ZStplIcSt11char_traitsIcESaIcEESbIT_T0_T1_EPKS3_RKS6_
                0x0001f0c4       0x80 ./CosmDevice/CosmDevice.o
                0x0001f0c4                _ZStplIcSt11char_traitsIcESaIcEESbIT_T0_T1_EPKS3_RKS6_
 .text          0x0001f144        0x0 /usr/lib/gcc/arm-linux-gnueabihf/4.6/crtendS.o
 .text          0x0001f144        0x0 /usr/lib/gcc/arm-linux-gnueabihf/4.6/../../../arm-linux-gnueabihf/crtn.o
 *(.gnu.warning)
 *(.glue_7t)
 .glue_7t       0x00000000        0x0 linker stubs
 *(.glue_7)
 .glue_7        0x00000000        0x0 linker stubs
 *(.vfp11_veneer)
 .vfp11_veneer  0x00000000        0x0 linker stubs
 *(.v4_bx)
 .v4_bx         0x00000000        0x0 linker stubs

.fini           0x0001f144        0x8
 *(.fini)
 .fini          0x0001f144        0x4 /usr/lib/gcc/arm-linux-gnueabihf/4.6/../../../arm-linux-gnueabihf/crti.o
                0x0001f144                _fini
 .fini          0x0001f148        0x4 /usr/lib/gcc/arm-linux-gnueabihf/4.6/../../../arm-linux-gnueabihf/crtn.o
                0x0001f14c                PROVIDE (__etext, .)
                0x0001f14c                PROVIDE (_etext, .)
                0x0001f14c                PROVIDE (etext, .)

.rodata         0x0001f14c     0x18a8
 *(.rodata .rodata.* .gnu.linkonce.r.*)
 .rodata        0x0001f14c       0x10 ./TimerDevice/TimerDevice.o
                0x0001f14c                _ZTS11TimerDevice
 .rodata.str1.4
                0x0001f15c      0x223 ./TimerDevice/TimerDevice.o
                                0x238 (size before relaxing)
 *fill*         0x0001f37f        0x1 00
 .rodata        0x0001f380       0x10 ./ScreenButton/ScreenButton.o
                0x0001f380                _ZTS12ScreenButton
 .rodata.str1.4
                0x0001f390      0x12e ./ScreenButton/ScreenButton.o
                                0x164 (size before relaxing)
 *fill*         0x0001f4be        0x2 00
 .rodata        0x0001f4c0        0xc ./Logical/AdnWidget.o
                0x0001f4c0                _ZTS9AndWidget
 .rodata.str1.4
                0x0001f4cc      0x138 ./Logical/AdnWidget.o
                                0x170 (size before relaxing)
 .rodata        0x0001f604       0x14 ./Logical/ComparatorWidget.o
                0x0001f604                _ZTS16ComparatorDevice
 .rodata.str1.4
                0x0001f618      0x119 ./Logical/ComparatorWidget.o
                                0x16c (size before relaxing)
 *fill*         0x0001f731        0x3 00
 .rodata        0x0001f734       0x14 ./Logical/ConstantWidget.o
                0x0001f734                _ZTS14ConstantDevice
 .rodata.str1.4
                0x0001f748      0x17b ./Logical/ConstantWidget.o
                                0x1c4 (size before relaxing)
 *fill*         0x0001f8c3        0x1 00
 .rodata        0x0001f8c4       0x10 ./Logical/CounterDevice.o
                0x0001f8c4                _ZTS13CounterDevice
 .rodata.str1.4
                0x0001f8d4      0x2f0 ./Logical/CounterDevice.o
                                0x330 (size before relaxing)
 .rodata        0x0001fbc4       0x10 ./Logical/InverseDevice.o
                0x0001fbc4                _ZTS13InverseDevice
 .rodata.str1.4
                0x0001fbd4       0x9c ./Logical/InverseDevice.o
                                 0xe4 (size before relaxing)
 .rodata        0x0001fc70        0xc ./Logical/OrDevice.o
                0x0001fc70                _ZTS8OrDevice
 .rodata.str1.4
                0x0001fc7c       0xb3 ./Logical/OrDevice.o
                                0x134 (size before relaxing)
 *fill*         0x0001fd2f        0x1 00
 .rodata        0x0001fd30       0x14 ./Logical/RSTriggerDevice.o
                0x0001fd30                _ZTS15RSTriggerDevice
 .rodata.str1.4
                0x0001fd44      0x1c3 ./Logical/RSTriggerDevice.o
                                0x1f8 (size before relaxing)
 *fill*         0x0001ff07        0x1 00
 .rodata        0x0001ff08       0x10 ./Logical/SwitchBlock.o
                0x0001ff08                _ZTS11SwitchBlock
 .rodata.str1.4
                0x0001ff18       0xaf ./Logical/SwitchBlock.o
                                 0xcc (size before relaxing)
 *fill*         0x0001ffc7        0x1 00
 .rodata        0x0001ffc8        0xc ./Logical/XorDevice.o
                0x0001ffc8                _ZTS9XorDevice
 .rodata.str1.4
                0x0001ffd4       0xac ./Logical/XorDevice.o
                                0x114 (size before relaxing)
 .rodata        0x00020080       0x14 ./GPOutputDevice/GPOutputDevice.o
                0x00020080                _ZTS14GPOutputDevice
 .rodata.str1.4
                0x00020094      0x1ef ./GPOutputDevice/GPOutputDevice.o
                                0x21c (size before relaxing)
 *fill*         0x00020283        0x1 00
 .rodata        0x00020284        0xc ./GPInputDevice/GPIDevice.o
                0x00020284                _ZTS9GPIDevice
 .rodata.str1.4
                0x00020290      0x21c ./GPInputDevice/GPIDevice.o
                                0x2d0 (size before relaxing)
 .rodata.str1.4
                0x000204ac       0x42 ./EntryPoint.o
                                 0x44 (size before relaxing)
 *fill*         0x000204ee        0x2 00
 .rodata        0x000204f0       0x10 ./DelayTimer/DelayTimer.o
                0x000204f0                _ZTS10DelayTimer
 .rodata.str1.4
                0x00020500       0xa8 ./DelayTimer/DelayTimer.o
                                0x1f8 (size before relaxing)
 .rodata        0x000205a8       0x10 ./ButtonDevice/ButtonDevice.o
                0x000205a8                _ZTS12ButtonDevice
 .rodata.str1.4
                0x000205b8       0x5e ./ButtonDevice/ButtonDevice.o
                                 0xf0 (size before relaxing)
 *fill*         0x00020616        0x2 00
 .rodata        0x00020618        0xc ./ADCDevice/ADCDevice.o
                0x00020618                _ZTS9ADCDevice
 .rodata.str1.4
                0x00020624      0x12b ./ADCDevice/ADCDevice.o
                                0x18c (size before relaxing)
 *fill*         0x0002074f        0x1 00
 .rodata        0x00020750       0x10 ./CosmDevice/CosmDevice.o
                0x00020750                _ZTS10CosmDevice
 .rodata.str1.4
                0x00020760      0x294 ./CosmDevice/CosmDevice.o
                                0x2e0 (size before relaxing)

.rodata1
 *(.rodata1)

.ARM.extab      0x000209f4     0x1ac0
 *(.ARM.extab* .gnu.linkonce.armextab.*)
 .ARM.extab     0x000209f4      0x168 ./TimerDevice/TimerDevice.o
 .ARM.extab.text._ZN15DeviceParameterD2Ev
                0x00020b5c        0x0 ./TimerDevice/TimerDevice.o
 .ARM.extab.text.startup
                0x00020b5c        0x0 ./TimerDevice/TimerDevice.o
 .ARM.extab     0x00020b5c       0xc8 ./ScreenButton/ScreenButton.o
 .ARM.extab.text.startup
                0x00020c24        0x0 ./ScreenButton/ScreenButton.o
 .ARM.extab     0x00020c24       0xfc ./Logical/AdnWidget.o
 .ARM.extab.text.startup
                0x00020d20        0x0 ./Logical/AdnWidget.o
 .ARM.extab     0x00020d20      0x14c ./Logical/ComparatorWidget.o
 .ARM.extab.text.startup
                0x00020e6c        0x0 ./Logical/ComparatorWidget.o
 .ARM.extab     0x00020e6c      0x164 ./Logical/ConstantWidget.o
 .ARM.extab.text.startup
                0x00020fd0        0x0 ./Logical/ConstantWidget.o
 .ARM.extab     0x00020fd0      0x1a0 ./Logical/CounterDevice.o
 .ARM.extab.text.startup
                0x00021170        0x0 ./Logical/CounterDevice.o
 .ARM.extab     0x00021170       0xe0 ./Logical/InverseDevice.o
 .ARM.extab.text.startup
                0x00021250        0x0 ./Logical/InverseDevice.o
 .ARM.extab     0x00021250       0xfc ./Logical/OrDevice.o
 .ARM.extab.text.startup
                0x0002134c        0x0 ./Logical/OrDevice.o
 .ARM.extab     0x0002134c       0xac ./Logical/RSTriggerDevice.o
 .ARM.extab.text.startup
                0x000213f8        0x0 ./Logical/RSTriggerDevice.o
 .ARM.extab     0x000213f8       0xac ./Logical/SwitchBlock.o
 .ARM.extab.text.startup
                0x000214a4        0x0 ./Logical/SwitchBlock.o
 .ARM.extab     0x000214a4       0x98 ./Logical/XorDevice.o
 .ARM.extab.text.startup
                0x0002153c        0x0 ./Logical/XorDevice.o
 .ARM.extab     0x0002153c      0x41c ./GPOutputDevice/GPOutputDevice.o
 .ARM.extab.text.startup
                0x00021958        0x0 ./GPOutputDevice/GPOutputDevice.o
 .ARM.extab     0x00021958      0x2c8 ./GPInputDevice/GPIDevice.o
 .ARM.extab.text.startup
                0x00021c20        0x0 ./GPInputDevice/GPIDevice.o
 .ARM.extab     0x00021c20       0xd4 ./EntryPoint.o
 .ARM.extab.text.startup
                0x00021cf4        0x0 ./EntryPoint.o
 .ARM.extab     0x00021cf4      0x168 ./DelayTimer/DelayTimer.o
 .ARM.extab.text.startup
                0x00021e5c        0x0 ./DelayTimer/DelayTimer.o
 .ARM.extab     0x00021e5c      0x128 ./ButtonDevice/ButtonDevice.o
 .ARM.extab.text.startup
                0x00021f84        0x0 ./ButtonDevice/ButtonDevice.o
 .ARM.extab     0x00021f84      0x29c ./ADCDevice/ADCDevice.o
 .ARM.extab.text.startup
                0x00022220        0x0 ./ADCDevice/ADCDevice.o
 .ARM.extab     0x00022220      0x280 ./CosmDevice/CosmDevice.o
 .ARM.extab.text._ZStplIcSt11char_traitsIcESaIcEESbIT_T0_T1_EPKS3_RKS6_
                0x000224a0       0x14 ./CosmDevice/CosmDevice.o
 .ARM.extab.text.startup
                0x000224b4        0x0 ./CosmDevice/CosmDevice.o
                0x000224b4                PROVIDE (__exidx_start, .)

.ARM.exidx      0x000224b4      0x428
 *(.ARM.exidx* .gnu.linkonce.armexidx.*)
 .ARM.exidx     0x000224bc       0x48 ./TimerDevice/TimerDevice.o
                                 0x88 (size before relaxing)
 .ARM.exidx.text._ZN15DeviceParameterD2Ev
                0x00022504        0x0 ./TimerDevice/TimerDevice.o
                                  0x8 (size before relaxing)
 .ARM.exidx.text.startup
                0x000224b4        0x8 ./TimerDevice/TimerDevice.o
 .ARM.exidx     0x00022504       0x30 ./ScreenButton/ScreenButton.o
                                 0x58 (size before relaxing)
 .ARM.exidx.text.startup
                0x000224bc        0x0 ./ScreenButton/ScreenButton.o
                                  0x8 (size before relaxing)
 .ARM.exidx     0x00022534       0x30 ./Logical/AdnWidget.o
                                 0x50 (size before relaxing)
 .ARM.exidx.text.startup
                0x000224bc        0x0 ./Logical/AdnWidget.o
                                  0x8 (size before relaxing)
 .ARM.exidx     0x00022564       0x48 ./Logical/ComparatorWidget.o
                                 0x68 (size before relaxing)
 .ARM.exidx.text.startup
                0x000224bc        0x0 ./Logical/ComparatorWidget.o
                                  0x8 (size before relaxing)
 .ARM.exidx     0x000225ac       0x40 ./Logical/ConstantWidget.o
                                 0x68 (size before relaxing)
 .ARM.exidx.text.startup
                0x000224bc        0x0 ./Logical/ConstantWidget.o
                                  0x8 (size before relaxing)
 .ARM.exidx     0x000225ec       0x38 ./Logical/CounterDevice.o
                                 0x58 (size before relaxing)
 .ARM.exidx.text.startup
                0x000224bc        0x0 ./Logical/CounterDevice.o
                                  0x8 (size before relaxing)
 .ARM.exidx     0x00022624       0x30 ./Logical/InverseDevice.o
                                 0x50 (size before relaxing)
 .ARM.exidx.text.startup
                0x000224bc        0x0 ./Logical/InverseDevice.o
                                  0x8 (size before relaxing)
 .ARM.exidx     0x00022654       0x30 ./Logical/OrDevice.o
                                 0x50 (size before relaxing)
 .ARM.exidx.text.startup
                0x000224bc        0x0 ./Logical/OrDevice.o
                                  0x8 (size before relaxing)
 .ARM.exidx     0x00022684       0x28 ./Logical/RSTriggerDevice.o
                                 0x48 (size before relaxing)
 .ARM.exidx.text.startup
                0x000224bc        0x0 ./Logical/RSTriggerDevice.o
                                  0x8 (size before relaxing)
 .ARM.exidx     0x000226ac       0x28 ./Logical/SwitchBlock.o
                                 0x48 (size before relaxing)
 .ARM.exidx.text.startup
                0x000224bc        0x0 ./Logical/SwitchBlock.o
                                  0x8 (size before relaxing)
 .ARM.exidx     0x000226d4       0x28 ./Logical/XorDevice.o
                                 0x48 (size before relaxing)
 .ARM.exidx.text.startup
                0x000224bc        0x0 ./Logical/XorDevice.o
                                  0x8 (size before relaxing)
 .ARM.exidx     0x000226fc       0x58 ./GPOutputDevice/GPOutputDevice.o
                                 0x80 (size before relaxing)
 .ARM.exidx.text.startup
                0x000224bc        0x0 ./GPOutputDevice/GPOutputDevice.o
                                  0x8 (size before relaxing)
 .ARM.exidx     0x00022754       0x58 ./GPInputDevice/GPIDevice.o
                                 0x78 (size before relaxing)
 .ARM.exidx.text.startup
                0x000224bc        0x0 ./GPInputDevice/GPIDevice.o
                                  0x8 (size before relaxing)
 .ARM.exidx     0x000227ac        0x8 ./EntryPoint.o
 .ARM.exidx.text.startup
                0x000224bc        0x0 ./EntryPoint.o
                                  0x8 (size before relaxing)
 .ARM.exidx     0x000227b4       0x50 ./DelayTimer/DelayTimer.o
                                 0x78 (size before relaxing)
 .ARM.exidx.text.startup
                0x000224bc        0x0 ./DelayTimer/DelayTimer.o
                                  0x8 (size before relaxing)
 .ARM.exidx     0x00022804       0x30 ./ButtonDevice/ButtonDevice.o
                                 0x58 (size before relaxing)
 .ARM.exidx.text.startup
                0x000224bc        0x0 ./ButtonDevice/ButtonDevice.o
                                  0x8 (size before relaxing)
 .ARM.exidx     0x00022834       0x50 ./ADCDevice/ADCDevice.o
                                 0x70 (size before relaxing)
 .ARM.exidx.text.startup
                0x000224bc        0x0 ./ADCDevice/ADCDevice.o
                                  0x8 (size before relaxing)
 .ARM.exidx     0x00022884       0x48 ./CosmDevice/CosmDevice.o
                                 0x60 (size before relaxing)
 .ARM.exidx.text._ZStplIcSt11char_traitsIcESaIcEESbIT_T0_T1_EPKS3_RKS6_
                0x000228cc       0x10 ./CosmDevice/CosmDevice.o
                                  0x8 (size before relaxing)
 .ARM.exidx.text.startup
                0x000224bc        0x0 ./CosmDevice/CosmDevice.o
                                  0x8 (size before relaxing)
                0x000228dc                PROVIDE (__exidx_end, .)

.eh_frame_hdr   0x000228dc        0x0
 *(.eh_frame_hdr)
 .eh_frame_hdr  0x00000000        0x0 /usr/lib/gcc/arm-linux-gnueabihf/4.6/../../../arm-linux-gnueabihf/crtn.o

.eh_frame       0x000228dc        0x4
 *(.eh_frame)
 .eh_frame      0x000228dc        0x4 /usr/lib/gcc/arm-linux-gnueabihf/4.6/crtendS.o

.gcc_except_table
 *(.gcc_except_table .gcc_except_table.*)

.exception_ranges
 *(.exception_ranges .exception_ranges*)
                0x000228e0                . = (ALIGN (0x8000) - ((0x8000 - .) & 0x7fff))
                0x0002b000                . = DATA_SEGMENT_ALIGN (0x8000, 0x1000)

.eh_frame
 *(.eh_frame)

.gcc_except_table
 *(.gcc_except_table .gcc_except_table.*)

.exception_ranges
 *(.exception_ranges .exception_ranges*)

.tdata
 *(.tdata .tdata.* .gnu.linkonce.td.*)

.tbss
 *(.tbss .tbss.* .gnu.linkonce.tb.*)
 *(.tcommon)

.preinit_array
 *(.preinit_array)

.init_array     0x0002b000       0x4c
 *(SORT(.init_array.*) SORT(.ctors.*))
 *(.init_array)
 .init_array    0x0002b000        0x4 /usr/lib/gcc/arm-linux-gnueabihf/4.6/crtbeginS.o
 .init_array    0x0002b004        0x4 ./TimerDevice/TimerDevice.o
 .init_array    0x0002b008        0x4 ./ScreenButton/ScreenButton.o
 .init_array    0x0002b00c        0x4 ./Logical/AdnWidget.o
 .init_array    0x0002b010        0x4 ./Logical/ComparatorWidget.o
 .init_array    0x0002b014        0x4 ./Logical/ConstantWidget.o
 .init_array    0x0002b018        0x4 ./Logical/CounterDevice.o
 .init_array    0x0002b01c        0x4 ./Logical/InverseDevice.o
 .init_array    0x0002b020        0x4 ./Logical/OrDevice.o
 .init_array    0x0002b024        0x4 ./Logical/RSTriggerDevice.o
 .init_array    0x0002b028        0x4 ./Logical/SwitchBlock.o
 .init_array    0x0002b02c        0x4 ./Logical/XorDevice.o
 .init_array    0x0002b030        0x4 ./GPOutputDevice/GPOutputDevice.o
 .init_array    0x0002b034        0x4 ./GPInputDevice/GPIDevice.o
 .init_array    0x0002b038        0x4 ./EntryPoint.o
 .init_array    0x0002b03c        0x4 ./DelayTimer/DelayTimer.o
 .init_array    0x0002b040        0x4 ./ButtonDevice/ButtonDevice.o
 .init_array    0x0002b044        0x4 ./ADCDevice/ADCDevice.o
 .init_array    0x0002b048        0x4 ./CosmDevice/CosmDevice.o
 *(EXCLUDE_FILE(*crtend?.o *crtend.o *crtbegin?.o *crtbegin.o) .ctors)

.fini_array     0x0002b04c        0x4
 *(SORT(.fini_array.*) SORT(.dtors.*))
 *(.fini_array)
 .fini_array    0x0002b04c        0x4 /usr/lib/gcc/arm-linux-gnueabihf/4.6/crtbeginS.o
 *(EXCLUDE_FILE(*crtend?.o *crtend.o *crtbegin?.o *crtbegin.o) .dtors)

.ctors
 *crtbegin.o(.ctors)
 *crtbegin?.o(.ctors)
 *(EXCLUDE_FILE(*crtend?.o *crtend.o) .ctors)
 *(SORT(.ctors.*))
 *(.ctors)

.dtors
 *crtbegin.o(.dtors)
 *crtbegin?.o(.dtors)
 *(EXCLUDE_FILE(*crtend?.o *crtend.o) .dtors)
 *(SORT(.dtors.*))
 *(.dtors)

.jcr            0x0002b050        0x4
 *(.jcr)
 .jcr           0x0002b050        0x0 /usr/lib/gcc/arm-linux-gnueabihf/4.6/crtbeginS.o
 .jcr           0x0002b050        0x4 /usr/lib/gcc/arm-linux-gnueabihf/4.6/crtendS.o

.data.rel.ro    0x0002b058      0x7f8
 *(.data.rel.ro.local* .gnu.linkonce.d.rel.ro.local.*)
 *(.data.rel.ro* .gnu.linkonce.d.rel.ro.*)
 .data.rel.ro   0x0002b058       0x78 ./TimerDevice/TimerDevice.o
                0x0002b058                _ZTI11TimerDevice
                0x0002b068                _ZTV11TimerDevice
 .data.rel.ro   0x0002b0d0       0x78 ./ScreenButton/ScreenButton.o
                0x0002b0d0                _ZTI12ScreenButton
                0x0002b0e0                _ZTV12ScreenButton
 .data.rel.ro   0x0002b148       0x78 ./Logical/AdnWidget.o
                0x0002b148                _ZTI9AndWidget
                0x0002b158                _ZTV9AndWidget
 .data.rel.ro   0x0002b1c0       0x78 ./Logical/ComparatorWidget.o
                0x0002b1c0                _ZTI16ComparatorDevice
                0x0002b1d0                _ZTV16ComparatorDevice
 .data.rel.ro   0x0002b238       0x78 ./Logical/ConstantWidget.o
                0x0002b238                _ZTI14ConstantDevice
                0x0002b248                _ZTV14ConstantDevice
 .data.rel.ro   0x0002b2b0       0x78 ./Logical/CounterDevice.o
                0x0002b2b0                _ZTI13CounterDevice
                0x0002b2c0                _ZTV13CounterDevice
 .data.rel.ro   0x0002b328       0x78 ./Logical/InverseDevice.o
                0x0002b328                _ZTI13InverseDevice
                0x0002b338                _ZTV13InverseDevice
 .data.rel.ro   0x0002b3a0       0x78 ./Logical/OrDevice.o
                0x0002b3a0                _ZTI8OrDevice
                0x0002b3b0                _ZTV8OrDevice
 .data.rel.ro   0x0002b418       0x78 ./Logical/RSTriggerDevice.o
                0x0002b418                _ZTI15RSTriggerDevice
                0x0002b428                _ZTV15RSTriggerDevice
 .data.rel.ro   0x0002b490       0x78 ./Logical/SwitchBlock.o
                0x0002b490                _ZTI11SwitchBlock
                0x0002b4a0                _ZTV11SwitchBlock
 .data.rel.ro   0x0002b508       0x78 ./Logical/XorDevice.o
                0x0002b508                _ZTI9XorDevice
                0x0002b518                _ZTV9XorDevice
 .data.rel.ro   0x0002b580       0x78 ./GPOutputDevice/GPOutputDevice.o
                0x0002b580                _ZTI14GPOutputDevice
                0x0002b590                _ZTV14GPOutputDevice
 .data.rel.ro   0x0002b5f8       0x78 ./GPInputDevice/GPIDevice.o
                0x0002b5f8                _ZTI9GPIDevice
                0x0002b608                _ZTV9GPIDevice
 .data.rel.ro   0x0002b670       0x78 ./DelayTimer/DelayTimer.o
                0x0002b670                _ZTI10DelayTimer
                0x0002b680                _ZTV10DelayTimer
 .data.rel.ro   0x0002b6e8       0x78 ./ButtonDevice/ButtonDevice.o
                0x0002b6e8                _ZTI12ButtonDevice
                0x0002b6f8                _ZTV12ButtonDevice
 .data.rel.ro   0x0002b760       0x78 ./ADCDevice/ADCDevice.o
                0x0002b760                _ZTI9ADCDevice
                0x0002b770                _ZTV9ADCDevice
 .data.rel.ro   0x0002b7d8       0x78 ./CosmDevice/CosmDevice.o
                0x0002b7d8                _ZTI10CosmDevice
                0x0002b7e8                _ZTV10CosmDevice

.dynamic        0x0002b850      0x108
 *(.dynamic)
 .dynamic       0x0002b850      0x108 /usr/lib/gcc/arm-linux-gnueabihf/4.6/../../../arm-linux-gnueabihf/crti.o
                0x0002b850                _DYNAMIC
                0x0002b958                . = DATA_SEGMENT_RELRO_END (., 0x0)

.got            0x0002b958      0x248
 *(.got.plt)
 .got.plt       0x0002b958      0x1d4 /usr/lib/gcc/arm-linux-gnueabihf/4.6/../../../arm-linux-gnueabihf/crti.o
                0x0002b958                _GLOBAL_OFFSET_TABLE_
 *(.igot.plt)
 .igot.plt      0x00000000        0x0 /usr/lib/gcc/arm-linux-gnueabihf/4.6/../../../arm-linux-gnueabihf/crti.o
 *(.got)
 .got           0x0002bb2c       0x74 /usr/lib/gcc/arm-linux-gnueabihf/4.6/../../../arm-linux-gnueabihf/crti.o
 *(.igot)

.data           0x0002bba0        0x4
                0x0002bba0                PROVIDE (__data_start, .)
 *(.data .data.* .gnu.linkonce.d.*)
 .data          0x0002bba0        0x0 /usr/lib/gcc/arm-linux-gnueabihf/4.6/../../../arm-linux-gnueabihf/crti.o
 .data          0x0002bba0        0x0 /usr/lib/gcc/arm-linux-gnueabihf/4.6/crtbeginS.o
 .data.rel      0x0002bba0        0x4 /usr/lib/gcc/arm-linux-gnueabihf/4.6/crtbeginS.o
                0x0002bba0                __dso_handle
 .data          0x0002bba4        0x0 ./TimerDevice/TimerDevice.o
 .data          0x0002bba4        0x0 ./ScreenButton/ScreenButton.o
 .data          0x0002bba4        0x0 ./Logical/AdnWidget.o
 .data          0x0002bba4        0x0 ./Logical/ComparatorWidget.o
 .data          0x0002bba4        0x0 ./Logical/ConstantWidget.o
 .data          0x0002bba4        0x0 ./Logical/CounterDevice.o
 .data          0x0002bba4        0x0 ./Logical/InverseDevice.o
 .data          0x0002bba4        0x0 ./Logical/OrDevice.o
 .data          0x0002bba4        0x0 ./Logical/RSTriggerDevice.o
 .data          0x0002bba4        0x0 ./Logical/SwitchBlock.o
 .data          0x0002bba4        0x0 ./Logical/XorDevice.o
 .data          0x0002bba4        0x0 ./GPOutputDevice/GPOutputDevice.o
 .data          0x0002bba4        0x0 ./GPInputDevice/GPIDevice.o
 .data          0x0002bba4        0x0 ./EntryPoint.o
 .data          0x0002bba4        0x0 ./DelayTimer/DelayTimer.o
 .data          0x0002bba4        0x0 ./ButtonDevice/ButtonDevice.o
 .data          0x0002bba4        0x0 ./ADCDevice/ADCDevice.o
 .data          0x0002bba4        0x0 ./CosmDevice/CosmDevice.o
 .data          0x0002bba4        0x0 /usr/lib/gcc/arm-linux-gnueabihf/4.6/crtendS.o
 .data          0x0002bba4        0x0 /usr/lib/gcc/arm-linux-gnueabihf/4.6/../../../arm-linux-gnueabihf/crtn.o

.data1
 *(.data1)
                0x0002bba4                _edata = .
                0x0002bba4                PROVIDE (edata, .)
                0x0002bba4                __bss_start = .
                0x0002bba4                __bss_start__ = .

.bss            0x0002bba4       0x4c
 *(.dynbss)
 .dynbss        0x00000000        0x0 /usr/lib/gcc/arm-linux-gnueabihf/4.6/../../../arm-linux-gnueabihf/crti.o
 *(.bss .bss.* .gnu.linkonce.b.*)
 .bss           0x0002bba4        0x0 /usr/lib/gcc/arm-linux-gnueabihf/4.6/../../../arm-linux-gnueabihf/crti.o
 .bss           0x0002bba4        0x1 /usr/lib/gcc/arm-linux-gnueabihf/4.6/crtbeginS.o
 *fill*         0x0002bba5        0x3 00
 .bss           0x0002bba8        0x4 ./TimerDevice/TimerDevice.o
 .bss           0x0002bbac        0x4 ./ScreenButton/ScreenButton.o
 .bss           0x0002bbb0        0x4 ./Logical/AdnWidget.o
 .bss           0x0002bbb4        0x4 ./Logical/ComparatorWidget.o
 .bss           0x0002bbb8        0x4 ./Logical/ConstantWidget.o
 .bss           0x0002bbbc        0x4 ./Logical/CounterDevice.o
 .bss           0x0002bbc0        0x4 ./Logical/InverseDevice.o
 .bss           0x0002bbc4        0x4 ./Logical/OrDevice.o
 .bss           0x0002bbc8        0x4 ./Logical/RSTriggerDevice.o
 .bss           0x0002bbcc        0x4 ./Logical/SwitchBlock.o
 .bss           0x0002bbd0        0x4 ./Logical/XorDevice.o
 .bss           0x0002bbd4        0x4 ./GPOutputDevice/GPOutputDevice.o
 .bss           0x0002bbd8        0x4 ./GPInputDevice/GPIDevice.o
 .bss           0x0002bbdc        0x4 ./EntryPoint.o
 .bss           0x0002bbe0        0x4 ./DelayTimer/DelayTimer.o
 .bss           0x0002bbe4        0x4 ./ButtonDevice/ButtonDevice.o
 .bss           0x0002bbe8        0x4 ./ADCDevice/ADCDevice.o
 .bss           0x0002bbec        0x4 ./CosmDevice/CosmDevice.o
 .bss           0x0002bbf0        0x0 /usr/lib/gcc/arm-linux-gnueabihf/4.6/crtendS.o
 .bss           0x0002bbf0        0x0 /usr/lib/gcc/arm-linux-gnueabihf/4.6/../../../arm-linux-gnueabihf/crtn.o
 *(COMMON)
                0x0002bbf0                . = ALIGN ((. != 0x0)?0x4:0x1)
                0x0002bbf0                _bss_end__ = .
                0x0002bbf0                __bss_end__ = .
                0x0002bbf0                . = ALIGN (0x4)
                0x0002bbf0                . = ALIGN (0x4)
                0x0002bbf0                __end__ = .
                0x0002bbf0                _end = .
                0x0002bbf0                PROVIDE (end, .)
                0x0002bbf0                . = DATA_SEGMENT_END (.)

.stab
 *(.stab)

.stabstr
 *(.stabstr)

.stab.excl
 *(.stab.excl)

.stab.exclstr
 *(.stab.exclstr)

.stab.index
 *(.stab.index)

.stab.indexstr
 *(.stab.indexstr)

.comment        0x00000000       0x22
 *(.comment)
 .comment       0x00000000       0x22 /usr/lib/gcc/arm-linux-gnueabihf/4.6/crtbeginS.o
                                 0x23 (size before relaxing)
 .comment       0x00000000       0x23 ./TimerDevice/TimerDevice.o
 .comment       0x00000000       0x23 ./ScreenButton/ScreenButton.o
 .comment       0x00000000       0x23 ./Logical/AdnWidget.o
 .comment       0x00000000       0x23 ./Logical/ComparatorWidget.o
 .comment       0x00000000       0x23 ./Logical/ConstantWidget.o
 .comment       0x00000000       0x23 ./Logical/CounterDevice.o
 .comment       0x00000000       0x23 ./Logical/InverseDevice.o
 .comment       0x00000000       0x23 ./Logical/OrDevice.o
 .comment       0x00000000       0x23 ./Logical/RSTriggerDevice.o
 .comment       0x00000000       0x23 ./Logical/SwitchBlock.o
 .comment       0x00000000       0x23 ./Logical/XorDevice.o
 .comment       0x00000000       0x23 ./GPOutputDevice/GPOutputDevice.o
 .comment       0x00000000       0x23 ./GPInputDevice/GPIDevice.o
 .comment       0x00000000       0x23 ./EntryPoint.o
 .comment       0x00000000       0x23 ./DelayTimer/DelayTimer.o
 .comment       0x00000000       0x23 ./ButtonDevice/ButtonDevice.o
 .comment       0x00000000       0x23 ./ADCDevice/ADCDevice.o
 .comment       0x00000000       0x23 ./CosmDevice/CosmDevice.o
 .comment       0x00000000       0x23 /usr/lib/gcc/arm-linux-gnueabihf/4.6/crtendS.o

.ARM.attributes
                0x00000000       0x31
 .ARM.attributes
                0x00000000       0x31 /usr/lib/gcc/arm-linux-gnueabihf/4.6/../../../arm-linux-gnueabihf/crti.o
 .ARM.attributes
                0x00000031       0x31 /usr/lib/gcc/arm-linux-gnueabihf/4.6/crtbeginS.o
 .ARM.attributes
                0x00000062       0x31 ./TimerDevice/TimerDevice.o
 .ARM.attributes
                0x00000093       0x31 ./ScreenButton/ScreenButton.o
 .ARM.attributes
                0x000000c4       0x31 ./Logical/AdnWidget.o
 .ARM.attributes
                0x000000f5       0x31 ./Logical/ComparatorWidget.o
 .ARM.attributes
                0x00000126       0x31 ./Logical/ConstantWidget.o
 .ARM.attributes
                0x00000157       0x31 ./Logical/CounterDevice.o
 .ARM.attributes
                0x00000188       0x31 ./Logical/InverseDevice.o
 .ARM.attributes
                0x000001b9       0x31 ./Logical/OrDevice.o
 .ARM.attributes
                0x000001ea       0x31 ./Logical/RSTriggerDevice.o
 .ARM.attributes
                0x0000021b       0x31 ./Logical/SwitchBlock.o
 .ARM.attributes
                0x0000024c       0x31 ./Logical/XorDevice.o
 .ARM.attributes
                0x0000027d       0x31 ./GPOutputDevice/GPOutputDevice.o
 .ARM.attributes
                0x000002ae       0x31 ./GPInputDevice/GPIDevice.o
 .ARM.attributes
                0x000002df       0x31 ./EntryPoint.o
 .ARM.attributes
                0x00000310       0x31 ./DelayTimer/DelayTimer.o
 .ARM.attributes
                0x00000341       0x31 ./ButtonDevice/ButtonDevice.o
 .ARM.attributes
                0x00000372       0x31 ./ADCDevice/ADCDevice.o
 .ARM.attributes
                0x000003a3       0x31 ./CosmDevice/CosmDevice.o
 .ARM.attributes
                0x000003d4       0x31 /usr/lib/gcc/arm-linux-gnueabihf/4.6/crtendS.o
 .ARM.attributes
                0x00000405       0x31 /usr/lib/gcc/arm-linux-gnueabihf/4.6/../../../arm-linux-gnueabihf/crtn.o

.debug
 *(.debug)

.line
 *(.line)

.debug_srcinfo
 *(.debug_srcinfo)

.debug_sfnames
 *(.debug_sfnames)

.debug_aranges  0x00000000      0x348
 *(.debug_aranges)
 .debug_aranges
                0x00000000       0x30 ./TimerDevice/TimerDevice.o
 .debug_aranges
                0x00000030       0x30 ./ScreenButton/ScreenButton.o
 .debug_aranges
                0x00000060       0x30 ./Logical/AdnWidget.o
 .debug_aranges
                0x00000090       0x30 ./Logical/ComparatorWidget.o
 .debug_aranges
                0x000000c0       0x30 ./Logical/ConstantWidget.o
 .debug_aranges
                0x000000f0       0x30 ./Logical/CounterDevice.o
 .debug_aranges
                0x00000120       0x30 ./Logical/InverseDevice.o
 .debug_aranges
                0x00000150       0x30 ./Logical/OrDevice.o
 .debug_aranges
                0x00000180       0x28 ./Logical/RSTriggerDevice.o
 .debug_aranges
                0x000001a8       0x28 ./Logical/SwitchBlock.o
 .debug_aranges
                0x000001d0       0x28 ./Logical/XorDevice.o
 .debug_aranges
                0x000001f8       0x30 ./GPOutputDevice/GPOutputDevice.o
 .debug_aranges
                0x00000228       0x30 ./GPInputDevice/GPIDevice.o
 .debug_aranges
                0x00000258       0x28 ./EntryPoint.o
 .debug_aranges
                0x00000280       0x30 ./DelayTimer/DelayTimer.o
 .debug_aranges
                0x000002b0       0x30 ./ButtonDevice/ButtonDevice.o
 .debug_aranges
                0x000002e0       0x30 ./ADCDevice/ADCDevice.o
 .debug_aranges
                0x00000310       0x38 ./CosmDevice/CosmDevice.o

.debug_pubnames
 *(.debug_pubnames)

.debug_info     0x00000000    0xb2353
 *(.debug_info .gnu.linkonce.wi.*)
 .debug_info    0x00000000     0xa725 ./TimerDevice/TimerDevice.o
 .debug_info    0x0000a725     0x7ecc ./ScreenButton/ScreenButton.o
 .debug_info    0x000125f1     0x7139 ./Logical/AdnWidget.o
 .debug_info    0x0001972a     0x8cbb ./Logical/ComparatorWidget.o
 .debug_info    0x000223e5     0x8a8d ./Logical/ConstantWidget.o
 .debug_info    0x0002ae72     0x9453 ./Logical/CounterDevice.o
 .debug_info    0x000342c5     0x7f8e ./Logical/InverseDevice.o
 .debug_info    0x0003c253     0x7139 ./Logical/OrDevice.o
 .debug_info    0x0004338c     0x6e5d ./Logical/RSTriggerDevice.o
 .debug_info    0x0004a1e9     0x6e6c ./Logical/SwitchBlock.o
 .debug_info    0x00051055     0x5a51 ./Logical/XorDevice.o
 .debug_info    0x00056aa6    0x13894 ./GPOutputDevice/GPOutputDevice.o
 .debug_info    0x0006a33a    0x12499 ./GPInputDevice/GPIDevice.o
 .debug_info    0x0007c7d3     0x3f0f ./EntryPoint.o
 .debug_info    0x000806e2     0xa665 ./DelayTimer/DelayTimer.o
 .debug_info    0x0008ad47     0xa879 ./ButtonDevice/ButtonDevice.o
 .debug_info    0x000955c0    0x11914 ./ADCDevice/ADCDevice.o
 .debug_info    0x000a6ed4     0xb47f ./CosmDevice/CosmDevice.o

.debug_abbrev   0x00000000     0xa442
 *(.debug_abbrev)
 .debug_abbrev  0x00000000      0x9a5 ./TimerDevice/TimerDevice.o
 .debug_abbrev  0x000009a5      0x92a ./ScreenButton/ScreenButton.o
 .debug_abbrev  0x000012cf      0x916 ./Logical/AdnWidget.o
 .debug_abbrev  0x00001be5      0x94c ./Logical/ComparatorWidget.o
 .debug_abbrev  0x00002531      0x92f ./Logical/ConstantWidget.o
 .debug_abbrev  0x00002e60      0x916 ./Logical/CounterDevice.o
 .debug_abbrev  0x00003776      0x926 ./Logical/InverseDevice.o
 .debug_abbrev  0x0000409c      0x916 ./Logical/OrDevice.o
 .debug_abbrev  0x000049b2      0x89a ./Logical/RSTriggerDevice.o
 .debug_abbrev  0x0000524c      0x89a ./Logical/SwitchBlock.o
 .debug_abbrev  0x00005ae6      0x8aa ./Logical/XorDevice.o
 .debug_abbrev  0x00006390      0x9cf ./GPOutputDevice/GPOutputDevice.o
 .debug_abbrev  0x00006d5f      0x9b9 ./GPInputDevice/GPIDevice.o
 .debug_abbrev  0x00007718      0x6b0 ./EntryPoint.o
 .debug_abbrev  0x00007dc8      0x9a5 ./DelayTimer/DelayTimer.o
 .debug_abbrev  0x0000876d      0x975 ./ButtonDevice/ButtonDevice.o
 .debug_abbrev  0x000090e2      0x9bf ./ADCDevice/ADCDevice.o
 .debug_abbrev  0x00009aa1      0x9a1 ./CosmDevice/CosmDevice.o

.debug_line     0x00000000    0x14f4e
 *(.debug_line)
 .debug_line    0x00000000     0x1251 ./TimerDevice/TimerDevice.o
 .debug_line    0x00001251      0xf13 ./ScreenButton/ScreenButton.o
 .debug_line    0x00002164      0xfaa ./Logical/AdnWidget.o
 .debug_line    0x0000310e     0x11bf ./Logical/ComparatorWidget.o
 .debug_line    0x000042cd     0x1120 ./Logical/ConstantWidget.o
 .debug_line    0x000053ed     0x131f ./Logical/CounterDevice.o
 .debug_line    0x0000670c      0xf37 ./Logical/InverseDevice.o
 .debug_line    0x00007643      0xfa7 ./Logical/OrDevice.o
 .debug_line    0x000085ea      0xd5d ./Logical/RSTriggerDevice.o
 .debug_line    0x00009347      0xd58 ./Logical/SwitchBlock.o
 .debug_line    0x0000a09f      0xce5 ./Logical/XorDevice.o
 .debug_line    0x0000ad84     0x2308 ./GPOutputDevice/GPOutputDevice.o
 .debug_line    0x0000d08c     0x1ac7 ./GPInputDevice/GPIDevice.o
 .debug_line    0x0000eb53     0x1025 ./EntryPoint.o
 .debug_line    0x0000fb78     0x122d ./DelayTimer/DelayTimer.o
 .debug_line    0x00010da5     0x10e3 ./ButtonDevice/ButtonDevice.o
 .debug_line    0x00011e88     0x1924 ./ADCDevice/ADCDevice.o
 .debug_line    0x000137ac     0x17a2 ./CosmDevice/CosmDevice.o

.debug_frame    0x00000000     0x1a14
 *(.debug_frame)
 .debug_frame   0x00000000      0x214 ./TimerDevice/TimerDevice.o
 .debug_frame   0x00000214      0x15c ./ScreenButton/ScreenButton.o
 .debug_frame   0x00000370      0x144 ./Logical/AdnWidget.o
 .debug_frame   0x000004b4      0x19c ./Logical/ComparatorWidget.o
 .debug_frame   0x00000650      0x18c ./Logical/ConstantWidget.o
 .debug_frame   0x000007dc      0x168 ./Logical/CounterDevice.o
 .debug_frame   0x00000944      0x140 ./Logical/InverseDevice.o
 .debug_frame   0x00000a84      0x144 ./Logical/OrDevice.o
 .debug_frame   0x00000bc8       0xfc ./Logical/RSTriggerDevice.o
 .debug_frame   0x00000cc4       0xf8 ./Logical/SwitchBlock.o
 .debug_frame   0x00000dbc       0xf4 ./Logical/XorDevice.o
 .debug_frame   0x00000eb0      0x220 ./GPOutputDevice/GPOutputDevice.o
 .debug_frame   0x000010d0      0x1fc ./GPInputDevice/GPIDevice.o
 .debug_frame   0x000012cc       0x54 ./EntryPoint.o
 .debug_frame   0x00001320      0x1e8 ./DelayTimer/DelayTimer.o
 .debug_frame   0x00001508      0x168 ./ButtonDevice/ButtonDevice.o
 .debug_frame   0x00001670      0x1e4 ./ADCDevice/ADCDevice.o
 .debug_frame   0x00001854      0x1c0 ./CosmDevice/CosmDevice.o

.debug_str      0x00000000     0xee0a
 *(.debug_str)
 .debug_str     0x00000000     0x5bd6 ./TimerDevice/TimerDevice.o
                               0x5fcf (size before relaxing)
 .debug_str     0x00005bd6      0x163 ./ScreenButton/ScreenButton.o
                               0x4c8f (size before relaxing)
 .debug_str     0x00005d39      0x145 ./Logical/AdnWidget.o
                               0x3da5 (size before relaxing)
 .debug_str     0x00005e7e      0x2cc ./Logical/ComparatorWidget.o
                               0x4dff (size before relaxing)
 .debug_str     0x0000614a      0x202 ./Logical/ConstantWidget.o
                               0x4d2b (size before relaxing)
 .debug_str     0x0000634c      0x1dd ./Logical/CounterDevice.o
                               0x4d1a (size before relaxing)
 .debug_str     0x00006529      0x135 ./Logical/InverseDevice.o
                               0x4c65 (size before relaxing)
 .debug_str     0x0000665e       0xfc ./Logical/OrDevice.o
                               0x3d9a (size before relaxing)
 .debug_str     0x0000675a      0x130 ./Logical/RSTriggerDevice.o
                               0x49e8 (size before relaxing)
 .debug_str     0x0000688a      0x147 ./Logical/SwitchBlock.o
                               0x49d7 (size before relaxing)
 .debug_str     0x000069d1       0xe7 ./Logical/XorDevice.o
                               0x3af5 (size before relaxing)
 .debug_str     0x00006ab8     0x4751 ./GPOutputDevice/GPOutputDevice.o
                               0x93b0 (size before relaxing)
 .debug_str     0x0000b209      0x83d ./GPInputDevice/GPIDevice.o
                               0x9976 (size before relaxing)
 .debug_str     0x0000ba46     0x13c6 ./EntryPoint.o
                               0x246b (size before relaxing)
 .debug_str     0x0000ce0c      0x207 ./DelayTimer/DelayTimer.o
                               0x5f4e (size before relaxing)
 .debug_str     0x0000d013      0x1f9 ./ButtonDevice/ButtonDevice.o
                               0x623a (size before relaxing)
 .debug_str     0x0000d20c      0x1cf ./ADCDevice/ADCDevice.o
                               0x98bc (size before relaxing)
 .debug_str     0x0000d3db     0x1a2f ./CosmDevice/CosmDevice.o
                               0x65b5 (size before relaxing)

.debug_loc      0x00000000    0x55268
 *(.debug_loc)
 .debug_loc     0x00000000     0x4fe4 ./TimerDevice/TimerDevice.o
 .debug_loc     0x00004fe4     0x2a53 ./ScreenButton/ScreenButton.o
 .debug_loc     0x00007a37     0x3056 ./Logical/AdnWidget.o
 .debug_loc     0x0000aa8d     0x4537 ./Logical/ComparatorWidget.o
 .debug_loc     0x0000efc4     0x48ba ./Logical/ConstantWidget.o
 .debug_loc     0x0001387e     0x6eeb ./Logical/CounterDevice.o
 .debug_loc     0x0001a769     0x2cc2 ./Logical/InverseDevice.o
 .debug_loc     0x0001d42b     0x3056 ./Logical/OrDevice.o
 .debug_loc     0x00020481     0x1733 ./Logical/RSTriggerDevice.o
 .debug_loc     0x00021bb4     0x1737 ./Logical/SwitchBlock.o
 .debug_loc     0x000232eb      0xfb8 ./Logical/XorDevice.o
 .debug_loc     0x000242a3     0xe799 ./GPOutputDevice/GPOutputDevice.o
 .debug_loc     0x00032a3c     0x8641 ./GPInputDevice/GPIDevice.o
 .debug_loc     0x0003b07d      0xaa7 ./EntryPoint.o
 .debug_loc     0x0003bb24     0x4f24 ./DelayTimer/DelayTimer.o
 .debug_loc     0x00040a48     0x3f19 ./ButtonDevice/ButtonDevice.o
 .debug_loc     0x00044961     0x787d ./ADCDevice/ADCDevice.o
 .debug_loc     0x0004c1de     0x908a ./CosmDevice/CosmDevice.o

.debug_macinfo  0x00000000   0x12c7b5
 *(.debug_macinfo)
 .debug_macinfo
                0x00000000    0x11023 ./TimerDevice/TimerDevice.o
 .debug_macinfo
                0x00011023     0xfff3 ./ScreenButton/ScreenButton.o
 .debug_macinfo
                0x00021016    0x1002e ./Logical/AdnWidget.o
 .debug_macinfo
                0x00031044     0xff4e ./Logical/ComparatorWidget.o
 .debug_macinfo
                0x00040f92     0xff6b ./Logical/ConstantWidget.o
 .debug_macinfo
                0x00050efd    0x1014f ./Logical/CounterDevice.o
 .debug_macinfo
                0x0006104c     0xff2f ./Logical/InverseDevice.o
 .debug_macinfo
                0x00070f7b    0x10099 ./Logical/OrDevice.o
 .debug_macinfo
                0x00081014    0x100ed ./Logical/RSTriggerDevice.o
 .debug_macinfo
                0x00091101     0xffe9 ./Logical/SwitchBlock.o
 .debug_macinfo
                0x000a10ea    0x100d8 ./Logical/XorDevice.o
 .debug_macinfo
                0x000b11c2     0xff4f ./GPOutputDevice/GPOutputDevice.o
 .debug_macinfo
                0x000c1111    0x1002c ./GPInputDevice/GPIDevice.o
 .debug_macinfo
                0x000d113d    0x160cf ./EntryPoint.o
 .debug_macinfo
                0x000e720c    0x1104d ./DelayTimer/DelayTimer.o
 .debug_macinfo
                0x000f8259     0xff5e ./ButtonDevice/ButtonDevice.o
 .debug_macinfo
                0x001081b7     0xffc8 ./ADCDevice/ADCDevice.o
 .debug_macinfo
                0x0011817f    0x14636 ./CosmDevice/CosmDevice.o

.debug_weaknames
 *(.debug_weaknames)

.debug_funcnames
 *(.debug_funcnames)

.debug_typenames
 *(.debug_typenames)

.debug_varnames
 *(.debug_varnames)

.debug_pubtypes
 *(.debug_pubtypes)

.debug_ranges   0x00000000    0x13090
 *(.debug_ranges)
 .debug_ranges  0x00000000      0xf30 ./TimerDevice/TimerDevice.o
 .debug_ranges  0x00000f30      0x8f8 ./ScreenButton/ScreenButton.o
 .debug_ranges  0x00001828      0xb40 ./Logical/AdnWidget.o
 .debug_ranges  0x00002368      0xe08 ./Logical/ComparatorWidget.o
 .debug_ranges  0x00003170      0xca8 ./Logical/ConstantWidget.o
 .debug_ranges  0x00003e18     0x10e8 ./Logical/CounterDevice.o
 .debug_ranges  0x00004f00      0x9e0 ./Logical/InverseDevice.o
 .debug_ranges  0x000058e0      0xb40 ./Logical/OrDevice.o
 .debug_ranges  0x00006420      0x5e8 ./Logical/RSTriggerDevice.o
 .debug_ranges  0x00006a08      0x5e8 ./Logical/SwitchBlock.o
 .debug_ranges  0x00006ff0      0x4e0 ./Logical/XorDevice.o
 .debug_ranges  0x000074d0     0x3988 ./GPOutputDevice/GPOutputDevice.o
 .debug_ranges  0x0000ae58     0x2690 ./GPInputDevice/GPIDevice.o
 .debug_ranges  0x0000d4e8      0x340 ./EntryPoint.o
 .debug_ranges  0x0000d828      0xf28 ./DelayTimer/DelayTimer.o
 .debug_ranges  0x0000e750      0xd50 ./ButtonDevice/ButtonDevice.o
 .debug_ranges  0x0000f4a0     0x23a0 ./ADCDevice/ADCDevice.o
 .debug_ranges  0x00011840     0x1850 ./CosmDevice/CosmDevice.o

.gnu.attributes
 *(.gnu.attributes)

.note.gnu.arm.ident
 *(.note.gnu.arm.ident)

/DISCARD/
 *(.note.GNU-stack)
 *(.gnu_debuglink)
 *(.gnu.lto_*)
OUTPUT(libDevices.so elf32-littlearm)
