
Discarded input sections

 .note.GNU-stack
                0x00000000        0x0 /home/developer/CodeSourcery/Sourcery_CodeBench_for_ARM_GNU_Linux/bin/../arm-none-linux-gnueabi/libc/usr/lib/crti.o
 .note.GNU-stack
                0x00000000        0x0 /home/developer/CodeSourcery/Sourcery_CodeBench_for_ARM_GNU_Linux/bin/../lib/gcc/arm-none-linux-gnueabi/4.6.1/crtbeginS.o
 .group         0x00000000       0x10 ./TimerDevice/TimerDevice.o
 .group         0x00000000       0x10 ./TimerDevice/TimerDevice.o
 .group         0x00000000       0x10 ./TimerDevice/TimerDevice.o
 .group         0x00000000       0x10 ./TimerDevice/TimerDevice.o
 .group         0x00000000       0x10 ./TimerDevice/TimerDevice.o
 .group         0x00000000       0x10 ./TimerDevice/TimerDevice.o
 .group         0x00000000       0x10 ./TimerDevice/TimerDevice.o
 .group         0x00000000       0x10 ./TimerDevice/TimerDevice.o
 .group         0x00000000       0x10 ./TimerDevice/TimerDevice.o
 .group         0x00000000       0x10 ./TimerDevice/TimerDevice.o
 .group         0x00000000       0x10 ./TimerDevice/TimerDevice.o
 .group         0x00000000       0x10 ./TimerDevice/TimerDevice.o
 .group         0x00000000       0x10 ./TimerDevice/TimerDevice.o
 .group         0x00000000       0x10 ./TimerDevice/TimerDevice.o
 .group         0x00000000       0x10 ./TimerDevice/TimerDevice.o
 .group         0x00000000       0x10 ./TimerDevice/TimerDevice.o
 .group         0x00000000       0x10 ./TimerDevice/TimerDevice.o
 .group         0x00000000       0x10 ./TimerDevice/TimerDevice.o
 .group         0x00000000       0x10 ./TimerDevice/TimerDevice.o
 .group         0x00000000       0x10 ./TimerDevice/TimerDevice.o
 .group         0x00000000       0x10 ./TimerDevice/TimerDevice.o
 .group         0x00000000       0x10 ./TimerDevice/TimerDevice.o
 .group         0x00000000       0x10 ./TimerDevice/TimerDevice.o
 .group         0x00000000       0x10 ./TimerDevice/TimerDevice.o
 .group         0x00000000       0x10 ./TimerDevice/TimerDevice.o
 .group         0x00000000       0x10 ./TimerDevice/TimerDevice.o
 .group         0x00000000       0x10 ./TimerDevice/TimerDevice.o
 .group         0x00000000       0x10 ./TimerDevice/TimerDevice.o
 .group         0x00000000       0x10 ./TimerDevice/TimerDevice.o
 .group         0x00000000       0x10 ./TimerDevice/TimerDevice.o
 .group         0x00000000       0x10 ./TimerDevice/TimerDevice.o
 .group         0x00000000       0x10 ./TimerDevice/TimerDevice.o
 .group         0x00000000       0x10 ./TimerDevice/TimerDevice.o
 .group         0x00000000       0x10 ./TimerDevice/TimerDevice.o
 .group         0x00000000       0x10 ./TimerDevice/TimerDevice.o
 .group         0x00000000       0x10 ./TimerDevice/TimerDevice.o
 .group         0x00000000       0x10 ./TimerDevice/TimerDevice.o
 .group         0x00000000       0x10 ./TimerDevice/TimerDevice.o
 .group         0x00000000       0x10 ./TimerDevice/TimerDevice.o
 .group         0x00000000       0x10 ./TimerDevice/TimerDevice.o
 .group         0x00000000       0x10 ./TimerDevice/TimerDevice.o
 .group         0x00000000       0x10 ./TimerDevice/TimerDevice.o
 .group         0x00000000       0x10 ./TimerDevice/TimerDevice.o
 .group         0x00000000       0x10 ./TimerDevice/TimerDevice.o
 .group         0x00000000       0x10 ./TimerDevice/TimerDevice.o
 .group         0x00000000       0x10 ./TimerDevice/TimerDevice.o
 .group         0x00000000       0x10 ./TimerDevice/TimerDevice.o
 .group         0x00000000       0x10 ./TimerDevice/TimerDevice.o
 .group         0x00000000       0x10 ./TimerDevice/TimerDevice.o
 .group         0x00000000       0x10 ./TimerDevice/TimerDevice.o
 .group         0x00000000       0x10 ./TimerDevice/TimerDevice.o
 .group         0x00000000       0x10 ./TimerDevice/TimerDevice.o
 .note.GNU-stack
                0x00000000        0x0 ./TimerDevice/TimerDevice.o
 .group         0x00000000       0x10 ./ScreenButton/ScreenButton.o
 .group         0x00000000       0x10 ./ScreenButton/ScreenButton.o
 .group         0x00000000       0x10 ./ScreenButton/ScreenButton.o
 .group         0x00000000       0x10 ./ScreenButton/ScreenButton.o
 .group         0x00000000       0x10 ./ScreenButton/ScreenButton.o
 .group         0x00000000       0x10 ./ScreenButton/ScreenButton.o
 .group         0x00000000       0x10 ./ScreenButton/ScreenButton.o
 .group         0x00000000       0x10 ./ScreenButton/ScreenButton.o
 .group         0x00000000       0x10 ./ScreenButton/ScreenButton.o
 .group         0x00000000       0x10 ./ScreenButton/ScreenButton.o
 .group         0x00000000       0x10 ./ScreenButton/ScreenButton.o
 .group         0x00000000       0x10 ./ScreenButton/ScreenButton.o
 .group         0x00000000       0x10 ./ScreenButton/ScreenButton.o
 .group         0x00000000       0x10 ./ScreenButton/ScreenButton.o
 .group         0x00000000       0x10 ./ScreenButton/ScreenButton.o
 .group         0x00000000       0x10 ./ScreenButton/ScreenButton.o
[...]
Memory Configuration

Name             Origin             Length             Attributes
*default*        0x00000000         0xffffffff

Linker script and memory map

LOAD /home/developer/CodeSourcery/Sourcery_CodeBench_for_ARM_GNU_Linux/bin/../arm-none-linux-gnueabi/libc/usr/lib/crti.o
LOAD /home/developer/CodeSourcery/Sourcery_CodeBench_for_ARM_GNU_Linux/bin/../lib/gcc/arm-none-linux-gnueabi/4.6.1/crtbeginS.o
LOAD ./TimerDevice/TimerDevice.o
LOAD ./ScreenButton/ScreenButton.o
LOAD ./Logical/AdnWidget.o
LOAD ./Logical/ComparatorWidget.o
LOAD ./Logical/ConstantWidget.o
LOAD ./Logical/CounterDevice.o
LOAD ./Logical/InverseDevice.o
LOAD ./Logical/OrDevice.o
LOAD ./Logical/RSTriggerDevice.o
LOAD ./Logical/SwitchBlock.o
LOAD ./Logical/XorDevice.o
LOAD ./GPOutputDevice/GPOutputDevice.o
LOAD ./GPInputDevice/GPIDevice.o
LOAD ./EntryPoint.o
LOAD ./DelayTimer/DelayTimer.o
LOAD ./ButtonDevice/ButtonDevice.o
LOAD ./ADCDevice/ADCDevice.o
LOAD ../../Common/Debug/libCommon.so
LOAD /home/developer/CodeSourcery/Sourcery_CodeBench_for_ARM_GNU_Linux/bin/../arm-none-linux-gnueabi/libc/usr/lib/libstdc++.so
LOAD /home/developer/CodeSourcery/Sourcery_CodeBench_for_ARM_GNU_Linux/bin/../arm-none-linux-gnueabi/libc/usr/lib/libm.so
LOAD /home/developer/CodeSourcery/Sourcery_CodeBench_for_ARM_GNU_Linux/bin/../arm-none-linux-gnueabi/libc/lib/libgcc_s.so
START GROUP
LOAD /home/developer/CodeSourcery/Sourcery_CodeBench_for_ARM_GNU_Linux/bin/../arm-none-linux-gnueabi/libc/lib/libgcc_s.so.1
LOAD /home/developer/CodeSourcery/Sourcery_CodeBench_for_ARM_GNU_Linux/bin/../lib/gcc/arm-none-linux-gnueabi/4.6.1/libgcc.a
END GROUP
LOAD /home/developer/CodeSourcery/Sourcery_CodeBench_for_ARM_GNU_Linux/bin/../arm-none-linux-gnueabi/libc/usr/lib/libc.so
START GROUP
LOAD /home/developer/CodeSourcery/Sourcery_CodeBench_for_ARM_GNU_Linux/bin/../arm-none-linux-gnueabi/libc/lib/libc.so.6
LOAD /home/developer/CodeSourcery/Sourcery_CodeBench_for_ARM_GNU_Linux/bin/../arm-none-linux-gnueabi/libc/usr/lib/libc_nonshared.a
LOAD /home/developer/CodeSourcery/Sourcery_CodeBench_for_ARM_GNU_Linux/bin/../arm-none-linux-gnueabi/libc/lib/ld-linux.so.3
END GROUP
LOAD /home/developer/CodeSourcery/Sourcery_CodeBench_for_ARM_GNU_Linux/bin/../arm-none-linux-gnueabi/libc/lib/libgcc_s.so
START GROUP
LOAD /home/developer/CodeSourcery/Sourcery_CodeBench_for_ARM_GNU_Linux/bin/../arm-none-linux-gnueabi/libc/lib/libgcc_s.so.1
LOAD /home/developer/CodeSourcery/Sourcery_CodeBench_for_ARM_GNU_Linux/bin/../lib/gcc/arm-none-linux-gnueabi/4.6.1/libgcc.a
END GROUP
LOAD /home/developer/CodeSourcery/Sourcery_CodeBench_for_ARM_GNU_Linux/bin/../lib/gcc/arm-none-linux-gnueabi/4.6.1/crtendS.o
LOAD /home/developer/CodeSourcery/Sourcery_CodeBench_for_ARM_GNU_Linux/bin/../arm-none-linux-gnueabi/libc/usr/lib/crtn.o
                0x000000d4                . = (0x0 + SIZEOF_HEADERS)

.note.gnu.build-id
 *(.note.gnu.build-id)

.hash           0x000000d4     0x13f8
 *(.hash)
 .hash          0x000000d4     0x13f8 /home/developer/CodeSourcery/Sourcery_CodeBench_for_ARM_GNU_Linux/bin/../arm-none-linux-gnueabi/libc/usr/lib/crti.o

.gnu.hash
 *(.gnu.hash)

.dynsym         0x000014cc     0x2f30
 *(.dynsym)
 .dynsym        0x000014cc     0x2f30 /home/developer/CodeSourcery/Sourcery_CodeBench_for_ARM_GNU_Linux/bin/../arm-none-linux-gnueabi/libc/usr/lib/crti.o

.dynstr         0x000043fc     0x733d
 *(.dynstr)
 .dynstr        0x000043fc     0x733d /home/developer/CodeSourcery/Sourcery_CodeBench_for_ARM_GNU_Linux/bin/../arm-none-linux-gnueabi/libc/usr/lib/crti.o

.gnu.version    0x0000b73a      0x5e6
 *(.gnu.version)
 .gnu.version   0x0000b73a      0x5e6 /home/developer/CodeSourcery/Sourcery_CodeBench_for_ARM_GNU_Linux/bin/../arm-none-linux-gnueabi/libc/usr/lib/crti.o

.gnu.version_d  0x0000bd20        0x0
 *(.gnu.version_d)
 .gnu.version_d
                0x00000000        0x0 /home/developer/CodeSourcery/Sourcery_CodeBench_for_ARM_GNU_Linux/bin/../arm-none-linux-gnueabi/libc/usr/lib/crti.o

.gnu.version_r  0x0000bd20       0x90
 *(.gnu.version_r)
 .gnu.version_r
                0x0000bd20       0x90 /home/developer/CodeSourcery/Sourcery_CodeBench_for_ARM_GNU_Linux/bin/../arm-none-linux-gnueabi/libc/usr/lib/crti.o

.rel.dyn        0x0000bdb0      0xfe8
 *(.rel.init)
 *(.rel.text .rel.text.* .rel.gnu.linkonce.t.*)
 .rel.text      0x00000000        0x0 /home/developer/CodeSourcery/Sourcery_CodeBench_for_ARM_GNU_Linux/bin/../arm-none-linux-gnueabi/libc/usr/lib/crti.o
 *(.rel.fini)
 *(.rel.rodata .rel.rodata.* .rel.gnu.linkonce.r.*)
 *(.rel.data.rel.ro* .rel.gnu.linkonce.d.rel.ro.*)
 .rel.data.rel.ro
                0x0000bdb0      0xe00 /home/developer/CodeSourcery/Sourcery_CodeBench_for_ARM_GNU_Linux/bin/../arm-none-linux-gnueabi/libc/usr/lib/crti.o
 .rel.data.rel.ro.local
                0x0000cbb0       0x80 /home/developer/CodeSourcery/Sourcery_CodeBench_for_ARM_GNU_Linux/bin/../arm-none-linux-gnueabi/libc/usr/lib/crti.o
 *(.rel.data .rel.data.* .rel.gnu.linkonce.d.*)
 .rel.data.rel  0x0000cc30        0x8 /home/developer/CodeSourcery/Sourcery_CodeBench_for_ARM_GNU_Linux/bin/../arm-none-linux-gnueabi/libc/usr/lib/crti.o
 *(.rel.tdata .rel.tdata.* .rel.gnu.linkonce.td.*)
 *(.rel.tbss .rel.tbss.* .rel.gnu.linkonce.tb.*)
 *(.rel.ctors)
 *(.rel.dtors)
 *(.rel.got)
 .rel.got       0x0000cc38       0xc8 /home/developer/CodeSourcery/Sourcery_CodeBench_for_ARM_GNU_Linux/bin/../arm-none-linux-gnueabi/libc/usr/lib/crti.o
 *(.rel.bss .rel.bss.* .rel.gnu.linkonce.b.*)
 *(.rel.iplt)
 .rel.iplt      0x00000000        0x0 /home/developer/CodeSourcery/Sourcery_CodeBench_for_ARM_GNU_Linux/bin/../arm-none-linux-gnueabi/libc/usr/lib/crti.o
 .rel.init_array
                0x0000cd00       0x90 /home/developer/CodeSourcery/Sourcery_CodeBench_for_ARM_GNU_Linux/bin/../arm-none-linux-gnueabi/libc/usr/lib/crti.o
 .rel.fini_array
                0x0000cd90        0x8 /home/developer/CodeSourcery/Sourcery_CodeBench_for_ARM_GNU_Linux/bin/../arm-none-linux-gnueabi/libc/usr/lib/crti.o

.rela.dyn
 *(.rela.init)
 *(.rela.text .rela.text.* .rela.gnu.linkonce.t.*)
 *(.rela.fini)
 *(.rela.rodata .rela.rodata.* .rela.gnu.linkonce.r.*)
 *(.rela.data .rela.data.* .rela.gnu.linkonce.d.*)
 *(.rela.tdata .rela.tdata.* .rela.gnu.linkonce.td.*)
 *(.rela.tbss .rela.tbss.* .rela.gnu.linkonce.tb.*)
 *(.rela.ctors)
 *(.rela.dtors)
 *(.rela.got)
 *(.rela.bss .rela.bss.* .rela.gnu.linkonce.b.*)
 *(.rela.iplt)

.rel.plt        0x0000cd98      0xb80
 *(.rel.plt)
 .rel.plt       0x0000cd98      0xb80 /home/developer/CodeSourcery/Sourcery_CodeBench_for_ARM_GNU_Linux/bin/../arm-none-linux-gnueabi/libc/usr/lib/crti.o

.rela.plt
 *(.rela.plt)

.init           0x0000d918        0xc
 *(.init)
 .init          0x0000d918        0x8 /home/developer/CodeSourcery/Sourcery_CodeBench_for_ARM_GNU_Linux/bin/../arm-none-linux-gnueabi/libc/usr/lib/crti.o
                0x0000d918                _init
 .init          0x0000d920        0x4 /home/developer/CodeSourcery/Sourcery_CodeBench_for_ARM_GNU_Linux/bin/../arm-none-linux-gnueabi/libc/usr/lib/crtn.o

.plt            0x0000d924     0x1154
 *(.plt)
 .plt           0x0000d924     0x1154 /home/developer/CodeSourcery/Sourcery_CodeBench_for_ARM_GNU_Linux/bin/../arm-none-linux-gnueabi/libc/usr/lib/crti.o

.iplt           0x0000ea78        0x0
 *(.iplt)
 .iplt          0x00000000        0x0 /home/developer/CodeSourcery/Sourcery_CodeBench_for_ARM_GNU_Linux/bin/../arm-none-linux-gnueabi/libc/usr/lib/crti.o

.text           0x0000ea78    0x12920
 *(.text.unlikely .text.*_unlikely)
 *(.text.exit .text.exit.*)
 *(.text.startup .text.startup.*)
 *(.text.hot .text.hot.*)
 *(.text .stub .text.* .gnu.linkonce.t.*)
 .text          0x0000ea78       0x24 /home/developer/CodeSourcery/Sourcery_CodeBench_for_ARM_GNU_Linux/bin/../arm-none-linux-gnueabi/libc/usr/lib/crti.o
 .text          0x0000ea9c       0xa8 /home/developer/CodeSourcery/Sourcery_CodeBench_for_ARM_GNU_Linux/bin/../lib/gcc/arm-none-linux-gnueabi/4.6.1/crtbeginS.o
 .text          0x0000eb44     0x12a4 ./TimerDevice/TimerDevice.o
                0x0000eb44                TimerDevice::TimerDevice()
                0x0000eb44                TimerDevice::TimerDevice()
                0x0000f2fc                TimerDevice::~TimerDevice()
                0x0000f2fc                TimerDevice::~TimerDevice()
                0x0000f378                TimerDevice::~TimerDevice()
                0x0000f3a8                TimerDevice::ReleaseResources()
                0x0000f3c8                TimerDevice::CalculateOutputs()
                0x0000f598                TimerDevice::WidgetInitialized()
                0x0000f5d4                TimerThreadRun(void*)
                0x0000f784                TimerDevice::StartThread()
                0x0000f880                TimerDevice::StopThread()
                0x0000f8f0                TimerDevice::Type()
                0x0000f91c                TimerDevice::Version()
                0x0000f948                TimerDevice::Description()
                0x0000f974                TimerDevice::GroupName()
                0x0000f9a0                TimerDevice::CreateInstance()
                0x0000f9e8                TimerDevice::InitializeFromDescriptor(std::list<PropertyDescriptor, std::allocator<PropertyDescriptor> >)
                0x0000fad0                TimerDevice::GetParameter(std::string)
                0x0000fc68                TimerDevice::SetParameter(std::string, void*)
 .text._ZnwjPv  0x0000fde8       0x28 ./TimerDevice/TimerDevice.o
                0x0000fde8                operator new(unsigned int, void*)
 .text._ZN15DeviceParameter4InitEv
                0x0000fe10      0x1bc ./TimerDevice/TimerDevice.o
                0x0000fe10                DeviceParameter::Init()
 .text._ZN15DeviceParameterC2Ev
                0x0000ffcc       0xd4 ./TimerDevice/TimerDevice.o
                0x0000ffcc                DeviceParameter::DeviceParameter()
                0x0000ffcc                DeviceParameter::DeviceParameter()
 .text._ZN15DeviceParameterC2ESs16AgilartDataTypesPvSs
                0x000100a0      0x144 ./TimerDevice/TimerDevice.o
                0x000100a0                DeviceParameter::DeviceParameter(std::string, AgilartDataTypes, void*, std::string)
                0x000100a0                DeviceParameter::DeviceParameter(std::string, AgilartDataTypes, void*, std::string)
 .text._ZN15DeviceParameterC2ESsSsSsSs
                0x000101e4      0x108 ./TimerDevice/TimerDevice.o
                0x000101e4                DeviceParameter::DeviceParameter(std::string, std::string, std::string, std::string)
                0x000101e4                DeviceParameter::DeviceParameter(std::string, std::string, std::string, std::string)
 .text._ZN15DeviceParameterC2ERKS_
                0x000102ec      0x13c ./TimerDevice/TimerDevice.o
                0x000102ec                DeviceParameter::DeviceParameter(DeviceParameter const&)
                0x000102ec                DeviceParameter::DeviceParameter(DeviceParameter const&)
 .text._ZN15DeviceParameterD2Ev
                0x00010428       0x94 ./TimerDevice/TimerDevice.o
                0x00010428                DeviceParameter::~DeviceParameter()
                0x00010428                DeviceParameter::~DeviceParameter()
 .text._ZNSt14_List_iteratorI18PropertyDescriptorEC2Ev
                0x000104bc       0x30 ./TimerDevice/TimerDevice.o
                0x000104bc                std::_List_iterator<PropertyDescriptor>::_List_iterator()
                0x000104bc                std::_List_iterator<PropertyDescriptor>::_List_iterator()
 .text._ZNSt4listI18PropertyDescriptorSaIS0_EE5beginEv
                0x000104ec       0x38 ./TimerDevice/TimerDevice.o
                0x000104ec                std::list<PropertyDescriptor, std::allocator<PropertyDescriptor> >::begin()
 .text._ZNSt4listI18PropertyDescriptorSaIS0_EE3endEv
                0x00010524       0x34 ./TimerDevice/TimerDevice.o
                0x00010524                std::list<PropertyDescriptor, std::allocator<PropertyDescriptor> >::end()
 .text._ZNKSt14_List_iteratorI18PropertyDescriptorEneERKS1_
                0x00010558       0x44 ./TimerDevice/TimerDevice.o
                0x00010558                std::_List_iterator<PropertyDescriptor>::operator!=(std::_List_iterator<PropertyDescriptor> const&) const
 .text._ZNSt14_List_iteratorI18PropertyDescriptorEppEi
                0x0001059c       0x48 ./TimerDevice/TimerDevice.o
                0x0001059c                std::_List_iterator<PropertyDescriptor>::operator++(int)
 .text._ZNKSt14_List_iteratorI18PropertyDescriptorEdeEv
                0x000105e4       0x2c ./TimerDevice/TimerDevice.o
                0x000105e4                std::_List_iterator<PropertyDescriptor>::operator*() const
 .text._ZSteqIcSt11char_traitsIcESaIcEEbRKSbIT_T0_T1_EPKS3_
                0x00010610       0x40 ./TimerDevice/TimerDevice.o
                0x00010610                bool std::operator==<char, std::char_traits<char>, std::allocator<char> >(std::basic_string<char, std::char_traits<char>, std::allocator<char> > const&, char const*)
 .text._ZNSt4listIP15ConnectionPointSaIS1_EEC2Ev
                0x00010650       0x2c ./TimerDevice/TimerDevice.o
                0x00010650                std::list<ConnectionPoint*, std::allocator<ConnectionPoint*> >::list()
                0x00010650                std::list<ConnectionPoint*, std::allocator<ConnectionPoint*> >::list()
 .text._ZNSt4listIP6PinoutSaIS1_EEC2Ev
                0x0001067c       0x2c ./TimerDevice/TimerDevice.o
                0x0001067c                std::list<Pinout*, std::allocator<Pinout*> >::list()
                0x0001067c                std::list<Pinout*, std::allocator<Pinout*> >::list()
 .text._ZNSt4listIP15ConnectionPointSaIS1_EE9push_backERKS1_
                0x000106a8       0x38 ./TimerDevice/TimerDevice.o
                0x000106a8                std::list<ConnectionPoint*, std::allocator<ConnectionPoint*> >::push_back(ConnectionPoint* const&)
 .text._ZSteqIcSt11char_traitsIcESaIcEEbPKT_RKSbIS3_T0_T1_E
                0x000106e0       0x40 ./TimerDevice/TimerDevice.o
                0x000106e0                bool std::operator==<char, std::char_traits<char>, std::allocator<char> >(char const*, std::basic_string<char, std::char_traits<char>, std::allocator<char> > const&)
 .text._ZNSt14_List_iteratorI18PropertyDescriptorEC2EPNSt8__detail15_List_node_baseE
                0x00010720       0x34 ./TimerDevice/TimerDevice.o
                0x00010720                std::_List_iterator<PropertyDescriptor>::_List_iterator(std::__detail::_List_node_base*)
                0x00010720                std::_List_iterator<PropertyDescriptor>::_List_iterator(std::__detail::_List_node_base*)
 .text._ZNSt10_List_baseIP15ConnectionPointSaIS1_EE10_List_implD2Ev
                0x00010754       0x28 ./TimerDevice/TimerDevice.o
                0x00010754                std::_List_base<ConnectionPoint*, std::allocator<ConnectionPoint*> >::_List_impl::~_List_impl()
                0x00010754                std::_List_base<ConnectionPoint*, std::allocator<ConnectionPoint*> >::_List_impl::~_List_impl()
 .text._ZNSt10_List_baseIP15ConnectionPointSaIS1_EEC2Ev
                0x0001077c       0x44 ./TimerDevice/TimerDevice.o
                0x0001077c                std::_List_base<ConnectionPoint*, std::allocator<ConnectionPoint*> >::_List_base()
                0x0001077c                std::_List_base<ConnectionPoint*, std::allocator<ConnectionPoint*> >::_List_base()
 .text._ZNSt10_List_baseIP6PinoutSaIS1_EE10_List_implD2Ev
                0x000107c0       0x28 ./TimerDevice/TimerDevice.o
                0x000107c0                std::_List_base<Pinout*, std::allocator<Pinout*> >::_List_impl::~_List_impl()
                0x000107c0                std::_List_base<Pinout*, std::allocator<Pinout*> >::_List_impl::~_List_impl()
 .text._ZNSt10_List_baseIP6PinoutSaIS1_EEC2Ev
                0x000107e8       0x44 ./TimerDevice/TimerDevice.o
                0x000107e8                std::_List_base<Pinout*, std::allocator<Pinout*> >::_List_base()
                0x000107e8                std::_List_base<Pinout*, std::allocator<Pinout*> >::_List_base()
 .text._ZNSt4listIP15ConnectionPointSaIS1_EE3endEv
                0x0001082c       0x34 ./TimerDevice/TimerDevice.o
                0x0001082c                std::list<ConnectionPoint*, std::allocator<ConnectionPoint*> >::end()
 .text._ZNSt4listIP15ConnectionPointSaIS1_EE9_M_insertESt14_List_iteratorIS1_ERKS1_
                0x00010860       0x48 ./TimerDevice/TimerDevice.o
                0x00010860                std::list<ConnectionPoint*, std::allocator<ConnectionPoint*> >::_M_insert(std::_List_iterator<ConnectionPoint*>, ConnectionPoint* const&)
 .text._ZNSt10_List_baseIP15ConnectionPointSaIS1_EE10_List_implC2Ev
                0x000108a8       0x40 ./TimerDevice/TimerDevice.o
                0x000108a8                std::_List_base<ConnectionPoint*, std::allocator<ConnectionPoint*> >::_List_impl::_List_impl()
                0x000108a8                std::_List_base<ConnectionPoint*, std::allocator<ConnectionPoint*> >::_List_impl::_List_impl()
 .text._ZNSaISt10_List_nodeIP15ConnectionPointEED2Ev
                0x000108e8       0x28 ./TimerDevice/TimerDevice.o
                0x000108e8                std::allocator<std::_List_node<ConnectionPoint*> >::~allocator()
                0x000108e8                std::allocator<std::_List_node<ConnectionPoint*> >::~allocator()
 .text._ZNSt10_List_baseIP15ConnectionPointSaIS1_EE7_M_initEv
                0x00010910       0x34 ./TimerDevice/TimerDevice.o
                0x00010910                std::_List_base<ConnectionPoint*, std::allocator<ConnectionPoint*> >::_M_init()
 .text._ZNSt10_List_baseIP6PinoutSaIS1_EE10_List_implC2Ev
                0x00010944       0x40 ./TimerDevice/TimerDevice.o
                0x00010944                std::_List_base<Pinout*, std::allocator<Pinout*> >::_List_impl::_List_impl()
                0x00010944                std::_List_base<Pinout*, std::allocator<Pinout*> >::_List_impl::_List_impl()
 .text._ZNSaISt10_List_nodeIP6PinoutEED2Ev
                0x00010984       0x28 ./TimerDevice/TimerDevice.o
                0x00010984                std::allocator<std::_List_node<Pinout*> >::~allocator()
                0x00010984                std::allocator<std::_List_node<Pinout*> >::~allocator()
 .text._ZNSt10_List_baseIP6PinoutSaIS1_EE7_M_initEv
                0x000109ac       0x34 ./TimerDevice/TimerDevice.o
                0x000109ac                std::_List_base<Pinout*, std::allocator<Pinout*> >::_M_init()
 .text._ZNSt14_List_iteratorIP15ConnectionPointEC2EPNSt8__detail15_List_node_baseE
                0x000109e0       0x34 ./TimerDevice/TimerDevice.o
                0x000109e0                std::_List_iterator<ConnectionPoint*>::_List_iterator(std::__detail::_List_node_base*)
                0x000109e0                std::_List_iterator<ConnectionPoint*>::_List_iterator(std::__detail::_List_node_base*)
 .text._ZNSt4listIP15ConnectionPointSaIS1_EE14_M_create_nodeERKS1_
                0x00010a14       0xc0 ./TimerDevice/TimerDevice.o
                0x00010a14                std::list<ConnectionPoint*, std::allocator<ConnectionPoint*> >::_M_create_node(ConnectionPoint* const&)
 .text._ZNSaISt10_List_nodeIP15ConnectionPointEEC2Ev
                0x00010ad4       0x28 ./TimerDevice/TimerDevice.o
                0x00010ad4                std::allocator<std::_List_node<ConnectionPoint*> >::allocator()
                0x00010ad4                std::allocator<std::_List_node<ConnectionPoint*> >::allocator()
 .text._ZN9__gnu_cxx13new_allocatorISt10_List_nodeIP15ConnectionPointEED2Ev
                0x00010afc       0x24 ./TimerDevice/TimerDevice.o
                0x00010afc                __gnu_cxx::new_allocator<std::_List_node<ConnectionPoint*> >::~new_allocator()
                0x00010afc                __gnu_cxx::new_allocator<std::_List_node<ConnectionPoint*> >::~new_allocator()
 .text._ZNKSt10_List_baseIP15ConnectionPointSaIS1_EE19_M_get_Tp_allocatorEv
                0x00010b20       0x38 ./TimerDevice/TimerDevice.o
                0x00010b20                std::_List_base<ConnectionPoint*, std::allocator<ConnectionPoint*> >::_M_get_Tp_allocator() const
 .text._ZNSaIP15ConnectionPointED2Ev
                0x00010b58       0x28 ./TimerDevice/TimerDevice.o
                0x00010b58                std::allocator<ConnectionPoint*>::~allocator()
                0x00010b58                std::allocator<ConnectionPoint*>::~allocator()
 .text._ZSt11__addressofIP15ConnectionPointEPT_RS2_
                0x00010b80       0x24 ./TimerDevice/TimerDevice.o
                0x00010b80                ConnectionPoint** std::__addressof<ConnectionPoint*>(ConnectionPoint*&)
 .text._ZNSt10_List_baseIP15ConnectionPointSaIS1_EE11_M_put_nodeEPSt10_List_nodeIS1_E
                0x00010ba4       0x30 ./TimerDevice/TimerDevice.o
                0x00010ba4                std::_List_base<ConnectionPoint*, std::allocator<ConnectionPoint*> >::_M_put_node(std::_List_node<ConnectionPoint*>*)
 .text._ZNSaISt10_List_nodeIP6PinoutEEC2Ev
                0x00010bd4       0x28 ./TimerDevice/TimerDevice.o
                0x00010bd4                std::allocator<std::_List_node<Pinout*> >::allocator()
                0x00010bd4                std::allocator<std::_List_node<Pinout*> >::allocator()
 .text._ZN9__gnu_cxx13new_allocatorISt10_List_nodeIP6PinoutEED2Ev
                0x00010bfc       0x24 ./TimerDevice/TimerDevice.o
                0x00010bfc                __gnu_cxx::new_allocator<std::_List_node<Pinout*> >::~new_allocator()
                0x00010bfc                __gnu_cxx::new_allocator<std::_List_node<Pinout*> >::~new_allocator()
 .text._ZNSt10_List_baseIP15ConnectionPointSaIS1_EE11_M_get_nodeEv
                0x00010c20       0x34 ./TimerDevice/TimerDevice.o
                0x00010c20                std::_List_base<ConnectionPoint*, std::allocator<ConnectionPoint*> >::_M_get_node()
 .text._ZN9__gnu_cxx13new_allocatorIP15ConnectionPointE9constructEPS2_RKS2_
                0x00010c54       0x48 ./TimerDevice/TimerDevice.o
                0x00010c54                __gnu_cxx::new_allocator<ConnectionPoint*>::construct(ConnectionPoint**, ConnectionPoint* const&)
 .text._ZN9__gnu_cxx13new_allocatorISt10_List_nodeIP15ConnectionPointEEC2Ev
                0x00010c9c       0x24 ./TimerDevice/TimerDevice.o
                0x00010c9c                __gnu_cxx::new_allocator<std::_List_node<ConnectionPoint*> >::new_allocator()
                0x00010c9c                __gnu_cxx::new_allocator<std::_List_node<ConnectionPoint*> >::new_allocator()
 .text._ZNKSt10_List_baseIP15ConnectionPointSaIS1_EE21_M_get_Node_allocatorEv
                0x00010cc0       0x24 ./TimerDevice/TimerDevice.o
                0x00010cc0                std::_List_base<ConnectionPoint*, std::allocator<ConnectionPoint*> >::_M_get_Node_allocator() const
 .text._ZNSaIP15ConnectionPointEC2ISt10_List_nodeIS0_EEERKSaIT_E
                0x00010ce4       0x2c ./TimerDevice/TimerDevice.o
                0x00010ce4                std::allocator<ConnectionPoint*>::allocator<std::_List_node<ConnectionPoint*> >(std::allocator<std::_List_node<ConnectionPoint*> > const&)
                0x00010ce4                std::allocator<ConnectionPoint*>::allocator<std::_List_node<ConnectionPoint*> >(std::allocator<std::_List_node<ConnectionPoint*> > const&)
 .text._ZN9__gnu_cxx13new_allocatorIP15ConnectionPointED2Ev
                0x00010d10       0x24 ./TimerDevice/TimerDevice.o
                0x00010d10                __gnu_cxx::new_allocator<ConnectionPoint*>::~new_allocator()
                0x00010d10                __gnu_cxx::new_allocator<ConnectionPoint*>::~new_allocator()
 .text._ZN9__gnu_cxx13new_allocatorISt10_List_nodeIP15ConnectionPointEE10deallocateEPS4_j
                0x00010d34       0x28 ./TimerDevice/TimerDevice.o
                0x00010d34                __gnu_cxx::new_allocator<std::_List_node<ConnectionPoint*> >::deallocate(std::_List_node<ConnectionPoint*>*, unsigned int)
 .text._ZN9__gnu_cxx13new_allocatorISt10_List_nodeIP6PinoutEEC2Ev
                0x00010d5c       0x24 ./TimerDevice/TimerDevice.o
                0x00010d5c                __gnu_cxx::new_allocator<std::_List_node<Pinout*> >::new_allocator()
                0x00010d5c                __gnu_cxx::new_allocator<std::_List_node<Pinout*> >::new_allocator()
 .text._ZN9__gnu_cxx13new_allocatorISt10_List_nodeIP15ConnectionPointEE8allocateEjPKv
                0x00010d80       0x70 ./TimerDevice/TimerDevice.o
                0x00010d80                __gnu_cxx::new_allocator<std::_List_node<ConnectionPoint*> >::allocate(unsigned int, void const*)
 .text._ZN9__gnu_cxx13new_allocatorIP15ConnectionPointEC2Ev
                0x00010df0       0x24 ./TimerDevice/TimerDevice.o
                0x00010df0                __gnu_cxx::new_allocator<ConnectionPoint*>::new_allocator()
                0x00010df0                __gnu_cxx::new_allocator<ConnectionPoint*>::new_allocator()
 .text._ZNK9__gnu_cxx13new_allocatorISt10_List_nodeIP15ConnectionPointEE8max_sizeEv
                0x00010e14       0x28 ./TimerDevice/TimerDevice.o
                0x00010e14                __gnu_cxx::new_allocator<std::_List_node<ConnectionPoint*> >::max_size() const
 .text          0x00010e3c      0x864 ./ScreenButton/ScreenButton.o
                0x00010e3c                ScreenButton::ScreenButton()
                0x00010e3c                ScreenButton::ScreenButton()
                0x00011164                ScreenButton::~ScreenButton()
                0x00011164                ScreenButton::~ScreenButton()
                0x000111e0                ScreenButton::~ScreenButton()
                0x00011210                ScreenButton::CalculateOutputs()
                0x000112ac                ScreenButton::Type()
                0x000112d8                ScreenButton::Version()
                0x00011304                ScreenButton::Description()
                0x00011330                ScreenButton::GroupName()
                0x0001135c                ScreenButton::CreateInstance()
                0x000113a4                ScreenButton::GetParameter(std::string)
                0x0001153c                ScreenButton::SetParameter(std::string, void*)
 .text          0x000116a0      0xa34 ./Logical/AdnWidget.o
                0x000116a0                AndWidget::AndWidget()
                0x000116a0                AndWidget::AndWidget()
                0x00011c2c                AndWidget::~AndWidget()
                0x00011c2c                AndWidget::~AndWidget()
                0x00011ca8                AndWidget::~AndWidget()
                0x00011cd8                AndWidget::Type()
                0x00011d04                AndWidget::Version()
                0x00011d30                AndWidget::Description()
                0x00011d5c                AndWidget::GroupName()
                0x00011d88                AndWidget::CreateInstance()
                0x00011dd0                AndWidget::CalculateOutputs()
                0x00011e8c                AndWidget::GetParameter(std::string)
 .text          0x000120d4     0x10d4 ./Logical/ComparatorWidget.o
                0x000120d4                ComparatorDevice::ComparatorDevice()
                0x000120d4                ComparatorDevice::ComparatorDevice()
                0x000127d4                ComparatorDevice::~ComparatorDevice()
                0x000127d4                ComparatorDevice::~ComparatorDevice()
                0x00012850                ComparatorDevice::~ComparatorDevice()
                0x00012880                ComparatorDevice::CalculateOutputs()
                0x000128f4                ComparatorDevice::Type()
                0x00012920                ComparatorDevice::Version()
                0x0001294c                ComparatorDevice::Description()
                0x00012978                ComparatorDevice::GroupName()
                0x000129a4                ComparatorDevice::CreateInstance()
                0x000129ec                ComparatorDevice::GetParameter(std::string)
                0x00012b84                ComparatorDevice::SetParameter(std::string, void*)
                0x00012c80                ComparatorDevice::GetOperation(std::string)
                0x00012d98                ComparatorDevice::GetComparisonResult()
 .text          0x000131a8      0xc58 ./Logical/ConstantWidget.o
                0x000131a8                ConstantDevice::ConstantDevice()
                0x000131a8                ConstantDevice::ConstantDevice()
                0x000137d4                ConstantDevice::~ConstantDevice()
                0x000137d4                ConstantDevice::~ConstantDevice()
                0x00013850                ConstantDevice::~ConstantDevice()
                0x00013880                ConstantDevice::CalculateOutputs()
                0x000138c8                ConstantDevice::WidgetInitialized()
                0x000138ec                ConstantDevice::UpdateOutconnectionsValues(void*)
                0x00013930                ConstantDevice::Type()
                0x0001395c                ConstantDevice::Version()
                0x00013988                ConstantDevice::Description()
                0x000139b4                ConstantDevice::GroupName()
                0x000139e0                ConstantDevice::CreateInstance()
                0x00013a28                ConstantDevice::GetParameter(std::string)
                0x00013bb0                ConstantDevice::SetParameter(std::string, void*)
 .text          0x00013e00     0x127c ./Logical/CounterDevice.o
                0x00013e00                CounterDevice::CounterDevice()
                0x00013e00                CounterDevice::CounterDevice()
                0x000148e8                CounterDevice::~CounterDevice()
                0x000148e8                CounterDevice::~CounterDevice()
                0x00014964                CounterDevice::~CounterDevice()
                0x00014994                CounterDevice::Type()
                0x000149c0                CounterDevice::Version()
                0x000149ec                CounterDevice::Description()
                0x00014a18                CounterDevice::GroupName()
                0x00014a44                CounterDevice::CreateInstance()
                0x00014a8c                CounterDevice::CalculateOutputs()
                0x00014c68                CounterDevice::GetParameter(std::string)
                0x00014e00                CounterDevice::SetParameter(std::string, void*)
 .text          0x0001507c      0x910 ./Logical/InverseDevice.o
                0x0001507c                InverseDevice::InverseDevice()
                0x0001507c                InverseDevice::InverseDevice()
                0x000154bc                InverseDevice::~InverseDevice()
                0x000154bc                InverseDevice::~InverseDevice()
                0x00015538                InverseDevice::~InverseDevice()
                0x00015568                InverseDevice::Type()
                0x00015594                InverseDevice::Version()
                0x000155c0                InverseDevice::Description()
                0x000155ec                InverseDevice::GroupName()
                0x00015618                InverseDevice::CreateInstance()
                0x00015660                InverseDevice::CalculateOutputs()
                0x00015744                InverseDevice::GetParameter(std::string)
 .text          0x0001598c      0xa34 ./Logical/OrDevice.o
                0x0001598c                OrDevice::OrDevice()
                0x0001598c                OrDevice::OrDevice()
                0x00015f18                OrDevice::~OrDevice()
                0x00015f18                OrDevice::~OrDevice()
                0x00015f94                OrDevice::~OrDevice()
                0x00015fc4                OrDevice::Type()
                0x00015ff0                OrDevice::Version()
                0x0001601c                OrDevice::Description()
                0x00016048                OrDevice::GroupName()
                0x00016074                OrDevice::CreateInstance()
                0x000160bc                OrDevice::CalculateOutputs()
                0x00016178                OrDevice::GetParameter(std::string)
 .text          0x000163c0      0x9f4 ./Logical/RSTriggerDevice.o
                0x000163c0                RSTriggerDevice::RSTriggerDevice()
                0x000163c0                RSTriggerDevice::RSTriggerDevice()
                0x00016a8c                RSTriggerDevice::~RSTriggerDevice()
                0x00016a8c                RSTriggerDevice::~RSTriggerDevice()
                0x00016b08                RSTriggerDevice::~RSTriggerDevice()
                0x00016b38                RSTriggerDevice::Type()
                0x00016b64                RSTriggerDevice::Version()
                0x00016b90                RSTriggerDevice::Description()
                0x00016bbc                RSTriggerDevice::GroupName()
                0x00016be8                RSTriggerDevice::CreateInstance()
                0x00016c30                RSTriggerDevice::CalculateOutputs()
 .text          0x00016db4      0x9d8 ./Logical/SwitchBlock.o
                0x00016db4                SwitchBlock::SwitchBlock()
                0x00016db4                SwitchBlock::SwitchBlock()
                0x00017480                SwitchBlock::~SwitchBlock()
                0x00017480                SwitchBlock::~SwitchBlock()
                0x000174fc                SwitchBlock::~SwitchBlock()
                0x0001752c                SwitchBlock::Type()
                0x00017558                SwitchBlock::Version()
                0x00017584                SwitchBlock::Description()
                0x000175b0                SwitchBlock::GroupName()
                0x000175dc                SwitchBlock::CreateInstance()
                0x00017624                SwitchBlock::CalculateOutputs()
 .text          0x0001778c      0x8b0 ./Logical/XorDevice.o
                0x0001778c                XorDevice::XorDevice()
                0x0001778c                XorDevice::XorDevice()
                0x00017d0c                XorDevice::~XorDevice()
                0x00017d0c                XorDevice::~XorDevice()
                0x00017d88                XorDevice::~XorDevice()
                0x00017db8                XorDevice::Type()
                0x00017de4                XorDevice::Version()
                0x00017e10                XorDevice::Description()
                0x00017e3c                XorDevice::GroupName()
                0x00017e68                XorDevice::CreateInstance()
                0x00017eb0                XorDevice::CalculateOutputs()
 .text          0x0001803c     0x19b0 ./GPOutputDevice/GPOutputDevice.o
                0x0001803c                GPOutputDevice::GPOutputDevice()
                0x0001803c                GPOutputDevice::GPOutputDevice()
                0x00018920                GPOutputDevice::~GPOutputDevice()
                0x00018920                GPOutputDevice::~GPOutputDevice()
                0x0001899c                GPOutputDevice::~GPOutputDevice()
                0x000189cc                GPOutputDevice::EventTriggered(std::list<EventParameter, std::allocator<EventParameter> >)
                0x00018c58                GPOutputDevice::WidgetInitialized()
                0x00018c7c                GPOutputDevice::ReleaseResources()
                0x00018d88                GPOutputDevice::CalculateOutputs()
                0x00019124                GPOutputDevice::ExecuteCommand(Command)
                0x0001929c                GPOutputDevice::SetPortNumber(int)
                0x000192c8                GPOutputDevice::Type()
                0x000192f4                GPOutputDevice::Version()
                0x00019320                GPOutputDevice::Description()
                0x0001934c                GPOutputDevice::GroupName()
                0x00019378                GPOutputDevice::CreateInstance()
                0x000193c0                GPOutputDevice::GetParameter(std::string)
                0x00019584                GPOutputDevice::SetParameter(std::string, void*)
 .text._ZNSt11char_traitsIcE6lengthEPKc
                0x000199ec       0x28 ./GPOutputDevice/GPOutputDevice.o
                0x000199ec                std::char_traits<char>::length(char const*)
 .text._ZdlPvS_
                0x00019a14       0x20 ./GPOutputDevice/GPOutputDevice.o
                0x00019a14                operator delete(void*, void*)
 .text._ZN16CommandParameterC2ESsPvSs
                0x00019a34       0x9c ./GPOutputDevice/GPOutputDevice.o
                0x00019a34                CommandParameter::CommandParameter(std::string, void*, std::string)
                0x00019a34                CommandParameter::CommandParameter(std::string, void*, std::string)
 .text._ZN16CommandParameter5CloneEv
                0x00019ad0      0x1a8 ./GPOutputDevice/GPOutputDevice.o
                0x00019ad0                CommandParameter::Clone()
 .text._ZN7CommandC2ERKS_
                0x00019c78      0x170 ./GPOutputDevice/GPOutputDevice.o
                0x00019c78                Command::Command(Command const&)
                0x00019c78                Command::Command(Command const&)
 .text._ZStplIcSt11char_traitsIcESaIcEESbIT_T0_T1_EPKS3_RKS6_
                0x00019de8       0x8c ./GPOutputDevice/GPOutputDevice.o
                0x00019de8                std::basic_string<char, std::char_traits<char>, std::allocator<char> > std::operator+<char, std::char_traits<char>, std::allocator<char> >(char const*, std::basic_string<char, std::char_traits<char>, std::allocator<char> > const&)
 .text._ZNSt4listIP16CommandParameterSaIS1_EEC2Ev
                0x00019e74       0x2c ./GPOutputDevice/GPOutputDevice.o
                0x00019e74                std::list<CommandParameter*, std::allocator<CommandParameter*> >::list()
                0x00019e74                std::list<CommandParameter*, std::allocator<CommandParameter*> >::list()
 .text._ZNSt14_List_iteratorIP16CommandParameterEC2Ev
                0x00019ea0       0x30 ./GPOutputDevice/GPOutputDevice.o
                0x00019ea0                std::_List_iterator<CommandParameter*>::_List_iterator()
                0x00019ea0                std::_List_iterator<CommandParameter*>::_List_iterator()
 .text._ZNSt4listIP16CommandParameterSaIS1_EE5beginEv
                0x00019ed0       0x38 ./GPOutputDevice/GPOutputDevice.o
                0x00019ed0                std::list<CommandParameter*, std::allocator<CommandParameter*> >::begin()
 .text._ZNSt4listIP16CommandParameterSaIS1_EE3endEv
                0x00019f08       0x34 ./GPOutputDevice/GPOutputDevice.o
                0x00019f08                std::list<CommandParameter*, std::allocator<CommandParameter*> >::end()
 .text._ZNKSt14_List_iteratorIP16CommandParameterEneERKS2_
                0x00019f3c       0x44 ./GPOutputDevice/GPOutputDevice.o
                0x00019f3c                std::_List_iterator<CommandParameter*>::operator!=(std::_List_iterator<CommandParameter*> const&) const
 .text._ZNSt14_List_iteratorIP16CommandParameterEppEi
                0x00019f80       0x48 ./GPOutputDevice/GPOutputDevice.o
                0x00019f80                std::_List_iterator<CommandParameter*>::operator++(int)
 .text._ZNKSt14_List_iteratorIP16CommandParameterEdeEv
                0x00019fc8       0x2c ./GPOutputDevice/GPOutputDevice.o
                0x00019fc8                std::_List_iterator<CommandParameter*>::operator*() const
 .text._ZNSt4listIP16CommandParameterSaIS1_EE9push_backERKS1_
                0x00019ff4       0x38 ./GPOutputDevice/GPOutputDevice.o
                0x00019ff4                std::list<CommandParameter*, std::allocator<CommandParameter*> >::push_back(CommandParameter* const&)
 .text._ZNSt4listI7CommandSaIS0_EEC2Ev
                0x0001a02c       0x2c ./GPOutputDevice/GPOutputDevice.o
                0x0001a02c                std::list<Command, std::allocator<Command> >::list()
                0x0001a02c                std::list<Command, std::allocator<Command> >::list()
 .text._ZNSt4listI7CommandSaIS0_EE9push_backERKS0_
                0x0001a058       0x38 ./GPOutputDevice/GPOutputDevice.o
                0x0001a058                std::list<Command, std::allocator<Command> >::push_back(Command const&)
 .text._ZNSt4listI5EventSaIS0_EEC2Ev
                0x0001a090       0x2c ./GPOutputDevice/GPOutputDevice.o
                0x0001a090                std::list<Event, std::allocator<Event> >::list()
                0x0001a090                std::list<Event, std::allocator<Event> >::list()
 .text._ZNSt4listIP6PinoutSaIS1_EE9push_backERKS1_
                0x0001a0bc       0x38 ./GPOutputDevice/GPOutputDevice.o
                0x0001a0bc                std::list<Pinout*, std::allocator<Pinout*> >::push_back(Pinout* const&)
 .text._ZNSt14_List_iteratorIP6PinoutEC2Ev
                0x0001a0f4       0x30 ./GPOutputDevice/GPOutputDevice.o
                0x0001a0f4                std::_List_iterator<Pinout*>::_List_iterator()
                0x0001a0f4                std::_List_iterator<Pinout*>::_List_iterator()
 .text._ZNSt4listIP6PinoutSaIS1_EE5beginEv
                0x0001a124       0x38 ./GPOutputDevice/GPOutputDevice.o
                0x0001a124                std::list<Pinout*, std::allocator<Pinout*> >::begin()
 .text._ZNSt4listIP6PinoutSaIS1_EE3endEv
                0x0001a15c       0x34 ./GPOutputDevice/GPOutputDevice.o
                0x0001a15c                std::list<Pinout*, std::allocator<Pinout*> >::end()
 .text._ZNKSt14_List_iteratorIP6PinoutEneERKS2_
                0x0001a190       0x44 ./GPOutputDevice/GPOutputDevice.o
                0x0001a190                std::_List_iterator<Pinout*>::operator!=(std::_List_iterator<Pinout*> const&) const
 .text._ZNSt14_List_iteratorIP6PinoutEppEi
                0x0001a1d4       0x48 ./GPOutputDevice/GPOutputDevice.o
                0x0001a1d4                std::_List_iterator<Pinout*>::operator++(int)
 .text._ZNKSt14_List_iteratorIP6PinoutEdeEv
                0x0001a21c       0x2c ./GPOutputDevice/GPOutputDevice.o
                0x0001a21c                std::_List_iterator<Pinout*>::operator*() const
 .text._ZNSt10_List_baseIP16CommandParameterSaIS1_EE10_List_implD2Ev
                0x0001a248       0x28 ./GPOutputDevice/GPOutputDevice.o
                0x0001a248                std::_List_base<CommandParameter*, std::allocator<CommandParameter*> >::_List_impl::~_List_impl()
                0x0001a248                std::_List_base<CommandParameter*, std::allocator<CommandParameter*> >::_List_impl::~_List_impl()
 .text._ZNSt10_List_baseIP16CommandParameterSaIS1_EEC2Ev
                0x0001a270       0x44 ./GPOutputDevice/GPOutputDevice.o
                0x0001a270                std::_List_base<CommandParameter*, std::allocator<CommandParameter*> >::_List_base()
                0x0001a270                std::_List_base<CommandParameter*, std::allocator<CommandParameter*> >::_List_base()
 .text._ZNSt14_List_iteratorIP16CommandParameterEC2EPNSt8__detail15_List_node_baseE
                0x0001a2b4       0x34 ./GPOutputDevice/GPOutputDevice.o
                0x0001a2b4                std::_List_iterator<CommandParameter*>::_List_iterator(std::__detail::_List_node_base*)
                0x0001a2b4                std::_List_iterator<CommandParameter*>::_List_iterator(std::__detail::_List_node_base*)
 .text._ZNSt4listIP16CommandParameterSaIS1_EE9_M_insertESt14_List_iteratorIS1_ERKS1_
                0x0001a2e8       0x48 ./GPOutputDevice/GPOutputDevice.o
                0x0001a2e8                std::list<CommandParameter*, std::allocator<CommandParameter*> >::_M_insert(std::_List_iterator<CommandParameter*>, CommandParameter* const&)
 .text._ZNSt10_List_baseI7CommandSaIS0_EE10_List_implD2Ev
                0x0001a330       0x28 ./GPOutputDevice/GPOutputDevice.o
                0x0001a330                std::_List_base<Command, std::allocator<Command> >::_List_impl::~_List_impl()
                0x0001a330                std::_List_base<Command, std::allocator<Command> >::_List_impl::~_List_impl()
 .text._ZNSt10_List_baseI7CommandSaIS0_EEC2Ev
                0x0001a358       0x44 ./GPOutputDevice/GPOutputDevice.o
                0x0001a358                std::_List_base<Command, std::allocator<Command> >::_List_base()
                0x0001a358                std::_List_base<Command, std::allocator<Command> >::_List_base()
 .text._ZNSt4listI7CommandSaIS0_EE3endEv
                0x0001a39c       0x34 ./GPOutputDevice/GPOutputDevice.o
                0x0001a39c                std::list<Command, std::allocator<Command> >::end()
 .text._ZNSt4listI7CommandSaIS0_EE9_M_insertESt14_List_iteratorIS0_ERKS0_
                0x0001a3d0       0x48 ./GPOutputDevice/GPOutputDevice.o
                0x0001a3d0                std::list<Command, std::allocator<Command> >::_M_insert(std::_List_iterator<Command>, Command const&)
 .text._ZNSt10_List_baseI5EventSaIS0_EE10_List_implD2Ev
                0x0001a418       0x28 ./GPOutputDevice/GPOutputDevice.o
                0x0001a418                std::_List_base<Event, std::allocator<Event> >::_List_impl::~_List_impl()
                0x0001a418                std::_List_base<Event, std::allocator<Event> >::_List_impl::~_List_impl()
 .text._ZNSt10_List_baseI5EventSaIS0_EEC2Ev
                0x0001a440       0x44 ./GPOutputDevice/GPOutputDevice.o
                0x0001a440                std::_List_base<Event, std::allocator<Event> >::_List_base()
                0x0001a440                std::_List_base<Event, std::allocator<Event> >::_List_base()
 .text._ZNSt4listIP6PinoutSaIS1_EE9_M_insertESt14_List_iteratorIS1_ERKS1_
                0x0001a484       0x48 ./GPOutputDevice/GPOutputDevice.o
                0x0001a484                std::list<Pinout*, std::allocator<Pinout*> >::_M_insert(std::_List_iterator<Pinout*>, Pinout* const&)
 .text._ZNSt14_List_iteratorIP6PinoutEC2EPNSt8__detail15_List_node_baseE
                0x0001a4cc       0x34 ./GPOutputDevice/GPOutputDevice.o
                0x0001a4cc                std::_List_iterator<Pinout*>::_List_iterator(std::__detail::_List_node_base*)
                0x0001a4cc                std::_List_iterator<Pinout*>::_List_iterator(std::__detail::_List_node_base*)
 .text._ZNSt10_List_baseIP16CommandParameterSaIS1_EE10_List_implC2Ev
                0x0001a500       0x40 ./GPOutputDevice/GPOutputDevice.o
                0x0001a500                std::_List_base<CommandParameter*, std::allocator<CommandParameter*> >::_List_impl::_List_impl()
                0x0001a500                std::_List_base<CommandParameter*, std::allocator<CommandParameter*> >::_List_impl::_List_impl()
 .text._ZNSaISt10_List_nodeIP16CommandParameterEED2Ev
                0x0001a540       0x28 ./GPOutputDevice/GPOutputDevice.o
                0x0001a540                std::allocator<std::_List_node<CommandParameter*> >::~allocator()
                0x0001a540                std::allocator<std::_List_node<CommandParameter*> >::~allocator()
 .text._ZNSt10_List_baseIP16CommandParameterSaIS1_EE7_M_initEv
                0x0001a568       0x34 ./GPOutputDevice/GPOutputDevice.o
                0x0001a568                std::_List_base<CommandParameter*, std::allocator<CommandParameter*> >::_M_init()
 .text._ZNSt4listIP16CommandParameterSaIS1_EE14_M_create_nodeERKS1_
                0x0001a59c       0xc0 ./GPOutputDevice/GPOutputDevice.o
                0x0001a59c                std::list<CommandParameter*, std::allocator<CommandParameter*> >::_M_create_node(CommandParameter* const&)
 .text._ZNSt10_List_baseI7CommandSaIS0_EE10_List_implC2Ev
                0x0001a65c       0x40 ./GPOutputDevice/GPOutputDevice.o
                0x0001a65c                std::_List_base<Command, std::allocator<Command> >::_List_impl::_List_impl()
                0x0001a65c                std::_List_base<Command, std::allocator<Command> >::_List_impl::_List_impl()
 .text._ZNSaISt10_List_nodeI7CommandEED2Ev
                0x0001a69c       0x28 ./GPOutputDevice/GPOutputDevice.o
                0x0001a69c                std::allocator<std::_List_node<Command> >::~allocator()
                0x0001a69c                std::allocator<std::_List_node<Command> >::~allocator()
 .text._ZNSt10_List_baseI7CommandSaIS0_EE7_M_initEv
                0x0001a6c4       0x34 ./GPOutputDevice/GPOutputDevice.o
                0x0001a6c4                std::_List_base<Command, std::allocator<Command> >::_M_init()
 .text._ZNSt14_List_iteratorI7CommandEC2EPNSt8__detail15_List_node_baseE
                0x0001a6f8       0x34 ./GPOutputDevice/GPOutputDevice.o
                0x0001a6f8                std::_List_iterator<Command>::_List_iterator(std::__detail::_List_node_base*)
                0x0001a6f8                std::_List_iterator<Command>::_List_iterator(std::__detail::_List_node_base*)
 .text._ZNSt4listI7CommandSaIS0_EE14_M_create_nodeERKS0_
                0x0001a72c       0xc0 ./GPOutputDevice/GPOutputDevice.o
                0x0001a72c                std::list<Command, std::allocator<Command> >::_M_create_node(Command const&)
 .text._ZNSt10_List_baseI5EventSaIS0_EE10_List_implC2Ev
                0x0001a7ec       0x40 ./GPOutputDevice/GPOutputDevice.o
                0x0001a7ec                std::_List_base<Event, std::allocator<Event> >::_List_impl::_List_impl()
                0x0001a7ec                std::_List_base<Event, std::allocator<Event> >::_List_impl::_List_impl()
 .text._ZNSaISt10_List_nodeI5EventEED2Ev
                0x0001a82c       0x28 ./GPOutputDevice/GPOutputDevice.o
                0x0001a82c                std::allocator<std::_List_node<Event> >::~allocator()
                0x0001a82c                std::allocator<std::_List_node<Event> >::~allocator()
 .text._ZNSt10_List_baseI5EventSaIS0_EE7_M_initEv
                0x0001a854       0x34 ./GPOutputDevice/GPOutputDevice.o
                0x0001a854                std::_List_base<Event, std::allocator<Event> >::_M_init()
 .text._ZNSt4listIP6PinoutSaIS1_EE14_M_create_nodeERKS1_
                0x0001a888       0xc0 ./GPOutputDevice/GPOutputDevice.o
                0x0001a888                std::list<Pinout*, std::allocator<Pinout*> >::_M_create_node(Pinout* const&)
 .text._ZNSaISt10_List_nodeIP16CommandParameterEEC2Ev
                0x0001a948       0x28 ./GPOutputDevice/GPOutputDevice.o
                0x0001a948                std::allocator<std::_List_node<CommandParameter*> >::allocator()
                0x0001a948                std::allocator<std::_List_node<CommandParameter*> >::allocator()
 .text._ZN9__gnu_cxx13new_allocatorISt10_List_nodeIP16CommandParameterEED2Ev
                0x0001a970       0x24 ./GPOutputDevice/GPOutputDevice.o
                0x0001a970                __gnu_cxx::new_allocator<std::_List_node<CommandParameter*> >::~new_allocator()
                0x0001a970                __gnu_cxx::new_allocator<std::_List_node<CommandParameter*> >::~new_allocator()
 .text._ZNKSt10_List_baseIP16CommandParameterSaIS1_EE19_M_get_Tp_allocatorEv
                0x0001a994       0x38 ./GPOutputDevice/GPOutputDevice.o
                0x0001a994                std::_List_base<CommandParameter*, std::allocator<CommandParameter*> >::_M_get_Tp_allocator() const
 .text._ZNSaIP16CommandParameterED2Ev
                0x0001a9cc       0x28 ./GPOutputDevice/GPOutputDevice.o
                0x0001a9cc                std::allocator<CommandParameter*>::~allocator()
                0x0001a9cc                std::allocator<CommandParameter*>::~allocator()
 .text._ZSt11__addressofIP16CommandParameterEPT_RS2_
                0x0001a9f4       0x24 ./GPOutputDevice/GPOutputDevice.o
                0x0001a9f4                CommandParameter** std::__addressof<CommandParameter*>(CommandParameter*&)
 .text._ZNSt10_List_baseIP16CommandParameterSaIS1_EE11_M_put_nodeEPSt10_List_nodeIS1_E
                0x0001aa18       0x30 ./GPOutputDevice/GPOutputDevice.o
                0x0001aa18                std::_List_base<CommandParameter*, std::allocator<CommandParameter*> >::_M_put_node(std::_List_node<CommandParameter*>*)
 .text._ZNSt10_List_baseIP16CommandParameterSaIS1_EE11_M_get_nodeEv
                0x0001aa48       0x34 ./GPOutputDevice/GPOutputDevice.o
                0x0001aa48                std::_List_base<CommandParameter*, std::allocator<CommandParameter*> >::_M_get_node()
 .text._ZN9__gnu_cxx13new_allocatorIP16CommandParameterE9constructEPS2_RKS2_
                0x0001aa7c       0x48 ./GPOutputDevice/GPOutputDevice.o
                0x0001aa7c                __gnu_cxx::new_allocator<CommandParameter*>::construct(CommandParameter**, CommandParameter* const&)
 .text._ZNKSt10_List_baseIP6PinoutSaIS1_EE19_M_get_Tp_allocatorEv
                0x0001aac4       0x38 ./GPOutputDevice/GPOutputDevice.o
                0x0001aac4                std::_List_base<Pinout*, std::allocator<Pinout*> >::_M_get_Tp_allocator() const
 .text._ZNSaIP6PinoutED2Ev
                0x0001aafc       0x28 ./GPOutputDevice/GPOutputDevice.o
                0x0001aafc                std::allocator<Pinout*>::~allocator()
                0x0001aafc                std::allocator<Pinout*>::~allocator()
 .text._ZSt11__addressofIP6PinoutEPT_RS2_
                0x0001ab24       0x24 ./GPOutputDevice/GPOutputDevice.o
                0x0001ab24                Pinout** std::__addressof<Pinout*>(Pinout*&)
 .text._ZNSt10_List_baseIP6PinoutSaIS1_EE11_M_put_nodeEPSt10_List_nodeIS1_E
                0x0001ab48       0x30 ./GPOutputDevice/GPOutputDevice.o
                0x0001ab48                std::_List_base<Pinout*, std::allocator<Pinout*> >::_M_put_node(std::_List_node<Pinout*>*)
 .text._ZNSaISt10_List_nodeI7CommandEEC2Ev
                0x0001ab78       0x28 ./GPOutputDevice/GPOutputDevice.o
                0x0001ab78                std::allocator<std::_List_node<Command> >::allocator()
                0x0001ab78                std::allocator<std::_List_node<Command> >::allocator()
 .text._ZN9__gnu_cxx13new_allocatorISt10_List_nodeI7CommandEED2Ev
                0x0001aba0       0x24 ./GPOutputDevice/GPOutputDevice.o
                0x0001aba0                __gnu_cxx::new_allocator<std::_List_node<Command> >::~new_allocator()
                0x0001aba0                __gnu_cxx::new_allocator<std::_List_node<Command> >::~new_allocator()
 .text._ZNKSt10_List_baseI7CommandSaIS0_EE19_M_get_Tp_allocatorEv
                0x0001abc4       0x38 ./GPOutputDevice/GPOutputDevice.o
                0x0001abc4                std::_List_base<Command, std::allocator<Command> >::_M_get_Tp_allocator() const
 .text._ZNSaI7CommandED2Ev
                0x0001abfc       0x28 ./GPOutputDevice/GPOutputDevice.o
                0x0001abfc                std::allocator<Command>::~allocator()
                0x0001abfc                std::allocator<Command>::~allocator()
 .text._ZSt11__addressofI7CommandEPT_RS1_
                0x0001ac24       0x24 ./GPOutputDevice/GPOutputDevice.o
                0x0001ac24                Command* std::__addressof<Command>(Command&)
 .text._ZNSt10_List_baseI7CommandSaIS0_EE11_M_put_nodeEPSt10_List_nodeIS0_E
                0x0001ac48       0x30 ./GPOutputDevice/GPOutputDevice.o
                0x0001ac48                std::_List_base<Command, std::allocator<Command> >::_M_put_node(std::_List_node<Command>*)
 .text._ZNSt10_List_baseI7CommandSaIS0_EE11_M_get_nodeEv
                0x0001ac78       0x34 ./GPOutputDevice/GPOutputDevice.o
                0x0001ac78                std::_List_base<Command, std::allocator<Command> >::_M_get_node()
 .text._ZN9__gnu_cxx13new_allocatorI7CommandE9constructEPS1_RKS1_
                0x0001acac       0x5c ./GPOutputDevice/GPOutputDevice.o
                0x0001acac                __gnu_cxx::new_allocator<Command>::construct(Command*, Command const&)
 .text._ZNSaISt10_List_nodeI5EventEEC2Ev
                0x0001ad08       0x28 ./GPOutputDevice/GPOutputDevice.o
                0x0001ad08                std::allocator<std::_List_node<Event> >::allocator()
                0x0001ad08                std::allocator<std::_List_node<Event> >::allocator()
 .text._ZN9__gnu_cxx13new_allocatorISt10_List_nodeI5EventEED2Ev
                0x0001ad30       0x24 ./GPOutputDevice/GPOutputDevice.o
                0x0001ad30                __gnu_cxx::new_allocator<std::_List_node<Event> >::~new_allocator()
                0x0001ad30                __gnu_cxx::new_allocator<std::_List_node<Event> >::~new_allocator()
 .text._ZNSt10_List_baseIP6PinoutSaIS1_EE11_M_get_nodeEv
                0x0001ad54       0x34 ./GPOutputDevice/GPOutputDevice.o
                0x0001ad54                std::_List_base<Pinout*, std::allocator<Pinout*> >::_M_get_node()
 .text._ZN9__gnu_cxx13new_allocatorIP6PinoutE9constructEPS2_RKS2_
                0x0001ad88       0x48 ./GPOutputDevice/GPOutputDevice.o
                0x0001ad88                __gnu_cxx::new_allocator<Pinout*>::construct(Pinout**, Pinout* const&)
 .text._ZN9__gnu_cxx13new_allocatorISt10_List_nodeIP16CommandParameterEEC2Ev
                0x0001add0       0x24 ./GPOutputDevice/GPOutputDevice.o
                0x0001add0                __gnu_cxx::new_allocator<std::_List_node<CommandParameter*> >::new_allocator()
                0x0001add0                __gnu_cxx::new_allocator<std::_List_node<CommandParameter*> >::new_allocator()
 .text._ZNKSt10_List_baseIP16CommandParameterSaIS1_EE21_M_get_Node_allocatorEv
                0x0001adf4       0x24 ./GPOutputDevice/GPOutputDevice.o
                0x0001adf4                std::_List_base<CommandParameter*, std::allocator<CommandParameter*> >::_M_get_Node_allocator() const
 .text._ZNSaIP16CommandParameterEC2ISt10_List_nodeIS0_EEERKSaIT_E
                0x0001ae18       0x2c ./GPOutputDevice/GPOutputDevice.o
                0x0001ae18                std::allocator<CommandParameter*>::allocator<std::_List_node<CommandParameter*> >(std::allocator<std::_List_node<CommandParameter*> > const&)
                0x0001ae18                std::allocator<CommandParameter*>::allocator<std::_List_node<CommandParameter*> >(std::allocator<std::_List_node<CommandParameter*> > const&)
 .text._ZN9__gnu_cxx13new_allocatorIP16CommandParameterED2Ev
                0x0001ae44       0x24 ./GPOutputDevice/GPOutputDevice.o
                0x0001ae44                __gnu_cxx::new_allocator<CommandParameter*>::~new_allocator()
                0x0001ae44                __gnu_cxx::new_allocator<CommandParameter*>::~new_allocator()
 .text._ZN9__gnu_cxx13new_allocatorISt10_List_nodeIP16CommandParameterEE10deallocateEPS4_j
                0x0001ae68       0x28 ./GPOutputDevice/GPOutputDevice.o
                0x0001ae68                __gnu_cxx::new_allocator<std::_List_node<CommandParameter*> >::deallocate(std::_List_node<CommandParameter*>*, unsigned int)
 .text._ZN9__gnu_cxx13new_allocatorISt10_List_nodeIP16CommandParameterEE8allocateEjPKv
                0x0001ae90       0x70 ./GPOutputDevice/GPOutputDevice.o
                0x0001ae90                __gnu_cxx::new_allocator<std::_List_node<CommandParameter*> >::allocate(unsigned int, void const*)
 .text._ZNKSt10_List_baseIP6PinoutSaIS1_EE21_M_get_Node_allocatorEv
                0x0001af00       0x24 ./GPOutputDevice/GPOutputDevice.o
                0x0001af00                std::_List_base<Pinout*, std::allocator<Pinout*> >::_M_get_Node_allocator() const
 .text._ZNSaIP6PinoutEC2ISt10_List_nodeIS0_EEERKSaIT_E
                0x0001af24       0x2c ./GPOutputDevice/GPOutputDevice.o
                0x0001af24                std::allocator<Pinout*>::allocator<std::_List_node<Pinout*> >(std::allocator<std::_List_node<Pinout*> > const&)
                0x0001af24                std::allocator<Pinout*>::allocator<std::_List_node<Pinout*> >(std::allocator<std::_List_node<Pinout*> > const&)
 .text._ZN9__gnu_cxx13new_allocatorIP6PinoutED2Ev
                0x0001af50       0x24 ./GPOutputDevice/GPOutputDevice.o
                0x0001af50                __gnu_cxx::new_allocator<Pinout*>::~new_allocator()
                0x0001af50                __gnu_cxx::new_allocator<Pinout*>::~new_allocator()
 .text._ZN9__gnu_cxx13new_allocatorISt10_List_nodeIP6PinoutEE10deallocateEPS4_j
                0x0001af74       0x28 ./GPOutputDevice/GPOutputDevice.o
                0x0001af74                __gnu_cxx::new_allocator<std::_List_node<Pinout*> >::deallocate(std::_List_node<Pinout*>*, unsigned int)
 .text._ZN9__gnu_cxx13new_allocatorISt10_List_nodeI7CommandEEC2Ev
                0x0001af9c       0x24 ./GPOutputDevice/GPOutputDevice.o
                0x0001af9c                __gnu_cxx::new_allocator<std::_List_node<Command> >::new_allocator()
                0x0001af9c                __gnu_cxx::new_allocator<std::_List_node<Command> >::new_allocator()
 .text._ZNKSt10_List_baseI7CommandSaIS0_EE21_M_get_Node_allocatorEv
                0x0001afc0       0x24 ./GPOutputDevice/GPOutputDevice.o
                0x0001afc0                std::_List_base<Command, std::allocator<Command> >::_M_get_Node_allocator() const
 .text._ZNSaI7CommandEC2ISt10_List_nodeIS_EEERKSaIT_E
                0x0001afe4       0x2c ./GPOutputDevice/GPOutputDevice.o
                0x0001afe4                std::allocator<Command>::allocator<std::_List_node<Command> >(std::allocator<std::_List_node<Command> > const&)
                0x0001afe4                std::allocator<Command>::allocator<std::_List_node<Command> >(std::allocator<std::_List_node<Command> > const&)
 .text._ZN9__gnu_cxx13new_allocatorI7CommandED2Ev
                0x0001b010       0x24 ./GPOutputDevice/GPOutputDevice.o
                0x0001b010                __gnu_cxx::new_allocator<Command>::~new_allocator()
                0x0001b010                __gnu_cxx::new_allocator<Command>::~new_allocator()
 .text._ZN9__gnu_cxx13new_allocatorISt10_List_nodeI7CommandEE10deallocateEPS3_j
                0x0001b034       0x28 ./GPOutputDevice/GPOutputDevice.o
                0x0001b034                __gnu_cxx::new_allocator<std::_List_node<Command> >::deallocate(std::_List_node<Command>*, unsigned int)
 .text._ZN9__gnu_cxx13new_allocatorISt10_List_nodeI7CommandEE8allocateEjPKv
                0x0001b05c       0x70 ./GPOutputDevice/GPOutputDevice.o
                0x0001b05c                __gnu_cxx::new_allocator<std::_List_node<Command> >::allocate(unsigned int, void const*)
 .text._ZN9__gnu_cxx13new_allocatorISt10_List_nodeI5EventEEC2Ev
                0x0001b0cc       0x24 ./GPOutputDevice/GPOutputDevice.o
                0x0001b0cc                __gnu_cxx::new_allocator<std::_List_node<Event> >::new_allocator()
                0x0001b0cc                __gnu_cxx::new_allocator<std::_List_node<Event> >::new_allocator()
 .text._ZN9__gnu_cxx13new_allocatorISt10_List_nodeIP6PinoutEE8allocateEjPKv
                0x0001b0f0       0x70 ./GPOutputDevice/GPOutputDevice.o
                0x0001b0f0                __gnu_cxx::new_allocator<std::_List_node<Pinout*> >::allocate(unsigned int, void const*)
 .text._ZN9__gnu_cxx13new_allocatorIP16CommandParameterEC2Ev
                0x0001b160       0x24 ./GPOutputDevice/GPOutputDevice.o
                0x0001b160                __gnu_cxx::new_allocator<CommandParameter*>::new_allocator()
                0x0001b160                __gnu_cxx::new_allocator<CommandParameter*>::new_allocator()
 .text._ZNK9__gnu_cxx13new_allocatorISt10_List_nodeIP16CommandParameterEE8max_sizeEv
                0x0001b184       0x28 ./GPOutputDevice/GPOutputDevice.o
                0x0001b184                __gnu_cxx::new_allocator<std::_List_node<CommandParameter*> >::max_size() const
 .text._ZN9__gnu_cxx13new_allocatorIP6PinoutEC2Ev
                0x0001b1ac       0x24 ./GPOutputDevice/GPOutputDevice.o
                0x0001b1ac                __gnu_cxx::new_allocator<Pinout*>::new_allocator()
                0x0001b1ac                __gnu_cxx::new_allocator<Pinout*>::new_allocator()
 .text._ZN9__gnu_cxx13new_allocatorI7CommandEC2Ev
                0x0001b1d0       0x24 ./GPOutputDevice/GPOutputDevice.o
                0x0001b1d0                __gnu_cxx::new_allocator<Command>::new_allocator()
                0x0001b1d0                __gnu_cxx::new_allocator<Command>::new_allocator()
 .text._ZNK9__gnu_cxx13new_allocatorISt10_List_nodeI7CommandEE8max_sizeEv
                0x0001b1f4       0x28 ./GPOutputDevice/GPOutputDevice.o
                0x0001b1f4                __gnu_cxx::new_allocator<std::_List_node<Command> >::max_size() const
 .text._ZNK9__gnu_cxx13new_allocatorISt10_List_nodeIP6PinoutEE8max_sizeEv
                0x0001b21c       0x28 ./GPOutputDevice/GPOutputDevice.o
                0x0001b21c                __gnu_cxx::new_allocator<std::_List_node<Pinout*> >::max_size() const
 .text          0x0001b244     0x1478 ./GPInputDevice/GPIDevice.o
                0x0001b244                GPIDevice::GPIDevice()
                0x0001b244                GPIDevice::GPIDevice()
                0x0001bb44                GPIDevice::~GPIDevice()
                0x0001bb44                GPIDevice::~GPIDevice()
                0x0001bbdc                GPIDevice::~GPIDevice()
                0x0001bc0c                GPIDevice::WidgetInitialized()
                0x0001bd24                GPIDevice::ReleaseResources()
                0x0001be30                GPIDevice::CalculateOutputs()
                0x0001be8c                GPIDevice::EventTriggered(std::list<EventParameter, std::allocator<EventParameter> >)
                0x0001c118                GPIDevice::ExecuteCommand(Command)
                0x0001c290                GPIDevice::Type()
                0x0001c2bc                GPIDevice::Version()
                0x0001c2e8                GPIDevice::Description()
                0x0001c314                GPIDevice::GroupName()
                0x0001c340                GPIDevice::CreateInstance()
                0x0001c388                GPIDevice::GetParameter(std::string)
                0x0001c574                GPIDevice::SetParameter(std::string, void*)
 .text._ZN14EventParameterC2ERKS_
                0x0001c6bc       0x58 ./GPInputDevice/GPIDevice.o
                0x0001c6bc                EventParameter::EventParameter(EventParameter const&)
                0x0001c6bc                EventParameter::EventParameter(EventParameter const&)
 .text._ZN14EventParameterC2EPKciS1_
                0x0001c714       0x54 ./GPInputDevice/GPIDevice.o
                0x0001c714                EventParameter::EventParameter(char const*, int, char const*)
                0x0001c714                EventParameter::EventParameter(char const*, int, char const*)
 .text._ZN14EventParameterD2Ev
                0x0001c768       0x24 ./GPInputDevice/GPIDevice.o
                0x0001c768                EventParameter::~EventParameter()
                0x0001c768                EventParameter::~EventParameter()
 .text._ZNSt4listI14EventParameterSaIS0_EED2Ev
                0x0001c78c       0x28 ./GPInputDevice/GPIDevice.o
                0x0001c78c                std::list<EventParameter, std::allocator<EventParameter> >::~list()
                0x0001c78c                std::list<EventParameter, std::allocator<EventParameter> >::~list()
 .text._ZNSt4listI14EventParameterSaIS0_EEC2Ev
                0x0001c7b4       0x2c ./GPInputDevice/GPIDevice.o
                0x0001c7b4                std::list<EventParameter, std::allocator<EventParameter> >::list()
                0x0001c7b4                std::list<EventParameter, std::allocator<EventParameter> >::list()
 .text._ZNSt10_List_baseI14EventParameterSaIS0_EE10_List_implD2Ev
                0x0001c7e0       0x28 ./GPInputDevice/GPIDevice.o
                0x0001c7e0                std::_List_base<EventParameter, std::allocator<EventParameter> >::_List_impl::~_List_impl()
                0x0001c7e0                std::_List_base<EventParameter, std::allocator<EventParameter> >::_List_impl::~_List_impl()
 .text._ZNSt10_List_baseI14EventParameterSaIS0_EED2Ev
                0x0001c808       0x44 ./GPInputDevice/GPIDevice.o
                0x0001c808                std::_List_base<EventParameter, std::allocator<EventParameter> >::~_List_base()
                0x0001c808                std::_List_base<EventParameter, std::allocator<EventParameter> >::~_List_base()
 .text._ZNSt4listI14EventParameterSaIS0_EE9push_backERKS0_
                0x0001c84c       0x38 ./GPInputDevice/GPIDevice.o
                0x0001c84c                std::list<EventParameter, std::allocator<EventParameter> >::push_back(EventParameter const&)
 .text._ZNSt4listI5EventSaIS0_EE9push_backERKS0_
                0x0001c884       0x38 ./GPInputDevice/GPIDevice.o
                0x0001c884                std::list<Event, std::allocator<Event> >::push_back(Event const&)
 .text._ZNSt14_List_iteratorI14EventParameterEC2Ev
                0x0001c8bc       0x30 ./GPInputDevice/GPIDevice.o
                0x0001c8bc                std::_List_iterator<EventParameter>::_List_iterator()
                0x0001c8bc                std::_List_iterator<EventParameter>::_List_iterator()
 .text._ZNKSt4listI14EventParameterSaIS0_EE4sizeEv
                0x0001c8ec       0x44 ./GPInputDevice/GPIDevice.o
                0x0001c8ec                std::list<EventParameter, std::allocator<EventParameter> >::size() const
 .text._ZNSt4listI14EventParameterSaIS0_EE5beginEv
                0x0001c930       0x38 ./GPInputDevice/GPIDevice.o
                0x0001c930                std::list<EventParameter, std::allocator<EventParameter> >::begin()
 .text._ZNSt4listI14EventParameterSaIS0_EE3endEv
                0x0001c968       0x34 ./GPInputDevice/GPIDevice.o
                0x0001c968                std::list<EventParameter, std::allocator<EventParameter> >::end()
 .text._ZNKSt14_List_iteratorI14EventParameterEneERKS1_
                0x0001c99c       0x44 ./GPInputDevice/GPIDevice.o
                0x0001c99c                std::_List_iterator<EventParameter>::operator!=(std::_List_iterator<EventParameter> const&) const
 .text._ZNSt14_List_iteratorI14EventParameterEppEi
                0x0001c9e0       0x48 ./GPInputDevice/GPIDevice.o
                0x0001c9e0                std::_List_iterator<EventParameter>::operator++(int)
 .text._ZNKSt14_List_iteratorI14EventParameterEdeEv
                0x0001ca28       0x2c ./GPInputDevice/GPIDevice.o
                0x0001ca28                std::_List_iterator<EventParameter>::operator*() const
 .text._ZNSt10_List_baseI14EventParameterSaIS0_EEC2Ev
                0x0001ca54       0x44 ./GPInputDevice/GPIDevice.o
                0x0001ca54                std::_List_base<EventParameter, std::allocator<EventParameter> >::_List_base()
                0x0001ca54                std::_List_base<EventParameter, std::allocator<EventParameter> >::_List_base()
 .text._ZNSaISt10_List_nodeI14EventParameterEED2Ev
                0x0001ca98       0x28 ./GPInputDevice/GPIDevice.o
                0x0001ca98                std::allocator<std::_List_node<EventParameter> >::~allocator()
                0x0001ca98                std::allocator<std::_List_node<EventParameter> >::~allocator()
 .text._ZNSt10_List_baseI14EventParameterSaIS0_EE8_M_clearEv
                0x0001cac0       0xbc ./GPInputDevice/GPIDevice.o
                0x0001cac0                std::_List_base<EventParameter, std::allocator<EventParameter> >::_M_clear()
 .text._ZNSt4listI14EventParameterSaIS0_EE9_M_insertESt14_List_iteratorIS0_ERKS0_
                0x0001cb7c       0x48 ./GPInputDevice/GPIDevice.o
                0x0001cb7c                std::list<EventParameter, std::allocator<EventParameter> >::_M_insert(std::_List_iterator<EventParameter>, EventParameter const&)
 .text._ZNSt4listI5EventSaIS0_EE3endEv
                0x0001cbc4       0x34 ./GPInputDevice/GPIDevice.o
                0x0001cbc4                std::list<Event, std::allocator<Event> >::end()
 .text._ZNSt4listI5EventSaIS0_EE9_M_insertESt14_List_iteratorIS0_ERKS0_
                0x0001cbf8       0x48 ./GPInputDevice/GPIDevice.o
                0x0001cbf8                std::list<Event, std::allocator<Event> >::_M_insert(std::_List_iterator<Event>, Event const&)
 .text._ZNKSt4listI14EventParameterSaIS0_EE5beginEv
                0x0001cc40       0x38 ./GPInputDevice/GPIDevice.o
                0x0001cc40                std::list<EventParameter, std::allocator<EventParameter> >::begin() const
 .text._ZNKSt4listI14EventParameterSaIS0_EE3endEv
                0x0001cc78       0x34 ./GPInputDevice/GPIDevice.o
                0x0001cc78                std::list<EventParameter, std::allocator<EventParameter> >::end() const
 .text._ZSt8distanceISt20_List_const_iteratorI14EventParameterEENSt15iterator_traitsIT_E15difference_typeES4_S4_
                0x0001ccac       0x40 ./GPInputDevice/GPIDevice.o
                0x0001ccac                std::iterator_traits<std::_List_const_iterator<EventParameter> >::difference_type std::distance<std::_List_const_iterator<EventParameter> >(std::_List_const_iterator<EventParameter>, std::_List_const_iterator<EventParameter>)
 .text._ZNSt14_List_iteratorI14EventParameterEC2EPNSt8__detail15_List_node_baseE
                0x0001ccec       0x34 ./GPInputDevice/GPIDevice.o
                0x0001ccec                std::_List_iterator<EventParameter>::_List_iterator(std::__detail::_List_node_base*)
                0x0001ccec                std::_List_iterator<EventParameter>::_List_iterator(std::__detail::_List_node_base*)
 .text._ZNSt10_List_baseI14EventParameterSaIS0_EE10_List_implC2Ev
                0x0001cd20       0x40 ./GPInputDevice/GPIDevice.o
                0x0001cd20                std::_List_base<EventParameter, std::allocator<EventParameter> >::_List_impl::_List_impl()
                0x0001cd20                std::_List_base<EventParameter, std::allocator<EventParameter> >::_List_impl::_List_impl()
 .text._ZNSt10_List_baseI14EventParameterSaIS0_EE7_M_initEv
                0x0001cd60       0x34 ./GPInputDevice/GPIDevice.o
                0x0001cd60                std::_List_base<EventParameter, std::allocator<EventParameter> >::_M_init()
 .text._ZN9__gnu_cxx13new_allocatorISt10_List_nodeI14EventParameterEED2Ev
                0x0001cd94       0x24 ./GPInputDevice/GPIDevice.o
                0x0001cd94                __gnu_cxx::new_allocator<std::_List_node<EventParameter> >::~new_allocator()
                0x0001cd94                __gnu_cxx::new_allocator<std::_List_node<EventParameter> >::~new_allocator()
 .text._ZNKSt10_List_baseI14EventParameterSaIS0_EE19_M_get_Tp_allocatorEv
                0x0001cdb8       0x38 ./GPInputDevice/GPIDevice.o
                0x0001cdb8                std::_List_base<EventParameter, std::allocator<EventParameter> >::_M_get_Tp_allocator() const
 .text._ZNSaI14EventParameterED2Ev
                0x0001cdf0       0x28 ./GPInputDevice/GPIDevice.o
                0x0001cdf0                std::allocator<EventParameter>::~allocator()
                0x0001cdf0                std::allocator<EventParameter>::~allocator()
 .text._ZSt11__addressofI14EventParameterEPT_RS1_
                0x0001ce18       0x24 ./GPInputDevice/GPIDevice.o
                0x0001ce18                EventParameter* std::__addressof<EventParameter>(EventParameter&)
 .text._ZN9__gnu_cxx13new_allocatorI14EventParameterE7destroyEPS1_
                0x0001ce3c       0x24 ./GPInputDevice/GPIDevice.o
                0x0001ce3c                __gnu_cxx::new_allocator<EventParameter>::destroy(EventParameter*)
 .text._ZNSt10_List_baseI14EventParameterSaIS0_EE11_M_put_nodeEPSt10_List_nodeIS0_E
                0x0001ce60       0x30 ./GPInputDevice/GPIDevice.o
                0x0001ce60                std::_List_base<EventParameter, std::allocator<EventParameter> >::_M_put_node(std::_List_node<EventParameter>*)
 .text._ZNSt4listI14EventParameterSaIS0_EE14_M_create_nodeERKS0_
                0x0001ce90       0xc0 ./GPInputDevice/GPIDevice.o
                0x0001ce90                std::list<EventParameter, std::allocator<EventParameter> >::_M_create_node(EventParameter const&)
 .text._ZNSt14_List_iteratorI5EventEC2EPNSt8__detail15_List_node_baseE
                0x0001cf50       0x34 ./GPInputDevice/GPIDevice.o
                0x0001cf50                std::_List_iterator<Event>::_List_iterator(std::__detail::_List_node_base*)
                0x0001cf50                std::_List_iterator<Event>::_List_iterator(std::__detail::_List_node_base*)
 .text._ZNSt4listI5EventSaIS0_EE14_M_create_nodeERKS0_
                0x0001cf84       0xc0 ./GPInputDevice/GPIDevice.o
                0x0001cf84                std::list<Event, std::allocator<Event> >::_M_create_node(Event const&)
 .text._ZNSt20_List_const_iteratorI14EventParameterEC2EPKNSt8__detail15_List_node_baseE
                0x0001d044       0x34 ./GPInputDevice/GPIDevice.o
                0x0001d044                std::_List_const_iterator<EventParameter>::_List_const_iterator(std::__detail::_List_node_base const*)
                0x0001d044                std::_List_const_iterator<EventParameter>::_List_const_iterator(std::__detail::_List_node_base const*)
 .text._ZSt19__iterator_categoryISt20_List_const_iteratorI14EventParameterEENSt15iterator_traitsIT_E17iterator_categoryERKS4_
                0x0001d078       0x20 ./GPInputDevice/GPIDevice.o
                0x0001d078                std::iterator_traits<std::_List_const_iterator<EventParameter> >::iterator_category std::__iterator_category<std::_List_const_iterator<EventParameter> >(std::_List_const_iterator<EventParameter> const&)
 .text._ZSt10__distanceISt20_List_const_iteratorI14EventParameterEENSt15iterator_traitsIT_E15difference_typeES4_S4_St18input_iterator_tag
                0x0001d098       0x6c ./GPInputDevice/GPIDevice.o
                0x0001d098                std::iterator_traits<std::_List_const_iterator<EventParameter> >::difference_type std::__distance<std::_List_const_iterator<EventParameter> >(std::_List_const_iterator<EventParameter>, std::_List_const_iterator<EventParameter>, std::input_iterator_tag)
 .text._ZNSaISt10_List_nodeI14EventParameterEEC2Ev
                0x0001d104       0x28 ./GPInputDevice/GPIDevice.o
                0x0001d104                std::allocator<std::_List_node<EventParameter> >::allocator()
                0x0001d104                std::allocator<std::_List_node<EventParameter> >::allocator()
 .text._ZNKSt10_List_baseI14EventParameterSaIS0_EE21_M_get_Node_allocatorEv
                0x0001d12c       0x24 ./GPInputDevice/GPIDevice.o
                0x0001d12c                std::_List_base<EventParameter, std::allocator<EventParameter> >::_M_get_Node_allocator() const
 .text._ZNSaI14EventParameterEC2ISt10_List_nodeIS_EEERKSaIT_E
                0x0001d150       0x2c ./GPInputDevice/GPIDevice.o
                0x0001d150                std::allocator<EventParameter>::allocator<std::_List_node<EventParameter> >(std::allocator<std::_List_node<EventParameter> > const&)
                0x0001d150                std::allocator<EventParameter>::allocator<std::_List_node<EventParameter> >(std::allocator<std::_List_node<EventParameter> > const&)
 .text._ZN9__gnu_cxx13new_allocatorI14EventParameterED2Ev
                0x0001d17c       0x24 ./GPInputDevice/GPIDevice.o
                0x0001d17c                __gnu_cxx::new_allocator<EventParameter>::~new_allocator()
                0x0001d17c                __gnu_cxx::new_allocator<EventParameter>::~new_allocator()
 .text._ZN9__gnu_cxx13new_allocatorISt10_List_nodeI14EventParameterEE10deallocateEPS3_j
                0x0001d1a0       0x28 ./GPInputDevice/GPIDevice.o
                0x0001d1a0                __gnu_cxx::new_allocator<std::_List_node<EventParameter> >::deallocate(std::_List_node<EventParameter>*, unsigned int)
 .text._ZNKSt10_List_baseI5EventSaIS0_EE19_M_get_Tp_allocatorEv
                0x0001d1c8       0x38 ./GPInputDevice/GPIDevice.o
                0x0001d1c8                std::_List_base<Event, std::allocator<Event> >::_M_get_Tp_allocator() const
 .text._ZNSaI5EventED2Ev
                0x0001d200       0x28 ./GPInputDevice/GPIDevice.o
                0x0001d200                std::allocator<Event>::~allocator()
                0x0001d200                std::allocator<Event>::~allocator()
 .text._ZSt11__addressofI5EventEPT_RS1_
                0x0001d228       0x24 ./GPInputDevice/GPIDevice.o
                0x0001d228                Event* std::__addressof<Event>(Event&)
 .text._ZNSt10_List_baseI5EventSaIS0_EE11_M_put_nodeEPSt10_List_nodeIS0_E
                0x0001d24c       0x30 ./GPInputDevice/GPIDevice.o
                0x0001d24c                std::_List_base<Event, std::allocator<Event> >::_M_put_node(std::_List_node<Event>*)
 .text._ZNSt10_List_baseI14EventParameterSaIS0_EE11_M_get_nodeEv
                0x0001d27c       0x34 ./GPInputDevice/GPIDevice.o
                0x0001d27c                std::_List_base<EventParameter, std::allocator<EventParameter> >::_M_get_node()
 .text._ZN9__gnu_cxx13new_allocatorI14EventParameterE9constructEPS1_RKS1_
                0x0001d2b0       0x48 ./GPInputDevice/GPIDevice.o
                0x0001d2b0                __gnu_cxx::new_allocator<EventParameter>::construct(EventParameter*, EventParameter const&)
 .text._ZNSt10_List_baseI5EventSaIS0_EE11_M_get_nodeEv
                0x0001d2f8       0x34 ./GPInputDevice/GPIDevice.o
                0x0001d2f8                std::_List_base<Event, std::allocator<Event> >::_M_get_node()
 .text._ZN9__gnu_cxx13new_allocatorI5EventE9constructEPS1_RKS1_
                0x0001d32c       0x5c ./GPInputDevice/GPIDevice.o
                0x0001d32c                __gnu_cxx::new_allocator<Event>::construct(Event*, Event const&)
 .text._ZNKSt20_List_const_iteratorI14EventParameterEneERKS1_
                0x0001d388       0x44 ./GPInputDevice/GPIDevice.o
                0x0001d388                std::_List_const_iterator<EventParameter>::operator!=(std::_List_const_iterator<EventParameter> const&) const
 .text._ZNSt20_List_const_iteratorI14EventParameterEppEv
                0x0001d3cc       0x38 ./GPInputDevice/GPIDevice.o
                0x0001d3cc                std::_List_const_iterator<EventParameter>::operator++()
 .text._ZN9__gnu_cxx13new_allocatorISt10_List_nodeI14EventParameterEEC2Ev
                0x0001d404       0x24 ./GPInputDevice/GPIDevice.o
                0x0001d404                __gnu_cxx::new_allocator<std::_List_node<EventParameter> >::new_allocator()
                0x0001d404                __gnu_cxx::new_allocator<std::_List_node<EventParameter> >::new_allocator()
 .text._ZN9__gnu_cxx13new_allocatorI14EventParameterEC2Ev
                0x0001d428       0x24 ./GPInputDevice/GPIDevice.o
                0x0001d428                __gnu_cxx::new_allocator<EventParameter>::new_allocator()
                0x0001d428                __gnu_cxx::new_allocator<EventParameter>::new_allocator()
 .text._ZNKSt10_List_baseI5EventSaIS0_EE21_M_get_Node_allocatorEv
                0x0001d44c       0x24 ./GPInputDevice/GPIDevice.o
                0x0001d44c                std::_List_base<Event, std::allocator<Event> >::_M_get_Node_allocator() const
 .text._ZNSaI5EventEC2ISt10_List_nodeIS_EEERKSaIT_E
                0x0001d470       0x2c ./GPInputDevice/GPIDevice.o
                0x0001d470                std::allocator<Event>::allocator<std::_List_node<Event> >(std::allocator<std::_List_node<Event> > const&)
                0x0001d470                std::allocator<Event>::allocator<std::_List_node<Event> >(std::allocator<std::_List_node<Event> > const&)
 .text._ZN9__gnu_cxx13new_allocatorI5EventED2Ev
                0x0001d49c       0x24 ./GPInputDevice/GPIDevice.o
                0x0001d49c                __gnu_cxx::new_allocator<Event>::~new_allocator()
                0x0001d49c                __gnu_cxx::new_allocator<Event>::~new_allocator()
 .text._ZN9__gnu_cxx13new_allocatorISt10_List_nodeI5EventEE10deallocateEPS3_j
                0x0001d4c0       0x28 ./GPInputDevice/GPIDevice.o
                0x0001d4c0                __gnu_cxx::new_allocator<std::_List_node<Event> >::deallocate(std::_List_node<Event>*, unsigned int)
 .text._ZN9__gnu_cxx13new_allocatorISt10_List_nodeI14EventParameterEE8allocateEjPKv
                0x0001d4e8       0x70 ./GPInputDevice/GPIDevice.o
                0x0001d4e8                __gnu_cxx::new_allocator<std::_List_node<EventParameter> >::allocate(unsigned int, void const*)
 .text._ZN9__gnu_cxx13new_allocatorISt10_List_nodeI5EventEE8allocateEjPKv
                0x0001d558       0x70 ./GPInputDevice/GPIDevice.o
                0x0001d558                __gnu_cxx::new_allocator<std::_List_node<Event> >::allocate(unsigned int, void const*)
 .text._ZN9__gnu_cxx13new_allocatorI5EventEC2Ev
                0x0001d5c8       0x24 ./GPInputDevice/GPIDevice.o
                0x0001d5c8                __gnu_cxx::new_allocator<Event>::new_allocator()
                0x0001d5c8                __gnu_cxx::new_allocator<Event>::new_allocator()
 .text._ZNK9__gnu_cxx13new_allocatorISt10_List_nodeI14EventParameterEE8max_sizeEv
                0x0001d5ec       0x28 ./GPInputDevice/GPIDevice.o
                0x0001d5ec                __gnu_cxx::new_allocator<std::_List_node<EventParameter> >::max_size() const
 .text._ZNK9__gnu_cxx13new_allocatorISt10_List_nodeI5EventEE8max_sizeEv
                0x0001d614       0x28 ./GPInputDevice/GPIDevice.o
                0x0001d614                __gnu_cxx::new_allocator<std::_List_node<Event> >::max_size() const
 .text          0x0001d63c      0x4fc ./EntryPoint.o
                0x0001d63c                CreateDevices
 .text._ZNSt4listIP10BaseDeviceSaIS1_EED2Ev
                0x0001db38       0x28 ./EntryPoint.o
                0x0001db38                std::list<BaseDevice*, std::allocator<BaseDevice*> >::~list()
                0x0001db38                std::list<BaseDevice*, std::allocator<BaseDevice*> >::~list()
 .text._ZNSt4listIP10BaseDeviceSaIS1_EEC2Ev
                0x0001db60       0x2c ./EntryPoint.o
                0x0001db60                std::list<BaseDevice*, std::allocator<BaseDevice*> >::list()
                0x0001db60                std::list<BaseDevice*, std::allocator<BaseDevice*> >::list()
 .text._ZNSt10_List_baseIP10BaseDeviceSaIS1_EE10_List_implD2Ev
                0x0001db8c       0x28 ./EntryPoint.o
                0x0001db8c                std::_List_base<BaseDevice*, std::allocator<BaseDevice*> >::_List_impl::~_List_impl()
                0x0001db8c                std::_List_base<BaseDevice*, std::allocator<BaseDevice*> >::_List_impl::~_List_impl()
 .text._ZNSt10_List_baseIP10BaseDeviceSaIS1_EED2Ev
                0x0001dbb4       0x44 ./EntryPoint.o
                0x0001dbb4                std::_List_base<BaseDevice*, std::allocator<BaseDevice*> >::~_List_base()
                0x0001dbb4                std::_List_base<BaseDevice*, std::allocator<BaseDevice*> >::~_List_base()
 .text._ZNSt4listIP10BaseDeviceSaIS1_EE9push_backERKS1_
                0x0001dbf8       0x38 ./EntryPoint.o
                0x0001dbf8                std::list<BaseDevice*, std::allocator<BaseDevice*> >::push_back(BaseDevice* const&)
 .text._ZNSt10_List_baseIP10BaseDeviceSaIS1_EEC2Ev
                0x0001dc30       0x44 ./EntryPoint.o
                0x0001dc30                std::_List_base<BaseDevice*, std::allocator<BaseDevice*> >::_List_base()
                0x0001dc30                std::_List_base<BaseDevice*, std::allocator<BaseDevice*> >::_List_base()
 .text._ZNSaISt10_List_nodeIP10BaseDeviceEED2Ev
                0x0001dc74       0x28 ./EntryPoint.o
                0x0001dc74                std::allocator<std::_List_node<BaseDevice*> >::~allocator()
                0x0001dc74                std::allocator<std::_List_node<BaseDevice*> >::~allocator()
 .text._ZNSt10_List_baseIP10BaseDeviceSaIS1_EE8_M_clearEv
                0x0001dc9c       0xbc ./EntryPoint.o
                0x0001dc9c                std::_List_base<BaseDevice*, std::allocator<BaseDevice*> >::_M_clear()
 .text._ZNSt4listIP10BaseDeviceSaIS1_EE3endEv
                0x0001dd58       0x34 ./EntryPoint.o
                0x0001dd58                std::list<BaseDevice*, std::allocator<BaseDevice*> >::end()
 .text._ZNSt4listIP10BaseDeviceSaIS1_EE9_M_insertESt14_List_iteratorIS1_ERKS1_
                0x0001dd8c       0x48 ./EntryPoint.o
                0x0001dd8c                std::list<BaseDevice*, std::allocator<BaseDevice*> >::_M_insert(std::_List_iterator<BaseDevice*>, BaseDevice* const&)
 .text._ZNKSt10_List_baseIP10BaseDeviceSaIS1_EE21_M_get_Node_allocatorEv
                0x0001ddd4       0x24 ./EntryPoint.o
                0x0001ddd4                std::_List_base<BaseDevice*, std::allocator<BaseDevice*> >::_M_get_Node_allocator() const
 .text._ZNSaIP10BaseDeviceEC2ISt10_List_nodeIS0_EEERKSaIT_E
                0x0001ddf8       0x2c ./EntryPoint.o
                0x0001ddf8                std::allocator<BaseDevice*>::allocator<std::_List_node<BaseDevice*> >(std::allocator<std::_List_node<BaseDevice*> > const&)
                0x0001ddf8                std::allocator<BaseDevice*>::allocator<std::_List_node<BaseDevice*> >(std::allocator<std::_List_node<BaseDevice*> > const&)
 .text._ZNSaIP10BaseDeviceED2Ev
                0x0001de24       0x28 ./EntryPoint.o
                0x0001de24                std::allocator<BaseDevice*>::~allocator()
                0x0001de24                std::allocator<BaseDevice*>::~allocator()
 .text._ZNSt10_List_baseIP10BaseDeviceSaIS1_EE10_List_implC2Ev
                0x0001de4c       0x40 ./EntryPoint.o
                0x0001de4c                std::_List_base<BaseDevice*, std::allocator<BaseDevice*> >::_List_impl::_List_impl()
                0x0001de4c                std::_List_base<BaseDevice*, std::allocator<BaseDevice*> >::_List_impl::_List_impl()
 .text._ZNSt10_List_baseIP10BaseDeviceSaIS1_EE7_M_initEv
                0x0001de8c       0x34 ./EntryPoint.o
                0x0001de8c                std::_List_base<BaseDevice*, std::allocator<BaseDevice*> >::_M_init()
 .text._ZN9__gnu_cxx13new_allocatorISt10_List_nodeIP10BaseDeviceEED2Ev
                0x0001dec0       0x24 ./EntryPoint.o
                0x0001dec0                __gnu_cxx::new_allocator<std::_List_node<BaseDevice*> >::~new_allocator()
                0x0001dec0                __gnu_cxx::new_allocator<std::_List_node<BaseDevice*> >::~new_allocator()
 .text._ZNKSt10_List_baseIP10BaseDeviceSaIS1_EE19_M_get_Tp_allocatorEv
                0x0001dee4       0x38 ./EntryPoint.o
                0x0001dee4                std::_List_base<BaseDevice*, std::allocator<BaseDevice*> >::_M_get_Tp_allocator() const
 .text._ZSt11__addressofIP10BaseDeviceEPT_RS2_
                0x0001df1c       0x24 ./EntryPoint.o
                0x0001df1c                BaseDevice** std::__addressof<BaseDevice*>(BaseDevice*&)
 .text._ZN9__gnu_cxx13new_allocatorIP10BaseDeviceE7destroyEPS2_
                0x0001df40       0x20 ./EntryPoint.o
                0x0001df40                __gnu_cxx::new_allocator<BaseDevice*>::destroy(BaseDevice**)
 .text._ZNSt10_List_baseIP10BaseDeviceSaIS1_EE11_M_put_nodeEPSt10_List_nodeIS1_E
                0x0001df60       0x30 ./EntryPoint.o
                0x0001df60                std::_List_base<BaseDevice*, std::allocator<BaseDevice*> >::_M_put_node(std::_List_node<BaseDevice*>*)
 .text._ZNSt14_List_iteratorIP10BaseDeviceEC2EPNSt8__detail15_List_node_baseE
                0x0001df90       0x34 ./EntryPoint.o
                0x0001df90                std::_List_iterator<BaseDevice*>::_List_iterator(std::__detail::_List_node_base*)
                0x0001df90                std::_List_iterator<BaseDevice*>::_List_iterator(std::__detail::_List_node_base*)
 .text._ZNSt4listIP10BaseDeviceSaIS1_EE14_M_create_nodeERKS1_
                0x0001dfc4       0xbc ./EntryPoint.o
                0x0001dfc4                std::list<BaseDevice*, std::allocator<BaseDevice*> >::_M_create_node(BaseDevice* const&)
 .text._ZN9__gnu_cxx13new_allocatorIP10BaseDeviceEC2Ev
                0x0001e080       0x24 ./EntryPoint.o
                0x0001e080                __gnu_cxx::new_allocator<BaseDevice*>::new_allocator()
                0x0001e080                __gnu_cxx::new_allocator<BaseDevice*>::new_allocator()
 .text._ZN9__gnu_cxx13new_allocatorIP10BaseDeviceED2Ev
                0x0001e0a4       0x24 ./EntryPoint.o
                0x0001e0a4                __gnu_cxx::new_allocator<BaseDevice*>::~new_allocator()
                0x0001e0a4                __gnu_cxx::new_allocator<BaseDevice*>::~new_allocator()
 .text._ZNSaISt10_List_nodeIP10BaseDeviceEEC2Ev
                0x0001e0c8       0x28 ./EntryPoint.o
                0x0001e0c8                std::allocator<std::_List_node<BaseDevice*> >::allocator()
                0x0001e0c8                std::allocator<std::_List_node<BaseDevice*> >::allocator()
 .text._ZN9__gnu_cxx13new_allocatorISt10_List_nodeIP10BaseDeviceEE10deallocateEPS4_j
                0x0001e0f0       0x28 ./EntryPoint.o
                0x0001e0f0                __gnu_cxx::new_allocator<std::_List_node<BaseDevice*> >::deallocate(std::_List_node<BaseDevice*>*, unsigned int)
 .text._ZNSt10_List_baseIP10BaseDeviceSaIS1_EE11_M_get_nodeEv
                0x0001e118       0x34 ./EntryPoint.o
                0x0001e118                std::_List_base<BaseDevice*, std::allocator<BaseDevice*> >::_M_get_node()
 .text._ZN9__gnu_cxx13new_allocatorIP10BaseDeviceE9constructEPS2_RKS2_
                0x0001e14c       0x48 ./EntryPoint.o
                0x0001e14c                __gnu_cxx::new_allocator<BaseDevice*>::construct(BaseDevice**, BaseDevice* const&)
 .text._ZN9__gnu_cxx13new_allocatorISt10_List_nodeIP10BaseDeviceEEC2Ev
                0x0001e194       0x24 ./EntryPoint.o
                0x0001e194                __gnu_cxx::new_allocator<std::_List_node<BaseDevice*> >::new_allocator()
                0x0001e194                __gnu_cxx::new_allocator<std::_List_node<BaseDevice*> >::new_allocator()
 .text._ZN9__gnu_cxx13new_allocatorISt10_List_nodeIP10BaseDeviceEE8allocateEjPKv
                0x0001e1b8       0x70 ./EntryPoint.o