Archive member included because of file (symbol)

/usr/lib/x86_64-linux-gnu/libc_nonshared.a(stat.oS)
                              ./DataSerializationManager.o (stat)

Discarded input sections

 .note.GNU-stack
                0x0000000000000000        0x0 /usr/lib/gcc/x86_64-linux-gnu/4.6/../../../x86_64-linux-gnu/crti.o
 .gnu_debuglink
                0x0000000000000000        0xc /usr/lib/gcc/x86_64-linux-gnu/4.6/../../../x86_64-linux-gnu/crti.o
 .note.GNU-stack
                0x0000000000000000        0x0 /usr/lib/gcc/x86_64-linux-gnu/4.6/crtbeginS.o
 .group         0x0000000000000000        0x8 ./BaseDevice.o
 .group         0x0000000000000000        0x8 ./BaseDevice.o
 .group         0x0000000000000000        0x8 ./BaseDevice.o
 .group         0x0000000000000000        0x8 ./BaseDevice.o
 .group         0x0000000000000000        0x8 ./BaseDevice.o
 .group         0x0000000000000000        0x8 ./BaseDevice.o
 .group         0x0000000000000000        0x8 ./BaseDevice.o
 .group         0x0000000000000000        0x8 ./BaseDevice.o
 .group         0x0000000000000000        0x8 ./BaseDevice.o
 .group         0x0000000000000000        0xc ./BaseDevice.o
 .group         0x0000000000000000        0x8 ./BaseDevice.o
 .group         0x0000000000000000        0x8 ./BaseDevice.o
 .group         0x0000000000000000        0x8 ./BaseDevice.o
 .group         0x0000000000000000        0x8 ./BaseDevice.o
 .group         0x0000000000000000        0x8 ./BaseDevice.o
 .group         0x0000000000000000        0x8 ./BaseDevice.o
 .group         0x0000000000000000        0x8 ./BaseDevice.o
 .group         0x0000000000000000        0x8 ./BaseDevice.o
 .group         0x0000000000000000        0x8 ./BaseDevice.o
 .group         0x0000000000000000        0x8 ./BaseDevice.o
 .group         0x0000000000000000        0x8 ./BaseDevice.o
 .group         0x0000000000000000        0x8 ./BaseDevice.o
 .group         0x0000000000000000        0x8 ./BaseDevice.o
 .group         0x0000000000000000        0x8 ./BaseDevice.o
 .group         0x0000000000000000        0x8 ./BaseDevice.o
 .group         0x0000000000000000        0x8 ./BaseDevice.o
 .group         0x0000000000000000        0x8 ./BaseDevice.o
 .group         0x0000000000000000        0x8 ./BaseDevice.o
 .group         0x0000000000000000        0x8 ./BaseDevice.o
 .group         0x0000000000000000        0x8 ./BaseDevice.o
 .group         0x0000000000000000        0x8 ./BaseDevice.o
 .group         0x0000000000000000        0x8 ./BaseDevice.o
 .group         0x0000000000000000        0x8 ./BaseDevice.o
 .group         0x0000000000000000        0x8 ./BaseDevice.o
 .group         0x0000000000000000        0x8 ./BaseDevice.o
 .group         0x0000000000000000        0x8 ./BaseDevice.o
 .group         0x0000000000000000        0x8 ./BaseDevice.o
 .group         0x0000000000000000        0x8 ./BaseDevice.o
 .group         0x0000000000000000        0x8 ./BaseDevice.o
 .group         0x0000000000000000        0x8 ./BaseDevice.o
 .group         0x0000000000000000        0x8 ./BaseDevice.o
 .group         0x0000000000000000        0x8 ./BaseDevice.o
 .group         0x0000000000000000        0x8 ./BaseDevice.o
 .group         0x0000000000000000        0x8 ./BaseDevice.o
 .group         0x0000000000000000        0x8 ./BaseDevice.o
 .group         0x0000000000000000        0x8 ./BaseDevice.o
 .group         0x0000000000000000        0x8 ./BaseDevice.o
 .group         0x0000000000000000        0x8 ./BaseDevice.o
 .group         0x0000000000000000        0x8 ./BaseDevice.o
 .group         0x0000000000000000        0x8 ./BaseDevice.o
 .group         0x0000000000000000        0x8 ./BaseDevice.o
 .group         0x0000000000000000        0x8 ./BaseDevice.o
 .group         0x0000000000000000        0x8 ./BaseDevice.o
 .group         0x0000000000000000        0x8 ./BaseDevice.o
 .group         0x0000000000000000        0x8 ./BaseDevice.o
 .group         0x0000000000000000        0x8 ./BaseDevice.o
 .group         0x0000000000000000        0x8 ./BaseDevice.o
 .group         0x0000000000000000        0x8 ./BaseDevice.o
 .group         0x0000000000000000        0x8 ./BaseDevice.o
 .group         0x0000000000000000        0x8 ./BaseDevice.o
 .group         0x0000000000000000        0x8 ./BaseDevice.o
 .group         0x0000000000000000        0x8 ./BaseDevice.o
 .group         0x0000000000000000        0x8 ./BaseDevice.o
 .group         0x0000000000000000        0x8 ./BaseDevice.o
 .group         0x0000000000000000        0x8 ./BaseDevice.o
 .group         0x0000000000000000        0x8 ./BaseDevice.o
 .group         0x0000000000000000        0x8 ./BaseDevice.o
 .group         0x0000000000000000        0x8 ./BaseDevice.o
 .group         0x0000000000000000        0x8 ./BaseDevice.o
 .group         0x0000000000000000        0x8 ./BaseDevice.o
 .group         0x0000000000000000        0x8 ./BaseDevice.o
 .group         0x0000000000000000        0x8 ./BaseDevice.o
[...]
Memory Configuration

Name             Origin             Length             Attributes
*default*        0x0000000000000000 0xffffffffffffffff

Linker script and memory map

LOAD /usr/lib/gcc/x86_64-linux-gnu/4.6/../../../x86_64-linux-gnu/crti.o
LOAD /usr/lib/gcc/x86_64-linux-gnu/4.6/crtbeginS.o
LOAD ./BaseDevice.o
LOAD ./BaseDriver.o
LOAD ./Command.o
LOAD ./Configuration.o
LOAD ./ConnectionPoint.o
LOAD ./Convert.o
LOAD ./DataSerializationManager.o
LOAD ./Event.o
LOAD ./InConnectionPoint.o
LOAD ./JsonParameters.o
LOAD ./LogEntry.o
LOAD ./OutConnectionPoint.o
LOAD ./Pinout.o
LOAD ./Process.o
LOAD ./Program.o
LOAD ./Wire.o
LOAD ./Logging/BaseLogProvider.o
LOAD ./Logging/EventLogger.o
LOAD ./Logging/JsonLogProvider.o
LOAD ./Logging/SysLogProvider.o
LOAD /usr/lib/gcc/x86_64-linux-gnu/4.6/libstdc++.so
LOAD /usr/lib/gcc/x86_64-linux-gnu/4.6/../../../x86_64-linux-gnu/libm.so
LOAD /usr/lib/gcc/x86_64-linux-gnu/4.6/libgcc_s.so
LOAD /usr/lib/gcc/x86_64-linux-gnu/4.6/../../../x86_64-linux-gnu/libc.so
START GROUP
LOAD /lib/x86_64-linux-gnu/libc.so.6
LOAD /usr/lib/x86_64-linux-gnu/libc_nonshared.a
LOAD /lib/x86_64-linux-gnu/ld-linux-x86-64.so.2
END GROUP
LOAD /usr/lib/gcc/x86_64-linux-gnu/4.6/libgcc_s.so
LOAD /usr/lib/gcc/x86_64-linux-gnu/4.6/crtendS.o
LOAD /usr/lib/gcc/x86_64-linux-gnu/4.6/../../../x86_64-linux-gnu/crtn.o
                0x00000000000001c8                . = (0x0 + SIZEOF_HEADERS)

.note.gnu.build-id
                0x00000000000001c8       0x24
 *(.note.gnu.build-id)
 .note.gnu.build-id
                0x00000000000001c8       0x24 /usr/lib/gcc/x86_64-linux-gnu/4.6/../../../x86_64-linux-gnu/crti.o

.hash
 *(.hash)

.gnu.hash       0x00000000000001f0     0x29fc
 *(.gnu.hash)
 .gnu.hash      0x00000000000001f0     0x29fc /usr/lib/gcc/x86_64-linux-gnu/4.6/../../../x86_64-linux-gnu/crti.o

.dynsym         0x0000000000002bf0     0x8af0
 *(.dynsym)
 .dynsym        0x0000000000002bf0     0x8af0 /usr/lib/gcc/x86_64-linux-gnu/4.6/../../../x86_64-linux-gnu/crti.o

.dynstr         0x000000000000b6e0    0x105fc
 *(.dynstr)
 .dynstr        0x000000000000b6e0    0x105fc /usr/lib/gcc/x86_64-linux-gnu/4.6/../../../x86_64-linux-gnu/crti.o

.gnu.version    0x000000000001bcdc      0xb94
 *(.gnu.version)
 .gnu.version   0x000000000001bcdc      0xb94 /usr/lib/gcc/x86_64-linux-gnu/4.6/../../../x86_64-linux-gnu/crti.o

.gnu.version_d  0x000000000001c870        0x0
 *(.gnu.version_d)
 .gnu.version_d
                0x0000000000000000        0x0 /usr/lib/gcc/x86_64-linux-gnu/4.6/../../../x86_64-linux-gnu/crti.o

.gnu.version_r  0x000000000001c870       0x90
 *(.gnu.version_r)
 .gnu.version_r
                0x000000000001c870       0x90 /usr/lib/gcc/x86_64-linux-gnu/4.6/../../../x86_64-linux-gnu/crti.o

.rela.dyn       0x000000000001c900     0x2160
 *(.rela.init)
 *(.rela.text .rela.text.* .rela.gnu.linkonce.t.*)
 .rela.text     0x0000000000000000        0x0 /usr/lib/gcc/x86_64-linux-gnu/4.6/../../../x86_64-linux-gnu/crti.o
 *(.rela.fini)
 *(.rela.rodata .rela.rodata.* .rela.gnu.linkonce.r.*)
 *(.rela.data .rela.data.* .rela.gnu.linkonce.d.*)
 .rela.data.rel
                0x000000000001c900       0x18 /usr/lib/gcc/x86_64-linux-gnu/4.6/../../../x86_64-linux-gnu/crti.o
 .rela.data.rel.ro._ZTV10BaseDevice
                0x000000000001c918      0x240 /usr/lib/gcc/x86_64-linux-gnu/4.6/../../../x86_64-linux-gnu/crti.o
 .rela.data.rel.ro._ZTV9ErrorItem
                0x000000000001cb58       0x48 /usr/lib/gcc/x86_64-linux-gnu/4.6/../../../x86_64-linux-gnu/crti.o
 .rela.data.rel.ro._ZTV13IRefreshValue
                0x000000000001cba0       0x30 /usr/lib/gcc/x86_64-linux-gnu/4.6/../../../x86_64-linux-gnu/crti.o
 .rela.data.rel.ro._ZTV13IValueChanged
                0x000000000001cbd0       0x30 /usr/lib/gcc/x86_64-linux-gnu/4.6/../../../x86_64-linux-gnu/crti.o
 .rela.data.rel.ro._ZTI10BaseDevice
                0x000000000001cc00       0x60 /usr/lib/gcc/x86_64-linux-gnu/4.6/../../../x86_64-linux-gnu/crti.o
 .rela.data.rel.ro._ZTI9ErrorItem
                0x000000000001cc60       0x30 /usr/lib/gcc/x86_64-linux-gnu/4.6/../../../x86_64-linux-gnu/crti.o
 .rela.data.rel.ro._ZTI13IRefreshValue
                0x000000000001cc90       0x30 /usr/lib/gcc/x86_64-linux-gnu/4.6/../../../x86_64-linux-gnu/crti.o
 .rela.data.rel.ro._ZTI13IValueChanged
                0x000000000001ccc0       0x30 /usr/lib/gcc/x86_64-linux-gnu/4.6/../../../x86_64-linux-gnu/crti.o
 .rela.data.rel.ro.local
                0x000000000001ccf0      0x198 /usr/lib/gcc/x86_64-linux-gnu/4.6/../../../x86_64-linux-gnu/crti.o
 .rela.data.DW.ref.__gxx_personality_v0
                0x000000000001ce88       0x18 /usr/lib/gcc/x86_64-linux-gnu/4.6/../../../x86_64-linux-gnu/crti.o
 .rela.data.rel.ro._ZTV10BaseDriver
                0x000000000001cea0      0x138 /usr/lib/gcc/x86_64-linux-gnu/4.6/../../../x86_64-linux-gnu/crti.o
 .rela.data.rel.ro._ZTV13DriverCommand
                0x000000000001cfd8       0x78 /usr/lib/gcc/x86_64-linux-gnu/4.6/../../../x86_64-linux-gnu/crti.o
 .rela.data.rel.ro._ZTI10BaseDriver
                0x000000000001d050       0x48 /usr/lib/gcc/x86_64-linux-gnu/4.6/../../../x86_64-linux-gnu/crti.o
 .rela.data.rel.ro._ZTI13DriverCommand
                0x000000000001d098       0x30 /usr/lib/gcc/x86_64-linux-gnu/4.6/../../../x86_64-linux-gnu/crti.o
 .rela.data.rel.ro._ZTV7Command
                0x000000000001d0c8       0x60 /usr/lib/gcc/x86_64-linux-gnu/4.6/../../../x86_64-linux-gnu/crti.o
 .rela.data.rel.ro._ZTI7Command
                0x000000000001d128       0x30 /usr/lib/gcc/x86_64-linux-gnu/4.6/../../../x86_64-linux-gnu/crti.o
 .rela.data.rel.ro._ZTV13Configuration
                0x000000000001d158       0x48 /usr/lib/gcc/x86_64-linux-gnu/4.6/../../../x86_64-linux-gnu/crti.o
 .rela.data.rel.ro._ZTI13Configuration
                0x000000000001d1a0       0x30 /usr/lib/gcc/x86_64-linux-gnu/4.6/../../../x86_64-linux-gnu/crti.o
 .rela.data.rel.ro._ZTV15ConnectionPoint
                0x000000000001d1d0       0xd8 /usr/lib/gcc/x86_64-linux-gnu/4.6/../../../x86_64-linux-gnu/crti.o
 .rela.data.rel.ro._ZTI15ConnectionPoint
                0x000000000001d2a8       0x30 /usr/lib/gcc/x86_64-linux-gnu/4.6/../../../x86_64-linux-gnu/crti.o
 .rela.data.rel.ro._ZTV24DataSerializationManager
                0x000000000001d2d8       0x48 /usr/lib/gcc/x86_64-linux-gnu/4.6/../../../x86_64-linux-gnu/crti.o
 .rela.data.rel.ro._ZTI24DataSerializationManager
                0x000000000001d320       0x30 /usr/lib/gcc/x86_64-linux-gnu/4.6/../../../x86_64-linux-gnu/crti.o
 .rela.data.rel.ro._ZTV5Event
                0x000000000001d350       0x60 /usr/lib/gcc/x86_64-linux-gnu/4.6/../../../x86_64-linux-gnu/crti.o
 .rela.data.rel.ro._ZTI5Event
                0x000000000001d3b0       0x30 /usr/lib/gcc/x86_64-linux-gnu/4.6/../../../x86_64-linux-gnu/crti.o
 .rela.data.rel.ro._ZTV17InConnectionPoint
                0x000000000001d3e0       0xd8 /usr/lib/gcc/x86_64-linux-gnu/4.6/../../../x86_64-linux-gnu/crti.o
 .rela.data.rel.ro._ZTI17InConnectionPoint
                0x000000000001d4b8       0x48 /usr/lib/gcc/x86_64-linux-gnu/4.6/../../../x86_64-linux-gnu/crti.o
 .rela.data.rel.ro._ZTV8LogEntry
                0x000000000001d500       0x48 /usr/lib/gcc/x86_64-linux-gnu/4.6/../../../x86_64-linux-gnu/crti.o
 .rela.data.rel.ro._ZTI8LogEntry
                0x000000000001d548       0x30 /usr/lib/gcc/x86_64-linux-gnu/4.6/../../../x86_64-linux-gnu/crti.o
 .rela.data.rel.ro._ZTV18OutConnectionPoint
                0x000000000001d578       0xd8 /usr/lib/gcc/x86_64-linux-gnu/4.6/../../../x86_64-linux-gnu/crti.o
 .rela.data.rel.ro._ZTI18OutConnectionPoint
                0x000000000001d650       0x48 /usr/lib/gcc/x86_64-linux-gnu/4.6/../../../x86_64-linux-gnu/crti.o
 .rela.data.rel.ro._ZTV6Pinout
                0x000000000001d698       0x48 /usr/lib/gcc/x86_64-linux-gnu/4.6/../../../x86_64-linux-gnu/crti.o
 .rela.data.rel.ro._ZTI6Pinout
                0x000000000001d6e0       0x30 /usr/lib/gcc/x86_64-linux-gnu/4.6/../../../x86_64-linux-gnu/crti.o
 .rela.data.rel.ro._ZTV7Process
                0x000000000001d710       0x78 /usr/lib/gcc/x86_64-linux-gnu/4.6/../../../x86_64-linux-gnu/crti.o
 .rela.data.rel.ro._ZTV13IErrorHandler
                0x000000000001d788       0x30 /usr/lib/gcc/x86_64-linux-gnu/4.6/../../../x86_64-linux-gnu/crti.o
 .rela.data.rel.ro._ZTI7Process
                0x000000000001d7b8       0x48 /usr/lib/gcc/x86_64-linux-gnu/4.6/../../../x86_64-linux-gnu/crti.o
 .rela.data.rel.ro._ZTI13IErrorHandler
                0x000000000001d800       0x30 /usr/lib/gcc/x86_64-linux-gnu/4.6/../../../x86_64-linux-gnu/crti.o
 .rela.data.rel.ro._ZTV7Program
                0x000000000001d830       0x48 /usr/lib/gcc/x86_64-linux-gnu/4.6/../../../x86_64-linux-gnu/crti.o
 .rela.data.rel.ro._ZTI7Program
                0x000000000001d878       0x30 /usr/lib/gcc/x86_64-linux-gnu/4.6/../../../x86_64-linux-gnu/crti.o
 .rela.data.rel.ro._ZTV4Wire
                0x000000000001d8a8       0xa8 /usr/lib/gcc/x86_64-linux-gnu/4.6/../../../x86_64-linux-gnu/crti.o
 .rela.data.rel.ro._ZTI4Wire
                0x000000000001d950       0x60 /usr/lib/gcc/x86_64-linux-gnu/4.6/../../../x86_64-linux-gnu/crti.o
 .rela.data.rel.ro._ZTV15BaseLogProvider
                0x000000000001d9b0      0x138 /usr/lib/gcc/x86_64-linux-gnu/4.6/../../../x86_64-linux-gnu/crti.o
 .rela.data.rel.ro._ZTI15BaseLogProvider
                0x000000000001dae8       0x30 /usr/lib/gcc/x86_64-linux-gnu/4.6/../../../x86_64-linux-gnu/crti.o
 .rela.data.rel.ro._ZTV11EventLogger
                0x000000000001db18      0x108 /usr/lib/gcc/x86_64-linux-gnu/4.6/../../../x86_64-linux-gnu/crti.o
 .rela.data.rel.ro._ZTI11EventLogger
                0x000000000001dc20       0x30 /usr/lib/gcc/x86_64-linux-gnu/4.6/../../../x86_64-linux-gnu/crti.o
 .rela.data.rel.ro._ZTV15JsonLogProvider
                0x000000000001dc50      0x138 /usr/lib/gcc/x86_64-linux-gnu/4.6/../../../x86_64-linux-gnu/crti.o
 .rela.data.rel.ro._ZTI15JsonLogProvider
                0x000000000001dd88       0x48 /usr/lib/gcc/x86_64-linux-gnu/4.6/../../../x86_64-linux-gnu/crti.o
 .rela.data.rel.ro._ZTV14SysLogProvider
                0x000000000001ddd0      0x150 /usr/lib/gcc/x86_64-linux-gnu/4.6/../../../x86_64-linux-gnu/crti.o
 .rela.data.rel.ro._ZTI14SysLogProvider
                0x000000000001df20       0x48 /usr/lib/gcc/x86_64-linux-gnu/4.6/../../../x86_64-linux-gnu/crti.o
 *(.rela.tdata .rela.tdata.* .rela.gnu.linkonce.td.*)
 *(.rela.tbss .rela.tbss.* .rela.gnu.linkonce.tb.*)
 *(.rela.ctors)
 .rela.ctors    0x000000000001df68      0x1c8 /usr/lib/gcc/x86_64-linux-gnu/4.6/../../../x86_64-linux-gnu/crti.o
 *(.rela.dtors)
 *(.rela.got)
 .rela.got      0x000000000001e130      0x930 /usr/lib/gcc/x86_64-linux-gnu/4.6/../../../x86_64-linux-gnu/crti.o
 *(.rela.bss .rela.bss.* .rela.gnu.linkonce.b.*)
 *(.rela.ldata .rela.ldata.* .rela.gnu.linkonce.l.*)
 *(.rela.lbss .rela.lbss.* .rela.gnu.linkonce.lb.*)
 *(.rela.lrodata .rela.lrodata.* .rela.gnu.linkonce.lr.*)
 *(.rela.ifunc)
 .rela.ifunc    0x0000000000000000        0x0 /usr/lib/gcc/x86_64-linux-gnu/4.6/../../../x86_64-linux-gnu/crti.o
 .rela.eh_frame
                0x0000000000000000        0x0 /usr/lib/gcc/x86_64-linux-gnu/4.6/../../../x86_64-linux-gnu/crti.o

.rela.plt       0x000000000001ea60     0x50d0
 *(.rela.plt)
 .rela.plt      0x000000000001ea60     0x50d0 /usr/lib/gcc/x86_64-linux-gnu/4.6/../../../x86_64-linux-gnu/crti.o
 *(.rela.iplt)

.init           0x0000000000023b30       0x18
 *(.init)
 .init          0x0000000000023b30        0x9 /usr/lib/gcc/x86_64-linux-gnu/4.6/../../../x86_64-linux-gnu/crti.o
                0x0000000000023b30                _init
 .init          0x0000000000023b39        0x5 /usr/lib/gcc/x86_64-linux-gnu/4.6/crtbeginS.o
 .init          0x0000000000023b3e        0x5 /usr/lib/gcc/x86_64-linux-gnu/4.6/crtendS.o
 .init          0x0000000000023b43        0x5 /usr/lib/gcc/x86_64-linux-gnu/4.6/../../../x86_64-linux-gnu/crtn.o

.plt            0x0000000000023b50     0x35f0
 *(.plt)
 .plt           0x0000000000023b50     0x35f0 /usr/lib/gcc/x86_64-linux-gnu/4.6/../../../x86_64-linux-gnu/crti.o
 *(.iplt)

.text           0x0000000000027140    0x18e78
 *(.text.unlikely .text.*_unlikely)
 *(.text.exit .text.exit.*)
 *(.text.startup .text.startup.*)
 *(.text.hot .text.hot.*)
 *(.text .stub .text.* .gnu.linkonce.t.*)
 .text          0x0000000000027140       0x17 /usr/lib/gcc/x86_64-linux-gnu/4.6/../../../x86_64-linux-gnu/crti.o
 *fill*         0x0000000000027157        0x9 90909090
 .text          0x0000000000027160       0xaa /usr/lib/gcc/x86_64-linux-gnu/4.6/crtbeginS.o
 *fill*         0x000000000002720a        0x2 90909090
 .text          0x000000000002720c     0x1da5 ./BaseDevice.o
                0x000000000002720c                _ZN10BaseDeviceC2Ev
                0x000000000002720c                _ZN10BaseDeviceC1Ev
                0x000000000002738e                _ZN10BaseDeviceD1Ev
                0x000000000002738e                _ZN10BaseDeviceD2Ev
                0x0000000000027616                _ZN10BaseDeviceD0Ev
                0x000000000002763c                _ZN10BaseDevice2IdEv
                0x000000000002764e                _ZN10BaseDevice5SetIdEi
                0x0000000000027666                _ZN10BaseDevice7SetNameESs
                0x0000000000027690                _ZN10BaseDevice11SetIsCustomEb
                0x00000000000276aa                _ZN10BaseDevice11GetIsCustomEv
                0x00000000000276bc                _ZN10BaseDevice13SetIsUpdatingEb
                0x00000000000276d6                _ZN10BaseDevice13GetIsUpdatingEv
                0x00000000000276e8                _ZN10BaseDevice17WidgetInitializedEv
                0x00000000000277ea                _ZN10BaseDevice4NameEv
                0x0000000000027808                _ZN10BaseDevice11DescriptionEv
                0x0000000000027826                _ZN10BaseDevice9GroupNameEv
                0x0000000000027844                _ZN10BaseDevice13IsInitializedEv
                0x0000000000027856                _ZN10BaseDevice7PinoutsEv
                0x0000000000027868                _ZN10BaseDevice16ConnectionPointsEv
                0x0000000000027896                _ZN10BaseDevice18GetConnectionPointEi
                0x000000000002793c                _ZN10BaseDevice20AreAllINsInitializedEv
                0x0000000000027a0e                _ZN10BaseDevice17AddCustomPropertyEP15DeviceParameter
                0x0000000000027a44                _ZN10BaseDevice12GetParameterESs
                0x0000000000027a6a                _ZN10BaseDevice12SetParameterESsPv
                0x0000000000027a7c                _ZN10BaseDevice14ExecuteCommandE7Command
                0x0000000000027a8a                _ZN10BaseDevice14EventTriggeredESt4listI14EventParameterSaIS1_EE
                0x0000000000027a98                _ZN10BaseDevice16ReleaseResourcesEv
                0x0000000000027aa2                _ZN10BaseDevice6ToJsonEv
                0x0000000000028976                _ZN10BaseDevice20InputPinValueChangedEPv
                0x0000000000028bf7                _ZThn8_N10BaseDevice7RefreshEPv
                0x0000000000028bfe                _ZN10BaseDevice7RefreshEPv
                0x0000000000028e32                _ZN10BaseDevice7OnErrorEi
                0x0000000000028e86                _ZN10BaseDevice7OnErrorEP9ErrorItem
                0x0000000000028f08                _ZN10BaseDevice20RegisterErrorHandlerEP13IErrorHandler
                0x0000000000028f46                _ZN10BaseDevice24InitializeFromDescriptorESt4listI8PropertySaIS1_EE
 .text._ZnwmPv  0x0000000000028fb1       0x12 ./BaseDevice.o
                0x0000000000028fb1                _ZnwmPv
 .text._ZNSt11char_traitsIcE6lengthEPKc
                0x0000000000028fc3       0x31 ./BaseDevice.o
                0x0000000000028fc3                _ZNSt11char_traitsIcE6lengthEPKc
 .text._ZN15DeviceParameterC2Ev
                0x0000000000028ff4       0xca ./BaseDevice.o
                0x0000000000028ff4                _ZN15DeviceParameterC2Ev
                0x0000000000028ff4                _ZN15DeviceParameterC1Ev
 .text._ZN15DeviceParameter4NameEv
                0x00000000000290be       0x29 ./BaseDevice.o
                0x00000000000290be                _ZN15DeviceParameter4NameEv
 *fill*         0x00000000000290e7        0x1 90909090
 .text._ZN15DeviceParameter4TypeEv
                0x00000000000290e8       0x2d ./BaseDevice.o
                0x00000000000290e8                _ZN15DeviceParameter4TypeEv
 *fill*         0x0000000000029115        0x1 90909090
 .text._ZN15DeviceParameter11StringValueEv
                0x0000000000029116       0x2d ./BaseDevice.o
                0x0000000000029116                _ZN15DeviceParameter11StringValueEv
 *fill*         0x0000000000029143        0x1 90909090
 .text._ZN15DeviceParameter11DescriptionEv
                0x0000000000029144       0x2d ./BaseDevice.o
                0x0000000000029144                _ZN15DeviceParameter11DescriptionEv
 *fill*         0x0000000000029171        0x1 90909090
 .text._ZN15DeviceParameter6ToJsonEv
                0x0000000000029172      0x664 ./BaseDevice.o
                0x0000000000029172                _ZN15DeviceParameter6ToJsonEv
 .text._ZN9ErrorItemC2Ei
                0x00000000000297d6       0x29 ./BaseDevice.o
                0x00000000000297d6                _ZN9ErrorItemC1Ei
                0x00000000000297d6                _ZN9ErrorItemC2Ei
 *fill*         0x00000000000297ff        0x1 90909090
 .text._ZN9ErrorItemD2Ev
                0x0000000000029800       0x71 ./BaseDevice.o
                0x0000000000029800                _ZN9ErrorItemD1Ev
                0x0000000000029800                _ZN9ErrorItemD2Ev
 *fill*         0x0000000000029871        0x1 90909090
 .text._ZN9ErrorItemD0Ev
                0x0000000000029872       0x26 ./BaseDevice.o
                0x0000000000029872                _ZN9ErrorItemD0Ev
 .text._ZN13IValueChangedC2Ev
                0x0000000000029898       0x1c ./BaseDevice.o
                0x0000000000029898                _ZN13IValueChangedC2Ev
                0x0000000000029898                _ZN13IValueChangedC1Ev
 .text._ZN13IRefreshValueC2Ev
                0x00000000000298b4       0x1c ./BaseDevice.o
                0x00000000000298b4                _ZN13IRefreshValueC2Ev
                0x00000000000298b4                _ZN13IRefreshValueC1Ev
 .text._ZNSt4listIP15ConnectionPointSaIS1_EED2Ev
                0x00000000000298d0       0x1a ./BaseDevice.o
                0x00000000000298d0                _ZNSt4listIP15ConnectionPointSaIS1_EED2Ev
                0x00000000000298d0                _ZNSt4listIP15ConnectionPointSaIS1_EED1Ev
 .text._ZNSt4listIP6PinoutSaIS1_EED2Ev
                0x00000000000298ea       0x1a ./BaseDevice.o
                0x00000000000298ea                _ZNSt4listIP6PinoutSaIS1_EED1Ev
                0x00000000000298ea                _ZNSt4listIP6PinoutSaIS1_EED2Ev
 .text._ZNSt4listIP15DeviceParameterSaIS1_EED2Ev
                0x0000000000029904       0x1a ./BaseDevice.o
                0x0000000000029904                _ZNSt4listIP15DeviceParameterSaIS1_EED2Ev
                0x0000000000029904                _ZNSt4listIP15DeviceParameterSaIS1_EED1Ev
 .text._ZStplIcSt11char_traitsIcESaIcEESbIT_T0_T1_EPKS3_RKS6_
                0x000000000002991e       0xa4 ./BaseDevice.o
                0x000000000002991e                _ZStplIcSt11char_traitsIcESaIcEESbIT_T0_T1_EPKS3_RKS6_
 .text._ZStplIcSt11char_traitsIcESaIcEESbIT_T0_T1_ERKS6_PKS3_
                0x00000000000299c2       0x62 ./BaseDevice.o
                0x00000000000299c2                _ZStplIcSt11char_traitsIcESaIcEESbIT_T0_T1_ERKS6_PKS3_
 .text._ZStplIcSt11char_traitsIcESaIcEESbIT_T0_T1_ERKS6_S8_
                0x0000000000029a24       0x62 ./BaseDevice.o
                0x0000000000029a24                _ZStplIcSt11char_traitsIcESaIcEESbIT_T0_T1_ERKS6_S8_
 .text._ZNSt4listIP15DeviceParameterSaIS1_EEC2Ev
                0x0000000000029a86       0x1a ./BaseDevice.o
                0x0000000000029a86                _ZNSt4listIP15DeviceParameterSaIS1_EEC1Ev
                0x0000000000029a86                _ZNSt4listIP15DeviceParameterSaIS1_EEC2Ev
 .text._ZNSt4listIP6PinoutSaIS1_EEC2Ev
                0x0000000000029aa0       0x1a ./BaseDevice.o
                0x0000000000029aa0                _ZNSt4listIP6PinoutSaIS1_EEC1Ev
                0x0000000000029aa0                _ZNSt4listIP6PinoutSaIS1_EEC2Ev
 .text._ZNSt14_List_iteratorIP15ConnectionPointEC2Ev
                0x0000000000029aba       0x15 ./BaseDevice.o
                0x0000000000029aba                _ZNSt14_List_iteratorIP15ConnectionPointEC2Ev
                0x0000000000029aba                _ZNSt14_List_iteratorIP15ConnectionPointEC1Ev
 *fill*         0x0000000000029acf        0x1 90909090
 .text._ZNSt4listIP15ConnectionPointSaIS1_EE5beginEv
                0x0000000000029ad0       0x28 ./BaseDevice.o
                0x0000000000029ad0                _ZNSt4listIP15ConnectionPointSaIS1_EE5beginEv
 .text._ZNSt4listIP15ConnectionPointSaIS1_EE3endEv
                0x0000000000029af8       0x25 ./BaseDevice.o
                0x0000000000029af8                _ZNSt4listIP15ConnectionPointSaIS1_EE3endEv
 *fill*         0x0000000000029b1d        0x1 90909090
 .text._ZNKSt14_List_iteratorIP15ConnectionPointEneERKS2_
                0x0000000000029b1e       0x22 ./BaseDevice.o
                0x0000000000029b1e                _ZNKSt14_List_iteratorIP15ConnectionPointEneERKS2_
 .text._ZNSt14_List_iteratorIP15ConnectionPointEppEi
                0x0000000000029b40       0x2d ./BaseDevice.o
                0x0000000000029b40                _ZNSt14_List_iteratorIP15ConnectionPointEppEi
 *fill*         0x0000000000029b6d        0x1 90909090
 .text._ZNKSt14_List_iteratorIP15ConnectionPointEdeEv
                0x0000000000029b6e       0x15 ./BaseDevice.o
                0x0000000000029b6e                _ZNKSt14_List_iteratorIP15ConnectionPointEdeEv
 *fill*         0x0000000000029b83        0x1 90909090
 .text._ZNSt10_List_baseIP15ConnectionPointSaIS1_EE10_List_implD2Ev
                0x0000000000029b84       0x1a ./BaseDevice.o
                0x0000000000029b84                _ZNSt10_List_baseIP15ConnectionPointSaIS1_EE10_List_implD1Ev
                0x0000000000029b84                _ZNSt10_List_baseIP15ConnectionPointSaIS1_EE10_List_implD2Ev
 .text._ZNSt10_List_baseIP15ConnectionPointSaIS1_EED2Ev
                0x0000000000029b9e       0x46 ./BaseDevice.o
                0x0000000000029b9e                _ZNSt10_List_baseIP15ConnectionPointSaIS1_EED1Ev
                0x0000000000029b9e                _ZNSt10_List_baseIP15ConnectionPointSaIS1_EED2Ev
 .text._ZNSt14_List_iteratorIP6PinoutEC2Ev
                0x0000000000029be4       0x15 ./BaseDevice.o
                0x0000000000029be4                _ZNSt14_List_iteratorIP6PinoutEC1Ev
                0x0000000000029be4                _ZNSt14_List_iteratorIP6PinoutEC2Ev
 *fill*         0x0000000000029bf9        0x1 90909090
 .text._ZNSt4listIP6PinoutSaIS1_EE5beginEv
                0x0000000000029bfa       0x28 ./BaseDevice.o
                0x0000000000029bfa                _ZNSt4listIP6PinoutSaIS1_EE5beginEv
 .text._ZNSt4listIP6PinoutSaIS1_EE3endEv
                0x0000000000029c22       0x25 ./BaseDevice.o
                0x0000000000029c22                _ZNSt4listIP6PinoutSaIS1_EE3endEv
 *fill*         0x0000000000029c47        0x1 90909090
 .text._ZNKSt14_List_iteratorIP6PinoutEneERKS2_
                0x0000000000029c48       0x22 ./BaseDevice.o
                0x0000000000029c48                _ZNKSt14_List_iteratorIP6PinoutEneERKS2_
 .text._ZNSt14_List_iteratorIP6PinoutEppEi
                0x0000000000029c6a       0x2d ./BaseDevice.o
                0x0000000000029c6a                _ZNSt14_List_iteratorIP6PinoutEppEi
 *fill*         0x0000000000029c97        0x1 90909090
 .text._ZNKSt14_List_iteratorIP6PinoutEdeEv
                0x0000000000029c98       0x15 ./BaseDevice.o
                0x0000000000029c98                _ZNKSt14_List_iteratorIP6PinoutEdeEv
 *fill*         0x0000000000029cad        0x1 90909090
 .text._ZNSt10_List_baseIP6PinoutSaIS1_EE10_List_implD2Ev
                0x0000000000029cae       0x1a ./BaseDevice.o
                0x0000000000029cae                _ZNSt10_List_baseIP6PinoutSaIS1_EE10_List_implD1Ev
                0x0000000000029cae                _ZNSt10_List_baseIP6PinoutSaIS1_EE10_List_implD2Ev
 .text._ZNSt10_List_baseIP6PinoutSaIS1_EED2Ev
                0x0000000000029cc8       0x46 ./BaseDevice.o
                0x0000000000029cc8                _ZNSt10_List_baseIP6PinoutSaIS1_EED2Ev
                0x0000000000029cc8                _ZNSt10_List_baseIP6PinoutSaIS1_EED1Ev
 .text._ZNSt10_List_baseIP15DeviceParameterSaIS1_EE10_List_implD2Ev
                0x0000000000029d0e       0x1a ./BaseDevice.o
                0x0000000000029d0e                _ZNSt10_List_baseIP15DeviceParameterSaIS1_EE10_List_implD2Ev
                0x0000000000029d0e                _ZNSt10_List_baseIP15DeviceParameterSaIS1_EE10_List_implD1Ev
 .text._ZNSt10_List_baseIP15DeviceParameterSaIS1_EED2Ev
                0x0000000000029d28       0x46 ./BaseDevice.o
                0x0000000000029d28                _ZNSt10_List_baseIP15DeviceParameterSaIS1_EED2Ev
                0x0000000000029d28                _ZNSt10_List_baseIP15DeviceParameterSaIS1_EED1Ev
 .text._ZNSt4listIP15ConnectionPointSaIS1_EEC2ERKS3_
                0x0000000000029d6e       0xc3 ./BaseDevice.o
                0x0000000000029d6e                _ZNSt4listIP15ConnectionPointSaIS1_EEC2ERKS3_
                0x0000000000029d6e                _ZNSt4listIP15ConnectionPointSaIS1_EEC1ERKS3_
 *fill*         0x0000000000029e31        0x1 90909090
 .text._ZNSt4listIP15DeviceParameterSaIS1_EE9push_backERKS1_
                0x0000000000029e32       0x34 ./BaseDevice.o
                0x0000000000029e32                _ZNSt4listIP15DeviceParameterSaIS1_EE9push_backERKS1_
 .text._ZNKSt4listIP15ConnectionPointSaIS1_EE4sizeEv
                0x0000000000029e66       0x3a ./BaseDevice.o
                0x0000000000029e66                _ZNKSt4listIP15ConnectionPointSaIS1_EE4sizeEv
 .text._ZNKSt4listIP6PinoutSaIS1_EE4sizeEv
                0x0000000000029ea0       0x3a ./BaseDevice.o
                0x0000000000029ea0                _ZNKSt4listIP6PinoutSaIS1_EE4sizeEv
 .text._ZNSt14_List_iteratorIP15DeviceParameterEC2Ev
                0x0000000000029eda       0x15 ./BaseDevice.o
                0x0000000000029eda                _ZNSt14_List_iteratorIP15DeviceParameterEC1Ev
                0x0000000000029eda                _ZNSt14_List_iteratorIP15DeviceParameterEC2Ev
 *fill*         0x0000000000029eef        0x1 90909090
 .text._ZNKSt4listIP15DeviceParameterSaIS1_EE4sizeEv
                0x0000000000029ef0       0x3a ./BaseDevice.o
                0x0000000000029ef0                _ZNKSt4listIP15DeviceParameterSaIS1_EE4sizeEv
 .text._ZNSt4listIP15DeviceParameterSaIS1_EE5beginEv
                0x0000000000029f2a       0x28 ./BaseDevice.o
                0x0000000000029f2a                _ZNSt4listIP15DeviceParameterSaIS1_EE5beginEv
 .text._ZNSt4listIP15DeviceParameterSaIS1_EE3endEv
                0x0000000000029f52       0x25 ./BaseDevice.o
                0x0000000000029f52                _ZNSt4listIP15DeviceParameterSaIS1_EE3endEv
 *fill*         0x0000000000029f77        0x1 90909090
 .text._ZNKSt14_List_iteratorIP15DeviceParameterEneERKS2_
                0x0000000000029f78       0x22 ./BaseDevice.o
                0x0000000000029f78                _ZNKSt14_List_iteratorIP15DeviceParameterEneERKS2_
 .text._ZNSt14_List_iteratorIP15DeviceParameterEppEi
                0x0000000000029f9a       0x2d ./BaseDevice.o
                0x0000000000029f9a                _ZNSt14_List_iteratorIP15DeviceParameterEppEi
 *fill*         0x0000000000029fc7        0x1 90909090
 .text._ZNKSt14_List_iteratorIP15DeviceParameterEdeEv
                0x0000000000029fc8       0x15 ./BaseDevice.o
                0x0000000000029fc8                _ZNKSt14_List_iteratorIP15DeviceParameterEdeEv
 *fill*         0x0000000000029fdd        0x1 90909090
 .text._ZNSt10_List_baseIP15DeviceParameterSaIS1_EEC2Ev
                0x0000000000029fde       0x48 ./BaseDevice.o
                0x0000000000029fde                _ZNSt10_List_baseIP15DeviceParameterSaIS1_EEC2Ev
                0x0000000000029fde                _ZNSt10_List_baseIP15DeviceParameterSaIS1_EEC1Ev
 .text._ZNSt10_List_baseIP6PinoutSaIS1_EEC2Ev
                0x000000000002a026       0x48 ./BaseDevice.o
                0x000000000002a026                _ZNSt10_List_baseIP6PinoutSaIS1_EEC1Ev
                0x000000000002a026                _ZNSt10_List_baseIP6PinoutSaIS1_EEC2Ev
 .text._ZNSt14_List_iteratorIP15ConnectionPointEC2EPNSt8__detail15_List_node_baseE
                0x000000000002a06e       0x19 ./BaseDevice.o
                0x000000000002a06e                _ZNSt14_List_iteratorIP15ConnectionPointEC2EPNSt8__detail15_List_node_baseE
                0x000000000002a06e                _ZNSt14_List_iteratorIP15ConnectionPointEC1EPNSt8__detail15_List_node_baseE
 *fill*         0x000000000002a087        0x1 90909090
 .text._ZNSaISt10_List_nodeIP15ConnectionPointEED2Ev
                0x000000000002a088       0x1a ./BaseDevice.o
                0x000000000002a088                _ZNSaISt10_List_nodeIP15ConnectionPointEED1Ev
                0x000000000002a088                _ZNSaISt10_List_nodeIP15ConnectionPointEED2Ev
 .text._ZNSt10_List_baseIP15ConnectionPointSaIS1_EE8_M_clearEv
                0x000000000002a0a2       0xb3 ./BaseDevice.o
                0x000000000002a0a2                _ZNSt10_List_baseIP15ConnectionPointSaIS1_EE8_M_clearEv
 *fill*         0x000000000002a155        0x1 90909090
 .text._ZNSt14_List_iteratorIP6PinoutEC2EPNSt8__detail15_List_node_baseE
                0x000000000002a156       0x19 ./BaseDevice.o
                0x000000000002a156                _ZNSt14_List_iteratorIP6PinoutEC2EPNSt8__detail15_List_node_baseE
                0x000000000002a156                _ZNSt14_List_iteratorIP6PinoutEC1EPNSt8__detail15_List_node_baseE
 *fill*         0x000000000002a16f        0x1 90909090
 .text._ZNSaISt10_List_nodeIP6PinoutEED2Ev
                0x000000000002a170       0x1a ./BaseDevice.o
                0x000000000002a170                _ZNSaISt10_List_nodeIP6PinoutEED2Ev
                0x000000000002a170                _ZNSaISt10_List_nodeIP6PinoutEED1Ev
 .text._ZNSt10_List_baseIP6PinoutSaIS1_EE8_M_clearEv
                0x000000000002a18a       0xb3 ./BaseDevice.o
                0x000000000002a18a                _ZNSt10_List_baseIP6PinoutSaIS1_EE8_M_clearEv
 *fill*         0x000000000002a23d        0x1 90909090
 .text._ZNSaISt10_List_nodeIP15DeviceParameterEED2Ev
                0x000000000002a23e       0x1a ./BaseDevice.o
                0x000000000002a23e                _ZNSaISt10_List_nodeIP15DeviceParameterEED2Ev
                0x000000000002a23e                _ZNSaISt10_List_nodeIP15DeviceParameterEED1Ev
 .text._ZNSt10_List_baseIP15DeviceParameterSaIS1_EE8_M_clearEv
                0x000000000002a258       0xb3 ./BaseDevice.o
                0x000000000002a258                _ZNSt10_List_baseIP15DeviceParameterSaIS1_EE8_M_clearEv
 *fill*         0x000000000002a30b        0x1 90909090
 .text._ZNKSt10_List_baseIP15ConnectionPointSaIS1_EE21_M_get_Node_allocatorEv
                0x000000000002a30c        0xe ./BaseDevice.o
                0x000000000002a30c                _ZNKSt10_List_baseIP15ConnectionPointSaIS1_EE21_M_get_Node_allocatorEv
 .text._ZNSaIP15ConnectionPointEC2ISt10_List_nodeIS0_EEERKSaIT_E
                0x000000000002a31a       0x1e ./BaseDevice.o
                0x000000000002a31a                _ZNSaIP15ConnectionPointEC2ISt10_List_nodeIS0_EEERKSaIT_E
                0x000000000002a31a                _ZNSaIP15ConnectionPointEC1ISt10_List_nodeIS0_EEERKSaIT_E
 .text._ZNSaIP15ConnectionPointED2Ev
                0x000000000002a338       0x1a ./BaseDevice.o
                0x000000000002a338                _ZNSaIP15ConnectionPointED1Ev
                0x000000000002a338                _ZNSaIP15ConnectionPointED2Ev
 .text._ZNSt10_List_baseIP15ConnectionPointSaIS1_EEC2ERKS2_
                0x000000000002a352       0x8c ./BaseDevice.o
                0x000000000002a352                _ZNSt10_List_baseIP15ConnectionPointSaIS1_EEC1ERKS2_
                0x000000000002a352                _ZNSt10_List_baseIP15ConnectionPointSaIS1_EEC2ERKS2_
 .text._ZNKSt4listIP15ConnectionPointSaIS1_EE5beginEv
                0x000000000002a3de       0x28 ./BaseDevice.o
                0x000000000002a3de                _ZNKSt4listIP15ConnectionPointSaIS1_EE5beginEv
 .text._ZNKSt4listIP15ConnectionPointSaIS1_EE3endEv
                0x000000000002a406       0x25 ./BaseDevice.o
                0x000000000002a406                _ZNKSt4listIP15ConnectionPointSaIS1_EE3endEv
 *fill*         0x000000000002a42b        0x1 90909090
 .text._ZNSt4listIP15ConnectionPointSaIS1_EE22_M_initialize_dispatchISt20_List_const_iteratorIS1_EEEvT_S7_St12__false_type
                0x000000000002a42c       0x59 ./BaseDevice.o
                0x000000000002a42c                _ZNSt4listIP15ConnectionPointSaIS1_EE22_M_initialize_dispatchISt20_List_const_iteratorIS1_EEEvT_S7_St12__false_type
 *fill*         0x000000000002a485        0x1 90909090
 .text._ZNSt4listIP15DeviceParameterSaIS1_EE9_M_insertESt14_List_iteratorIS1_ERKS1_
                0x000000000002a486       0x40 ./BaseDevice.o
                0x000000000002a486                _ZNSt4listIP15DeviceParameterSaIS1_EE9_M_insertESt14_List_iteratorIS1_ERKS1_
 .text._ZSt8distanceISt20_List_const_iteratorIP15ConnectionPointEENSt15iterator_traitsIT_E15difference_typeES5_S5_
                0x000000000002a4c6       0x3a ./BaseDevice.o
                0x000000000002a4c6                _ZSt8distanceISt20_List_const_iteratorIP15ConnectionPointEENSt15iterator_traitsIT_E15difference_typeES5_S5_
 .text._ZNKSt4listIP6PinoutSaIS1_EE5beginEv
                0x000000000002a500       0x28 ./BaseDevice.o
                0x000000000002a500                _ZNKSt4listIP6PinoutSaIS1_EE5beginEv
 .text._ZNKSt4listIP6PinoutSaIS1_EE3endEv
                0x000000000002a528       0x25 ./BaseDevice.o
                0x000000000002a528                _ZNKSt4listIP6PinoutSaIS1_EE3endEv
 .text._ZSt8distanceISt20_List_const_iteratorIP6PinoutEENSt15iterator_traitsIT_E15difference_typeES5_S5_
                0x000000000002a54d       0x3a ./BaseDevice.o
                0x000000000002a54d                _ZSt8distanceISt20_List_const_iteratorIP6PinoutEENSt15iterator_traitsIT_E15difference_typeES5_S5_
 *fill*         0x000000000002a587        0x1 90909090
 .text._ZNKSt4listIP15DeviceParameterSaIS1_EE5beginEv
                0x000000000002a588       0x28 ./BaseDevice.o
                0x000000000002a588                _ZNKSt4listIP15DeviceParameterSaIS1_EE5beginEv
 .text._ZNKSt4listIP15DeviceParameterSaIS1_EE3endEv
                0x000000000002a5b0       0x25 ./BaseDevice.o
                0x000000000002a5b0                _ZNKSt4listIP15DeviceParameterSaIS1_EE3endEv
 .text._ZSt8distanceISt20_List_const_iteratorIP15DeviceParameterEENSt15iterator_traitsIT_E15difference_typeES5_S5_
                0x000000000002a5d5       0x3a ./BaseDevice.o
                0x000000000002a5d5                _ZSt8distanceISt20_List_const_iteratorIP15DeviceParameterEENSt15iterator_traitsIT_E15difference_typeES5_S5_
 *fill*         0x000000000002a60f        0x1 90909090
 .text._ZNSt14_List_iteratorIP15DeviceParameterEC2EPNSt8__detail15_List_node_baseE
                0x000000000002a610       0x19 ./BaseDevice.o
                0x000000000002a610                _ZNSt14_List_iteratorIP15DeviceParameterEC2EPNSt8__detail15_List_node_baseE
                0x000000000002a610                _ZNSt14_List_iteratorIP15DeviceParameterEC1EPNSt8__detail15_List_node_baseE
 *fill*         0x000000000002a629        0x1 90909090
 .text._ZNSt10_List_baseIP15DeviceParameterSaIS1_EE10_List_implC2Ev
                0x000000000002a62a       0x31 ./BaseDevice.o
                0x000000000002a62a                _ZNSt10_List_baseIP15DeviceParameterSaIS1_EE10_List_implC1Ev
                0x000000000002a62a                _ZNSt10_List_baseIP15DeviceParameterSaIS1_EE10_List_implC2Ev
 *fill*         0x000000000002a65b        0x1 90909090
 .text._ZNSt10_List_baseIP15DeviceParameterSaIS1_EE7_M_initEv
                0x000000000002a65c       0x21 ./BaseDevice.o
                0x000000000002a65c                _ZNSt10_List_baseIP15DeviceParameterSaIS1_EE7_M_initEv
 *fill*         0x000000000002a67d        0x1 90909090
 .text._ZNSt10_List_baseIP6PinoutSaIS1_EE10_List_implC2Ev
                0x000000000002a67e       0x31 ./BaseDevice.o
                0x000000000002a67e                _ZNSt10_List_baseIP6PinoutSaIS1_EE10_List_implC2Ev
                0x000000000002a67e                _ZNSt10_List_baseIP6PinoutSaIS1_EE10_List_implC1Ev
 *fill*         0x000000000002a6af        0x1 90909090
 .text._ZNSt10_List_baseIP6PinoutSaIS1_EE7_M_initEv
                0x000000000002a6b0       0x21 ./BaseDevice.o
                0x000000000002a6b0                _ZNSt10_List_baseIP6PinoutSaIS1_EE7_M_initEv
 *fill*         0x000000000002a6d1        0x1 90909090
 .text._ZN9__gnu_cxx13new_allocatorISt10_List_nodeIP15ConnectionPointEED2Ev
                0x000000000002a6d2        0xa ./BaseDevice.o
                0x000000000002a6d2                _ZN9__gnu_cxx13new_allocatorISt10_List_nodeIP15ConnectionPointEED2Ev
                0x000000000002a6d2                _ZN9__gnu_cxx13new_allocatorISt10_List_nodeIP15ConnectionPointEED1Ev
 .text._ZNKSt10_List_baseIP15ConnectionPointSaIS1_EE19_M_get_Tp_allocatorEv
                0x000000000002a6dc       0x34 ./BaseDevice.o
                0x000000000002a6dc                _ZNKSt10_List_baseIP15ConnectionPointSaIS1_EE19_M_get_Tp_allocatorEv
 .text._ZSt11__addressofIP15ConnectionPointEPT_RS2_
                0x000000000002a710        0xe ./BaseDevice.o
                0x000000000002a710                _ZSt11__addressofIP15ConnectionPointEPT_RS2_
 .text._ZN9__gnu_cxx13new_allocatorIP15ConnectionPointE7destroyEPS2_
                0x000000000002a71e        0xe ./BaseDevice.o
                0x000000000002a71e                _ZN9__gnu_cxx13new_allocatorIP15ConnectionPointE7destroyEPS2_
 .text._ZNSt10_List_baseIP15ConnectionPointSaIS1_EE11_M_put_nodeEPSt10_List_nodeIS1_E
                0x000000000002a72c       0x2a ./BaseDevice.o
                0x000000000002a72c                _ZNSt10_List_baseIP15ConnectionPointSaIS1_EE11_M_put_nodeEPSt10_List_nodeIS1_E
 .text._ZN9__gnu_cxx13new_allocatorISt10_List_nodeIP6PinoutEED2Ev
                0x000000000002a756        0xa ./BaseDevice.o
                0x000000000002a756                _ZN9__gnu_cxx13new_allocatorISt10_List_nodeIP6PinoutEED1Ev
                0x000000000002a756                _ZN9__gnu_cxx13new_allocatorISt10_List_nodeIP6PinoutEED2Ev
 .text._ZNKSt10_List_baseIP6PinoutSaIS1_EE19_M_get_Tp_allocatorEv
                0x000000000002a760       0x34 ./BaseDevice.o
                0x000000000002a760                _ZNKSt10_List_baseIP6PinoutSaIS1_EE19_M_get_Tp_allocatorEv
 .text._ZNSaIP6PinoutED2Ev
                0x000000000002a794       0x1a ./BaseDevice.o
                0x000000000002a794                _ZNSaIP6PinoutED2Ev
                0x000000000002a794                _ZNSaIP6PinoutED1Ev
 .text._ZSt11__addressofIP6PinoutEPT_RS2_
                0x000000000002a7ae        0xe ./BaseDevice.o
                0x000000000002a7ae                _ZSt11__addressofIP6PinoutEPT_RS2_
 .text._ZN9__gnu_cxx13new_allocatorIP6PinoutE7destroyEPS2_
                0x000000000002a7bc        0xe ./BaseDevice.o
                0x000000000002a7bc                _ZN9__gnu_cxx13new_allocatorIP6PinoutE7destroyEPS2_
 .text._ZNSt10_List_baseIP6PinoutSaIS1_EE11_M_put_nodeEPSt10_List_nodeIS1_E
                0x000000000002a7ca       0x2a ./BaseDevice.o
                0x000000000002a7ca                _ZNSt10_List_baseIP6PinoutSaIS1_EE11_M_put_nodeEPSt10_List_nodeIS1_E
 .text._ZN9__gnu_cxx13new_allocatorISt10_List_nodeIP15DeviceParameterEED2Ev
                0x000000000002a7f4        0xa ./BaseDevice.o
                0x000000000002a7f4                _ZN9__gnu_cxx13new_allocatorISt10_List_nodeIP15DeviceParameterEED2Ev
                0x000000000002a7f4                _ZN9__gnu_cxx13new_allocatorISt10_List_nodeIP15DeviceParameterEED1Ev
 .text._ZNKSt10_List_baseIP15DeviceParameterSaIS1_EE19_M_get_Tp_allocatorEv
                0x000000000002a7fe       0x34 ./BaseDevice.o
                0x000000000002a7fe                _ZNKSt10_List_baseIP15DeviceParameterSaIS1_EE19_M_get_Tp_allocatorEv
 .text._ZNSaIP15DeviceParameterED2Ev
                0x000000000002a832       0x1a ./BaseDevice.o
                0x000000000002a832                _ZNSaIP15DeviceParameterED2Ev
                0x000000000002a832                _ZNSaIP15DeviceParameterED1Ev
 .text._ZSt11__addressofIP15DeviceParameterEPT_RS2_
                0x000000000002a84c        0xe ./BaseDevice.o
                0x000000000002a84c                _ZSt11__addressofIP15DeviceParameterEPT_RS2_
 .text._ZN9__gnu_cxx13new_allocatorIP15DeviceParameterE7destroyEPS2_
                0x000000000002a85a        0xe ./BaseDevice.o
                0x000000000002a85a                _ZN9__gnu_cxx13new_allocatorIP15DeviceParameterE7destroyEPS2_
 .text._ZNSt10_List_baseIP15DeviceParameterSaIS1_EE11_M_put_nodeEPSt10_List_nodeIS1_E
                0x000000000002a868       0x2a ./BaseDevice.o
                0x000000000002a868                _ZNSt10_List_baseIP15DeviceParameterSaIS1_EE11_M_put_nodeEPSt10_List_nodeIS1_E
 .text._ZN9__gnu_cxx13new_allocatorIP15ConnectionPointEC2Ev
                0x000000000002a892        0xa ./BaseDevice.o
                0x000000000002a892                _ZN9__gnu_cxx13new_allocatorIP15ConnectionPointEC1Ev
                0x000000000002a892                _ZN9__gnu_cxx13new_allocatorIP15ConnectionPointEC2Ev
 .text._ZN9__gnu_cxx13new_allocatorIP15ConnectionPointED2Ev
                0x000000000002a89c        0xa ./BaseDevice.o
                0x000000000002a89c                _ZN9__gnu_cxx13new_allocatorIP15ConnectionPointED2Ev
                0x000000000002a89c                _ZN9__gnu_cxx13new_allocatorIP15ConnectionPointED1Ev
 .text._ZNSaISt10_List_nodeIP15ConnectionPointEEC2IS1_EERKSaIT_E
                0x000000000002a8a6       0x1e ./BaseDevice.o
                0x000000000002a8a6                _ZNSaISt10_List_nodeIP15ConnectionPointEEC2IS1_EERKSaIT_E
                0x000000000002a8a6                _ZNSaISt10_List_nodeIP15ConnectionPointEEC1IS1_EERKSaIT_E
 .text._ZNSt10_List_baseIP15ConnectionPointSaIS1_EE10_List_implC2ERKSaISt10_List_nodeIS1_EE
                0x000000000002a8c4       0x3c ./BaseDevice.o
                0x000000000002a8c4                _ZNSt10_List_baseIP15ConnectionPointSaIS1_EE10_List_implC1ERKSaISt10_List_nodeIS1_EE
                0x000000000002a8c4                _ZNSt10_List_baseIP15ConnectionPointSaIS1_EE10_List_implC2ERKSaISt10_List_nodeIS1_EE
 .text._ZNSt10_List_baseIP15ConnectionPointSaIS1_EE7_M_initEv
                0x000000000002a900       0x21 ./BaseDevice.o
                0x000000000002a900                _ZNSt10_List_baseIP15ConnectionPointSaIS1_EE7_M_initEv
 *fill*         0x000000000002a921        0x1 90909090
 .text._ZNSt20_List_const_iteratorIP15ConnectionPointEC2EPKNSt8__detail15_List_node_baseE
                0x000000000002a922       0x19 ./BaseDevice.o
                0x000000000002a922                _ZNSt20_List_const_iteratorIP15ConnectionPointEC2EPKNSt8__detail15_List_node_baseE
                0x000000000002a922                _ZNSt20_List_const_iteratorIP15ConnectionPointEC1EPKNSt8__detail15_List_node_baseE
 *fill*         0x000000000002a93b        0x1 90909090
 .text._ZNKSt20_List_const_iteratorIP15ConnectionPointEneERKS2_
                0x000000000002a93c       0x22 ./BaseDevice.o
                0x000000000002a93c                _ZNKSt20_List_const_iteratorIP15ConnectionPointEneERKS2_
 .text._ZNSt20_List_const_iteratorIP15ConnectionPointEppEv
                0x000000000002a95e       0x1f ./BaseDevice.o
                0x000000000002a95e                _ZNSt20_List_const_iteratorIP15ConnectionPointEppEv
 *fill*         0x000000000002a97d        0x1 90909090
 .text._ZNSt4listIP15ConnectionPointSaIS1_EE9push_backERKS1_
                0x000000000002a97e       0x34 ./BaseDevice.o
                0x000000000002a97e                _ZNSt4listIP15ConnectionPointSaIS1_EE9push_backERKS1_
 .text._ZNKSt20_List_const_iteratorIP15ConnectionPointEdeEv
                0x000000000002a9b2       0x15 ./BaseDevice.o
                0x000000000002a9b2                _ZNKSt20_List_const_iteratorIP15ConnectionPointEdeEv
 *fill*         0x000000000002a9c7        0x1 90909090
 .text._ZNSt4listIP15DeviceParameterSaIS1_EE14_M_create_nodeERKS1_
                0x000000000002a9c8       0xb8 ./BaseDevice.o
                0x000000000002a9c8                _ZNSt4listIP15DeviceParameterSaIS1_EE14_M_create_nodeERKS1_
 .text._ZSt19__iterator_categoryISt20_List_const_iteratorIP15ConnectionPointEENSt15iterator_traitsIT_E17iterator_categoryERKS5_
                0x000000000002aa80        0xa ./BaseDevice.o
                0x000000000002aa80                _ZSt19__iterator_categoryISt20_List_const_iteratorIP15ConnectionPointEENSt15iterator_traitsIT_E17iterator_categoryERKS5_
 .text._ZSt10__distanceISt20_List_const_iteratorIP15ConnectionPointEENSt15iterator_traitsIT_E15difference_typeES5_S5_St18input_iterator_tag
                0x000000000002aa8a       0x48 ./BaseDevice.o
                0x000000000002aa8a                _ZSt10__distanceISt20_List_const_iteratorIP15ConnectionPointEENSt15iterator_traitsIT_E15difference_typeES5_S5_St18input_iterator_tag
 .text._ZNSt20_List_const_iteratorIP6PinoutEC2EPKNSt8__detail15_List_node_baseE
                0x000000000002aad2       0x19 ./BaseDevice.o
                0x000000000002aad2                _ZNSt20_List_const_iteratorIP6PinoutEC1EPKNSt8__detail15_List_node_baseE
                0x000000000002aad2                _ZNSt20_List_const_iteratorIP6PinoutEC2EPKNSt8__detail15_List_node_baseE
 .text._ZSt19__iterator_categoryISt20_List_const_iteratorIP6PinoutEENSt15iterator_traitsIT_E17iterator_categoryERKS5_
                0x000000000002aaeb        0xa ./BaseDevice.o
                0x000000000002aaeb                _ZSt19__iterator_categoryISt20_List_const_iteratorIP6PinoutEENSt15iterator_traitsIT_E17iterator_categoryERKS5_
 .text._ZSt10__distanceISt20_List_const_iteratorIP6PinoutEENSt15iterator_traitsIT_E15difference_typeES5_S5_St18input_iterator_tag
                0x000000000002aaf5       0x48 ./BaseDevice.o
                0x000000000002aaf5                _ZSt10__distanceISt20_List_const_iteratorIP6PinoutEENSt15iterator_traitsIT_E15difference_typeES5_S5_St18input_iterator_tag
 *fill*         0x000000000002ab3d        0x1 90909090
 .text._ZNSt20_List_const_iteratorIP15DeviceParameterEC2EPKNSt8__detail15_List_node_baseE
                0x000000000002ab3e       0x19 ./BaseDevice.o
                0x000000000002ab3e                _ZNSt20_List_const_iteratorIP15DeviceParameterEC2EPKNSt8__detail15_List_node_baseE
                0x000000000002ab3e                _ZNSt20_List_const_iteratorIP15DeviceParameterEC1EPKNSt8__detail15_List_node_baseE
 .text._ZSt19__iterator_categoryISt20_List_const_iteratorIP15DeviceParameterEENSt15iterator_traitsIT_E17iterator_categoryERKS5_
                0x000000000002ab57        0xa ./BaseDevice.o
                0x000000000002ab57                _ZSt19__iterator_categoryISt20_List_const_iteratorIP15DeviceParameterEENSt15iterator_traitsIT_E17iterator_categoryERKS5_
 .text._ZSt10__distanceISt20_List_const_iteratorIP15DeviceParameterEENSt15iterator_traitsIT_E15difference_typeES5_S5_St18input_iterator_tag
                0x000000000002ab61       0x48 ./BaseDevice.o
                0x000000000002ab61                _ZSt10__distanceISt20_List_const_iteratorIP15DeviceParameterEENSt15iterator_traitsIT_E15difference_typeES5_S5_St18input_iterator_tag
 *fill*         0x000000000002aba9        0x1 90909090
 .text._ZNSaISt10_List_nodeIP15DeviceParameterEEC2Ev
                0x000000000002abaa       0x1a ./BaseDevice.o
                0x000000000002abaa                _ZNSaISt10_List_nodeIP15DeviceParameterEEC1Ev
                0x000000000002abaa                _ZNSaISt10_List_nodeIP15DeviceParameterEEC2Ev
 .text._ZNSaISt10_List_nodeIP6PinoutEEC2Ev
                0x000000000002abc4       0x1a ./BaseDevice.o
                0x000000000002abc4                _ZNSaISt10_List_nodeIP6PinoutEEC1Ev
                0x000000000002abc4                _ZNSaISt10_List_nodeIP6PinoutEEC2Ev
 .text._ZN9__gnu_cxx13new_allocatorISt10_List_nodeIP15ConnectionPointEE10deallocateEPS4_m
                0x000000000002abde       0x22 ./BaseDevice.o
                0x000000000002abde                _ZN9__gnu_cxx13new_allocatorISt10_List_nodeIP15ConnectionPointEE10deallocateEPS4_m
 .text._ZNKSt10_List_baseIP6PinoutSaIS1_EE21_M_get_Node_allocatorEv
                0x000000000002ac00        0xe ./BaseDevice.o
                0x000000000002ac00                _ZNKSt10_List_baseIP6PinoutSaIS1_EE21_M_get_Node_allocatorEv
 .text._ZNSaIP6PinoutEC2ISt10_List_nodeIS0_EEERKSaIT_E
                0x000000000002ac0e       0x1e ./BaseDevice.o
                0x000000000002ac0e                _ZNSaIP6PinoutEC1ISt10_List_nodeIS0_EEERKSaIT_E
                0x000000000002ac0e                _ZNSaIP6PinoutEC2ISt10_List_nodeIS0_EEERKSaIT_E
 .text._ZN9__gnu_cxx13new_allocatorIP6PinoutED2Ev
                0x000000000002ac2c        0xa ./BaseDevice.o
                0x000000000002ac2c                _ZN9__gnu_cxx13new_allocatorIP6PinoutED2Ev
                0x000000000002ac2c                _ZN9__gnu_cxx13new_allocatorIP6PinoutED1Ev
 .text._ZN9__gnu_cxx13new_allocatorISt10_List_nodeIP6PinoutEE10deallocateEPS4_m
                0x000000000002ac36       0x22 ./BaseDevice.o
                0x000000000002ac36                _ZN9__gnu_cxx13new_allocatorISt10_List_nodeIP6PinoutEE10deallocateEPS4_m
 .text._ZNKSt10_List_baseIP15DeviceParameterSaIS1_EE21_M_get_Node_allocatorEv
                0x000000000002ac58        0xe ./BaseDevice.o
                0x000000000002ac58                _ZNKSt10_List_baseIP15DeviceParameterSaIS1_EE21_M_get_Node_allocatorEv
 .text._ZNSaIP15DeviceParameterEC2ISt10_List_nodeIS0_EEERKSaIT_E
                0x000000000002ac66       0x1e ./BaseDevice.o
                0x000000000002ac66                _ZNSaIP15DeviceParameterEC2ISt10_List_nodeIS0_EEERKSaIT_E
                0x000000000002ac66                _ZNSaIP15DeviceParameterEC1ISt10_List_nodeIS0_EEERKSaIT_E
 .text._ZN9__gnu_cxx13new_allocatorIP15DeviceParameterED2Ev
                0x000000000002ac84        0xa ./BaseDevice.o
                0x000000000002ac84                _ZN9__gnu_cxx13new_allocatorIP15DeviceParameterED2Ev
                0x000000000002ac84                _ZN9__gnu_cxx13new_allocatorIP15DeviceParameterED1Ev
 .text._ZN9__gnu_cxx13new_allocatorISt10_List_nodeIP15DeviceParameterEE10deallocateEPS4_m
                0x000000000002ac8e       0x22 ./BaseDevice.o
                0x000000000002ac8e                _ZN9__gnu_cxx13new_allocatorISt10_List_nodeIP15DeviceParameterEE10deallocateEPS4_m
 .text._ZN9__gnu_cxx13new_allocatorISt10_List_nodeIP15ConnectionPointEEC2Ev
                0x000000000002acb0        0xa ./BaseDevice.o
                0x000000000002acb0                _ZN9__gnu_cxx13new_allocatorISt10_List_nodeIP15ConnectionPointEEC1Ev
                0x000000000002acb0                _ZN9__gnu_cxx13new_allocatorISt10_List_nodeIP15ConnectionPointEEC2Ev
 .text._ZNSaISt10_List_nodeIP15ConnectionPointEEC2ERKS3_
                0x000000000002acba       0x25 ./BaseDevice.o
                0x000000000002acba                _ZNSaISt10_List_nodeIP15ConnectionPointEEC1ERKS3_
                0x000000000002acba                _ZNSaISt10_List_nodeIP15ConnectionPointEEC2ERKS3_
 *fill*         0x000000000002acdf        0x1 90909090
 .text._ZNSt4listIP15ConnectionPointSaIS1_EE9_M_insertESt14_List_iteratorIS1_ERKS1_
                0x000000000002ace0       0x40 ./BaseDevice.o
                0x000000000002ace0                _ZNSt4listIP15ConnectionPointSaIS1_EE9_M_insertESt14_List_iteratorIS1_ERKS1_
 .text._ZNSt10_List_baseIP15DeviceParameterSaIS1_EE11_M_get_nodeEv
                0x000000000002ad20       0x24 ./BaseDevice.o
                0x000000000002ad20                _ZNSt10_List_baseIP15DeviceParameterSaIS1_EE11_M_get_nodeEv
 .text._ZN9__gnu_cxx13new_allocatorIP15DeviceParameterE9constructEPS2_RKS2_
                0x000000000002ad44       0x36 ./BaseDevice.o
                0x000000000002ad44                _ZN9__gnu_cxx13new_allocatorIP15DeviceParameterE9constructEPS2_RKS2_
 .text._ZNKSt20_List_const_iteratorIP6PinoutEneERKS2_
                0x000000000002ad7a       0x22 ./BaseDevice.o
                0x000000000002ad7a                _ZNKSt20_List_const_iteratorIP6PinoutEneERKS2_
 .text._ZNSt20_List_const_iteratorIP6PinoutEppEv
                0x000000000002ad9c       0x1f ./BaseDevice.o
                0x000000000002ad9c                _ZNSt20_List_const_iteratorIP6PinoutEppEv
 *fill*         0x000000000002adbb        0x1 90909090
 .text._ZNKSt20_List_const_iteratorIP15DeviceParameterEneERKS2_
                0x000000000002adbc       0x22 ./BaseDevice.o
                0x000000000002adbc                _ZNKSt20_List_const_iteratorIP15DeviceParameterEneERKS2_
 .text._ZNSt20_List_const_iteratorIP15DeviceParameterEppEv
                0x000000000002adde       0x1f ./BaseDevice.o
                0x000000000002adde                _ZNSt20_List_const_iteratorIP15DeviceParameterEppEv
 *fill*         0x000000000002adfd        0x1 90909090
 .text._ZN9__gnu_cxx13new_allocatorISt10_List_nodeIP15DeviceParameterEEC2Ev
                0x000000000002adfe        0xa ./BaseDevice.o
                0x000000000002adfe                _ZN9__gnu_cxx13new_allocatorISt10_List_nodeIP15DeviceParameterEEC1Ev
                0x000000000002adfe                _ZN9__gnu_cxx13new_allocatorISt10_List_nodeIP15DeviceParameterEEC2Ev
 .text._ZN9__gnu_cxx13new_allocatorISt10_List_nodeIP6PinoutEEC2Ev
                0x000000000002ae08        0xa ./BaseDevice.o
                0x000000000002ae08                _ZN9__gnu_cxx13new_allocatorISt10_List_nodeIP6PinoutEEC2Ev
                0x000000000002ae08                _ZN9__gnu_cxx13new_allocatorISt10_List_nodeIP6PinoutEEC1Ev
 .text._ZN9__gnu_cxx13new_allocatorIP6PinoutEC2Ev
                0x000000000002ae12        0xa ./BaseDevice.o
                0x000000000002ae12                _ZN9__gnu_cxx13new_allocatorIP6PinoutEC1Ev
                0x000000000002ae12                _ZN9__gnu_cxx13new_allocatorIP6PinoutEC2Ev
 .text._ZN9__gnu_cxx13new_allocatorIP15DeviceParameterEC2Ev
                0x000000000002ae1c        0xa ./BaseDevice.o
                0x000000000002ae1c                _ZN9__gnu_cxx13new_allocatorIP15DeviceParameterEC1Ev
                0x000000000002ae1c                _ZN9__gnu_cxx13new_allocatorIP15DeviceParameterEC2Ev
 .text._ZN9__gnu_cxx13new_allocatorISt10_List_nodeIP15ConnectionPointEEC2ERKS5_
                0x000000000002ae26        0xe ./BaseDevice.o
                0x000000000002ae26                _ZN9__gnu_cxx13new_allocatorISt10_List_nodeIP15ConnectionPointEEC1ERKS5_
                0x000000000002ae26                _ZN9__gnu_cxx13new_allocatorISt10_List_nodeIP15ConnectionPointEEC2ERKS5_
 .text._ZNSt4listIP15ConnectionPointSaIS1_EE14_M_create_nodeERKS1_
                0x000000000002ae34       0xb8 ./BaseDevice.o
                0x000000000002ae34                _ZNSt4listIP15ConnectionPointSaIS1_EE14_M_create_nodeERKS1_
 .text._ZN9__gnu_cxx13new_allocatorISt10_List_nodeIP15DeviceParameterEE8allocateEmPKv
                0x000000000002aeec       0x4b ./BaseDevice.o
                0x000000000002aeec                _ZN9__gnu_cxx13new_allocatorISt10_List_nodeIP15DeviceParameterEE8allocateEmPKv
 *fill*         0x000000000002af37        0x1 90909090
 .text._ZNSt10_List_baseIP15ConnectionPointSaIS1_EE11_M_get_nodeEv
                0x000000000002af38       0x24 ./BaseDevice.o
                0x000000000002af38                _ZNSt10_List_baseIP15ConnectionPointSaIS1_EE11_M_get_nodeEv
 .text._ZN9__gnu_cxx13new_allocatorIP15ConnectionPointE9constructEPS2_RKS2_
                0x000000000002af5c       0x36 ./BaseDevice.o
                0x000000000002af5c                _ZN9__gnu_cxx13new_allocatorIP15ConnectionPointE9constructEPS2_RKS2_
 .text._ZNK9__gnu_cxx13new_allocatorISt10_List_nodeIP15DeviceParameterEE8max_sizeEv
                0x000000000002af92       0x14 ./BaseDevice.o
                0x000000000002af92                _ZNK9__gnu_cxx13new_allocatorISt10_List_nodeIP15DeviceParameterEE8max_sizeEv
 .text._ZN9__gnu_cxx13new_allocatorISt10_List_nodeIP15ConnectionPointEE8allocateEmPKv
                0x000000000002afa6       0x4b ./BaseDevice.o
                0x000000000002afa6                _ZN9__gnu_cxx13new_allocatorISt10_List_nodeIP15ConnectionPointEE8allocateEmPKv
 *fill*         0x000000000002aff1        0x1 90909090
 .text._ZNK9__gnu_cxx13new_allocatorISt10_List_nodeIP15ConnectionPointEE8max_sizeEv
                0x000000000002aff2       0x14 ./BaseDevice.o
                0x000000000002aff2                _ZNK9__gnu_cxx13new_allocatorISt10_List_nodeIP15ConnectionPointEE8max_sizeEv
 *fill*         0x000000000002b006        0x2 90909090
 .text          0x000000000002b008      0x9da ./BaseDriver.o
                0x000000000002b008                _ZN10BaseDriverC1Ev
                0x000000000002b008                _ZN10BaseDriverC2Ev
                0x000000000002b0e0                _ZN10BaseDriverD2Ev
                0x000000000002b0e0                _ZN10BaseDriverD1Ev
                0x000000000002b1c4                _ZN10BaseDriverD0Ev
                0x000000000002b1ea                _ZN10BaseDriver6ToJsonEv
 .text._ZN13DriverCommandC2Ev
                0x000000000002b9e2       0x1c ./BaseDriver.o
                0x000000000002b9e2                _ZN13DriverCommandC2Ev
                0x000000000002b9e2                _ZN13DriverCommandC1Ev
 .text._ZN13DriverCommandD2Ev
                0x000000000002b9fe       0x38 ./BaseDriver.o
                0x000000000002b9fe                _ZN13DriverCommandD1Ev
                0x000000000002b9fe                _ZN13DriverCommandD2Ev
 .text._ZN13DriverCommandD0Ev
                0x000000000002ba36       0x26 ./BaseDriver.o
                0x000000000002ba36                _ZN13DriverCommandD0Ev
 .text._ZNSt4listI7CommandSaIS0_EED2Ev
                0x000000000002ba5c       0x1a ./BaseDriver.o
                0x000000000002ba5c                _ZNSt4listI7CommandSaIS0_EED1Ev
                0x000000000002ba5c                _ZNSt4listI7CommandSaIS0_EED2Ev
 .text._ZNSt4listI5EventSaIS0_EED2Ev
                0x000000000002ba76       0x1a ./BaseDriver.o
                0x000000000002ba76                _ZNSt4listI5EventSaIS0_EED2Ev
                0x000000000002ba76                _ZNSt4listI5EventSaIS0_EED1Ev
 .text._ZNSt4listI7CommandSaIS0_EEC2Ev
                0x000000000002ba90       0x1a ./BaseDriver.o
                0x000000000002ba90                _ZNSt4listI7CommandSaIS0_EEC1Ev
                0x000000000002ba90                _ZNSt4listI7CommandSaIS0_EEC2Ev
 .text._ZNSt4listI5EventSaIS0_EEC2Ev
                0x000000000002baaa       0x1a ./BaseDriver.o
                0x000000000002baaa                _ZNSt4listI5EventSaIS0_EEC1Ev
                0x000000000002baaa                _ZNSt4listI5EventSaIS0_EEC2Ev
 .text._ZNSt10_List_baseI7CommandSaIS0_EE10_List_implD2Ev
                0x000000000002bac4       0x1a ./BaseDriver.o
                0x000000000002bac4                _ZNSt10_List_baseI7CommandSaIS0_EE10_List_implD1Ev
                0x000000000002bac4                _ZNSt10_List_baseI7CommandSaIS0_EE10_List_implD2Ev
 .text._ZNSt10_List_baseI7CommandSaIS0_EED2Ev
                0x000000000002bade       0x46 ./BaseDriver.o
                0x000000000002bade                _ZNSt10_List_baseI7CommandSaIS0_EED1Ev
                0x000000000002bade                _ZNSt10_List_baseI7CommandSaIS0_EED2Ev
 .text._ZNSt10_List_baseI5EventSaIS0_EE10_List_implD2Ev
                0x000000000002bb24       0x1a ./BaseDriver.o
                0x000000000002bb24                _ZNSt10_List_baseI5EventSaIS0_EE10_List_implD2Ev
                0x000000000002bb24                _ZNSt10_List_baseI5EventSaIS0_EE10_List_implD1Ev
 .text._ZNSt10_List_baseI5EventSaIS0_EED2Ev
                0x000000000002bb3e       0x46 ./BaseDriver.o
                0x000000000002bb3e                _ZNSt10_List_baseI5EventSaIS0_EED2Ev
                0x000000000002bb3e                _ZNSt10_List_baseI5EventSaIS0_EED1Ev
 .text._ZNKSt4listI7CommandSaIS0_EE4sizeEv
                0x000000000002bb84       0x3a ./BaseDriver.o
                0x000000000002bb84                _ZNKSt4listI7CommandSaIS0_EE4sizeEv
 .text._ZNSt14_List_iteratorI7CommandEC2Ev
                0x000000000002bbbe       0x15 ./BaseDriver.o
                0x000000000002bbbe                _ZNSt14_List_iteratorI7CommandEC2Ev
                0x000000000002bbbe                _ZNSt14_List_iteratorI7CommandEC1Ev
 *fill*         0x000000000002bbd3        0x1 90909090
 .text._ZNSt4listI7CommandSaIS0_EE5beginEv
                0x000000000002bbd4       0x28 ./BaseDriver.o
                0x000000000002bbd4                _ZNSt4listI7CommandSaIS0_EE5beginEv
 .text._ZNSt4listI7CommandSaIS0_EE3endEv
                0x000000000002bbfc       0x25 ./BaseDriver.o
                0x000000000002bbfc                _ZNSt4listI7CommandSaIS0_EE3endEv
 *fill*         0x000000000002bc21        0x1 90909090
 .text._ZNKSt14_List_iteratorI7CommandEneERKS1_
                0x000000000002bc22       0x22 ./BaseDriver.o
                0x000000000002bc22                _ZNKSt14_List_iteratorI7CommandEneERKS1_
 .text._ZNSt14_List_iteratorI7CommandEppEi
                0x000000000002bc44       0x2d ./BaseDriver.o
                0x000000000002bc44                _ZNSt14_List_iteratorI7CommandEppEi
 *fill*         0x000000000002bc71        0x1 90909090
 .text._ZNKSt14_List_iteratorI7CommandEdeEv
                0x000000000002bc72       0x15 ./BaseDriver.o
                0x000000000002bc72                _ZNKSt14_List_iteratorI7CommandEdeEv
 *fill*         0x000000000002bc87        0x1 90909090
 .text._ZNKSt4listI5EventSaIS0_EE4sizeEv
                0x000000000002bc88       0x3a ./BaseDriver.o
                0x000000000002bc88                _ZNKSt4listI5EventSaIS0_EE4sizeEv
 .text._ZNSt14_List_iteratorI5EventEC2Ev
                0x000000000002bcc2       0x15 ./BaseDriver.o
                0x000000000002bcc2                _ZNSt14_List_iteratorI5EventEC2Ev
                0x000000000002bcc2                _ZNSt14_List_iteratorI5EventEC1Ev
 *fill*         0x000000000002bcd7        0x1 90909090
 .text._ZNSt4listI5EventSaIS0_EE5beginEv
                0x000000000002bcd8       0x28 ./BaseDriver.o
                0x000000000002bcd8                _ZNSt4listI5EventSaIS0_EE5beginEv
 .text._ZNSt4listI5EventSaIS0_EE3endEv
                0x000000000002bd00       0x25 ./BaseDriver.o
                0x000000000002bd00                _ZNSt4listI5EventSaIS0_EE3endEv
 *fill*         0x000000000002bd25        0x1 90909090
 .text._ZNKSt14_List_iteratorI5EventEneERKS1_
                0x000000000002bd26       0x22 ./BaseDriver.o
                0x000000000002bd26                _ZNKSt14_List_iteratorI5EventEneERKS1_
 .text._ZNSt14_List_iteratorI5EventEppEi
                0x000000000002bd48       0x2d ./BaseDriver.o
                0x000000000002bd48                _ZNSt14_List_iteratorI5EventEppEi
 *fill*         0x000000000002bd75        0x1 90909090
 .text._ZNKSt14_List_iteratorI5EventEdeEv
                0x000000000002bd76       0x15 ./BaseDriver.o
                0x000000000002bd76                _ZNKSt14_List_iteratorI5EventEdeEv
 *fill*         0x000000000002bd8b        0x1 90909090
 .text._ZNSt10_List_baseI7CommandSaIS0_EEC2Ev
                0x000000000002bd8c       0x48 ./BaseDriver.o
                0x000000000002bd8c                _ZNSt10_List_baseI7CommandSaIS0_EEC2Ev
                0x000000000002bd8c                _ZNSt10_List_baseI7CommandSaIS0_EEC1Ev
 .text._ZNSt10_List_baseI5EventSaIS0_EEC2Ev
                0x000000000002bdd4       0x48 ./BaseDriver.o
                0x000000000002bdd4                _ZNSt10_List_baseI5EventSaIS0_EEC1Ev
                0x000000000002bdd4                _ZNSt10_List_baseI5EventSaIS0_EEC2Ev
 .text._ZNSaISt10_List_nodeI7CommandEED2Ev
                0x000000000002be1c       0x1a ./BaseDriver.o
                0x000000000002be1c                _ZNSaISt10_List_nodeI7CommandEED2Ev
                0x000000000002be1c                _ZNSaISt10_List_nodeI7CommandEED1Ev
 .text._ZNSt10_List_baseI7CommandSaIS0_EE8_M_clearEv
                0x000000000002be36       0xb3 ./BaseDriver.o
                0x000000000002be36                _ZNSt10_List_baseI7CommandSaIS0_EE8_M_clearEv
 *fill*         0x000000000002bee9        0x1 90909090
 .text._ZNSaISt10_List_nodeI5EventEED2Ev
                0x000000000002beea       0x1a ./BaseDriver.o
                0x000000000002beea                _ZNSaISt10_List_nodeI5EventEED2Ev
                0x000000000002beea                _ZNSaISt10_List_nodeI5EventEED1Ev
 .text._ZNSt10_List_baseI5EventSaIS0_EE8_M_clearEv
                0x000000000002bf04       0xb3 ./BaseDriver.o
                0x000000000002bf04                _ZNSt10_List_baseI5EventSaIS0_EE8_M_clearEv
 *fill*         0x000000000002bfb7        0x1 90909090
 .text._ZNKSt4listI7CommandSaIS0_EE5beginEv
                0x000000000002bfb8       0x28 ./BaseDriver.o
                0x000000000002bfb8                _ZNKSt4listI7CommandSaIS0_EE5beginEv
 .text._ZNKSt4listI7CommandSaIS0_EE3endEv
                0x000000000002bfe0       0x25 ./BaseDriver.o
                0x000000000002bfe0                _ZNKSt4listI7CommandSaIS0_EE3endEv
 .text._ZSt8distanceISt20_List_const_iteratorI7CommandEENSt15iterator_traitsIT_E15difference_typeES4_S4_
                0x000000000002c005       0x3a ./BaseDriver.o
                0x000000000002c005                _ZSt8distanceISt20_List_const_iteratorI7CommandEENSt15iterator_traitsIT_E15difference_typeES4_S4_
 *fill*         0x000000000002c03f        0x1 90909090
 .text._ZNSt14_List_iteratorI7CommandEC2EPNSt8__detail15_List_node_baseE
                0x000000000002c040       0x19 ./BaseDriver.o
                0x000000000002c040                _ZNSt14_List_iteratorI7CommandEC2EPNSt8__detail15_List_node_baseE
                0x000000000002c040                _ZNSt14_List_iteratorI7CommandEC1EPNSt8__detail15_List_node_baseE
 *fill*         0x000000000002c059        0x1 90909090
 .text._ZNKSt4listI5EventSaIS0_EE5beginEv
                0x000000000002c05a       0x28 ./BaseDriver.o
                0x000000000002c05a                _ZNKSt4listI5EventSaIS0_EE5beginEv
 .text._ZNKSt4listI5EventSaIS0_EE3endEv
                0x000000000002c082       0x25 ./BaseDriver.o
                0x000000000002c082                _ZNKSt4listI5EventSaIS0_EE3endEv
 .text._ZSt8distanceISt20_List_const_iteratorI5EventEENSt15iterator_traitsIT_E15difference_typeES4_S4_
                0x000000000002c0a7       0x3a ./BaseDriver.o
                0x000000000002c0a7                _ZSt8distanceISt20_List_const_iteratorI5EventEENSt15iterator_traitsIT_E15difference_typeES4_S4_
 *fill*         0x000000000002c0e1        0x1 90909090
 .text._ZNSt14_List_iteratorI5EventEC2EPNSt8__detail15_List_node_baseE
                0x000000000002c0e2       0x19 ./BaseDriver.o
                0x000000000002c0e2                _ZNSt14_List_iteratorI5EventEC2EPNSt8__detail15_List_node_baseE
                0x000000000002c0e2                _ZNSt14_List_iteratorI5EventEC1EPNSt8__detail15_List_node_baseE
 *fill*         0x000000000002c0fb        0x1 90909090
 .text._ZNSt10_List_baseI7CommandSaIS0_EE10_List_implC2Ev
                0x000000000002c0fc       0x31 ./BaseDriver.o
                0x000000000002c0fc                _ZNSt10_List_baseI7CommandSaIS0_EE10_List_implC2Ev
                0x000000000002c0fc                _ZNSt10_List_baseI7CommandSaIS0_EE10_List_implC1Ev
 *fill*         0x000000000002c12d        0x1 90909090
 .text._ZNSt10_List_baseI7CommandSaIS0_EE7_M_initEv
                0x000000000002c12e       0x21 ./BaseDriver.o
                0x000000000002c12e                _ZNSt10_List_baseI7CommandSaIS0_EE7_M_initEv
 *fill*         0x000000000002c14f        0x1 90909090
 .text._ZNSt10_List_baseI5EventSaIS0_EE10_List_implC2Ev
                0x000000000002c150       0x31 ./BaseDriver.o
                0x000000000002c150                _ZNSt10_List_baseI5EventSaIS0_EE10_List_implC1Ev
                0x000000000002c150                _ZNSt10_List_baseI5EventSaIS0_EE10_List_implC2Ev
 *fill*         0x000000000002c181        0x1 90909090
 .text._ZNSt10_List_baseI5EventSaIS0_EE7_M_initEv
                0x000000000002c182       0x21 ./BaseDriver.o
                0x000000000002c182                _ZNSt10_List_baseI5EventSaIS0_EE7_M_initEv
 *fill*         0x000000000002c1a3        0x1 90909090
 .text._ZN9__gnu_cxx13new_allocatorISt10_List_nodeI7CommandEED2Ev
                0x000000000002c1a4        0xa ./BaseDriver.o
                0x000000000002c1a4                _ZN9__gnu_cxx13new_allocatorISt10_List_nodeI7CommandEED2Ev
                0x000000000002c1a4                _ZN9__gnu_cxx13new_allocatorISt10_List_nodeI7CommandEED1Ev
 .text._ZNKSt10_List_baseI7CommandSaIS0_EE19_M_get_Tp_allocatorEv
                0x000000000002c1ae       0x34 ./BaseDriver.o
                0x000000000002c1ae                _ZNKSt10_List_baseI7CommandSaIS0_EE19_M_get_Tp_allocatorEv
 .text._ZNSaI7CommandED2Ev
                0x000000000002c1e2       0x1a ./BaseDriver.o
                0x000000000002c1e2                _ZNSaI7CommandED1Ev
                0x000000000002c1e2                _ZNSaI7CommandED2Ev
 .text._ZSt11__addressofI7CommandEPT_RS1_
                0x000000000002c1fc        0xe ./BaseDriver.o
                0x000000000002c1fc                _ZSt11__addressofI7CommandEPT_RS1_
 .text._ZN9__gnu_cxx13new_allocatorI7CommandE7destroyEPS1_
                0x000000000002c20a       0x25 ./BaseDriver.o
                0x000000000002c20a                _ZN9__gnu_cxx13new_allocatorI7CommandE7destroyEPS1_
 *fill*         0x000000000002c22f        0x1 90909090
 .text._ZNSt10_List_baseI7CommandSaIS0_EE11_M_put_nodeEPSt10_List_nodeIS0_E
                0x000000000002c230       0x2a ./BaseDriver.o
                0x000000000002c230                _ZNSt10_List_baseI7CommandSaIS0_EE11_M_put_nodeEPSt10_List_nodeIS0_E
 .text._ZN9__gnu_cxx13new_allocatorISt10_List_nodeI5EventEED2Ev
                0x000000000002c25a        0xa ./BaseDriver.o
                0x000000000002c25a                _ZN9__gnu_cxx13new_allocatorISt10_List_nodeI5EventEED1Ev
                0x000000000002c25a                _ZN9__gnu_cxx13new_allocatorISt10_List_nodeI5EventEED2Ev
 .text._ZNKSt10_List_baseI5EventSaIS0_EE19_M_get_Tp_allocatorEv
                0x000000000002c264       0x34 ./BaseDriver.o
                0x000000000002c264                _ZNKSt10_List_baseI5EventSaIS0_EE19_M_get_Tp_allocatorEv
 .text._ZNSaI5EventED2Ev
                0x000000000002c298       0x1a ./BaseDriver.o
                0x000000000002c298                _ZNSaI5EventED1Ev
                0x000000000002c298                _ZNSaI5EventED2Ev
 .text._ZSt11__addressofI5EventEPT_RS1_
                0x000000000002c2b2        0xe ./BaseDriver.o
                0x000000000002c2b2                _ZSt11__addressofI5EventEPT_RS1_
 .text._ZN9__gnu_cxx13new_allocatorI5EventE7destroyEPS1_
                0x000000000002c2c0       0x25 ./BaseDriver.o
                0x000000000002c2c0                _ZN9__gnu_cxx13new_allocatorI5EventE7destroyEPS1_
 *fill*         0x000000000002c2e5        0x1 90909090
 .text._ZNSt10_List_baseI5EventSaIS0_EE11_M_put_nodeEPSt10_List_nodeIS0_E
                0x000000000002c2e6       0x2a ./BaseDriver.o
                0x000000000002c2e6                _ZNSt10_List_baseI5EventSaIS0_EE11_M_put_nodeEPSt10_List_nodeIS0_E
 .text._ZNSt20_List_const_iteratorI7CommandEC2EPKNSt8__detail15_List_node_baseE
                0x000000000002c310       0x19 ./BaseDriver.o
                0x000000000002c310                _ZNSt20_List_const_iteratorI7CommandEC2EPKNSt8__detail15_List_node_baseE
                0x000000000002c310                _ZNSt20_List_const_iteratorI7CommandEC1EPKNSt8__detail15_List_node_baseE
 .text._ZSt19__iterator_categoryISt20_List_const_iteratorI7CommandEENSt15iterator_traitsIT_E17iterator_categoryERKS4_
                0x000000000002c329        0xa ./BaseDriver.o
                0x000000000002c329                _ZSt19__iterator_categoryISt20_List_const_iteratorI7CommandEENSt15iterator_traitsIT_E17iterator_categoryERKS4_
 .text._ZSt10__distanceISt20_List_const_iteratorI7CommandEENSt15iterator_traitsIT_E15difference_typeES4_S4_St18input_iterator_tag
                0x000000000002c333       0x48 ./BaseDriver.o
                0x000000000002c333                _ZSt10__distanceISt20_List_const_iteratorI7CommandEENSt15iterator_traitsIT_E15difference_typeES4_S4_St18input_iterator_tag
 *fill*         0x000000000002c37b        0x1 90909090
 .text._ZNSt20_List_const_iteratorI5EventEC2EPKNSt8__detail15_List_node_baseE
                0x000000000002c37c       0x19 ./BaseDriver.o
                0x000000000002c37c                _ZNSt20_List_const_iteratorI5EventEC1EPKNSt8__detail15_List_node_baseE
                0x000000000002c37c                _ZNSt20_List_const_iteratorI5EventEC2EPKNSt8__detail15_List_node_baseE
 .text._ZSt19__iterator_categoryISt20_List_const_iteratorI5EventEENSt15iterator_traitsIT_E17iterator_categoryERKS4_
                0x000000000002c395        0xa ./BaseDriver.o
                0x000000000002c395                _ZSt19__iterator_categoryISt20_List_const_iteratorI5EventEENSt15iterator_traitsIT_E17iterator_categoryERKS4_
 .text._ZSt10__distanceISt20_List_const_iteratorI5EventEENSt15iterator_traitsIT_E15difference_typeES4_S4_St18input_iterator_tag
                0x000000000002c39f       0x48 ./BaseDriver.o
                0x000000000002c39f                _ZSt10__distanceISt20_List_const_iteratorI5EventEENSt15iterator_traitsIT_E15difference_typeES4_S4_St18input_iterator_tag
 *fill*         0x000000000002c3e7        0x1 90909090
 .text._ZNSaISt10_List_nodeI7CommandEEC2Ev
                0x000000000002c3e8       0x1a ./BaseDriver.o
                0x000000000002c3e8                _ZNSaISt10_List_nodeI7CommandEEC2Ev
                0x000000000002c3e8                _ZNSaISt10_List_nodeI7CommandEEC1Ev
 .text._ZNSaISt10_List_nodeI5EventEEC2Ev
                0x000000000002c402       0x1a ./BaseDriver.o
                0x000000000002c402                _ZNSaISt10_List_nodeI5EventEEC2Ev
                0x000000000002c402                _ZNSaISt10_List_nodeI5EventEEC1Ev
 .text._ZNKSt10_List_baseI7CommandSaIS0_EE21_M_get_Node_allocatorEv
                0x000000000002c41c        0xe ./BaseDriver.o
                0x000000000002c41c                _ZNKSt10_List_baseI7CommandSaIS0_EE21_M_get_Node_allocatorEv
 .text._ZNSaI7CommandEC2ISt10_List_nodeIS_EEERKSaIT_E
                0x000000000002c42a       0x1e ./BaseDriver.o
                0x000000000002c42a                _ZNSaI7CommandEC2ISt10_List_nodeIS_EEERKSaIT_E
                0x000000000002c42a                _ZNSaI7CommandEC1ISt10_List_nodeIS_EEERKSaIT_E
 .text._ZN9__gnu_cxx13new_allocatorI7CommandED2Ev
                0x000000000002c448        0xa ./BaseDriver.o
                0x000000000002c448                _ZN9__gnu_cxx13new_allocatorI7CommandED1Ev
                0x000000000002c448                _ZN9__gnu_cxx13new_allocatorI7CommandED2Ev
 .text._ZN9__gnu_cxx13new_allocatorISt10_List_nodeI7CommandEE10deallocateEPS3_m
                0x000000000002c452       0x22 ./BaseDriver.o
                0x000000000002c452                _ZN9__gnu_cxx13new_allocatorISt10_List_nodeI7CommandEE10deallocateEPS3_m
 .text._ZNKSt10_List_baseI5EventSaIS0_EE21_M_get_Node_allocatorEv
                0x000000000002c474        0xe ./BaseDriver.o
                0x000000000002c474                _ZNKSt10_List_baseI5EventSaIS0_EE21_M_get_Node_allocatorEv
 .text._ZNSaI5EventEC2ISt10_List_nodeIS_EEERKSaIT_E
                0x000000000002c482       0x1e ./BaseDriver.o
                0x000000000002c482                _ZNSaI5EventEC1ISt10_List_nodeIS_EEERKSaIT_E
                0x000000000002c482                _ZNSaI5EventEC2ISt10_List_nodeIS_EEERKSaIT_E
 .text._ZN9__gnu_cxx13new_allocatorI5EventED2Ev
                0x000000000002c4a0        0xa ./BaseDriver.o
                0x000000000002c4a0                _ZN9__gnu_cxx13new_allocatorI5EventED1Ev
                0x000000000002c4a0                _ZN9__gnu_cxx13new_allocatorI5EventED2Ev
 .text._ZN9__gnu_cxx13new_allocatorISt10_List_nodeI5EventEE10deallocateEPS3_m
                0x000000000002c4aa       0x22 ./BaseDriver.o
                0x000000000002c4aa                _ZN9__gnu_cxx13new_allocatorISt10_List_nodeI5EventEE10deallocateEPS3_m
 .text._ZNKSt20_List_const_iteratorI7CommandEneERKS1_
                0x000000000002c4cc       0x22 ./BaseDriver.o
                0x000000000002c4cc                _ZNKSt20_List_const_iteratorI7CommandEneERKS1_
 .text._ZNSt20_List_const_iteratorI7CommandEppEv
                0x000000000002c4ee       0x1f ./BaseDriver.o
                0x000000000002c4ee                _ZNSt20_List_const_iteratorI7CommandEppEv
 *fill*         0x000000000002c50d        0x1 90909090
 .text._ZNKSt20_List_const_iteratorI5EventEneERKS1_
                0x000000000002c50e       0x22 ./BaseDriver.o
                0x000000000002c50e                _ZNKSt20_List_const_iteratorI5EventEneERKS1_
 .text._ZNSt20_List_const_iteratorI5EventEppEv
                0x000000000002c530       0x1f ./BaseDriver.o
                0x000000000002c530                _ZNSt20_List_const_iteratorI5EventEppEv
 *fill*         0x000000000002c54f        0x1 90909090
 .text._ZN9__gnu_cxx13new_allocatorISt10_List_nodeI7CommandEEC2Ev
                0x000000000002c550        0xa ./BaseDriver.o
                0x000000000002c550                _ZN9__gnu_cxx13new_allocatorISt10_List_nodeI7CommandEEC1Ev
                0x000000000002c550                _ZN9__gnu_cxx13new_allocatorISt10_List_nodeI7CommandEEC2Ev
 .text._ZN9__gnu_cxx13new_allocatorISt10_List_nodeI5EventEEC2Ev
                0x000000000002c55a        0xa ./BaseDriver.o
                0x000000000002c55a                _ZN9__gnu_cxx13new_allocatorISt10_List_nodeI5EventEEC1Ev
                0x000000000002c55a                _ZN9__gnu_cxx13new_allocatorISt10_List_nodeI5EventEEC2Ev
 .text._ZN9__gnu_cxx13new_allocatorI7CommandEC2Ev
                0x000000000002c564        0xa ./BaseDriver.o
                0x000000000002c564                _ZN9__gnu_cxx13new_allocatorI7CommandEC2Ev
                0x000000000002c564                _ZN9__gnu_cxx13new_allocatorI7CommandEC1Ev
 .text._ZN9__gnu_cxx13new_allocatorI5EventEC2Ev
                0x000000000002c56e        0xa ./BaseDriver.o
                0x000000000002c56e                _ZN9__gnu_cxx13new_allocatorI5EventEC2Ev
                0x000000000002c56e                _ZN9__gnu_cxx13new_allocatorI5EventEC1Ev
 .text          0x000000000002c578      0xa69 ./Command.o
                0x000000000002c578                _ZN7CommandC1Ev
                0x000000000002c578                _ZN7CommandC2Ev
                0x000000000002c614                _ZN7CommandC2ESs
                0x000000000002c614                _ZN7CommandC1ESs
                0x000000000002c6b4                _ZN7CommandD2Ev
                0x000000000002c6b4                _ZN7CommandD1Ev
                0x000000000002c780                _ZN7CommandD0Ev
                0x000000000002c7a6                _ZN7CommandC1ESsPSt4listIP16CommandParameterSaIS2_EE
                0x000000000002c7a6                _ZN7CommandC2ESsPSt4listIP16CommandParameterSaIS2_EE
                0x000000000002c826                _ZN7Command12GetParameterESs
                0x000000000002c900                _ZN7Command4NameEv
                0x000000000002c92e                _ZN7Command10ParametersEv
                0x000000000002c940                _ZN7Command12AddParameterEP16CommandParameter
                0x000000000002c96a                _ZN7Command5CloneEv
                0x000000000002ca7a                _ZN7Command6ToJsonEv
 .text._ZNSt11char_traitsIcE7compareEPKcS2_m
                0x000000000002cfe1       0x2d ./Command.o
                0x000000000002cfe1                _ZNSt11char_traitsIcE7compareEPKcS2_m
 .text._ZN16CommandParameterC2ESsPvSs
                0x000000000002d00e       0xa3 ./Command.o
                0x000000000002d00e                _ZN16CommandParameterC2ESsPvSs
                0x000000000002d00e                _ZN16CommandParameterC1ESsPvSs
 *fill*         0x000000000002d0b1        0x1 90909090
 .text._ZN16CommandParameter5CloneEv
                0x000000000002d0b2      0x195 ./Command.o
                0x000000000002d0b2                _ZN16CommandParameter5CloneEv
 *fill*         0x000000000002d247        0x1 90909090
 .text._ZN16CommandParameter6ToJsonEv
                0x000000000002d248      0x57f ./Command.o
                0x000000000002d248                _ZN16CommandParameter6ToJsonEv
 *fill*         0x000000000002d7c7        0x1 90909090
 .text._ZNSt4listIP16CommandParameterSaIS1_EED2Ev
                0x000000000002d7c8       0x1a ./Command.o
                0x000000000002d7c8                _ZNSt4listIP16CommandParameterSaIS1_EED1Ev
                0x000000000002d7c8                _ZNSt4listIP16CommandParameterSaIS1_EED2Ev
 .text._ZSteqIcSt11char_traitsIcESaIcEEbRKSbIT_T0_T1_EPKS3_
                0x000000000002d7e2       0x2a ./Command.o
                0x000000000002d7e2                _ZSteqIcSt11char_traitsIcESaIcEEbRKSbIT_T0_T1_EPKS3_
 .text._ZNSt4listIP16CommandParameterSaIS1_EEC2Ev
                0x000000000002d80c       0x1a ./Command.o
                0x000000000002d80c                _ZNSt4listIP16CommandParameterSaIS1_EEC2Ev
                0x000000000002d80c                _ZNSt4listIP16CommandParameterSaIS1_EEC1Ev
 .text._ZNSt14_List_iteratorIP16CommandParameterEC2Ev
                0x000000000002d826       0x15 ./Command.o
                0x000000000002d826                _ZNSt14_List_iteratorIP16CommandParameterEC1Ev
                0x000000000002d826                _ZNSt14_List_iteratorIP16CommandParameterEC2Ev
 *fill*         0x000000000002d83b        0x1 90909090
 .text._ZNSt4listIP16CommandParameterSaIS1_EE5beginEv
                0x000000000002d83c       0x28 ./Command.o
                0x000000000002d83c                _ZNSt4listIP16CommandParameterSaIS1_EE5beginEv
 .text._ZNSt4listIP16CommandParameterSaIS1_EE3endEv
                0x000000000002d864       0x25 ./Command.o
                0x000000000002d864                _ZNSt4listIP16CommandParameterSaIS1_EE3endEv
 *fill*         0x000000000002d889        0x1 90909090
 .text._ZNKSt14_List_iteratorIP16CommandParameterEneERKS2_
                0x000000000002d88a       0x22 ./Command.o
                0x000000000002d88a                _ZNKSt14_List_iteratorIP16CommandParameterEneERKS2_
 .text._ZNSt14_List_iteratorIP16CommandParameterEppEi
                0x000000000002d8ac       0x2d ./Command.o
                0x000000000002d8ac                _ZNSt14_List_iteratorIP16CommandParameterEppEi
 *fill*         0x000000000002d8d9        0x1 90909090
 .text._ZNKSt14_List_iteratorIP16CommandParameterEdeEv
                0x000000000002d8da       0x15 ./Command.o
                0x000000000002d8da                _ZNKSt14_List_iteratorIP16CommandParameterEdeEv
 *fill*         0x000000000002d8ef        0x1 90909090
 .text._ZNSt4listIP16CommandParameterSaIS1_EE9push_backERKS1_
                0x000000000002d8f0       0x34 ./Command.o
                0x000000000002d8f0                _ZNSt4listIP16CommandParameterSaIS1_EE9push_backERKS1_
 .text._ZNKSt4listIP16CommandParameterSaIS1_EE5emptyEv
                0x000000000002d924       0x1b ./Command.o
                0x000000000002d924                _ZNKSt4listIP16CommandParameterSaIS1_EE5emptyEv
 *fill*         0x000000000002d93f        0x1 90909090
 .text._ZNSt4listIP16CommandParameterSaIS1_EE5clearEv
                0x000000000002d940       0x26 ./Command.o
                0x000000000002d940                _ZNSt4listIP16CommandParameterSaIS1_EE5clearEv
 .text._ZNSt10_List_baseIP16CommandParameterSaIS1_EE10_List_implD2Ev
                0x000000000002d966       0x1a ./Command.o
                0x000000000002d966                _ZNSt10_List_baseIP16CommandParameterSaIS1_EE10_List_implD1Ev
                0x000000000002d966                _ZNSt10_List_baseIP16CommandParameterSaIS1_EE10_List_implD2Ev
 .text._ZNSt10_List_baseIP16CommandParameterSaIS1_EED2Ev
                0x000000000002d980       0x46 ./Command.o
                0x000000000002d980                _ZNSt10_List_baseIP16CommandParameterSaIS1_EED1Ev
                0x000000000002d980                _ZNSt10_List_baseIP16CommandParameterSaIS1_EED2Ev
 .text._ZSteqIcEN9__gnu_cxx11__enable_ifIXsrSt9__is_charIT_E7__valueEbE6__typeERKSbIS3_St11char_traitsIS3_ESaIS3_EESC_
                0x000000000002d9c6       0x84 ./Command.o
                0x000000000002d9c6                _ZSteqIcEN9__gnu_cxx11__enable_ifIXsrSt9__is_charIT_E7__valueEbE6__typeERKSbIS3_St11char_traitsIS3_ESaIS3_EESC_
 .text._ZNKSt4listIP16CommandParameterSaIS1_EE4sizeEv
                0x000000000002da4a       0x3a ./Command.o
                0x000000000002da4a                _ZNKSt4listIP16CommandParameterSaIS1_EE4sizeEv
 .text._ZNSt10_List_baseIP16CommandParameterSaIS1_EEC2Ev
                0x000000000002da84       0x48 ./Command.o
                0x000000000002da84                _ZNSt10_List_baseIP16CommandParameterSaIS1_EEC2Ev
                0x000000000002da84                _ZNSt10_List_baseIP16CommandParameterSaIS1_EEC1Ev
 .text._ZNSt14_List_iteratorIP16CommandParameterEC2EPNSt8__detail15_List_node_baseE
                0x000000000002dacc       0x19 ./Command.o
                0x000000000002dacc                _ZNSt14_List_iteratorIP16CommandParameterEC2EPNSt8__detail15_List_node_baseE
                0x000000000002dacc                _ZNSt14_List_iteratorIP16CommandParameterEC1EPNSt8__detail15_List_node_baseE
 *fill*         0x000000000002dae5        0x1 90909090
 .text._ZNSt4listIP16CommandParameterSaIS1_EE9_M_insertESt14_List_iteratorIS1_ERKS1_
                0x000000000002dae6       0x40 ./Command.o
                0x000000000002dae6                _ZNSt4listIP16CommandParameterSaIS1_EE9_M_insertESt14_List_iteratorIS1_ERKS1_
 .text._ZNSt10_List_baseIP16CommandParameterSaIS1_EE8_M_clearEv
                0x000000000002db26       0xb3 ./Command.o
                0x000000000002db26                _ZNSt10_List_baseIP16CommandParameterSaIS1_EE8_M_clearEv
 *fill*         0x000000000002dbd9        0x1 90909090
 .text._ZNSt10_List_baseIP16CommandParameterSaIS1_EE7_M_initEv
                0x000000000002dbda       0x21 ./Command.o
                0x000000000002dbda                _ZNSt10_List_baseIP16CommandParameterSaIS1_EE7_M_initEv
 *fill*         0x000000000002dbfb        0x1 90909090
 .text._ZNSaISt10_List_nodeIP16CommandParameterEED2Ev
                0x000000000002dbfc       0x1a ./Command.o
                0x000000000002dbfc                _ZNSaISt10_List_nodeIP16CommandParameterEED1Ev
                0x000000000002dbfc                _ZNSaISt10_List_nodeIP16CommandParameterEED2Ev
 .text._ZNKSt4listIP16CommandParameterSaIS1_EE5beginEv
                0x000000000002dc16       0x28 ./Command.o
                0x000000000002dc16                _ZNKSt4listIP16CommandParameterSaIS1_EE5beginEv
 .text._ZNKSt4listIP16CommandParameterSaIS1_EE3endEv
                0x000000000002dc3e       0x25 ./Command.o
                0x000000000002dc3e                _ZNKSt4listIP16CommandParameterSaIS1_EE3endEv
 .text._ZSt8distanceISt20_List_const_iteratorIP16CommandParameterEENSt15iterator_traitsIT_E15difference_typeES5_S5_
                0x000000000002dc63       0x3a ./Command.o
                0x000000000002dc63                _ZSt8distanceISt20_List_const_iteratorIP16CommandParameterEENSt15iterator_traitsIT_E15difference_typeES5_S5_
 *fill*         0x000000000002dc9d        0x1 90909090
 .text._ZNSt10_List_baseIP16CommandParameterSaIS1_EE10_List_implC2Ev
                0x000000000002dc9e       0x31 ./Command.o
                0x000000000002dc9e                _ZNSt10_List_baseIP16CommandParameterSaIS1_EE10_List_implC2Ev
                0x000000000002dc9e                _ZNSt10_List_baseIP16CommandParameterSaIS1_EE10_List_implC1Ev
 *fill*         0x000000000002dccf        0x1 90909090
 .text._ZNSt4listIP16CommandParameterSaIS1_EE14_M_create_nodeERKS1_
                0x000000000002dcd0       0xb8 ./Command.o
                0x000000000002dcd0                _ZNSt4listIP16CommandParameterSaIS1_EE14_M_create_nodeERKS1_
 .text._ZNKSt10_List_baseIP16CommandParameterSaIS1_EE19_M_get_Tp_allocatorEv
                0x000000000002dd88       0x34 ./Command.o
                0x000000000002dd88                _ZNKSt10_List_baseIP16CommandParameterSaIS1_EE19_M_get_Tp_allocatorEv
 .text._ZNSaIP16CommandParameterED2Ev
                0x000000000002ddbc       0x1a ./Command.o
                0x000000000002ddbc                _ZNSaIP16CommandParameterED1Ev
                0x000000000002ddbc                _ZNSaIP16CommandParameterED2Ev
 .text._ZSt11__addressofIP16CommandParameterEPT_RS2_
                0x000000000002ddd6        0xe ./Command.o
                0x000000000002ddd6                _ZSt11__addressofIP16CommandParameterEPT_RS2_
 .text._ZN9__gnu_cxx13new_allocatorIP16CommandParameterE7destroyEPS2_
                0x000000000002dde4        0xe ./Command.o
                0x000000000002dde4                _ZN9__gnu_cxx13new_allocatorIP16CommandParameterE7destroyEPS2_
 .text._ZNSt10_List_baseIP16CommandParameterSaIS1_EE11_M_put_nodeEPSt10_List_nodeIS1_E
                0x000000000002ddf2       0x2a ./Command.o
                0x000000000002ddf2                _ZNSt10_List_baseIP16CommandParameterSaIS1_EE11_M_put_nodeEPSt10_List_nodeIS1_E
 .text._ZN9__gnu_cxx13new_allocatorISt10_List_nodeIP16CommandParameterEED2Ev
                0x000000000002de1c        0xa ./Command.o
                0x000000000002de1c                _ZN9__gnu_cxx13new_allocatorISt10_List_nodeIP16CommandParameterEED1Ev
                0x000000000002de1c                _ZN9__gnu_cxx13new_allocatorISt10_List_nodeIP16CommandParameterEED2Ev
 .text._ZNSt20_List_const_iteratorIP16CommandParameterEC2EPKNSt8__detail15_List_node_baseE
                0x000000000002de26       0x19 ./Command.o
                0x000000000002de26                _ZNSt20_List_const_iteratorIP16CommandParameterEC1EPKNSt8__detail15_List_node_baseE
                0x000000000002de26                _ZNSt20_List_const_iteratorIP16CommandParameterEC2EPKNSt8__detail15_List_node_baseE
 .text._ZSt19__iterator_categoryISt20_List_const_iteratorIP16CommandParameterEENSt15iterator_traitsIT_E17iterator_categoryERKS5_
                0x000000000002de3f        0xa ./Command.o
                0x000000000002de3f                _ZSt19__iterator_categoryISt20_List_const_iteratorIP16CommandParameterEENSt15iterator_traitsIT_E17iterator_categoryERKS5_
 .text._ZSt10__distanceISt20_List_const_iteratorIP16CommandParameterEENSt15iterator_traitsIT_E15difference_typeES5_S5_St18input_iterator_tag
                0x000000000002de49       0x48 ./Command.o
                0x000000000002de49                _ZSt10__distanceISt20_List_const_iteratorIP16CommandParameterEENSt15iterator_traitsIT_E15difference_typeES5_S5_St18input_iterator_tag
 *fill*         0x000000000002de91        0x1 90909090
 .text._ZNSaISt10_List_nodeIP16CommandParameterEEC2Ev
                0x000000000002de92       0x1a ./Command.o
                0x000000000002de92                _ZNSaISt10_List_nodeIP16CommandParameterEEC2Ev
                0x000000000002de92                _ZNSaISt10_List_nodeIP16CommandParameterEEC1Ev
 .text._ZNSt10_List_baseIP16CommandParameterSaIS1_EE11_M_get_nodeEv
                0x000000000002deac       0x24 ./Command.o
                0x000000000002deac                _ZNSt10_List_baseIP16CommandParameterSaIS1_EE11_M_get_nodeEv
 .text._ZN9__gnu_cxx13new_allocatorIP16CommandParameterE9constructEPS2_RKS2_
                0x000000000002ded0       0x36 ./Command.o
                0x000000000002ded0                _ZN9__gnu_cxx13new_allocatorIP16CommandParameterE9constructEPS2_RKS2_
 .text._ZNKSt10_List_baseIP16CommandParameterSaIS1_EE21_M_get_Node_allocatorEv
                0x000000000002df06        0xe ./Command.o
                0x000000000002df06                _ZNKSt10_List_baseIP16CommandParameterSaIS1_EE21_M_get_Node_allocatorEv
 .text._ZNSaIP16CommandParameterEC2ISt10_List_nodeIS0_EEERKSaIT_E
                0x000000000002df14       0x1e ./Command.o
                0x000000000002df14                _ZNSaIP16CommandParameterEC2ISt10_List_nodeIS0_EEERKSaIT_E
                0x000000000002df14                _ZNSaIP16CommandParameterEC1ISt10_List_nodeIS0_EEERKSaIT_E
 .text._ZN9__gnu_cxx13new_allocatorIP16CommandParameterED2Ev
                0x000000000002df32        0xa ./Command.o
                0x000000000002df32                _ZN9__gnu_cxx13new_allocatorIP16CommandParameterED1Ev
                0x000000000002df32                _ZN9__gnu_cxx13new_allocatorIP16CommandParameterED2Ev
 .text._ZN9__gnu_cxx13new_allocatorISt10_List_nodeIP16CommandParameterEE10deallocateEPS4_m
                0x000000000002df3c       0x22 ./Command.o
                0x000000000002df3c                _ZN9__gnu_cxx13new_allocatorISt10_List_nodeIP16CommandParameterEE10deallocateEPS4_m
 .text._ZNKSt20_List_const_iteratorIP16CommandParameterEneERKS2_
                0x000000000002df5e       0x22 ./Command.o
                0x000000000002df5e                _ZNKSt20_List_const_iteratorIP16CommandParameterEneERKS2_
 .text._ZNSt20_List_const_iteratorIP16CommandParameterEppEv