
Discarded input sections

 .note.GNU-stack
                0x0000000000000000        0x0 /usr/lib/gcc/x86_64-linux-gnu/4.6/../../../x86_64-linux-gnu/crti.o
 .gnu_debuglink
                0x0000000000000000        0xc /usr/lib/gcc/x86_64-linux-gnu/4.6/../../../x86_64-linux-gnu/crti.o
 .note.GNU-stack
                0x0000000000000000        0x0 /usr/lib/gcc/x86_64-linux-gnu/4.6/crtbeginS.o
 .group         0x0000000000000000        0xc ./BaseDevice.o
 .group         0x0000000000000000        0x8 ./BaseDevice.o
 .group         0x0000000000000000        0x8 ./BaseDevice.o
 .group         0x0000000000000000        0x8 ./BaseDevice.o
 .group         0x0000000000000000        0x8 ./BaseDevice.o
 .group         0x0000000000000000        0x8 ./BaseDevice.o
 .group         0x0000000000000000        0x8 ./BaseDevice.o
 .group         0x0000000000000000        0x8 ./BaseDevice.o
 .group         0x0000000000000000        0x8 ./BaseDevice.o
 .group         0x0000000000000000        0x8 ./BaseDevice.o
 .group         0x0000000000000000        0x8 ./BaseDevice.o
 .group         0x0000000000000000        0x8 ./BaseDevice.o
 .group         0x0000000000000000        0x8 ./BaseDevice.o
 .group         0x0000000000000000        0x8 ./BaseDevice.o
 .group         0x0000000000000000        0x8 ./BaseDevice.o
 .group         0x0000000000000000        0x8 ./BaseDevice.o
 .note.GNU-stack
                0x0000000000000000        0x0 ./BaseDevice.o
 .group         0x0000000000000000        0xc ./BaseDriver.o
 .group         0x0000000000000000        0x8 ./BaseDriver.o
 .group         0x0000000000000000        0x8 ./BaseDriver.o
 .group         0x0000000000000000        0x8 ./BaseDriver.o
 .group         0x0000000000000000        0x8 ./BaseDriver.o
 .group         0x0000000000000000        0x8 ./BaseDriver.o
 .group         0x0000000000000000        0x8 ./BaseDriver.o
 .group         0x0000000000000000        0x8 ./BaseDriver.o
 .group         0x0000000000000000        0x8 ./BaseDriver.o
 .group         0x0000000000000000        0x8 ./BaseDriver.o
 .text._ZStplIcSt11char_traitsIcESaIcEESbIT_T0_T1_EPKS3_RKS6_
                0x0000000000000000       0x95 ./BaseDriver.o
 .text._ZStplIcSt11char_traitsIcESaIcEESbIT_T0_T1_ERKS6_S8_
                0x0000000000000000       0x49 ./BaseDriver.o
 .data.DW.ref.__gxx_personality_v0
                0x0000000000000000        0x8 ./BaseDriver.o
 .note.GNU-stack
                0x0000000000000000        0x0 ./BaseDriver.o
 .group         0x0000000000000000        0x8 ./Command.o
 .group         0x0000000000000000        0x8 ./Command.o
 .group         0x0000000000000000        0x8 ./Command.o
 .group         0x0000000000000000        0x8 ./Command.o
 .group         0x0000000000000000        0x8 ./Command.o
 .group         0x0000000000000000        0x8 ./Command.o
 .text._ZStplIcSt11char_traitsIcESaIcEESbIT_T0_T1_EPKS3_RKS6_
                0x0000000000000000       0x95 ./Command.o
 .text._ZStplIcSt11char_traitsIcESaIcEESbIT_T0_T1_ERKS6_S8_
                0x0000000000000000       0x49 ./Command.o
 .data.DW.ref.__gxx_personality_v0
                0x0000000000000000        0x8 ./Command.o
 .note.GNU-stack
                0x0000000000000000        0x0 ./Command.o
 .group         0x0000000000000000        0x8 ./Configuration.o
 .group         0x0000000000000000        0x8 ./Configuration.o
 .group         0x0000000000000000        0x8 ./Configuration.o
 .group         0x0000000000000000        0x8 ./Configuration.o
 .group         0x0000000000000000        0x8 ./Configuration.o
 .group         0x0000000000000000        0x8 ./Configuration.o
 .group         0x0000000000000000        0x8 ./Configuration.o
 .group         0x0000000000000000        0x8 ./Configuration.o
 .group         0x0000000000000000        0x8 ./Configuration.o
 .text._ZStplIcSt11char_traitsIcESaIcEESbIT_T0_T1_ERKS6_S8_
                0x0000000000000000       0x49 ./Configuration.o
 .data.DW.ref.__gxx_personality_v0
                0x0000000000000000        0x8 ./Configuration.o
 .note.GNU-stack
                0x0000000000000000        0x0 ./Configuration.o
 .group         0x0000000000000000        0x8 ./ConnectionPoint.o
 .group         0x0000000000000000        0x8 ./ConnectionPoint.o
 .group         0x0000000000000000        0x8 ./ConnectionPoint.o
 .group         0x0000000000000000        0x8 ./ConnectionPoint.o
 .group         0x0000000000000000        0x8 ./ConnectionPoint.o
 .text._ZStplIcSt11char_traitsIcESaIcEESbIT_T0_T1_ERKS6_S8_
                0x0000000000000000       0x49 ./ConnectionPoint.o
 .data.DW.ref.__gxx_personality_v0
                0x0000000000000000        0x8 ./ConnectionPoint.o
 .note.GNU-stack
                0x0000000000000000        0x0 ./ConnectionPoint.o
 .group         0x0000000000000000        0x8 ./Convert.o
 .data.DW.ref.__gxx_personality_v0
                0x0000000000000000        0x8 ./Convert.o
 .note.GNU-stack
                0x0000000000000000        0x0 ./Convert.o
[...]
Memory Configuration

Name             Origin             Length             Attributes
*default*        0x0000000000000000 0xffffffffffffffff

Linker script and memory map

LOAD /usr/lib/gcc/x86_64-linux-gnu/4.6/../../../x86_64-linux-gnu/crti.o
LOAD /usr/lib/gcc/x86_64-linux-gnu/4.6/crtbeginS.o
LOAD ./BaseDevice.o
LOAD ./BaseDriver.o
LOAD ./Command.o
LOAD ./Configuration.o
LOAD ./ConnectionPoint.o
LOAD ./Convert.o
LOAD ./DataSerializationManager.o
LOAD ./Event.o
LOAD ./InConnectionPoint.o
LOAD ./JsonParameters.o
LOAD ./LogEntry.o
LOAD ./OutConnectionPoint.o
LOAD ./Pinout.o
LOAD ./Process.o
LOAD ./Program.o
LOAD ./Wire.o
LOAD ./Logging/BaseLogProvider.o
LOAD ./Logging/EventLogger.o
LOAD ./Logging/JsonLogProvider.o
LOAD ./Logging/SysLogProvider.o
LOAD /usr/lib/gcc/x86_64-linux-gnu/4.6/libstdc++.so
LOAD /usr/lib/gcc/x86_64-linux-gnu/4.6/../../../x86_64-linux-gnu/libm.so
LOAD /usr/lib/gcc/x86_64-linux-gnu/4.6/libgcc_s.so
LOAD /usr/lib/gcc/x86_64-linux-gnu/4.6/../../../x86_64-linux-gnu/libc.so
START GROUP
LOAD /lib/x86_64-linux-gnu/libc.so.6
LOAD /usr/lib/x86_64-linux-gnu/libc_nonshared.a
LOAD /lib/x86_64-linux-gnu/ld-linux-x86-64.so.2
END GROUP
LOAD /usr/lib/gcc/x86_64-linux-gnu/4.6/libgcc_s.so
LOAD /usr/lib/gcc/x86_64-linux-gnu/4.6/crtendS.o
LOAD /usr/lib/gcc/x86_64-linux-gnu/4.6/../../../x86_64-linux-gnu/crtn.o
                0x00000000000001c8                . = (0x0 + SIZEOF_HEADERS)

.note.gnu.build-id
                0x00000000000001c8       0x24
 *(.note.gnu.build-id)
 .note.gnu.build-id
                0x00000000000001c8       0x24 /usr/lib/gcc/x86_64-linux-gnu/4.6/../../../x86_64-linux-gnu/crti.o

.hash
 *(.hash)

.gnu.hash       0x00000000000001f0      0xd30
 *(.gnu.hash)
 .gnu.hash      0x00000000000001f0      0xd30 /usr/lib/gcc/x86_64-linux-gnu/4.6/../../../x86_64-linux-gnu/crti.o

.dynsym         0x0000000000000f20     0x3288
 *(.dynsym)
 .dynsym        0x0000000000000f20     0x3288 /usr/lib/gcc/x86_64-linux-gnu/4.6/../../../x86_64-linux-gnu/crti.o

.dynstr         0x00000000000041a8     0x3f9a
 *(.dynstr)
 .dynstr        0x00000000000041a8     0x3f9a /usr/lib/gcc/x86_64-linux-gnu/4.6/../../../x86_64-linux-gnu/crti.o

.gnu.version    0x0000000000008142      0x436
 *(.gnu.version)
 .gnu.version   0x0000000000008142      0x436 /usr/lib/gcc/x86_64-linux-gnu/4.6/../../../x86_64-linux-gnu/crti.o

.gnu.version_d  0x0000000000008578        0x0
 *(.gnu.version_d)
 .gnu.version_d
                0x0000000000000000        0x0 /usr/lib/gcc/x86_64-linux-gnu/4.6/../../../x86_64-linux-gnu/crti.o

.gnu.version_r  0x0000000000008578       0xc0
 *(.gnu.version_r)
 .gnu.version_r
                0x0000000000008578       0xc0 /usr/lib/gcc/x86_64-linux-gnu/4.6/../../../x86_64-linux-gnu/crti.o

.rela.dyn       0x0000000000008638     0x2070
 *(.rela.init)
 *(.rela.text .rela.text.* .rela.gnu.linkonce.t.*)
 .rela.text     0x0000000000000000        0x0 /usr/lib/gcc/x86_64-linux-gnu/4.6/../../../x86_64-linux-gnu/crti.o
 *(.rela.fini)
 *(.rela.rodata .rela.rodata.* .rela.gnu.linkonce.r.*)
 *(.rela.data .rela.data.* .rela.gnu.linkonce.d.*)
 .rela.data.rel
                0x0000000000008638       0x18 /usr/lib/gcc/x86_64-linux-gnu/4.6/../../../x86_64-linux-gnu/crti.o
 .rela.data.rel.ro._ZTI10BaseDevice
                0x0000000000008650       0x60 /usr/lib/gcc/x86_64-linux-gnu/4.6/../../../x86_64-linux-gnu/crti.o
 .rela.data.rel.ro._ZTV10BaseDevice
                0x00000000000086b0      0x240 /usr/lib/gcc/x86_64-linux-gnu/4.6/../../../x86_64-linux-gnu/crti.o
 .rela.data.rel.ro._ZTV13IValueChanged
                0x00000000000088f0       0x30 /usr/lib/gcc/x86_64-linux-gnu/4.6/../../../x86_64-linux-gnu/crti.o
 .rela.data.rel.ro._ZTV13IRefreshValue
                0x0000000000008920       0x30 /usr/lib/gcc/x86_64-linux-gnu/4.6/../../../x86_64-linux-gnu/crti.o
 .rela.data.rel.ro._ZTI13IRefreshValue
                0x0000000000008950       0x30 /usr/lib/gcc/x86_64-linux-gnu/4.6/../../../x86_64-linux-gnu/crti.o
 .rela.data.rel.ro._ZTI13IValueChanged
                0x0000000000008980       0x30 /usr/lib/gcc/x86_64-linux-gnu/4.6/../../../x86_64-linux-gnu/crti.o
 .rela.data.rel.ro._ZTV9ErrorItem
                0x00000000000089b0       0x48 /usr/lib/gcc/x86_64-linux-gnu/4.6/../../../x86_64-linux-gnu/crti.o
 .rela.data.rel.ro._ZTI9ErrorItem
                0x00000000000089f8       0x30 /usr/lib/gcc/x86_64-linux-gnu/4.6/../../../x86_64-linux-gnu/crti.o
 .rela.data.DW.ref.__gxx_personality_v0
                0x0000000000008a28       0x18 /usr/lib/gcc/x86_64-linux-gnu/4.6/../../../x86_64-linux-gnu/crti.o
 .rela.data.rel.ro._ZTI10BaseDriver
                0x0000000000008a40       0x48 /usr/lib/gcc/x86_64-linux-gnu/4.6/../../../x86_64-linux-gnu/crti.o
 .rela.data.rel.ro._ZTV10BaseDriver
                0x0000000000008a88      0x138 /usr/lib/gcc/x86_64-linux-gnu/4.6/../../../x86_64-linux-gnu/crti.o
 .rela.data.rel.ro._ZTV13DriverCommand
                0x0000000000008bc0       0x78 /usr/lib/gcc/x86_64-linux-gnu/4.6/../../../x86_64-linux-gnu/crti.o
 .rela.data.rel.ro._ZTI13DriverCommand
                0x0000000000008c38       0x30 /usr/lib/gcc/x86_64-linux-gnu/4.6/../../../x86_64-linux-gnu/crti.o
 .rela.data.rel.ro._ZTI7Command
                0x0000000000008c68       0x30 /usr/lib/gcc/x86_64-linux-gnu/4.6/../../../x86_64-linux-gnu/crti.o
 .rela.data.rel.ro._ZTV7Command
                0x0000000000008c98       0x60 /usr/lib/gcc/x86_64-linux-gnu/4.6/../../../x86_64-linux-gnu/crti.o
 .rela.data.rel.ro._ZTI13Configuration
                0x0000000000008cf8       0x30 /usr/lib/gcc/x86_64-linux-gnu/4.6/../../../x86_64-linux-gnu/crti.o
 .rela.data.rel.ro._ZTV13Configuration
                0x0000000000008d28       0x48 /usr/lib/gcc/x86_64-linux-gnu/4.6/../../../x86_64-linux-gnu/crti.o
 .rela.data.rel.ro._ZTI15ConnectionPoint
                0x0000000000008d70       0x30 /usr/lib/gcc/x86_64-linux-gnu/4.6/../../../x86_64-linux-gnu/crti.o
 .rela.data.rel.ro._ZTV15ConnectionPoint
                0x0000000000008da0       0xd8 /usr/lib/gcc/x86_64-linux-gnu/4.6/../../../x86_64-linux-gnu/crti.o
 .rela.data.rel.ro._ZTI24DataSerializationManager
                0x0000000000008e78       0x30 /usr/lib/gcc/x86_64-linux-gnu/4.6/../../../x86_64-linux-gnu/crti.o
 .rela.data.rel.ro._ZTV24DataSerializationManager
                0x0000000000008ea8       0x48 /usr/lib/gcc/x86_64-linux-gnu/4.6/../../../x86_64-linux-gnu/crti.o
 .rela.data.rel.ro._ZTI5Event
                0x0000000000008ef0       0x30 /usr/lib/gcc/x86_64-linux-gnu/4.6/../../../x86_64-linux-gnu/crti.o
 .rela.data.rel.ro._ZTV5Event
                0x0000000000008f20       0x60 /usr/lib/gcc/x86_64-linux-gnu/4.6/../../../x86_64-linux-gnu/crti.o
 .rela.data.rel.ro._ZTI17InConnectionPoint
                0x0000000000008f80       0x48 /usr/lib/gcc/x86_64-linux-gnu/4.6/../../../x86_64-linux-gnu/crti.o
 .rela.data.rel.ro._ZTV17InConnectionPoint
                0x0000000000008fc8       0xd8 /usr/lib/gcc/x86_64-linux-gnu/4.6/../../../x86_64-linux-gnu/crti.o
 .rela.data.rel.ro._ZTI8LogEntry
                0x00000000000090a0       0x30 /usr/lib/gcc/x86_64-linux-gnu/4.6/../../../x86_64-linux-gnu/crti.o
 .rela.data.rel.ro._ZTV8LogEntry
                0x00000000000090d0       0x48 /usr/lib/gcc/x86_64-linux-gnu/4.6/../../../x86_64-linux-gnu/crti.o
 .rela.data.rel.ro._ZTI18OutConnectionPoint
                0x0000000000009118       0x48 /usr/lib/gcc/x86_64-linux-gnu/4.6/../../../x86_64-linux-gnu/crti.o
 .rela.data.rel.ro._ZTV18OutConnectionPoint
                0x0000000000009160       0xd8 /usr/lib/gcc/x86_64-linux-gnu/4.6/../../../x86_64-linux-gnu/crti.o
 .rela.data.rel.ro._ZTI6Pinout
                0x0000000000009238       0x30 /usr/lib/gcc/x86_64-linux-gnu/4.6/../../../x86_64-linux-gnu/crti.o
 .rela.data.rel.ro._ZTV6Pinout
                0x0000000000009268       0x48 /usr/lib/gcc/x86_64-linux-gnu/4.6/../../../x86_64-linux-gnu/crti.o
 .rela.data.rel.ro._ZTI7Process
                0x00000000000092b0       0x48 /usr/lib/gcc/x86_64-linux-gnu/4.6/../../../x86_64-linux-gnu/crti.o
 .rela.data.rel.ro._ZTV7Process
                0x00000000000092f8       0x78 /usr/lib/gcc/x86_64-linux-gnu/4.6/../../../x86_64-linux-gnu/crti.o
 .rela.data.rel.ro._ZTV13IErrorHandler
                0x0000000000009370       0x30 /usr/lib/gcc/x86_64-linux-gnu/4.6/../../../x86_64-linux-gnu/crti.o
 .rela.data.rel.ro._ZTI13IErrorHandler
                0x00000000000093a0       0x30 /usr/lib/gcc/x86_64-linux-gnu/4.6/../../../x86_64-linux-gnu/crti.o
 .rela.data.rel.ro._ZTI7Program
                0x00000000000093d0       0x30 /usr/lib/gcc/x86_64-linux-gnu/4.6/../../../x86_64-linux-gnu/crti.o
 .rela.data.rel.ro._ZTV7Program
                0x0000000000009400       0x48 /usr/lib/gcc/x86_64-linux-gnu/4.6/../../../x86_64-linux-gnu/crti.o
 .rela.data.rel.ro._ZTI4Wire
                0x0000000000009448       0x60 /usr/lib/gcc/x86_64-linux-gnu/4.6/../../../x86_64-linux-gnu/crti.o
 .rela.data.rel.ro._ZTV4Wire
                0x00000000000094a8       0xa8 /usr/lib/gcc/x86_64-linux-gnu/4.6/../../../x86_64-linux-gnu/crti.o
 .rela.data.rel.ro._ZTI15BaseLogProvider
                0x0000000000009550       0x30 /usr/lib/gcc/x86_64-linux-gnu/4.6/../../../x86_64-linux-gnu/crti.o
 .rela.data.rel.ro._ZTV15BaseLogProvider
                0x0000000000009580      0x138 /usr/lib/gcc/x86_64-linux-gnu/4.6/../../../x86_64-linux-gnu/crti.o
 .rela.data.rel.ro._ZTI11EventLogger
                0x00000000000096b8       0x30 /usr/lib/gcc/x86_64-linux-gnu/4.6/../../../x86_64-linux-gnu/crti.o
 .rela.data.rel.ro._ZTV11EventLogger
                0x00000000000096e8      0x108 /usr/lib/gcc/x86_64-linux-gnu/4.6/../../../x86_64-linux-gnu/crti.o
 .rela.data.rel.ro._ZTI15JsonLogProvider
                0x00000000000097f0       0x48 /usr/lib/gcc/x86_64-linux-gnu/4.6/../../../x86_64-linux-gnu/crti.o
 .rela.data.rel.ro._ZTV15JsonLogProvider
                0x0000000000009838      0x138 /usr/lib/gcc/x86_64-linux-gnu/4.6/../../../x86_64-linux-gnu/crti.o
 .rela.data.rel.ro._ZTI14SysLogProvider
                0x0000000000009970       0x48 /usr/lib/gcc/x86_64-linux-gnu/4.6/../../../x86_64-linux-gnu/crti.o
 .rela.data.rel.ro._ZTV14SysLogProvider
                0x00000000000099b8      0x150 /usr/lib/gcc/x86_64-linux-gnu/4.6/../../../x86_64-linux-gnu/crti.o
 *(.rela.tdata .rela.tdata.* .rela.gnu.linkonce.td.*)
 *(.rela.tbss .rela.tbss.* .rela.gnu.linkonce.tb.*)
 *(.rela.ctors)
 .rela.ctors    0x0000000000009b08      0x1c8 /usr/lib/gcc/x86_64-linux-gnu/4.6/../../../x86_64-linux-gnu/crti.o
 *(.rela.dtors)
 *(.rela.got)
 .rela.got      0x0000000000009cd0      0x9d8 /usr/lib/gcc/x86_64-linux-gnu/4.6/../../../x86_64-linux-gnu/crti.o
 *(.rela.bss .rela.bss.* .rela.gnu.linkonce.b.*)
 *(.rela.ldata .rela.ldata.* .rela.gnu.linkonce.l.*)
 *(.rela.lbss .rela.lbss.* .rela.gnu.linkonce.lb.*)
 *(.rela.lrodata .rela.lrodata.* .rela.gnu.linkonce.lr.*)
 *(.rela.ifunc)
 .rela.ifunc    0x0000000000000000        0x0 /usr/lib/gcc/x86_64-linux-gnu/4.6/../../../x86_64-linux-gnu/crti.o
 .rela.eh_frame
                0x0000000000000000        0x0 /usr/lib/gcc/x86_64-linux-gnu/4.6/../../../x86_64-linux-gnu/crti.o

.rela.plt       0x000000000000a6a8      0xf48
 *(.rela.plt)
 .rela.plt      0x000000000000a6a8      0xf48 /usr/lib/gcc/x86_64-linux-gnu/4.6/../../../x86_64-linux-gnu/crti.o
 *(.rela.iplt)

.init           0x000000000000b5f0       0x18
 *(.init)
 .init          0x000000000000b5f0        0x9 /usr/lib/gcc/x86_64-linux-gnu/4.6/../../../x86_64-linux-gnu/crti.o
                0x000000000000b5f0                _init
 .init          0x000000000000b5f9        0x5 /usr/lib/gcc/x86_64-linux-gnu/4.6/crtbeginS.o
 .init          0x000000000000b5fe        0x5 /usr/lib/gcc/x86_64-linux-gnu/4.6/crtendS.o
 .init          0x000000000000b603        0x5 /usr/lib/gcc/x86_64-linux-gnu/4.6/../../../x86_64-linux-gnu/crtn.o

.plt            0x000000000000b610      0xa40
 *(.plt)
 .plt           0x000000000000b610      0xa40 /usr/lib/gcc/x86_64-linux-gnu/4.6/../../../x86_64-linux-gnu/crti.o
 *(.iplt)

.text           0x000000000000c050    0x148b8
 *(.text.unlikely .text.*_unlikely)
 *(.text.exit .text.exit.*)
 *(.text.startup .text.startup.*)
 .text.startup  0x000000000000c050       0x2e ./BaseDevice.o
 *fill*         0x000000000000c07e        0x2 90909090
 .text.startup  0x000000000000c080       0x2e ./BaseDriver.o
 *fill*         0x000000000000c0ae        0x2 90909090
 .text.startup  0x000000000000c0b0       0x2e ./Command.o
 *fill*         0x000000000000c0de        0x2 90909090
 .text.startup  0x000000000000c0e0       0x2e ./Configuration.o
 *fill*         0x000000000000c10e        0x2 90909090
 .text.startup  0x000000000000c110       0x2e ./ConnectionPoint.o
 *fill*         0x000000000000c13e        0x2 90909090
 .text.startup  0x000000000000c140       0x2e ./Convert.o
 *fill*         0x000000000000c16e        0x2 90909090
 .text.startup  0x000000000000c170       0x2e ./DataSerializationManager.o
 *fill*         0x000000000000c19e        0x2 90909090
 .text.startup  0x000000000000c1a0       0x2e ./Event.o
 *fill*         0x000000000000c1ce        0x2 90909090
 .text.startup  0x000000000000c1d0       0x2e ./InConnectionPoint.o
 *fill*         0x000000000000c1fe        0x2 90909090
 .text.startup  0x000000000000c200      0xab1 ./JsonParameters.o
 *fill*         0x000000000000ccb1        0xf 90909090
 .text.startup  0x000000000000ccc0       0x2e ./LogEntry.o
 *fill*         0x000000000000ccee        0x2 90909090
 .text.startup  0x000000000000ccf0       0x2e ./OutConnectionPoint.o
 *fill*         0x000000000000cd1e        0x2 90909090
 .text.startup  0x000000000000cd20       0x2e ./Pinout.o
 *fill*         0x000000000000cd4e        0x2 90909090
 .text.startup  0x000000000000cd50       0x2e ./Process.o
 *fill*         0x000000000000cd7e        0x2 90909090
 .text.startup  0x000000000000cd80       0x2e ./Program.o
 *fill*         0x000000000000cdae        0x2 90909090
 .text.startup  0x000000000000cdb0       0x2e ./Wire.o
 *fill*         0x000000000000cdde        0x2 90909090
 .text.startup  0x000000000000cde0       0x2e ./Logging/EventLogger.o
 *fill*         0x000000000000ce0e        0x2 90909090
 .text.startup  0x000000000000ce10       0x2e ./Logging/JsonLogProvider.o
 *fill*         0x000000000000ce3e        0x2 90909090
 .text.startup  0x000000000000ce40       0x2e ./Logging/SysLogProvider.o
 *(.text.hot .text.hot.*)
 *(.text .stub .text.* .gnu.linkonce.t.*)
 *fill*         0x000000000000ce6e        0x2 90909090
 .text          0x000000000000ce70       0x17 /usr/lib/gcc/x86_64-linux-gnu/4.6/../../../x86_64-linux-gnu/crti.o
 *fill*         0x000000000000ce87        0x9 90909090
 .text          0x000000000000ce90       0xaa /usr/lib/gcc/x86_64-linux-gnu/4.6/crtbeginS.o
 *fill*         0x000000000000cf3a        0x6 90909090
 .text          0x000000000000cf40     0x2d17 ./BaseDevice.o
                0x000000000000cf40                _ZN10BaseDevice4NameEv
                0x000000000000cf50                _ZN10BaseDevice11DescriptionEv
                0x000000000000cf60                _ZN10BaseDevice9GroupNameEv
                0x000000000000cf70                _ZN10BaseDevice12SetParameterESsPv
                0x000000000000cf80                _ZN10BaseDevice14ExecuteCommandE7Command
                0x000000000000cf90                _ZN10BaseDevice14EventTriggeredESt4listI14EventParameterSaIS1_EE
                0x000000000000cfa0                _ZN10BaseDevice16ReleaseResourcesEv
                0x000000000000cfb0                _ZN10BaseDevice7OnErrorEP9ErrorItem
                0x000000000000cff0                _ZN10BaseDevice20RegisterErrorHandlerEP13IErrorHandler
                0x000000000000d010                _ZN10BaseDevice24InitializeFromDescriptorESt4listI8PropertySaIS1_EE
                0x000000000000d020                _ZN10BaseDevice7OnErrorEi
                0x000000000000d070                _ZN10BaseDevice17WidgetInitializedEv
                0x000000000000d100                _ZN10BaseDevice12GetParameterESs
                0x000000000000d190                _ZN10BaseDeviceD1Ev
                0x000000000000d190                _ZN10BaseDeviceD2Ev
                0x000000000000d3b0                _ZN10BaseDeviceD0Ev
                0x000000000000d3d0                _ZN10BaseDeviceC2Ev
                0x000000000000d3d0                _ZN10BaseDeviceC1Ev
                0x000000000000d4b0                _ZN10BaseDevice2IdEv
                0x000000000000d4c0                _ZN10BaseDevice5SetIdEi
                0x000000000000d4d0                _ZN10BaseDevice7SetNameESs
                0x000000000000d4e0                _ZN10BaseDevice11SetIsCustomEb
                0x000000000000d4f0                _ZN10BaseDevice11GetIsCustomEv
                0x000000000000d500                _ZN10BaseDevice13SetIsUpdatingEb
                0x000000000000d510                _ZN10BaseDevice13GetIsUpdatingEv
                0x000000000000d520                _ZN10BaseDevice13IsInitializedEv
                0x000000000000d530                _ZThn8_N10BaseDevice7RefreshEPv
                0x000000000000d540                _ZN10BaseDevice7RefreshEPv
                0x000000000000d640                _ZN10BaseDevice20InputPinValueChangedEPv
                0x000000000000d770                _ZN10BaseDevice7PinoutsEv
                0x000000000000d780                _ZN10BaseDevice16ConnectionPointsEv
                0x000000000000d800                _ZN10BaseDevice18GetConnectionPointEi
                0x000000000000d850                _ZN10BaseDevice20AreAllINsInitializedEv
                0x000000000000d8b0                _ZN10BaseDevice17AddCustomPropertyEP15DeviceParameter
                0x000000000000d910                _ZN10BaseDevice6ToJsonEv
 *fill*         0x000000000000fc57        0x9 90909090
 .text._ZN9ErrorItemD2Ev
                0x000000000000fc60       0x22 ./BaseDevice.o
                0x000000000000fc60                _ZN9ErrorItemD1Ev
                0x000000000000fc60                _ZN9ErrorItemD2Ev
 *fill*         0x000000000000fc82        0xe 90909090
 .text._ZN9ErrorItemD0Ev
                0x000000000000fc90       0x2a ./BaseDevice.o
                0x000000000000fc90                _ZN9ErrorItemD0Ev
 *fill*         0x000000000000fcba        0x6 90909090
 .text._ZStplIcSt11char_traitsIcESaIcEESbIT_T0_T1_EPKS3_RKS6_
                0x000000000000fcc0       0x95 ./BaseDevice.o
                0x000000000000fcc0                _ZStplIcSt11char_traitsIcESaIcEESbIT_T0_T1_EPKS3_RKS6_
 *fill*         0x000000000000fd55        0xb 90909090
 .text._ZStplIcSt11char_traitsIcESaIcEESbIT_T0_T1_ERKS6_S8_
                0x000000000000fd60       0x49 ./BaseDevice.o
                0x000000000000fd60                _ZStplIcSt11char_traitsIcESaIcEESbIT_T0_T1_ERKS6_S8_
 *fill*         0x000000000000fda9        0x7 90909090
 .text          0x000000000000fdb0      0xc3a ./BaseDriver.o
                0x000000000000fdb0                _ZN10BaseDriverD2Ev
                0x000000000000fdb0                _ZN10BaseDriverD1Ev
                0x000000000000fec0                _ZN10BaseDriverD0Ev
                0x000000000000fee0                _ZN10BaseDriverC1Ev
                0x000000000000fee0                _ZN10BaseDriverC2Ev
                0x000000000000ff50                _ZN10BaseDriver6ToJsonEv
 *fill*         0x00000000000109ea        0x6 90909090
 .text._ZN13DriverCommandD2Ev
                0x00000000000109f0        0xf ./BaseDriver.o
                0x00000000000109f0                _ZN13DriverCommandD1Ev
                0x00000000000109f0                _ZN13DriverCommandD2Ev
 *fill*         0x00000000000109ff        0x1 90909090
 .text._ZN13DriverCommandD0Ev
                0x0000000000010a00       0x13 ./BaseDriver.o
                0x0000000000010a00                _ZN13DriverCommandD0Ev
 *fill*         0x0000000000010a13        0xd 90909090
 .text          0x0000000000010a20     0x1e26 ./Command.o
                0x0000000000010a20                _ZN7CommandD2Ev
                0x0000000000010a20                _ZN7CommandD1Ev
                0x0000000000010af0                _ZN7CommandD0Ev
                0x0000000000010b10                _ZN7CommandC1Ev
                0x0000000000010b10                _ZN7CommandC2Ev
                0x0000000000010b90                _ZN7CommandC2ESs
                0x0000000000010b90                _ZN7CommandC1ESs
                0x0000000000010c10                _ZN7CommandC1ESsPSt4listIP16CommandParameterSaIS2_EE
                0x0000000000010c10                _ZN7CommandC2ESsPSt4listIP16CommandParameterSaIS2_EE
                0x0000000000010c80                _ZN7Command12GetParameterESs
                0x0000000000010d50                _ZN7Command4NameEv
                0x0000000000010d70                _ZN7Command10ParametersEv
                0x0000000000010d80                _ZN7Command12AddParameterEP16CommandParameter
                0x0000000000010dd0                _ZN7Command5CloneEv
                0x00000000000110a0                _ZN7Command6ToJsonEv
 *fill*         0x0000000000012846        0xa 90909090
 .text          0x0000000000012850     0x1a97 ./Configuration.o
                0x0000000000012850                _ZN13ConfigurationC2Ev
                0x0000000000012850                _ZN13ConfigurationC1Ev
                0x0000000000012890                _ZN13Configuration8InstanceEv
                0x00000000000128f0                _ZN13Configuration26GetSettingsJsonDescriptionEv
                0x0000000000013000                _ZN13Configuration16SaveToConfigFileEv
                0x00000000000135f0                _ZN13ConfigurationD2Ev
                0x00000000000135f0                _ZN13ConfigurationD1Ev
                0x0000000000013610                _ZN13ConfigurationD0Ev
                0x0000000000013630                _ZN13Configuration8SetParamEPKcS1_
                0x0000000000013980                _ZN13Configuration10InitializeEPKcPFvSsE
                0x0000000000013ba0                _ZN13Configuration12SaveSettingsESt3mapISsSsSt4lessISsESaISt4pairIKSsSsEEE
                0x0000000000013f10                _ZN13Configuration14GetStringParamESs
                0x00000000000141f0                _ZN13Configuration11GetIntParamESs
 *fill*         0x00000000000142e7        0x9 90909090
 .text._ZNSt8_Rb_treeISsSt4pairIKSsSsESt10_Select1stIS2_ESt4lessISsESaIS2_EE8_M_eraseEPSt13_Rb_tree_nodeIS2_E
                0x00000000000142f0       0xc3 ./Configuration.o
                0x00000000000142f0                _ZNSt8_Rb_treeISsSt4pairIKSsSsESt10_Select1stIS2_ESt4lessISsESaIS2_EE8_M_eraseEPSt13_Rb_tree_nodeIS2_E
 *fill*         0x00000000000143b3        0xd 90909090
 .text._ZNSt8_Rb_treeISsSt4pairIKSsSsESt10_Select1stIS2_ESt4lessISsESaIS2_EE10_M_insert_EPKSt18_Rb_tree_node_baseSB_RKS2_
                0x00000000000143c0      0x13d ./Configuration.o
                0x00000000000143c0                _ZNSt8_Rb_treeISsSt4pairIKSsSsESt10_Select1stIS2_ESt4lessISsESaIS2_EE10_M_insert_EPKSt18_Rb_tree_node_baseSB_RKS2_
 *fill*         0x00000000000144fd        0x3 90909090
 .text._ZNSt8_Rb_treeISsSt4pairIKSsSsESt10_Select1stIS2_ESt4lessISsESaIS2_EE16_M_insert_uniqueERKS2_
                0x0000000000014500      0x15c ./Configuration.o
                0x0000000000014500                _ZNSt8_Rb_treeISsSt4pairIKSsSsESt10_Select1stIS2_ESt4lessISsESaIS2_EE16_M_insert_uniqueERKS2_
 *fill*         0x000000000001465c        0x4 90909090
 .text._ZNSt8_Rb_treeISsSt4pairIKSsSsESt10_Select1stIS2_ESt4lessISsESaIS2_EE17_M_insert_unique_ESt23_Rb_tree_const_iteratorIS2_ERKS2_
                0x0000000000014660      0x2c8 ./Configuration.o
                0x0000000000014660                _ZNSt8_Rb_treeISsSt4pairIKSsSsESt10_Select1stIS2_ESt4lessISsESaIS2_EE17_M_insert_unique_ESt23_Rb_tree_const_iteratorIS2_ERKS2_
 *fill*         0x0000000000014928        0x8 90909090
 .text          0x0000000000014930      0xd13 ./ConnectionPoint.o
                0x0000000000014930                _ZN15ConnectionPoint8SetValueEPv
                0x0000000000014940                _ZN15ConnectionPoint27RegisterValueChangedHandlerEP13IValueChanged
                0x0000000000014950                _ZN15ConnectionPoint19TriggerValueChangedEv
                0x0000000000014960                _ZN15ConnectionPoint22RegisterRefreshHandlerEP13IRefreshValue
                0x0000000000014970                _ZN15ConnectionPoint7RefreshEv
                0x0000000000014980                _ZN15ConnectionPointD2Ev
                0x0000000000014980                _ZN15ConnectionPointD1Ev
                0x0000000000014a30                _ZN15ConnectionPointD0Ev
                0x0000000000014a50                _ZN15ConnectionPointC2EiSs15PinoutDirectionSsSsPv
                0x0000000000014a50                _ZN15ConnectionPointC1EiSs15PinoutDirectionSsSsPv
                0x0000000000014b80                _ZN15ConnectionPointC1EiSs15PinoutDirectionSs16AgilartDataTypesPv
                0x0000000000014b80                _ZN15ConnectionPointC2EiSs15PinoutDirectionSs16AgilartDataTypesPv
                0x0000000000014c50                _ZN15ConnectionPoint5CloneEv
                0x0000000000014d60                _ZN15ConnectionPoint4NameEv
                0x0000000000014d80                _ZN15ConnectionPoint2IdEv
                0x0000000000014d90                _ZN15ConnectionPoint8DataTypeEv
                0x0000000000014da0                _ZN15ConnectionPoint13IsInitializedEv
                0x0000000000014db0                _ZN15ConnectionPoint12IsCalculatedEv
                0x0000000000014dc0                _ZN15ConnectionPoint26ConnectionPointInitializedEv
                0x0000000000014dd0                _ZN15ConnectionPoint11SetDataTypeE16AgilartDataTypes
                0x0000000000014de0                _ZN15ConnectionPoint16SetIsInitializedEb
                0x0000000000014df0                _ZN15ConnectionPoint15SetIsCalculatedEb
                0x0000000000014e00                _ZN15ConnectionPoint9DirectionEv
                0x0000000000014e10                _ZN15ConnectionPoint11DescriptionEv
                0x0000000000014e30                _ZN15ConnectionPoint5ValueEv
                0x0000000000014e40                _ZN15ConnectionPoint8GetStateEv
                0x0000000000014e50                _ZN15ConnectionPoint8SetStateE8PinState
                0x0000000000014e60                _ZN15ConnectionPoint6ToJsonEv
 *fill*         0x0000000000015643        0xd 90909090
 .text          0x0000000000015650      0xb86 ./Convert.o
                0x0000000000015650                _ZN7Convert6ToTypeESs
                0x0000000000015710                _ZN7Convert18SupportsConversionE16AgilartDataTypesS0_
                0x0000000000015720                _ZN7Convert8ToStringEPv16AgilartDataTypes
                0x00000000000159e0                _ZN7Convert8ToDoubleEPv16AgilartDataTypes
                0x0000000000015b60                _ZN7Convert7ToFloatEPv16AgilartDataTypes
                0x0000000000015ca0                _ZN7Convert5ToIntEPv16AgilartDataTypes
                0x0000000000015de0                _ZN7Convert6ToBoolEPv16AgilartDataTypes
                0x0000000000015f10                _ZN7Convert8AreEqualEPvS0_16AgilartDataTypes
                0x0000000000016040                _ZN7Convert14ToTypeInstanceEPv16AgilartDataTypesS1_
                0x0000000000016160                _ZN7Convert11GetBaseTypeE16AgilartDataTypesS0_
 *fill*         0x00000000000161d6        0xa 90909090
 .text          0x00000000000161e0      0x766 ./DataSerializationManager.o
                0x00000000000161e0                _ZN24DataSerializationManagerD2Ev
                0x00000000000161e0                _ZN24DataSerializationManagerD1Ev
                0x00000000000161f0                _ZN24DataSerializationManagerD0Ev
                0x0000000000016210                _ZN24DataSerializationManagerC1Ev
                0x0000000000016210                _ZN24DataSerializationManagerC2Ev
                0x0000000000016220                _ZN24DataSerializationManager10FileExistsEPKc
                0x0000000000016250                _ZN24DataSerializationManager4SaveESsSs
                0x0000000000016560                _ZN24DataSerializationManager6DeleteESs
                0x0000000000016570                _ZN24DataSerializationManager4LoadESs
 *fill*         0x0000000000016946        0xa 90909090
 .text          0x0000000000016950     0x1ce6 ./Event.o
                0x0000000000016950                _ZN5EventD2Ev
                0x0000000000016950                _ZN5EventD1Ev
                0x00000000000169e0                _ZN5EventD0Ev
                0x0000000000016a00                _ZN5EventC1Ev
                0x0000000000016a00                _ZN5EventC2Ev
                0x0000000000016a80                _ZN5EventC1ESs
                0x0000000000016a80                _ZN5EventC2ESs
                0x0000000000016b00                _ZN5EventC2ESsPSt4listI14EventParameterSaIS1_EE
                0x0000000000016b00                _ZN5EventC1ESsPSt4listI14EventParameterSaIS1_EE
                0x0000000000016b70                _ZN5EventC1ERKS_
                0x0000000000016b70                _ZN5EventC2ERKS_
                0x0000000000016c60                _ZN5Event4NameEv
                0x0000000000016c80                _ZN5Event10ParametersEv
                0x0000000000016c90                _ZN5Event12AddParameterE14EventParameter
                0x0000000000016cf0                _ZN5Event12GetParameterESs
                0x0000000000016d70                _ZN5Event5CloneEv
                0x0000000000016e80                _ZN5Event6ToJsonEv
 *fill*         0x0000000000018636        0xa 90909090
 .text          0x0000000000018640      0x68e ./InConnectionPoint.o
                0x0000000000018640                _ZN17InConnectionPoint27RegisterValueChangedHandlerEP13IValueChanged
                0x0000000000018660                _ZN17InConnectionPoint19TriggerValueChangedEv
                0x0000000000018690                _ZN17InConnectionPoint22RegisterRefreshHandlerEP13IRefreshValue
                0x00000000000186b0                _ZN17InConnectionPoint7RefreshEv
                0x00000000000186e0                _ZN17InConnectionPointD1Ev
                0x00000000000186e0                _ZN17InConnectionPointD2Ev
                0x0000000000018700                _ZN17InConnectionPointD0Ev
                0x0000000000018720                _ZN17InConnectionPoint8SetValueEPv
                0x0000000000018790                _ZN17InConnectionPointC2EiSsSsSsPv
                0x0000000000018790                _ZN17InConnectionPointC1EiSsSsSsPv
                0x0000000000018950                _ZN17InConnectionPointC2EiSsSs16AgilartDataTypesPv
                0x0000000000018950                _ZN17InConnectionPointC1EiSsSs16AgilartDataTypesPv
                0x0000000000018aa0                _ZN17InConnectionPoint5CloneEv
 *fill*         0x0000000000018cce        0x2 90909090
 .text          0x0000000000018cd0        0x0 ./JsonParameters.o
 .text          0x0000000000018cd0      0x1e2 ./LogEntry.o
                0x0000000000018cd0                _ZN8LogEntryD2Ev
                0x0000000000018cd0                _ZN8LogEntryD1Ev
                0x0000000000018d80                _ZN8LogEntryD0Ev
                0x0000000000018da0                _ZN8LogEntryC1EiSsSs
                0x0000000000018da0                _ZN8LogEntryC2EiSsSs
                0x0000000000018e40                _ZN8LogEntry9ProcessIdEv
                0x0000000000018e50                _ZN8LogEntry5LevelEv
                0x0000000000018e70                _ZN8LogEntry7MessageEv
                0x0000000000018e90                _ZN8LogEntry6ToJsonEv
 *fill*         0x0000000000018eb2        0xe 90909090
 .text          0x0000000000018ec0      0x65b ./OutConnectionPoint.o
                0x0000000000018ec0                _ZN18OutConnectionPoint27RegisterValueChangedHandlerEP13IValueChanged
                0x0000000000018ee0                _ZN18OutConnectionPoint19TriggerValueChangedEv
                0x0000000000018f10                _ZN18OutConnectionPoint22RegisterRefreshHandlerEP13IRefreshValue
                0x0000000000018f30                _ZN18OutConnectionPoint7RefreshEv
                0x0000000000018f60                _ZN18OutConnectionPointD1Ev
                0x0000000000018f60                _ZN18OutConnectionPointD2Ev
                0x0000000000018f80                _ZN18OutConnectionPointD0Ev
                0x0000000000018fa0                _ZN18OutConnectionPoint8SetValueEPv
                0x0000000000019010                _ZN18OutConnectionPointC2EiSsSsSsPv
                0x0000000000019010                _ZN18OutConnectionPointC1EiSsSsSsPv
                0x00000000000191d0                _ZN18OutConnectionPointC2EiSsSs16AgilartDataTypesPv
                0x00000000000191d0                _ZN18OutConnectionPointC1EiSsSs16AgilartDataTypesPv
                0x0000000000019320                _ZN18OutConnectionPoint5CloneEv
 *fill*         0x000000000001951b        0x5 90909090
 .text          0x0000000000019520     0x171b ./Pinout.o
                0x0000000000019520                _ZN6PinoutD1Ev
                0x0000000000019520                _ZN6PinoutD2Ev
                0x0000000000019660                _ZN6PinoutD0Ev
                0x0000000000019680                _ZN6PinoutC2Ev
                0x0000000000019680                _ZN6PinoutC1Ev
                0x0000000000019700                _ZN6PinoutC1ERKS_
                0x0000000000019700                _ZN6PinoutC2ERKS_
                0x00000000000197a0                _ZN6PinoutC2EiSsSsPSt4listI7CommandSaIS1_EEPS0_I5EventSaIS5_EE
                0x00000000000197a0                _ZN6PinoutC1EiSsSsPSt4listI7CommandSaIS1_EEPS0_I5EventSaIS5_EE
                0x0000000000019860                _ZN6Pinout2IdEv
                0x0000000000019870                _ZN6Pinout4NameEv
                0x0000000000019890                _ZN6Pinout11DescriptionEv
                0x00000000000198b0                _ZN6Pinout14ExecuteCommandE7Command
                0x0000000000019b90                _ZN6Pinout14EventTriggeredEPvSt4listI14EventParameterSaIS2_EE
                0x0000000000019ca0                _ZN6Pinout16SupportedComandsEv
                0x000000000001a020                _ZN6Pinout14SuportedEventsEv
                0x000000000001a0e0                _ZN6Pinout6ToJsonEv
 *fill*         0x000000000001ac3b        0x5 90909090
 .text          0x000000000001ac40     0x26f7 ./Process.o
                0x000000000001ac40                _ZN7Process20RegisterErrorHandlerEP13IErrorHandler
                0x000000000001ac60                _ZN7Process11HandleErrorEPvP9ErrorItem
                0x000000000001acd0                _ZN7ProcessD2Ev
                0x000000000001acd0                _ZN7ProcessD1Ev
                0x000000000001adf0                _ZN7ProcessD0Ev
                0x000000000001ae10                _ZN7ProcessC1Ev
                0x000000000001ae10                _ZN7ProcessC2Ev
                0x000000000001ae40                _ZN7ProcessC1Ei
                0x000000000001ae40                _ZN7ProcessC2Ei
                0x000000000001ae60                _ZN7Process5StartEP7Program
                0x000000000001af70                _ZN7Process4StopEv
                0x000000000001afb0                _ZN7Process10GetProgramEv
                0x000000000001afc0                _ZN7Process8GetStateEv
                0x000000000001afd0                _ZN7Process2IdEv
                0x000000000001afe0                _ZN7Process9GetStatusESs
 *fill*         0x000000000001d337        0x9 90909090
 .text._ZN15DeviceParameterD2Ev
                0x000000000001d340      0x127 ./Process.o
                0x000000000001d340                _ZN15DeviceParameterD2Ev
                0x000000000001d340                _ZN15DeviceParameterD1Ev
 *fill*         0x000000000001d467        0x9 90909090
 .text._ZNSt4listIP15ConnectionPointSaIS1_EED2Ev
                0x000000000001d470       0x2f ./Process.o
                0x000000000001d470                _ZNSt4listIP15ConnectionPointSaIS1_EED2Ev
                0x000000000001d470                _ZNSt4listIP15ConnectionPointSaIS1_EED1Ev
 *fill*         0x000000000001d49f        0x1 90909090
 .text._ZNSt4listIP15ConnectionPointSaIS1_EEaSERKS3_
                0x000000000001d4a0      0x12c ./Process.o
                0x000000000001d4a0                _ZNSt4listIP15ConnectionPointSaIS1_EEaSERKS3_
 *fill*         0x000000000001d5cc        0x4 90909090
 .text          0x000000000001d5d0      0x495 ./Program.o
                0x000000000001d5d0                _ZN7ProgramD2Ev
                0x000000000001d5d0                _ZN7ProgramD1Ev
                0x000000000001d770                _ZN7ProgramD0Ev
                0x000000000001d790                _ZN7ProgramC1Ev
                0x000000000001d790                _ZN7ProgramC2Ev
                0x000000000001d810                _ZN7ProgramC1EiSsSs
                0x000000000001d810                _ZN7ProgramC2EiSsSs
                0x000000000001d900                _ZN7Program2IdEv
                0x000000000001d910                _ZN7Program4NameEv
                0x000000000001d930                _ZN7Program11DescriptionEv
                0x000000000001d950                _ZN7Program7DevicesEv
                0x000000000001d960                _ZN7Program9AddDeviceEP10BaseDevice
                0x000000000001d9b0                _ZN7Program9GetDeviceEi
                0x000000000001da00                _ZN7Program5WiresEv
                0x000000000001da10                _ZN7Program7AddWireEP4Wire
                0x000000000001da60                _ZN7Program9PowerWireEv
 *fill*         0x000000000001da65        0xb 90909090
 .text          0x000000000001da70      0x4bb ./Wire.o
                0x000000000001da70                _ZN4WireD2Ev
                0x000000000001da70                _ZN4WireD1Ev
                0x000000000001db00                _ZN4WireD0Ev
                0x000000000001db20                _ZN4WireC1Ev
                0x000000000001db20                _ZN4WireC2Ev
                0x000000000001db60                _ZN4Wire16ConnectionPointsEv
                0x000000000001db70                _ZN4Wire6AttachEP15ConnectionPoint
                0x000000000001dc20                _ZN4Wire6DetachEP15ConnectionPoint
                0x000000000001dcf0                _ZN4Wire8SetValueEPv16AgilartDataTypes
                0x000000000001dd80                _ZThn8_N4Wire7RefreshEPv
                0x000000000001dd90                _ZN4Wire7RefreshEPv
                0x000000000001de40                _ZN4Wire20InputPinValueChangedEPv
                0x000000000001dec0                _ZN4Wire5CloneEv
 *fill*         0x000000000001df2b        0x5 90909090
 .text          0x000000000001df30       0x3f ./Logging/BaseLogProvider.o
                0x000000000001df30                _ZN15BaseLogProviderD1Ev
                0x000000000001df30                _ZN15BaseLogProviderD2Ev
                0x000000000001df40                _ZN15BaseLogProviderD0Ev
                0x000000000001df60                _ZN15BaseLogProviderC2Ev
                0x000000000001df60                _ZN15BaseLogProviderC1Ev
 *fill*         0x000000000001df6f        0x1 90909090
 .text          0x000000000001df70      0xfc9 ./Logging/EventLogger.o
                0x000000000001df70                _ZN11EventLogger16WriteInformationEPKc
                0x000000000001dfb0                _ZN11EventLogger11WriteNoticeEPKc
                0x000000000001dff0                _ZN11EventLogger12WriteWarningEPKc
                0x000000000001e030                _ZN11EventLogger13WriteCriticalEPKc
                0x000000000001e070                _ZN11EventLogger10WriteErrorEPKc
                0x000000000001e0b0                _ZN11EventLogger14WriteEmergencyEPKc
                0x000000000001e0f0                _ZN11EventLogger10WriteAlertEPKc
                0x000000000001e130                _ZN11EventLogger10WriteDebugEPKc
                0x000000000001e170                _ZN11EventLogger8RegisterEPv
                0x000000000001e1c0                _ZN11EventLogger10UnregisterEv
                0x000000000001e200                _ZN11EventLogger6ToJsonEv
                0x000000000001e240                _ZN11EventLogger12WriteVerboseEPKcz
                0x000000000001e360                _ZN11EventLoggerD1Ev
                0x000000000001e360                _ZN11EventLoggerD2Ev
                0x000000000001e420                _ZN11EventLoggerD0Ev
                0x000000000001e440                _ZN11EventLogger15GetErrorMessageEi
                0x000000000001e5f0                _ZN11EventLoggerC2Ev
                0x000000000001e5f0                _ZN11EventLoggerC1Ev
                0x000000000001ee70                _ZN11EventLogger8InstanceEv
 *fill*         0x000000000001ef39        0x7 90909090
 .text._ZNSt8_Rb_treeIiSt4pairIKiSsESt10_Select1stIS2_ESt4lessIiESaIS2_EE8_M_eraseEPSt13_Rb_tree_nodeIS2_E
                0x000000000001ef40       0x87 ./Logging/EventLogger.o
                0x000000000001ef40                _ZNSt8_Rb_treeIiSt4pairIKiSsESt10_Select1stIS2_ESt4lessIiESaIS2_EE8_M_eraseEPSt13_Rb_tree_nodeIS2_E
 *fill*         0x000000000001efc7        0x9 90909090
 .text._ZNSt8_Rb_treeIiSt4pairIKiSsESt10_Select1stIS2_ESt4lessIiESaIS2_EE10_M_insert_EPKSt18_Rb_tree_node_baseSB_RKS2_
                0x000000000001efd0       0xc9 ./Logging/EventLogger.o
                0x000000000001efd0                _ZNSt8_Rb_treeIiSt4pairIKiSsESt10_Select1stIS2_ESt4lessIiESaIS2_EE10_M_insert_EPKSt18_Rb_tree_node_baseSB_RKS2_
 *fill*         0x000000000001f099        0x7 90909090
 .text._ZNSt8_Rb_treeIiSt4pairIKiSsESt10_Select1stIS2_ESt4lessIiESaIS2_EE16_M_insert_uniqueERKS2_
                0x000000000001f0a0       0xa5 ./Logging/EventLogger.o
                0x000000000001f0a0                _ZNSt8_Rb_treeIiSt4pairIKiSsESt10_Select1stIS2_ESt4lessIiESaIS2_EE16_M_insert_uniqueERKS2_
 *fill*         0x000000000001f145        0xb 90909090
 .text._ZNSt8_Rb_treeIiSt4pairIKiSsESt10_Select1stIS2_ESt4lessIiESaIS2_EE17_M_insert_unique_ESt23_Rb_tree_const_iteratorIS2_ERKS2_
                0x000000000001f150      0x155 ./Logging/EventLogger.o
                0x000000000001f150                _ZNSt8_Rb_treeIiSt4pairIKiSsESt10_Select1stIS2_ESt4lessIiESaIS2_EE17_M_insert_unique_ESt23_Rb_tree_const_iteratorIS2_ERKS2_
 *fill*         0x000000000001f2a5        0xb 90909090
 .text          0x000000000001f2b0     0x1427 ./Logging/JsonLogProvider.o
                0x000000000001f2b0                _ZN15JsonLogProvider7OpenLogEv
                0x000000000001f2c0                _ZN15JsonLogProvider8CloseLogEv
                0x000000000001f2d0                _ZN15JsonLogProviderD2Ev
                0x000000000001f2d0                _ZN15JsonLogProviderD1Ev
                0x000000000001f380                _ZN15JsonLogProviderD0Ev
                0x000000000001f3a0                _ZN15JsonLogProviderC2Ev
                0x000000000001f3a0                _ZN15JsonLogProviderC1Ev
                0x000000000001f490                _ZN15JsonLogProvider6ToJsonEv
                0x000000000001f5a0                _ZN15JsonLogProvider12WriteMessageESsSs
                0x000000000001ff60                _ZN15JsonLogProvider10WriteDebugEPKc
                0x0000000000020050                _ZN15JsonLogProvider10WriteAlertEPKc
                0x0000000000020140                _ZN15JsonLogProvider14WriteEmergencyEPKc
                0x0000000000020230                _ZN15JsonLogProvider10WriteErrorEPKc
                0x0000000000020320                _ZN15JsonLogProvider13WriteCriticalEPKc
                0x0000000000020410                _ZN15JsonLogProvider12WriteWarningEPKc
                0x0000000000020500                _ZN15JsonLogProvider11WriteNoticeEPKc
                0x00000000000205f0                _ZN15JsonLogProvider16WriteInformationEPKc
 *fill*         0x00000000000206d7        0x9 90909090
 .text          0x00000000000206e0      0x1ea ./Logging/SysLogProvider.o
                0x00000000000206e0                _ZN14SysLogProvider16WriteInformationEPKc
                0x0000000000020700                _ZN14SysLogProvider11WriteNoticeEPKc
                0x0000000000020720                _ZN14SysLogProvider12WriteWarningEPKc
                0x0000000000020740                _ZN14SysLogProvider13WriteCriticalEPKc
                0x0000000000020760                _ZN14SysLogProvider10WriteErrorEPKc
                0x0000000000020780                _ZN14SysLogProvider14WriteEmergencyEPKc
                0x00000000000207a0                _ZN14SysLogProvider10WriteAlertEPKc
                0x00000000000207c0                _ZN14SysLogProvider10WriteDebugEPKc
                0x00000000000207e0                _ZN14SysLogProvider8ClearLogEv
                0x0000000000020820                _ZN14SysLogProvider8CloseLogEv
                0x0000000000020830                _ZN14SysLogProvider7OpenLogEv
                0x0000000000020850                _ZN14SysLogProviderD2Ev
                0x0000000000020850                _ZN14SysLogProviderD1Ev
                0x0000000000020870                _ZN14SysLogProviderD0Ev
                0x0000000000020890                _ZN14SysLogProviderC1EPKc
                0x0000000000020890                _ZN14SysLogProviderC2EPKc
 *fill*         0x00000000000208ca        0x6 90909090
 .text          0x00000000000208d0       0x36 /usr/lib/gcc/x86_64-linux-gnu/4.6/crtendS.o
 *fill*         0x0000000000020906        0x2 90909090
 .text          0x0000000000020908        0x0 /usr/lib/gcc/x86_64-linux-gnu/4.6/../../../x86_64-linux-gnu/crtn.o
 *(.gnu.warning)

.fini           0x0000000000020908        0xe
 *(.fini)
 .fini          0x0000000000020908        0x4 /usr/lib/gcc/x86_64-linux-gnu/4.6/../../../x86_64-linux-gnu/crti.o
                0x0000000000020908                _fini
 .fini          0x000000000002090c        0x5 /usr/lib/gcc/x86_64-linux-gnu/4.6/crtbeginS.o
 .fini          0x0000000000020911        0x5 /usr/lib/gcc/x86_64-linux-gnu/4.6/../../../x86_64-linux-gnu/crtn.o
                0x0000000000020916                PROVIDE (__etext, .)
                0x0000000000020916                PROVIDE (_etext, .)
                0x0000000000020916                PROVIDE (etext, .)

.rodata         0x0000000000020920      0x881
 *(.rodata .rodata.* .gnu.linkonce.r.*)
 .rodata.str1.8
                0x0000000000020920       0x25 ./BaseDevice.o
 .rodata.str1.1
                0x0000000000020945       0x45 ./BaseDevice.o
                                         0x54 (size before relaxing)
 .rodata._ZTS10BaseDevice
                0x000000000002098a        0xd ./BaseDevice.o
                0x000000000002098a                _ZTS10BaseDevice
 *fill*         0x0000000000020997        0x9 00
 .rodata._ZTS13IRefreshValue
                0x00000000000209a0       0x10 ./BaseDevice.o
                0x00000000000209a0                _ZTS13IRefreshValue
 .rodata._ZTS13IValueChanged
                0x00000000000209b0       0x10 ./BaseDevice.o
                0x00000000000209b0                _ZTS13IValueChanged
 .rodata._ZTS9ErrorItem
                0x00000000000209c0        0xb ./BaseDevice.o
                0x00000000000209c0                _ZTS9ErrorItem
 .rodata.str1.1
                0x00000000000209cb        0x3 ./BaseDriver.o
                                         0x19 (size before relaxing)
 .rodata._ZTS10BaseDriver
                0x00000000000209ce        0xd ./BaseDriver.o
                0x00000000000209ce                _ZTS10BaseDriver
 *fill*         0x00000000000209db        0x5 00
 .rodata._ZTS13DriverCommand
                0x00000000000209e0       0x10 ./BaseDriver.o
                0x00000000000209e0                _ZTS13DriverCommand
 .rodata.str1.1
                0x00000000000209f0       0x38 ./Command.o
                                         0x58 (size before relaxing)
 .rodata.str1.8
                0x0000000000020a28       0x2a ./Command.o
 .rodata._ZTS7Command
                0x0000000000020a52        0x9 ./Command.o
                0x0000000000020a52                _ZTS7Command
 .rodata.str1.1
                0x0000000000020a5b       0x24 ./Configuration.o
                                         0x41 (size before relaxing)
 *fill*         0x0000000000020a7f        0x1 00
 .rodata.str1.8
                0x0000000000020a80       0x32 ./Configuration.o
 *fill*         0x0000000000020ab2        0xe 00
 .rodata._ZTS13Configuration
                0x0000000000020ac0       0x10 ./Configuration.o
                0x0000000000020ac0                _ZTS13Configuration
 .rodata.str1.1
                0x0000000000000000       0x13 ./ConnectionPoint.o
 .rodata._ZTS15ConnectionPoint
                0x0000000000020ad0       0x12 ./ConnectionPoint.o
                0x0000000000020ad0                _ZTS15ConnectionPoint
 .rodata.str1.1
                0x0000000000020ae2       0x2f ./Convert.o
                                         0x43 (size before relaxing)
 *fill*         0x0000000000020b11        0x3 00
 .rodata        0x0000000000020b14       0x38 ./Convert.o
 *fill*         0x0000000000020b4c        0x4 00
 .rodata.cst8   0x0000000000020b50        0x8 ./Convert.o
 .rodata.cst4   0x0000000000020b58        0x4 ./Convert.o
 .rodata.str1.1
                0x0000000000000000        0x1 ./DataSerializationManager.o
 *fill*         0x0000000000020b5c        0x4 00
 .rodata._ZTS24DataSerializationManager
                0x0000000000020b60       0x1b ./DataSerializationManager.o
                0x0000000000020b60                _ZTS24DataSerializationManager
 .rodata.str1.1
                0x0000000000020b7b       0x14 ./Event.o
                                         0x38 (size before relaxing)
 .rodata._ZTS5Event
                0x0000000000020b8f        0x7 ./Event.o
                0x0000000000020b8f                _ZTS5Event
 *fill*         0x0000000000020b96        0xa 00
 .rodata._ZTS17InConnectionPoint
                0x0000000000020ba0       0x14 ./InConnectionPoint.o
                0x0000000000020ba0                _ZTS17InConnectionPoint
 .rodata.str1.1
                0x0000000000020bb4      0x192 ./JsonParameters.o
                                        0x1d1 (size before relaxing)
 .rodata.str1.1
                0x0000000000020d46       0x10 ./LogEntry.o
 .rodata._ZTS8LogEntry
                0x0000000000020d56        0xa ./LogEntry.o
                0x0000000000020d56                _ZTS8LogEntry
 .rodata._ZTS18OutConnectionPoint
                0x0000000000020d60       0x15 ./OutConnectionPoint.o
                0x0000000000020d60                _ZTS18OutConnectionPoint
 .rodata.str1.1
                0x0000000000020d75       0x17 ./Pinout.o
                                         0x42 (size before relaxing)
 .rodata._ZTS6Pinout
                0x0000000000020d8c        0x8 ./Pinout.o
                0x0000000000020d8c                _ZTS6Pinout
 *fill*         0x0000000000020d94        0x4 00
 .rodata.str1.8
                0x0000000000020d98       0xc7 ./Process.o
 .rodata.str1.1
                0x0000000000020e5f       0xb9 ./Process.o
                                         0xf1 (size before relaxing)
 .rodata._ZTS7Process
                0x0000000000020f18        0x9 ./Process.o
                0x0000000000020f18                _ZTS7Process
 *fill*         0x0000000000020f21        0xf 00
 .rodata._ZTS13IErrorHandler
                0x0000000000020f30       0x10 ./Process.o
                0x0000000000020f30                _ZTS13IErrorHandler
 .rodata._ZTS7Program
                0x0000000000020f40        0x9 ./Program.o
                0x0000000000020f40                _ZTS7Program
 .rodata.str1.1
                0x0000000000020f49       0x35 ./Wire.o
 *fill*         0x0000000000020f7e        0x2 00
 .rodata.str1.8
                0x0000000000020f80       0x43 ./Wire.o
 .rodata._ZTS4Wire
                0x0000000000020fc3        0x6 ./Wire.o
                0x0000000000020fc3                _ZTS4Wire
 *fill*         0x0000000000020fc9        0x7 00
 .rodata._ZTS15BaseLogProvider
                0x0000000000020fd0       0x12 ./Logging/BaseLogProvider.o
                0x0000000000020fd0                _ZTS15BaseLogProvider
 .rodata.str1.1
                0x0000000000020fe2       0x55 ./Logging/EventLogger.o
                                         0x56 (size before relaxing)
 *fill*         0x0000000000021037        0x1 00
 .rodata.str1.8
                0x0000000000021038       0xc0 ./Logging/EventLogger.o
 .rodata._ZTS11EventLogger
                0x00000000000210f8        0xe ./Logging/EventLogger.o
                0x00000000000210f8                _ZTS11EventLogger
 .rodata.str1.1
                0x0000000000021106       0x65 ./Logging/JsonLogProvider.o
                                         0x76 (size before relaxing)
 *fill*         0x000000000002116b        0x5 00
 .rodata._ZTS15JsonLogProvider
                0x0000000000021170       0x12 ./Logging/JsonLogProvider.o
                0x0000000000021170                _ZTS15JsonLogProvider
 .rodata.str1.1
                0x0000000000021182        0x3 ./Logging/SysLogProvider.o
 *fill*         0x0000000000021185        0xb 00
 .rodata._ZTS14SysLogProvider
                0x0000000000021190       0x11 ./Logging/SysLogProvider.o
                0x0000000000021190                _ZTS14SysLogProvider

.rodata1
 *(.rodata1)

.eh_frame_hdr   0x00000000000211a4      0x8a4
 *(.eh_frame_hdr)
 .eh_frame_hdr  0x00000000000211a4      0x8a4 /usr/lib/gcc/x86_64-linux-gnu/4.6/../../../x86_64-linux-gnu/crti.o

.eh_frame       0x0000000000021a48     0x2b14
 *(.eh_frame)
 .eh_frame      0x0000000000021a48       0x40 /usr/lib/gcc/x86_64-linux-gnu/4.6/../../../x86_64-linux-gnu/crti.o
 .eh_frame      0x0000000000021a88      0x560 ./BaseDevice.o
                                        0x4f8 (size before relaxing)
 .eh_frame      0x0000000000021fe8      0x128 ./BaseDriver.o
                                        0x198 (size before relaxing)
 .eh_frame      0x0000000000022110      0x248 ./Command.o
                                        0x2a8 (size before relaxing)
 .eh_frame      0x0000000000022358      0x398 ./Configuration.o
                                        0x3c8 (size before relaxing)
 .eh_frame      0x00000000000226f0      0x308 ./ConnectionPoint.o
                                        0x310 (size before relaxing)
 .eh_frame      0x00000000000229f8      0x188 ./Convert.o
                                        0x1b8 (size before relaxing)
 .eh_frame      0x0000000000022b80      0x120 ./DataSerializationManager.o
                                        0x148 (size before relaxing)
 .eh_frame      0x0000000000022ca0      0x278 ./Event.o
                                        0x2e0 (size before relaxing)
 .eh_frame      0x0000000000022f18      0x160 ./InConnectionPoint.o
                                        0x178 (size before relaxing)
 .eh_frame      0x0000000000023078       0x38 ./JsonParameters.o
                                         0x50 (size before relaxing)
 .eh_frame      0x00000000000230b0       0xf8 ./LogEntry.o
                                        0x120 (size before relaxing)
 .eh_frame      0x00000000000231a8      0x170 ./OutConnectionPoint.o
                                        0x188 (size before relaxing)
 .eh_frame      0x0000000000023318      0x2e0 ./Pinout.o
                                        0x348 (size before relaxing)
 .eh_frame      0x00000000000235f8      0x2a8 ./Process.o
                                        0x308 (size before relaxing)
 .eh_frame      0x00000000000238a0      0x1e0 ./Program.o
                                        0x1f8 (size before relaxing)
 .eh_frame      0x0000000000023a80      0x200 ./Wire.o
                                        0x218 (size before relaxing)
 .eh_frame      0x0000000000023c80       0x50 ./Logging/BaseLogProvider.o
                                         0x60 (size before relaxing)
 .eh_frame      0x0000000000023cd0      0x438 ./Logging/EventLogger.o
                                        0x428 (size before relaxing)
 .eh_frame      0x0000000000024108      0x2d8 ./Logging/JsonLogProvider.o
                                        0x320 (size before relaxing)
 .eh_frame      0x00000000000243e0      0x178 ./Logging/SysLogProvider.o
                                        0x160 (size before relaxing)
 .eh_frame      0x0000000000024558        0x4 /usr/lib/gcc/x86_64-linux-gnu/4.6/crtendS.o

.gcc_except_table
                0x000000000002455c     0x12e8
 *(.gcc_except_table .gcc_except_table.*)
 .gcc_except_table
                0x000000000002455c      0x296 ./BaseDevice.o
 .gcc_except_table
                0x00000000000247f2      0x10b ./BaseDriver.o
 .gcc_except_table
                0x00000000000248fd      0x1e0 ./Command.o
 *fill*         0x0000000000024add        0x3 00
 .gcc_except_table
                0x0000000000024ae0      0x1f6 ./Configuration.o
 .gcc_except_table
                0x0000000000024cd6       0xd3 ./ConnectionPoint.o
 .gcc_except_table
                0x0000000000024da9       0xa3 ./Convert.o
 .gcc_except_table
                0x0000000000024e4c       0x96 ./DataSerializationManager.o
 .gcc_except_table
                0x0000000000024ee2      0x1e4 ./Event.o
 .gcc_except_table
                0x00000000000250c6       0x5e ./InConnectionPoint.o
 .gcc_except_table
                0x0000000000025124        0xd ./LogEntry.o
 .gcc_except_table
                0x0000000000025131       0x5b ./OutConnectionPoint.o
 .gcc_except_table
                0x000000000002518c      0x1cf ./Pinout.o
 .gcc_except_table
                0x000000000002535b      0x238 ./Process.o
 .gcc_except_table
                0x0000000000025593       0x2f ./Program.o
 .gcc_except_table
                0x00000000000255c2       0x10 ./Wire.o
 *fill*         0x00000000000255d2        0x2 00
 .gcc_except_table
                0x00000000000255d4       0xc6 ./Logging/EventLogger.o
 *fill*         0x000000000002569a        0x2 00
 .gcc_except_table
                0x000000000002569c      0x1a8 ./Logging/JsonLogProvider.o

.exception_ranges
 *(.exception_ranges .exception_ranges*)
                0x0000000000025844                . = (ALIGN (0x200000) - ((0x200000 - .) & 0x1fffff))
                0x00000000002260ec                . = DATA_SEGMENT_ALIGN (0x200000, 0x1000)

.eh_frame
 *(.eh_frame)

.gcc_except_table
 *(.gcc_except_table .gcc_except_table.*)

.exception_ranges
 *(.exception_ranges .exception_ranges*)

.tdata
 *(.tdata .tdata.* .gnu.linkonce.td.*)

.tbss
 *(.tbss .tbss.* .gnu.linkonce.tb.*)
 *(.tcommon)

.preinit_array
 *(.preinit_array)

.init_array     0x00000000002260f0       0x98
 *(SORT(.init_array.*) SORT(.ctors.*))
 *(.init_array)
 *(EXCLUDE_FILE(*crtend?.o *crtend.o *crtbegin?.o *crtbegin.o) .ctors)
 .ctors         0x00000000002260f0        0x8 ./BaseDevice.o
 .ctors         0x00000000002260f8        0x8 ./BaseDriver.o
 .ctors         0x0000000000226100        0x8 ./Command.o
 .ctors         0x0000000000226108        0x8 ./Configuration.o
 .ctors         0x0000000000226110        0x8 ./ConnectionPoint.o
 .ctors         0x0000000000226118        0x8 ./Convert.o
 .ctors         0x0000000000226120        0x8 ./DataSerializationManager.o
 .ctors         0x0000000000226128        0x8 ./Event.o
 .ctors         0x0000000000226130        0x8 ./InConnectionPoint.o
 .ctors         0x0000000000226138        0x8 ./JsonParameters.o
 .ctors         0x0000000000226140        0x8 ./LogEntry.o
 .ctors         0x0000000000226148        0x8 ./OutConnectionPoint.o
 .ctors         0x0000000000226150        0x8 ./Pinout.o
 .ctors         0x0000000000226158        0x8 ./Process.o
 .ctors         0x0000000000226160        0x8 ./Program.o
 .ctors         0x0000000000226168        0x8 ./Wire.o
 .ctors         0x0000000000226170        0x8 ./Logging/EventLogger.o
 .ctors         0x0000000000226178        0x8 ./Logging/JsonLogProvider.o
 .ctors         0x0000000000226180        0x8 ./Logging/SysLogProvider.o

.fini_array
 *(SORT(.fini_array.*) SORT(.dtors.*))
 *(.fini_array)
 *(EXCLUDE_FILE(*crtend?.o *crtend.o *crtbegin?.o *crtbegin.o) .dtors)

.ctors          0x0000000000226188       0x10
 *crtbegin.o(.ctors)
 *crtbegin?.o(.ctors)
 .ctors         0x0000000000226188        0x8 /usr/lib/gcc/x86_64-linux-gnu/4.6/crtbeginS.o
 *(EXCLUDE_FILE(*crtend?.o *crtend.o) .ctors)
 *(SORT(.ctors.*))
 *(.ctors)
 .ctors         0x0000000000226190        0x8 /usr/lib/gcc/x86_64-linux-gnu/4.6/crtendS.o

.dtors          0x0000000000226198       0x10
 *crtbegin.o(.dtors)
 *crtbegin?.o(.dtors)
 .dtors         0x0000000000226198        0x8 /usr/lib/gcc/x86_64-linux-gnu/4.6/crtbeginS.o
 *(EXCLUDE_FILE(*crtend?.o *crtend.o) .dtors)
 *(SORT(.dtors.*))
 *(.dtors)
 .dtors         0x00000000002261a0        0x8 /usr/lib/gcc/x86_64-linux-gnu/4.6/crtendS.o
                0x00000000002261a0                __DTOR_END__

.jcr            0x00000000002261a8        0x8
 *(.jcr)
 .jcr           0x00000000002261a8        0x0 /usr/lib/gcc/x86_64-linux-gnu/4.6/crtbeginS.o
 .jcr           0x00000000002261a8        0x8 /usr/lib/gcc/x86_64-linux-gnu/4.6/crtendS.o

.data.rel.ro    0x00000000002261c0      0x918
 *(.data.rel.ro.local* .gnu.linkonce.d.rel.ro.local.*)
 *(.data.rel.ro* .gnu.linkonce.d.rel.ro.*)
 .data.rel.ro._ZTI10BaseDevice
                0x00000000002261c0       0x38 ./BaseDevice.o
                0x00000000002261c0                _ZTI10BaseDevice
 *fill*         0x00000000002261f8        0x8 00
 .data.rel.ro._ZTV10BaseDevice
                0x0000000000226200       0xd0 ./BaseDevice.o
                0x0000000000226200                _ZTV10BaseDevice
 .data.rel.ro._ZTV13IValueChanged
                0x00000000002262d0       0x18 ./BaseDevice.o
                0x00000000002262d0                _ZTV13IValueChanged
 *fill*         0x00000000002262e8        0x8 00
 .data.rel.ro._ZTV13IRefreshValue
                0x00000000002262f0       0x18 ./BaseDevice.o
                0x00000000002262f0                _ZTV13IRefreshValue
 *fill*         0x0000000000226308        0x8 00
 .data.rel.ro._ZTI13IRefreshValue
                0x0000000000226310       0x10 ./BaseDevice.o
                0x0000000000226310                _ZTI13IRefreshValue
 .data.rel.ro._ZTI13IValueChanged
                0x0000000000226320       0x10 ./BaseDevice.o
                0x0000000000226320                _ZTI13IValueChanged
 *fill*         0x0000000000226330       0x10 00
 .data.rel.ro._ZTV9ErrorItem
                0x0000000000226340       0x20 ./BaseDevice.o
                0x0000000000226340                _ZTV9ErrorItem
 .data.rel.ro._ZTI9ErrorItem
                0x0000000000226360       0x10 ./BaseDevice.o
                0x0000000000226360                _ZTI9ErrorItem
 .data.rel.ro._ZTI10BaseDriver
                0x0000000000226370       0x18 ./BaseDriver.o
                0x0000000000226370                _ZTI10BaseDriver
 *fill*         0x0000000000226388       0x18 00
 .data.rel.ro._ZTV10BaseDriver
                0x00000000002263a0       0x70 ./BaseDriver.o
                0x00000000002263a0                _ZTV10BaseDriver
 *fill*         0x0000000000226410       0x10 00
 .data.rel.ro._ZTV13DriverCommand
                0x0000000000226420       0x30 ./BaseDriver.o
                0x0000000000226420                _ZTV13DriverCommand
 .data.rel.ro._ZTI13DriverCommand
                0x0000000000226450       0x10 ./BaseDriver.o
                0x0000000000226450                _ZTI13DriverCommand
 .data.rel.ro._ZTI7Command
                0x0000000000226460       0x10 ./Command.o
                0x0000000000226460                _ZTI7Command
 *fill*         0x0000000000226470       0x10 00
 .data.rel.ro._ZTV7Command
                0x0000000000226480       0x28 ./Command.o
                0x0000000000226480                _ZTV7Command
 *fill*         0x00000000002264a8        0x8 00
 .data.rel.ro._ZTI13Configuration
                0x00000000002264b0       0x10 ./Configuration.o
                0x00000000002264b0                _ZTI13Configuration
 .data.rel.ro._ZTV13Configuration
                0x00000000002264c0       0x20 ./Configuration.o
                0x00000000002264c0                _ZTV13Configuration
 .data.rel.ro._ZTI15ConnectionPoint
                0x00000000002264e0       0x10 ./ConnectionPoint.o
                0x00000000002264e0                _ZTI15ConnectionPoint
 *fill*         0x00000000002264f0       0x10 00
 .data.rel.ro._ZTV15ConnectionPoint
                0x0000000000226500       0x50 ./ConnectionPoint.o
                0x0000000000226500                _ZTV15ConnectionPoint
 .data.rel.ro._ZTI24DataSerializationManager
                0x0000000000226550       0x10 ./DataSerializationManager.o
                0x0000000000226550                _ZTI24DataSerializationManager
 .data.rel.ro._ZTV24DataSerializationManager
                0x0000000000226560       0x20 ./DataSerializationManager.o
                0x0000000000226560                _ZTV24DataSerializationManager
 .data.rel.ro._ZTI5Event
                0x0000000000226580       0x10 ./Event.o
                0x0000000000226580                _ZTI5Event
 *fill*         0x0000000000226590       0x10 00
 .data.rel.ro._ZTV5Event
                0x00000000002265a0       0x28 ./Event.o
                0x00000000002265a0                _ZTV5Event
 *fill*         0x00000000002265c8        0x8 00
 .data.rel.ro._ZTI17InConnectionPoint
                0x00000000002265d0       0x18 ./InConnectionPoint.o
                0x00000000002265d0                _ZTI17InConnectionPoint
 *fill*         0x00000000002265e8       0x18 00
 .data.rel.ro._ZTV17InConnectionPoint
                0x0000000000226600       0x50 ./InConnectionPoint.o
                0x0000000000226600                _ZTV17InConnectionPoint
 .data.rel.ro._ZTI8LogEntry
                0x0000000000226650       0x10 ./LogEntry.o
                0x0000000000226650                _ZTI8LogEntry
 .data.rel.ro._ZTV8LogEntry
                0x0000000000226660       0x20 ./LogEntry.o
                0x0000000000226660                _ZTV8LogEntry
 .data.rel.ro._ZTI18OutConnectionPoint
                0x0000000000226680       0x18 ./OutConnectionPoint.o
                0x0000000000226680                _ZTI18OutConnectionPoint
 *fill*         0x0000000000226698        0x8 00
 .data.rel.ro._ZTV18OutConnectionPoint
                0x00000000002266a0       0x50 ./OutConnectionPoint.o
                0x00000000002266a0                _ZTV18OutConnectionPoint
 .data.rel.ro._ZTI6Pinout
                0x00000000002266f0       0x10 ./Pinout.o
                0x00000000002266f0                _ZTI6Pinout
 .data.rel.ro._ZTV6Pinout
                0x0000000000226700       0x20 ./Pinout.o
                0x0000000000226700                _ZTV6Pinout
 .data.rel.ro._ZTI7Process
                0x0000000000226720       0x18 ./Process.o
                0x0000000000226720                _ZTI7Process
 *fill*         0x0000000000226738        0x8 00
 .data.rel.ro._ZTV7Process
                0x0000000000226740       0x30 ./Process.o
                0x0000000000226740                _ZTV7Process
 .data.rel.ro._ZTV13IErrorHandler
                0x0000000000226770       0x18 ./Process.o
                0x0000000000226770                _ZTV13IErrorHandler
 *fill*         0x0000000000226788        0x8 00
 .data.rel.ro._ZTI13IErrorHandler
                0x0000000000226790       0x10 ./Process.o
                0x0000000000226790                _ZTI13IErrorHandler
 .data.rel.ro._ZTI7Program
                0x00000000002267a0       0x10 ./Program.o
                0x00000000002267a0                _ZTI7Program
 *fill*         0x00000000002267b0       0x10 00
 .data.rel.ro._ZTV7Program
                0x00000000002267c0       0x20 ./Program.o
                0x00000000002267c0                _ZTV7Program
 .data.rel.ro._ZTI4Wire
                0x00000000002267e0       0x38 ./Wire.o
                0x00000000002267e0                _ZTI4Wire
 *fill*         0x0000000000226818        0x8 00
 .data.rel.ro._ZTV4Wire
                0x0000000000226820       0x48 ./Wire.o
                0x0000000000226820                _ZTV4Wire
 *fill*         0x0000000000226868        0x8 00
 .data.rel.ro._ZTI15BaseLogProvider
                0x0000000000226870       0x10 ./Logging/BaseLogProvider.o
                0x0000000000226870                _ZTI15BaseLogProvider
 .data.rel.ro._ZTV15BaseLogProvider
                0x0000000000226880       0x70 ./Logging/BaseLogProvider.o
                0x0000000000226880                _ZTV15BaseLogProvider
 .data.rel.ro._ZTI11EventLogger
                0x00000000002268f0       0x10 ./Logging/EventLogger.o
                0x00000000002268f0                _ZTI11EventLogger
 .data.rel.ro._ZTV11EventLogger
                0x0000000000226900       0x60 ./Logging/EventLogger.o
                0x0000000000226900                _ZTV11EventLogger
 .data.rel.ro._ZTI15JsonLogProvider
                0x0000000000226960       0x28 ./Logging/JsonLogProvider.o
                0x0000000000226960                _ZTI15JsonLogProvider
 *fill*         0x0000000000226988       0x18 00
 .data.rel.ro._ZTV15JsonLogProvider
                0x00000000002269a0       0x70 ./Logging/JsonLogProvider.o
                0x00000000002269a0                _ZTV15JsonLogProvider
 *fill*         0x0000000000226a10       0x10 00
 .data.rel.ro._ZTI14SysLogProvider
                0x0000000000226a20       0x28 ./Logging/SysLogProvider.o
                0x0000000000226a20                _ZTI14SysLogProvider
 *fill*         0x0000000000226a48       0x18 00
 .data.rel.ro._ZTV14SysLogProvider
                0x0000000000226a60       0x78 ./Logging/SysLogProvider.o
                0x0000000000226a60                _ZTV14SysLogProvider

.dynamic        0x0000000000226ad8      0x1c0
 *(.dynamic)
 .dynamic       0x0000000000226ad8      0x1c0 /usr/lib/gcc/x86_64-linux-gnu/4.6/../../../x86_64-linux-gnu/crti.o
                0x0000000000226ad8                _DYNAMIC

.got            0x0000000000226c98      0x348
 *(.got)
 .got           0x0000000000226c98      0x348 /usr/lib/gcc/x86_64-linux-gnu/4.6/../../../x86_64-linux-gnu/crti.o
 *(.igot)
                0x0000000000226fe8                . = DATA_SEGMENT_RELRO_END (., 0x18)

.got.plt        0x0000000000226fe8      0x530
 *(.got.plt)
 .got.plt       0x0000000000226fe8      0x530 /usr/lib/gcc/x86_64-linux-gnu/4.6/../../../x86_64-linux-gnu/crti.o
                0x0000000000226fe8                _GLOBAL_OFFSET_TABLE_
 *(.igot.plt)

.data           0x0000000000227518       0x10
 *(.data .data.* .gnu.linkonce.d.*)
 .data          0x0000000000227518        0x0 /usr/lib/gcc/x86_64-linux-gnu/4.6/../../../x86_64-linux-gnu/crti.o
 .data          0x0000000000227518        0x0 /usr/lib/gcc/x86_64-linux-gnu/4.6/crtbeginS.o
 .data.rel      0x0000000000227518        0x8 /usr/lib/gcc/x86_64-linux-gnu/4.6/crtbeginS.o
                0x0000000000227518                __dso_handle
 .data          0x0000000000227520        0x0 ./BaseDevice.o
 .data.DW.ref.__gxx_personality_v0
                0x0000000000227520        0x8 ./BaseDevice.o
                0x0000000000227520                DW.ref.__gxx_personality_v0
 .data          0x0000000000227528        0x0 ./BaseDriver.o
 .data          0x0000000000227528        0x0 ./Command.o
 .data          0x0000000000227528        0x0 ./Configuration.o
 .data          0x0000000000227528        0x0 ./ConnectionPoint.o
 .data          0x0000000000227528        0x0 ./Convert.o
 .data          0x0000000000227528        0x0 ./DataSerializationManager.o
 .data          0x0000000000227528        0x0 ./Event.o
 .data          0x0000000000227528        0x0 ./InConnectionPoint.o
 .data          0x0000000000227528        0x0 ./JsonParameters.o
 .data          0x0000000000227528        0x0 ./LogEntry.o
 .data          0x0000000000227528        0x0 ./OutConnectionPoint.o
 .data          0x0000000000227528        0x0 ./Pinout.o
 .data          0x0000000000227528        0x0 ./Process.o
 .data          0x0000000000227528        0x0 ./Program.o
 .data          0x0000000000227528        0x0 ./Wire.o
 .data          0x0000000000227528        0x0 ./Logging/BaseLogProvider.o
 .data          0x0000000000227528        0x0 ./Logging/EventLogger.o
 .data          0x0000000000227528        0x0 ./Logging/JsonLogProvider.o
 .data          0x0000000000227528        0x0 ./Logging/SysLogProvider.o
 .data          0x0000000000227528        0x0 /usr/lib/gcc/x86_64-linux-gnu/4.6/crtendS.o
 .data          0x0000000000227528        0x0 /usr/lib/gcc/x86_64-linux-gnu/4.6/../../../x86_64-linux-gnu/crtn.o

.data1
 *(.data1)
                0x0000000000227528                _edata = .
                0x0000000000227528                PROVIDE (edata, .)
                0x0000000000227528                __bss_start = .

.bss            0x0000000000227528      0x280
 *(.dynbss)
 .dynbss        0x0000000000000000        0x0 /usr/lib/gcc/x86_64-linux-gnu/4.6/../../../x86_64-linux-gnu/crti.o
 *(.bss .bss.* .gnu.linkonce.b.*)
 .bss           0x0000000000227528        0x0 /usr/lib/gcc/x86_64-linux-gnu/4.6/../../../x86_64-linux-gnu/crti.o
 .bss           0x0000000000227528       0x10 /usr/lib/gcc/x86_64-linux-gnu/4.6/crtbeginS.o
 .bss           0x0000000000227538        0x1 ./BaseDevice.o
 *fill*         0x0000000000227539        0x3 00
 .bss           0x000000000022753c        0x1 ./BaseDriver.o
 *fill*         0x000000000022753d        0x3 00
 .bss           0x0000000000227540        0x1 ./Command.o
 *fill*         0x0000000000227541        0x7 00
 .bss           0x0000000000227548        0x9 ./Configuration.o
                0x0000000000227548                _ZN13Configuration8instanceE
 *fill*         0x0000000000227551        0x3 00
 .bss           0x0000000000227554        0x1 ./ConnectionPoint.o
 *fill*         0x0000000000227555        0x3 00
 .bss           0x0000000000227558        0x1 ./Convert.o
 *fill*         0x0000000000227559        0x3 00
 .bss           0x000000000022755c        0x1 ./DataSerializationManager.o
 *fill*         0x000000000022755d        0x3 00
 .bss           0x0000000000227560        0x1 ./Event.o
 *fill*         0x0000000000227561        0x3 00
 .bss           0x0000000000227564        0x1 ./InConnectionPoint.o
 *fill*         0x0000000000227565        0x3 00
 .bss           0x0000000000227568      0x210 ./JsonParameters.o
                0x0000000000227568                _ZN14JsonParameters12SettingValueE
                0x0000000000227570                _ZN14JsonParameters15SettingDataTypeE
                0x0000000000227578                _ZN14JsonParameters11SettingNameE
                0x0000000000227580                _ZN14JsonParameters12ErrorMessageE
                0x0000000000227588                _ZN14JsonParameters9ErrorCodeE
                0x0000000000227590                _ZN14JsonParameters15OperationStatusE
                0x0000000000227598                _ZN14JsonParameters22CustomDeviceAddOnPropsE
                0x00000000002275a0                _ZN14JsonParameters20CustomDeviceBaseTypeE
                0x00000000002275a8                _ZN14JsonParameters16CustomDeviceNameE
                0x00000000002275b0                _ZN14JsonParameters12CustomDeviceE
                0x00000000002275b8                _ZN14JsonParameters14ConnPointLabelE
                0x00000000002275c0                _ZN14JsonParameters25DevicePropertyDescriptionE
                0x00000000002275c8                _ZN14JsonParameters18DevicePropertyTypeE
                0x00000000002275d0                _ZN14JsonParameters19DevicePropertyValueE
                0x00000000002275d8                _ZN14JsonParameters17DevicePropertyKeyE
                0x00000000002275e0                _ZN14JsonParameters16DevicePropertiesE
                0x00000000002275e8                _ZN14JsonParameters21OutConnPointDirectionE
                0x00000000002275f0                _ZN14JsonParameters20InConnPointDirectionE
                0x00000000002275f8                _ZN14JsonParameters11DescriptionE
                0x0000000000227600                _ZN14JsonParameters9ParameterE
                0x0000000000227608                _ZN14JsonParameters6PinoutE
                0x0000000000227610                _ZN14JsonParameters7PinoutsE
                0x0000000000227618                _ZN14JsonParameters9DirectionE
                0x0000000000227620                _ZN14JsonParameters20ConnectionPointValueE
                0x0000000000227628                _ZN14JsonParameters15ConnectionPointE
                0x0000000000227630                _ZN14JsonParameters22DeviceConnectionPointsE
                0x0000000000227638                _ZN14JsonParameters16ProgramIsRunningE
                0x0000000000227640                _ZN14JsonParameters16ProgramAutoStartE
                0x0000000000227648                _ZN14JsonParameters9ProgramIdE
                0x0000000000227650                _ZN14JsonParameters11ProgramNameE
                0x0000000000227658                _ZN14JsonParameters15ParameterTargetE
                0x0000000000227660                _ZN14JsonParameters15ParameterSourceE
                0x0000000000227668                _ZN14JsonParameters17ConnectionPointIdE
                0x0000000000227670                _ZN14JsonParameters8DeviceIdE
                0x0000000000227678                _ZN14JsonParameters8PinoutIdE
                0x0000000000227680                _ZN14JsonParameters10DriverTypeE
                0x0000000000227688                _ZN14JsonParameters10ParametersE
                0x0000000000227690                _ZN14JsonParameters6TargetE
                0x0000000000227698                _ZN14JsonParameters6SourceE
                0x00000000002276a0                _ZN14JsonParameters12EventMappingE
                0x00000000002276a8                _ZN14JsonParameters14CommandMappingE
                0x00000000002276b0                _ZN14JsonParameters18ProgramDescriptionE
                0x00000000002276b8                _ZN14JsonParameters9ProjectIdE
                0x00000000002276c0                _ZN14JsonParameters2IdE
                0x00000000002276c8                _ZN14JsonParameters23UpcbWireConnectionPointE
                0x00000000002276d0                _ZN14JsonParameters16ConnectionPointsE
                0x00000000002276d8                _ZN14JsonParameters9PowerWireE
                0x00000000002276e0                _ZN14JsonParameters10DeviceTypeE
                0x00000000002276e8                _ZN14JsonParameters6DeviceE
                0x00000000002276f0                _ZN14JsonParameters7DevicesE
                0x00000000002276f8                _ZN14JsonParameters4WireE
                0x0000000000227700                _ZN14JsonParameters5WiresE
                0x0000000000227708                _ZN14JsonParameters7MappingE
                0x0000000000227710                _ZN14JsonParameters7ProgramE
                0x0000000000227718                _ZN14JsonParameters6DriverE
                0x0000000000227720                _ZN14JsonParameters5ValueE
                0x0000000000227728                _ZN14JsonParameters8DataTypeE
                0x0000000000227730                _ZN14JsonParameters3KeyE
                0x0000000000227738                _ZN14JsonParameters15EventParametersE
                0x0000000000227740                _ZN14JsonParameters6EventsE
                0x0000000000227748                _ZN14JsonParameters5EventE
                0x0000000000227750                _ZN14JsonParameters8CommandsE
                0x0000000000227758                _ZN14JsonParameters7CommandE
                0x0000000000227760                _ZN14JsonParameters13CmdParametersE
                0x0000000000227768                _ZN14JsonParameters11DisplayNameE
                0x0000000000227770                _ZN14JsonParameters4NameE
 .bss           0x0000000000227778        0x1 ./LogEntry.o
 *fill*         0x0000000000227779        0x3 00
 .bss           0x000000000022777c        0x1 ./OutConnectionPoint.o
 *fill*         0x000000000022777d        0x3 00
 .bss           0x0000000000227780        0x1 ./Pinout.o
 *fill*         0x0000000000227781        0x3 00
 .bss           0x0000000000227784        0x1 ./Process.o
 *fill*         0x0000000000227785        0x3 00
 .bss           0x0000000000227788        0x1 ./Program.o
 *fill*         0x0000000000227789        0x3 00
 .bss           0x000000000022778c        0x1 ./Wire.o
 *fill*         0x000000000022778d        0x3 00
 .bss           0x0000000000227790        0x0 ./Logging/BaseLogProvider.o
 .bss           0x0000000000227790        0x9 ./Logging/EventLogger.o
                0x0000000000227790                _ZN11EventLogger8instanceE
 *fill*         0x0000000000227799        0x3 00
 .bss           0x000000000022779c        0x1 ./Logging/JsonLogProvider.o
 *fill*         0x000000000022779d        0x3 00
 .bss           0x00000000002277a0        0x1 ./Logging/SysLogProvider.o
 *fill*         0x00000000002277a1        0x3 00
 .bss           0x00000000002277a4        0x0 /usr/lib/gcc/x86_64-linux-gnu/4.6/crtendS.o
 .bss           0x00000000002277a4        0x0 /usr/lib/gcc/x86_64-linux-gnu/4.6/../../../x86_64-linux-gnu/crtn.o
 *(COMMON)
                0x00000000002277a8                . = ALIGN ((. != 0x0)?0x8:0x1)
 *fill*         0x00000000002277a4        0x4 00

.lbss
 *(.dynlbss)
 *(.lbss .lbss.* .gnu.linkonce.lb.*)
 *(LARGE_COMMON)
                0x00000000002277a8                . = ALIGN (0x8)

.lrodata
 *(.lrodata .lrodata.* .gnu.linkonce.lr.*)

.ldata          0x00000000006277a8        0x0
 *(.ldata .ldata.* .gnu.linkonce.l.*)
                0x00000000006277a8                . = ALIGN ((. != 0x0)?0x8:0x1)
                0x00000000006277a8                . = ALIGN (0x8)
                0x00000000006277a8                _end = .
                0x00000000006277a8                PROVIDE (end, .)
                0x00000000006277a8                . = DATA_SEGMENT_END (.)

.stab
 *(.stab)

.stabstr
 *(.stabstr)

.stab.excl
 *(.stab.excl)

.stab.exclstr
 *(.stab.exclstr)

.stab.index
 *(.stab.index)

.stab.indexstr
 *(.stab.indexstr)

.comment        0x0000000000000000       0x2a
 *(.comment)
 .comment       0x0000000000000000       0x2a /usr/lib/gcc/x86_64-linux-gnu/4.6/crtbeginS.o
                                         0x2b (size before relaxing)
 .comment       0x0000000000000000       0x2b ./BaseDevice.o
 .comment       0x0000000000000000       0x2b ./BaseDriver.o
 .comment       0x0000000000000000       0x2b ./Command.o
 .comment       0x0000000000000000       0x2b ./Configuration.o
 .comment       0x0000000000000000       0x2b ./ConnectionPoint.o
 .comment       0x0000000000000000       0x2b ./Convert.o
 .comment       0x0000000000000000       0x2b ./DataSerializationManager.o
 .comment       0x0000000000000000       0x2b ./Event.o
 .comment       0x0000000000000000       0x2b ./InConnectionPoint.o
 .comment       0x0000000000000000       0x2b ./JsonParameters.o
 .comment       0x0000000000000000       0x2b ./LogEntry.o
 .comment       0x0000000000000000       0x2b ./OutConnectionPoint.o
 .comment       0x0000000000000000       0x2b ./Pinout.o
 .comment       0x0000000000000000       0x2b ./Process.o
 .comment       0x0000000000000000       0x2b ./Program.o
 .comment       0x0000000000000000       0x2b ./Wire.o
 .comment       0x0000000000000000       0x2b ./Logging/BaseLogProvider.o
 .comment       0x0000000000000000       0x2b ./Logging/EventLogger.o
 .comment       0x0000000000000000       0x2b ./Logging/JsonLogProvider.o
 .comment       0x0000000000000000       0x2b ./Logging/SysLogProvider.o
 .comment       0x0000000000000000       0x2b /usr/lib/gcc/x86_64-linux-gnu/4.6/crtendS.o

.debug
 *(.debug)

.line
 *(.line)

.debug_srcinfo
 *(.debug_srcinfo)

.debug_sfnames
 *(.debug_sfnames)

.debug_aranges  0x0000000000000000      0x6c0
 *(.debug_aranges)
 .debug_aranges
                0x0000000000000000       0x80 ./BaseDevice.o
 .debug_aranges
                0x0000000000000080       0x80 ./BaseDriver.o
 .debug_aranges
                0x0000000000000100       0x60 ./Command.o
 .debug_aranges
                0x0000000000000160       0x90 ./Configuration.o
 .debug_aranges
                0x00000000000001f0       0x50 ./ConnectionPoint.o
 .debug_aranges
                0x0000000000000240       0x40 ./Convert.o
 .debug_aranges
                0x0000000000000280       0x40 ./DataSerializationManager.o
 .debug_aranges
                0x00000000000002c0       0x60 ./Event.o
 .debug_aranges
                0x0000000000000320       0x40 ./InConnectionPoint.o
 .debug_aranges
                0x0000000000000360       0x30 ./JsonParameters.o
 .debug_aranges
                0x0000000000000390       0x40 ./LogEntry.o
 .debug_aranges
                0x00000000000003d0       0x40 ./OutConnectionPoint.o
 .debug_aranges
                0x0000000000000410       0x60 ./Pinout.o
 .debug_aranges
                0x0000000000000470       0x90 ./Process.o
 .debug_aranges
                0x0000000000000500       0x40 ./Program.o
 .debug_aranges
                0x0000000000000540       0x40 ./Wire.o
 .debug_aranges
                0x0000000000000580       0x30 ./Logging/BaseLogProvider.o
 .debug_aranges
                0x00000000000005b0       0x80 ./Logging/EventLogger.o
 .debug_aranges
                0x0000000000000630       0x50 ./Logging/JsonLogProvider.o
 .debug_aranges
                0x0000000000000680       0x40 ./Logging/SysLogProvider.o

.debug_pubnames
 *(.debug_pubnames)

.debug_info     0x0000000000000000    0x9c664
 *(.debug_info .gnu.linkonce.wi.*)
 .debug_info    0x0000000000000000    0x12d40 ./BaseDevice.o
 .debug_info    0x0000000000012d40     0x910d ./BaseDriver.o
 .debug_info    0x000000000001be4d     0xa39e ./Command.o
 .debug_info    0x00000000000261eb     0xd2ae ./Configuration.o
 .debug_info    0x0000000000033499     0x5c1e ./ConnectionPoint.o
 .debug_info    0x00000000000390b7     0x4b4d ./Convert.o
 .debug_info    0x000000000003dc04     0x54ce ./DataSerializationManager.o
 .debug_info    0x00000000000430d2     0x9e9a ./Event.o
 .debug_info    0x000000000004cf6c     0x41eb ./InConnectionPoint.o
 .debug_info    0x0000000000051157     0x369d ./JsonParameters.o
 .debug_info    0x00000000000547f4     0x3806 ./LogEntry.o
 .debug_info    0x0000000000057ffa     0x4204 ./OutConnectionPoint.o
 .debug_info    0x000000000005c1fe     0xeac3 ./Pinout.o
 .debug_info    0x000000000006acc1    0x10218 ./Process.o
 .debug_info    0x000000000007aed9     0x7b5f ./Program.o
 .debug_info    0x0000000000082a38     0x410e ./Wire.o
 .debug_info    0x0000000000086b46      0x335 ./Logging/BaseLogProvider.o
 .debug_info    0x0000000000086e7b     0xb087 ./Logging/EventLogger.o
 .debug_info    0x0000000000091f02     0x8c64 ./Logging/JsonLogProvider.o
 .debug_info    0x000000000009ab66     0x1afe ./Logging/SysLogProvider.o

.debug_abbrev   0x0000000000000000     0xa27a
 *(.debug_abbrev)
 .debug_abbrev  0x0000000000000000      0xaf4 ./BaseDevice.o
 .debug_abbrev  0x0000000000000af4      0x890 ./BaseDriver.o
 .debug_abbrev  0x0000000000001384      0x940 ./Command.o
 .debug_abbrev  0x0000000000001cc4      0xa2a ./Configuration.o
 .debug_abbrev  0x00000000000026ee      0x8b5 ./ConnectionPoint.o
 .debug_abbrev  0x0000000000002fa3      0x7da ./Convert.o
 .debug_abbrev  0x000000000000377d      0x871 ./DataSerializationManager.o
 .debug_abbrev  0x0000000000003fee      0x8f1 ./Event.o
 .debug_abbrev  0x00000000000048df      0x7bc ./InConnectionPoint.o
 .debug_abbrev  0x000000000000509b      0x56e ./JsonParameters.o
 .debug_abbrev  0x0000000000005609      0x750 ./LogEntry.o
 .debug_abbrev  0x0000000000005d59      0x7d4 ./OutConnectionPoint.o
 .debug_abbrev  0x000000000000652d      0x991 ./Pinout.o
 .debug_abbrev  0x0000000000006ebe      0xa73 ./Process.o
 .debug_abbrev  0x0000000000007931      0x92a ./Program.o
 .debug_abbrev  0x000000000000825b      0x7f9 ./Wire.o
 .debug_abbrev  0x0000000000008a54      0x158 ./Logging/BaseLogProvider.o
 .debug_abbrev  0x0000000000008bac      0x9a9 ./Logging/EventLogger.o
 .debug_abbrev  0x0000000000009555      0x8c5 ./Logging/JsonLogProvider.o
 .debug_abbrev  0x0000000000009e1a      0x460 ./Logging/SysLogProvider.o

.debug_line     0x0000000000000000    0x12619
 *(.debug_line)
 .debug_line    0x0000000000000000     0x19e1 ./BaseDevice.o
 .debug_line    0x00000000000019e1      0xd76 ./BaseDriver.o
 .debug_line    0x0000000000002757     0x1334 ./Command.o
 .debug_line    0x0000000000003a8b     0x1767 ./Configuration.o
 .debug_line    0x00000000000051f2      0xe6b ./ConnectionPoint.o
 .debug_line    0x000000000000605d      0xce4 ./Convert.o
 .debug_line    0x0000000000006d41      0xbd4 ./DataSerializationManager.o
 .debug_line    0x0000000000007915     0x11dc ./Event.o
 .debug_line    0x0000000000008af1      0xc1d ./InConnectionPoint.o
 .debug_line    0x000000000000970e      0x6f7 ./JsonParameters.o
 .debug_line    0x0000000000009e05      0x819 ./LogEntry.o
 .debug_line    0x000000000000a61e      0xc17 ./OutConnectionPoint.o
 .debug_line    0x000000000000b235     0x134a ./Pinout.o
 .debug_line    0x000000000000c57f     0x1b23 ./Process.o
 .debug_line    0x000000000000e0a2      0xda8 ./Program.o
 .debug_line    0x000000000000ee4a      0xc1c ./Wire.o
 .debug_line    0x000000000000fa66       0x72 ./Logging/BaseLogProvider.o
 .debug_line    0x000000000000fad8     0x11a6 ./Logging/EventLogger.o
 .debug_line    0x0000000000010c7e     0x109a ./Logging/JsonLogProvider.o
 .debug_line    0x0000000000011d18      0x901 ./Logging/SysLogProvider.o

.debug_frame
 *(.debug_frame)

.debug_str      0x0000000000000000    0x1bee6
 *(.debug_str)
 .debug_str     0x0000000000000000     0x8b8e ./BaseDevice.o
                                       0x9166 (size before relaxing)
 .debug_str     0x0000000000008b8e     0x23f4 ./BaseDriver.o
                                       0x4c40 (size before relaxing)
 .debug_str     0x000000000000af82     0x196d ./Command.o
                                       0x414a (size before relaxing)
 .debug_str     0x000000000000c8ef     0x4be8 ./Configuration.o
                                       0x7415 (size before relaxing)
 .debug_str     0x00000000000114d7      0x47c ./ConnectionPoint.o
                                       0x2885 (size before relaxing)
 .debug_str     0x0000000000011953      0x2c8 ./Convert.o
                                       0x25a2 (size before relaxing)
 .debug_str     0x0000000000011c1b      0x440 ./DataSerializationManager.o
                                       0x2eb6 (size before relaxing)
 .debug_str     0x000000000001205b      0x4a2 ./Event.o
                                       0x3da7 (size before relaxing)
 .debug_str     0x00000000000124fd      0x18e ./InConnectionPoint.o
                                       0x24a0 (size before relaxing)
 .debug_str     0x000000000001268b      0xb94 ./JsonParameters.o
                                       0x2a85 (size before relaxing)
 .debug_str     0x000000000001321f       0xc8 ./LogEntry.o
                                       0x2153 (size before relaxing)
 .debug_str     0x00000000000132e7      0x190 ./OutConnectionPoint.o
                                       0x24b2 (size before relaxing)
 .debug_str     0x0000000000013477      0x245 ./Pinout.o
                                       0x76f2 (size before relaxing)
 .debug_str     0x00000000000136bc     0x25fd ./Process.o
                                       0x6891 (size before relaxing)
 .debug_str     0x0000000000015cb9     0x1067 ./Program.o
                                       0x4a10 (size before relaxing)
 .debug_str     0x0000000000016d20      0x25c ./Wire.o
                                       0x2841 (size before relaxing)
 .debug_str     0x0000000000016f7c      0x236 ./Logging/BaseLogProvider.o
                                        0x2a5 (size before relaxing)
 .debug_str     0x00000000000171b2     0x45c3 ./Logging/EventLogger.o
                                       0x714c (size before relaxing)
 .debug_str     0x000000000001b775      0x577 ./Logging/JsonLogProvider.o
                                       0x3dd3 (size before relaxing)
 .debug_str     0x000000000001bcec      0x1fa ./Logging/SysLogProvider.o
                                        0xce4 (size before relaxing)

.debug_loc      0x0000000000000000    0x899cc
 *(.debug_loc)
 .debug_loc     0x0000000000000000    0x1c47a ./BaseDevice.o
 .debug_loc     0x000000000001c47a     0x5f6d ./BaseDriver.o
 .debug_loc     0x00000000000223e7     0xe580 ./Command.o
 .debug_loc     0x0000000000030967     0xd6d6 ./Configuration.o
 .debug_loc     0x000000000003e03d     0x4b89 ./ConnectionPoint.o
 .debug_loc     0x0000000000042bc6     0x29ce ./Convert.o
 .debug_loc     0x0000000000045594     0x142e ./DataSerializationManager.o
 .debug_loc     0x00000000000469c2     0xed17 ./Event.o
 .debug_loc     0x00000000000556d9     0x19b6 ./InConnectionPoint.o
 .debug_loc     0x000000000005708f       0xc5 ./JsonParameters.o
 .debug_loc     0x0000000000057154      0x970 ./LogEntry.o
 .debug_loc     0x0000000000057ac4     0x19c9 ./OutConnectionPoint.o
 .debug_loc     0x000000000005948d     0xa770 ./Pinout.o
 .debug_loc     0x0000000000063bfd    0x143a8 ./Process.o
 .debug_loc     0x0000000000077fa5     0x1501 ./Program.o
 .debug_loc     0x00000000000794a6     0x142b ./Wire.o
 .debug_loc     0x000000000007a8d1       0x95 ./Logging/BaseLogProvider.o
 .debug_loc     0x000000000007a966     0x7146 ./Logging/EventLogger.o
 .debug_loc     0x0000000000081aac     0x79d3 ./Logging/JsonLogProvider.o
 .debug_loc     0x000000000008947f      0x54d ./Logging/SysLogProvider.o

.debug_macinfo  0x0000000000000000   0x123527
 *(.debug_macinfo)
 .debug_macinfo
                0x0000000000000000    0x1086e ./BaseDevice.o
 .debug_macinfo
                0x000000000001086e     0xe597 ./BaseDriver.o
 .debug_macinfo
                0x000000000001ee05     0xedb0 ./Command.o
 .debug_macinfo
                0x000000000002dbb5     0xf996 ./Configuration.o
 .debug_macinfo