
Discarded input sections

 .note.GNU-stack
                0x00000000        0x0 /usr/lib/gcc/arm-linux-gnueabihf/4.6/../../../arm-linux-gnueabihf/crti.o
 .gnu_debuglink
                0x00000000        0xc /usr/lib/gcc/arm-linux-gnueabihf/4.6/../../../arm-linux-gnueabihf/crti.o
 .note.GNU-stack
                0x00000000        0x0 /usr/lib/gcc/arm-linux-gnueabihf/4.6/crtbeginS.o
 .group         0x00000000       0x1c ./BaseDevice.o
 .group         0x00000000       0x10 ./BaseDevice.o
 .group         0x00000000       0x10 ./BaseDevice.o
 .group         0x00000000        0x8 ./BaseDevice.o
 .group         0x00000000        0x8 ./BaseDevice.o
 .group         0x00000000        0x8 ./BaseDevice.o
 .group         0x00000000        0x8 ./BaseDevice.o
 .group         0x00000000        0x8 ./BaseDevice.o
 .group         0x00000000        0x8 ./BaseDevice.o
 .group         0x00000000        0x8 ./BaseDevice.o
 .group         0x00000000        0x8 ./BaseDevice.o
 .group         0x00000000        0x8 ./BaseDevice.o
 .note.GNU-stack
                0x00000000        0x0 ./BaseDevice.o
 .group         0x00000000       0x1c ./BaseDriver.o
 .group         0x00000000       0x10 ./BaseDriver.o
 .group         0x00000000       0x10 ./BaseDriver.o
 .group         0x00000000        0x8 ./BaseDriver.o
 .group         0x00000000        0x8 ./BaseDriver.o
 .group         0x00000000        0x8 ./BaseDriver.o
 .text._ZStplIcSt11char_traitsIcESaIcEESbIT_T0_T1_EPKS3_RKS6_
                0x00000000       0x80 ./BaseDriver.o
 .ARM.extab.text._ZStplIcSt11char_traitsIcESaIcEESbIT_T0_T1_EPKS3_RKS6_
                0x00000000       0x14 ./BaseDriver.o
 .ARM.exidx.text._ZStplIcSt11char_traitsIcESaIcEESbIT_T0_T1_EPKS3_RKS6_
                0x00000000        0x8 ./BaseDriver.o
 .text._ZStplIcSt11char_traitsIcESaIcEESbIT_T0_T1_ERKS6_S8_
                0x00000000       0x30 ./BaseDriver.o
 .ARM.extab.text._ZStplIcSt11char_traitsIcESaIcEESbIT_T0_T1_ERKS6_S8_
                0x00000000       0x18 ./BaseDriver.o
 .ARM.exidx.text._ZStplIcSt11char_traitsIcESaIcEESbIT_T0_T1_ERKS6_S8_
                0x00000000        0x8 ./BaseDriver.o
 .note.GNU-stack
                0x00000000        0x0 ./BaseDriver.o
 .group         0x00000000       0x10 ./Command.o
 .group         0x00000000       0x10 ./Command.o
 .text._ZStplIcSt11char_traitsIcESaIcEESbIT_T0_T1_EPKS3_RKS6_
                0x00000000       0x80 ./Command.o
 .ARM.extab.text._ZStplIcSt11char_traitsIcESaIcEESbIT_T0_T1_EPKS3_RKS6_
                0x00000000       0x14 ./Command.o
 .ARM.exidx.text._ZStplIcSt11char_traitsIcESaIcEESbIT_T0_T1_EPKS3_RKS6_
                0x00000000        0x8 ./Command.o
 .text._ZStplIcSt11char_traitsIcESaIcEESbIT_T0_T1_ERKS6_S8_
                0x00000000       0x30 ./Command.o
 .ARM.extab.text._ZStplIcSt11char_traitsIcESaIcEESbIT_T0_T1_ERKS6_S8_
                0x00000000       0x18 ./Command.o
 .ARM.exidx.text._ZStplIcSt11char_traitsIcESaIcEESbIT_T0_T1_ERKS6_S8_
                0x00000000        0x8 ./Command.o
 .note.GNU-stack
                0x00000000        0x0 ./Command.o
 .group         0x00000000       0x10 ./Configuration.o
 .group         0x00000000       0x10 ./Configuration.o
 .group         0x00000000       0x10 ./Configuration.o
 .group         0x00000000       0x10 ./Configuration.o
 .group         0x00000000       0x10 ./Configuration.o
 .text._ZStplIcSt11char_traitsIcESaIcEESbIT_T0_T1_ERKS6_S8_
                0x00000000       0x30 ./Configuration.o
 .ARM.extab.text._ZStplIcSt11char_traitsIcESaIcEESbIT_T0_T1_ERKS6_S8_
                0x00000000       0x18 ./Configuration.o
 .ARM.exidx.text._ZStplIcSt11char_traitsIcESaIcEESbIT_T0_T1_ERKS6_S8_
                0x00000000        0x8 ./Configuration.o
 .note.GNU-stack
                0x00000000        0x0 ./Configuration.o
 .group         0x00000000       0x10 ./ConnectionPoint.o
 .text._ZStplIcSt11char_traitsIcESaIcEESbIT_T0_T1_ERKS6_S8_
                0x00000000       0x30 ./ConnectionPoint.o
 .ARM.extab.text._ZStplIcSt11char_traitsIcESaIcEESbIT_T0_T1_ERKS6_S8_
                0x00000000       0x18 ./ConnectionPoint.o
 .ARM.exidx.text._ZStplIcSt11char_traitsIcESaIcEESbIT_T0_T1_ERKS6_S8_
                0x00000000        0x8 ./ConnectionPoint.o
 .note.GNU-stack
                0x00000000        0x0 ./ConnectionPoint.o
 .note.GNU-stack
                0x00000000        0x0 ./Convert.o
 .note.GNU-stack
                0x00000000        0x0 ./DataSerializationManager.o
 .group         0x00000000       0x10 ./Event.o
 .group         0x00000000       0x10 ./Event.o
 .text._ZStplIcSt11char_traitsIcESaIcEESbIT_T0_T1_EPKS3_RKS6_
                0x00000000       0x80 ./Event.o
 .ARM.extab.text._ZStplIcSt11char_traitsIcESaIcEESbIT_T0_T1_EPKS3_RKS6_
                0x00000000       0x14 ./Event.o
 .ARM.exidx.text._ZStplIcSt11char_traitsIcESaIcEESbIT_T0_T1_EPKS3_RKS6_
                0x00000000        0x8 ./Event.o
 .text._ZStplIcSt11char_traitsIcESaIcEESbIT_T0_T1_ERKS6_S8_
                0x00000000       0x30 ./Event.o
 .ARM.extab.text._ZStplIcSt11char_traitsIcESaIcEESbIT_T0_T1_ERKS6_S8_
                0x00000000       0x18 ./Event.o
 .ARM.exidx.text._ZStplIcSt11char_traitsIcESaIcEESbIT_T0_T1_ERKS6_S8_
                0x00000000        0x8 ./Event.o
 .note.GNU-stack
                0x00000000        0x0 ./Event.o
 .note.GNU-stack
                0x00000000        0x0 ./InConnectionPoint.o
 .note.GNU-stack
                0x00000000        0x0 ./JsonParameters.o
 .note.GNU-stack
                0x00000000        0x0 ./LogEntry.o
 .note.GNU-stack
                0x00000000        0x0 ./OutConnectionPoint.o
 .group         0x00000000       0x10 ./Pinout.o
 .group         0x00000000       0x10 ./Pinout.o
 .text._ZStplIcSt11char_traitsIcESaIcEESbIT_T0_T1_EPKS3_RKS6_
                0x00000000       0x80 ./Pinout.o
 .ARM.extab.text._ZStplIcSt11char_traitsIcESaIcEESbIT_T0_T1_EPKS3_RKS6_
                0x00000000       0x14 ./Pinout.o
 .ARM.exidx.text._ZStplIcSt11char_traitsIcESaIcEESbIT_T0_T1_EPKS3_RKS6_
                0x00000000        0x8 ./Pinout.o
 .text._ZStplIcSt11char_traitsIcESaIcEESbIT_T0_T1_ERKS6_S8_
                0x00000000       0x30 ./Pinout.o
 .ARM.extab.text._ZStplIcSt11char_traitsIcESaIcEESbIT_T0_T1_ERKS6_S8_
                0x00000000       0x18 ./Pinout.o
 .ARM.exidx.text._ZStplIcSt11char_traitsIcESaIcEESbIT_T0_T1_ERKS6_S8_
                0x00000000        0x8 ./Pinout.o
 .note.GNU-stack
                0x00000000        0x0 ./Pinout.o
 .group         0x00000000       0x10 ./Process.o
 .group         0x00000000       0x10 ./Process.o
 .group         0x00000000       0x10 ./Process.o
 .group         0x00000000       0x10 ./Process.o
 .group         0x00000000       0x10 ./Process.o
 .group         0x00000000        0x8 ./Process.o
 .group         0x00000000        0x8 ./Process.o
 .group         0x00000000        0x8 ./Process.o
 .text._ZStplIcSt11char_traitsIcESaIcEESbIT_T0_T1_EPKS3_RKS6_
                0x00000000       0x80 ./Process.o
 .ARM.extab.text._ZStplIcSt11char_traitsIcESaIcEESbIT_T0_T1_EPKS3_RKS6_
                0x00000000       0x14 ./Process.o
 .ARM.exidx.text._ZStplIcSt11char_traitsIcESaIcEESbIT_T0_T1_EPKS3_RKS6_
                0x00000000        0x8 ./Process.o
 .text._ZStplIcSt11char_traitsIcESaIcEESbIT_T0_T1_ERKS6_S8_
                0x00000000       0x30 ./Process.o
 .ARM.extab.text._ZStplIcSt11char_traitsIcESaIcEESbIT_T0_T1_ERKS6_S8_
                0x00000000       0x18 ./Process.o
 .ARM.exidx.text._ZStplIcSt11char_traitsIcESaIcEESbIT_T0_T1_ERKS6_S8_
                0x00000000        0x8 ./Process.o
 .note.GNU-stack
                0x00000000        0x0 ./Process.o
 .note.GNU-stack
                0x00000000        0x0 ./Program.o
 .group         0x00000000        0x8 ./Wire.o
 .group         0x00000000        0x8 ./Wire.o
 .group         0x00000000        0x8 ./Wire.o
 .group         0x00000000        0x8 ./Wire.o
 .group         0x00000000        0x8 ./Wire.o
 .group         0x00000000        0x8 ./Wire.o
 .data.rel.ro._ZTV13IValueChanged
                0x00000000       0x10 ./Wire.o
 .data.rel.ro._ZTV13IRefreshValue
                0x00000000       0x10 ./Wire.o
 .data.rel.ro._ZTI13IRefreshValue
                0x00000000        0x8 ./Wire.o
 .rodata._ZTS13IRefreshValue
                0x00000000       0x10 ./Wire.o
 .data.rel.ro._ZTI13IValueChanged
                0x00000000        0x8 ./Wire.o
 .rodata._ZTS13IValueChanged
                0x00000000       0x10 ./Wire.o
 .note.GNU-stack
                0x00000000        0x0 ./Wire.o
 .note.GNU-stack
                0x00000000        0x0 ./Logging/BaseLogProvider.o
 .group         0x00000000       0x10 ./Logging/EventLogger.o
 .group         0x00000000       0x10 ./Logging/EventLogger.o
 .group         0x00000000       0x10 ./Logging/EventLogger.o
 .group         0x00000000       0x10 ./Logging/EventLogger.o
 .note.GNU-stack
                0x00000000        0x0 ./Logging/EventLogger.o
 .group         0x00000000       0x10 ./Logging/JsonLogProvider.o
 .text._ZStplIcSt11char_traitsIcESaIcEESbIT_T0_T1_ERKS6_S8_
                0x00000000       0x30 ./Logging/JsonLogProvider.o
 .ARM.extab.text._ZStplIcSt11char_traitsIcESaIcEESbIT_T0_T1_ERKS6_S8_
                0x00000000       0x18 ./Logging/JsonLogProvider.o
 .ARM.exidx.text._ZStplIcSt11char_traitsIcESaIcEESbIT_T0_T1_ERKS6_S8_
                0x00000000        0x8 ./Logging/JsonLogProvider.o
 .note.GNU-stack
                0x00000000        0x0 ./Logging/JsonLogProvider.o
 .note.GNU-stack
                0x00000000        0x0 ./Logging/SysLogProvider.o
 .note.GNU-stack
                0x00000000        0x0 /usr/lib/gcc/arm-linux-gnueabihf/4.6/crtendS.o
 .note.GNU-stack
                0x00000000        0x0 /usr/lib/gcc/arm-linux-gnueabihf/4.6/../../../arm-linux-gnueabihf/crtn.o
 .gnu_debuglink
                0x00000000        0xc /usr/lib/gcc/arm-linux-gnueabihf/4.6/../../../arm-linux-gnueabihf/crtn.o

Memory Configuration

Name             Origin             Length             Attributes
*default*        0x00000000         0xffffffff

Linker script and memory map

LOAD /usr/lib/gcc/arm-linux-gnueabihf/4.6/../../../arm-linux-gnueabihf/crti.o
LOAD /usr/lib/gcc/arm-linux-gnueabihf/4.6/crtbeginS.o
LOAD ./BaseDevice.o
LOAD ./BaseDriver.o
LOAD ./Command.o
LOAD ./Configuration.o
LOAD ./ConnectionPoint.o
LOAD ./Convert.o
LOAD ./DataSerializationManager.o
LOAD ./Event.o
LOAD ./InConnectionPoint.o
LOAD ./JsonParameters.o
LOAD ./LogEntry.o
LOAD ./OutConnectionPoint.o
LOAD ./Pinout.o
LOAD ./Process.o
LOAD ./Program.o
LOAD ./Wire.o
LOAD ./Logging/BaseLogProvider.o
LOAD ./Logging/EventLogger.o
LOAD ./Logging/JsonLogProvider.o
LOAD ./Logging/SysLogProvider.o
LOAD /usr/lib/gcc/arm-linux-gnueabihf/4.6/libstdc++.so
LOAD /usr/lib/gcc/arm-linux-gnueabihf/4.6/../../../arm-linux-gnueabihf/libm.so
LOAD /usr/lib/gcc/arm-linux-gnueabihf/4.6/libgcc_s.so
START GROUP
LOAD /usr/lib/gcc/arm-linux-gnueabihf/4.6/libgcc_s.so.1
LOAD /usr/lib/gcc/arm-linux-gnueabihf/4.6/libgcc.a
END GROUP
LOAD /usr/lib/gcc/arm-linux-gnueabihf/4.6/../../../arm-linux-gnueabihf/libc.so
START GROUP
LOAD /lib/arm-linux-gnueabihf/libc.so.6
LOAD /usr/lib/arm-linux-gnueabihf/libc_nonshared.a
LOAD /lib/arm-linux-gnueabihf/ld-linux-armhf.so.3
END GROUP
LOAD /usr/lib/gcc/arm-linux-gnueabihf/4.6/libgcc_s.so
START GROUP
LOAD /usr/lib/gcc/arm-linux-gnueabihf/4.6/libgcc_s.so.1
LOAD /usr/lib/gcc/arm-linux-gnueabihf/4.6/libgcc.a
END GROUP
LOAD /usr/lib/gcc/arm-linux-gnueabihf/4.6/crtendS.o
LOAD /usr/lib/gcc/arm-linux-gnueabihf/4.6/../../../arm-linux-gnueabihf/crtn.o
                0x000000f4                . = (0x0 + SIZEOF_HEADERS)

.note.gnu.build-id
                0x000000f4       0x24
 *(.note.gnu.build-id)
 .note.gnu.build-id
                0x000000f4       0x24 linker stubs

.hash           0x00000118     0x10ac
 *(.hash)
 .hash          0x00000118     0x10ac /usr/lib/gcc/arm-linux-gnueabihf/4.6/../../../arm-linux-gnueabihf/crti.o

.gnu.hash       0x000011c4      0xd40
 *(.gnu.hash)
 .gnu.hash      0x000011c4      0xd40 /usr/lib/gcc/arm-linux-gnueabihf/4.6/../../../arm-linux-gnueabihf/crti.o

.dynsym         0x00001f04     0x2200
 *(.dynsym)
 .dynsym        0x00001f04     0x2200 /usr/lib/gcc/arm-linux-gnueabihf/4.6/../../../arm-linux-gnueabihf/crti.o

.dynstr         0x00004104     0x3fbf
 *(.dynstr)
 .dynstr        0x00004104     0x3fbf /usr/lib/gcc/arm-linux-gnueabihf/4.6/../../../arm-linux-gnueabihf/crti.o

.gnu.version    0x000080c4      0x440
 *(.gnu.version)
 .gnu.version   0x000080c4      0x440 /usr/lib/gcc/arm-linux-gnueabihf/4.6/../../../arm-linux-gnueabihf/crti.o

.gnu.version_d  0x00008504        0x0
 *(.gnu.version_d)
 .gnu.version_d
                0x00000000        0x0 /usr/lib/gcc/arm-linux-gnueabihf/4.6/../../../arm-linux-gnueabihf/crti.o

.gnu.version_r  0x00008504       0xb0
 *(.gnu.version_r)
 .gnu.version_r
                0x00008504       0xb0 /usr/lib/gcc/arm-linux-gnueabihf/4.6/../../../arm-linux-gnueabihf/crti.o

.rel.dyn        0x000085b4      0xad0
 *(.rel.init)
 *(.rel.text .rel.text.* .rel.gnu.linkonce.t.*)
 .rel.text      0x00000000        0x0 /usr/lib/gcc/arm-linux-gnueabihf/4.6/../../../arm-linux-gnueabihf/crti.o
 *(.rel.fini)
 *(.rel.rodata .rel.rodata.* .rel.gnu.linkonce.r.*)
 *(.rel.data.rel.ro* .rel.gnu.linkonce.d.rel.ro.*)
 .rel.data.rel.ro._ZTV13IValueChanged
                0x000085b4       0x10 /usr/lib/gcc/arm-linux-gnueabihf/4.6/../../../arm-linux-gnueabihf/crti.o
 .rel.data.rel.ro._ZTV13IRefreshValue
                0x000085c4       0x10 /usr/lib/gcc/arm-linux-gnueabihf/4.6/../../../arm-linux-gnueabihf/crti.o
 .rel.data.rel.ro._ZTI13IRefreshValue
                0x000085d4       0x10 /usr/lib/gcc/arm-linux-gnueabihf/4.6/../../../arm-linux-gnueabihf/crti.o
 .rel.data.rel.ro._ZTI13IValueChanged
                0x000085e4       0x10 /usr/lib/gcc/arm-linux-gnueabihf/4.6/../../../arm-linux-gnueabihf/crti.o
 .rel.data.rel.ro._ZTV9ErrorItem
                0x000085f4       0x18 /usr/lib/gcc/arm-linux-gnueabihf/4.6/../../../arm-linux-gnueabihf/crti.o
 .rel.data.rel.ro._ZTI9ErrorItem
                0x0000860c       0x10 /usr/lib/gcc/arm-linux-gnueabihf/4.6/../../../arm-linux-gnueabihf/crti.o
 .rel.data.rel.ro
                0x0000861c      0x620 /usr/lib/gcc/arm-linux-gnueabihf/4.6/../../../arm-linux-gnueabihf/crti.o
 .rel.data.rel.ro._ZTV13DriverCommand
                0x00008c3c       0x28 /usr/lib/gcc/arm-linux-gnueabihf/4.6/../../../arm-linux-gnueabihf/crti.o
 .rel.data.rel.ro._ZTI13DriverCommand
                0x00008c64       0x10 /usr/lib/gcc/arm-linux-gnueabihf/4.6/../../../arm-linux-gnueabihf/crti.o
 .rel.data.rel.ro._ZTV13IErrorHandler
                0x00008c74       0x10 /usr/lib/gcc/arm-linux-gnueabihf/4.6/../../../arm-linux-gnueabihf/crti.o
 .rel.data.rel.ro._ZTI13IErrorHandler
                0x00008c84       0x10 /usr/lib/gcc/arm-linux-gnueabihf/4.6/../../../arm-linux-gnueabihf/crti.o
 *(.rel.data .rel.data.* .rel.gnu.linkonce.d.*)
 .rel.data.rel  0x00008c94        0x8 /usr/lib/gcc/arm-linux-gnueabihf/4.6/../../../arm-linux-gnueabihf/crti.o
 *(.rel.tdata .rel.tdata.* .rel.gnu.linkonce.td.*)
 *(.rel.tbss .rel.tbss.* .rel.gnu.linkonce.tb.*)
 *(.rel.ctors)
 *(.rel.dtors)
 *(.rel.got)
 .rel.got       0x00008c9c      0x340 /usr/lib/gcc/arm-linux-gnueabihf/4.6/../../../arm-linux-gnueabihf/crti.o
 *(.rel.bss .rel.bss.* .rel.gnu.linkonce.b.*)
 *(.rel.iplt)
 .rel.iplt      0x00000000        0x0 /usr/lib/gcc/arm-linux-gnueabihf/4.6/../../../arm-linux-gnueabihf/crti.o
 .rel.init_array
                0x00008fdc       0xa0 /usr/lib/gcc/arm-linux-gnueabihf/4.6/../../../arm-linux-gnueabihf/crti.o
 .rel.fini_array
                0x0000907c        0x8 /usr/lib/gcc/arm-linux-gnueabihf/4.6/../../../arm-linux-gnueabihf/crti.o

.rela.dyn
 *(.rela.init)
 *(.rela.text .rela.text.* .rela.gnu.linkonce.t.*)
 *(.rela.fini)
 *(.rela.rodata .rela.rodata.* .rela.gnu.linkonce.r.*)
 *(.rela.data .rela.data.* .rela.gnu.linkonce.d.*)
 *(.rela.tdata .rela.tdata.* .rela.gnu.linkonce.td.*)
 *(.rela.tbss .rela.tbss.* .rela.gnu.linkonce.tb.*)
 *(.rela.ctors)
 *(.rela.dtors)
 *(.rela.got)
 *(.rela.bss .rela.bss.* .rela.gnu.linkonce.b.*)
 *(.rela.iplt)

.rel.plt        0x00009084      0x520
 *(.rel.plt)
 .rel.plt       0x00009084      0x520 /usr/lib/gcc/arm-linux-gnueabihf/4.6/../../../arm-linux-gnueabihf/crti.o

.rela.plt
 *(.rela.plt)

.init           0x000095a4        0xc
 *(.init)
 .init          0x000095a4        0x8 /usr/lib/gcc/arm-linux-gnueabihf/4.6/../../../arm-linux-gnueabihf/crti.o
                0x000095a4                _init
 .init          0x000095ac        0x4 /usr/lib/gcc/arm-linux-gnueabihf/4.6/../../../arm-linux-gnueabihf/crtn.o

.plt            0x000095b0      0x7c4
 *(.plt)
 .plt           0x000095b0      0x7c4 /usr/lib/gcc/arm-linux-gnueabihf/4.6/../../../arm-linux-gnueabihf/crti.o

.iplt           0x00009d74        0x0
 *(.iplt)
 .iplt          0x00000000        0x0 /usr/lib/gcc/arm-linux-gnueabihf/4.6/../../../arm-linux-gnueabihf/crti.o

.text           0x00009d78    0x15bb8
 *(.text.unlikely .text.*_unlikely)
 *(.text.exit .text.exit.*)
 *(.text.startup .text.startup.*)
 .text.startup  0x00009d78       0x48 ./BaseDevice.o
 .text.startup  0x00009dc0       0x48 ./BaseDriver.o
 .text.startup  0x00009e08       0x48 ./Command.o
 .text.startup  0x00009e50       0x48 ./Configuration.o
 .text.startup  0x00009e98       0x48 ./ConnectionPoint.o
 .text.startup  0x00009ee0       0x48 ./Convert.o
 .text.startup  0x00009f28       0x48 ./DataSerializationManager.o
 .text.startup  0x00009f70       0x48 ./Event.o
 .text.startup  0x00009fb8       0x48 ./InConnectionPoint.o
 .text.startup  0x0000a000      0xd98 ./JsonParameters.o
 .text.startup  0x0000ad98       0x48 ./LogEntry.o
 .text.startup  0x0000ade0       0x48 ./OutConnectionPoint.o
 .text.startup  0x0000ae28       0x48 ./Pinout.o
 .text.startup  0x0000ae70       0x48 ./Process.o
 .text.startup  0x0000aeb8       0x48 ./Program.o
 .text.startup  0x0000af00       0x48 ./Wire.o
 .text.startup  0x0000af48       0x48 ./Logging/EventLogger.o
 .text.startup  0x0000af90       0x48 ./Logging/JsonLogProvider.o
 .text.startup  0x0000afd8       0x48 ./Logging/SysLogProvider.o
 *(.text.hot .text.hot.*)
 *(.text .stub .text.* .gnu.linkonce.t.*)
 .text          0x0000b020       0x24 /usr/lib/gcc/arm-linux-gnueabihf/4.6/../../../arm-linux-gnueabihf/crti.o
 .text          0x0000b044       0xa8 /usr/lib/gcc/arm-linux-gnueabihf/4.6/crtbeginS.o
 .text          0x0000b0ec     0x2d90 ./BaseDevice.o
                0x0000b0ec                _ZN10BaseDevice4NameEv
                0x0000b0f4                _ZN10BaseDevice11DescriptionEv
                0x0000b0fc                _ZN10BaseDevice9GroupNameEv
                0x0000b104                _ZN10BaseDevice12SetParameterESsPv
                0x0000b108                _ZN10BaseDevice14ExecuteCommandE7Command
                0x0000b10c                _ZN10BaseDevice14EventTriggeredESt4listI14EventParameterSaIS1_EE
                0x0000b110                _ZN10BaseDevice16ReleaseResourcesEv
                0x0000b114                _ZN10BaseDevice7OnErrorEP9ErrorItem
                0x0000b158                _ZN10BaseDevice20RegisterErrorHandlerEP13IErrorHandler
                0x0000b18c                _ZN10BaseDevice24InitializeFromDescriptorESt4listI8PropertySaIS1_EE
                0x0000b190                _ZN10BaseDevice7OnErrorEi
                0x0000b1e4                _ZN10BaseDevice17WidgetInitializedEv
                0x0000b260                _ZN10BaseDevice12GetParameterESs
                0x0000b2e4                _ZN10BaseDeviceD1Ev
                0x0000b2e4                _ZN10BaseDeviceD2Ev
                0x0000b5b0                _ZN10BaseDeviceD0Ev
                0x0000b5cc                _ZN10BaseDeviceC2Ev
                0x0000b5cc                _ZN10BaseDeviceC1Ev
                0x0000b6b4                _ZN10BaseDevice2IdEv
                0x0000b6bc                _ZN10BaseDevice5SetIdEi
                0x0000b6c4                _ZN10BaseDevice7SetNameESs
                0x0000b6cc                _ZN10BaseDevice11SetIsCustomEb
                0x0000b6d4                _ZN10BaseDevice11GetIsCustomEv
                0x0000b6dc                _ZN10BaseDevice13SetIsUpdatingEb
                0x0000b6e4                _ZN10BaseDevice13GetIsUpdatingEv
                0x0000b6ec                _ZN10BaseDevice13IsInitializedEv
                0x0000b6f4                _ZThn4_N10BaseDevice7RefreshEPv
                0x0000b6fc                _ZN10BaseDevice7RefreshEPv
                0x0000b804                _ZN10BaseDevice20InputPinValueChangedEPv
                0x0000b938                _ZN10BaseDevice7PinoutsEv
                0x0000b940                _ZN10BaseDevice16ConnectionPointsEv
                0x0000b9b4                _ZN10BaseDevice18GetConnectionPointEi
                0x0000b9fc                _ZN10BaseDevice20AreAllINsInitializedEv
                0x0000ba5c                _ZN10BaseDevice17AddCustomPropertyEP15DeviceParameter
                0x0000ba8c                _ZN10BaseDevice6ToJsonEv
 .text._ZN9ErrorItemD2Ev
                0x0000de7c       0x48 ./BaseDevice.o
                0x0000de7c                _ZN9ErrorItemD1Ev
                0x0000de7c                _ZN9ErrorItemD2Ev
 .text._ZN9ErrorItemD0Ev
                0x0000dec4       0x50 ./BaseDevice.o
                0x0000dec4                _ZN9ErrorItemD0Ev
 .text._ZStplIcSt11char_traitsIcESaIcEESbIT_T0_T1_EPKS3_RKS6_
                0x0000df14       0x80 ./BaseDevice.o
                0x0000df14                _ZStplIcSt11char_traitsIcESaIcEESbIT_T0_T1_EPKS3_RKS6_
 .text._ZStplIcSt11char_traitsIcESaIcEESbIT_T0_T1_ERKS6_S8_
                0x0000df94       0x30 ./BaseDevice.o
                0x0000df94                _ZStplIcSt11char_traitsIcESaIcEESbIT_T0_T1_ERKS6_S8_
 .text          0x0000dfc4      0xd98 ./BaseDriver.o
                0x0000dfc4                _ZN10BaseDriverD2Ev
                0x0000dfc4                _ZN10BaseDriverD1Ev
                0x0000e100                _ZN10BaseDriverD0Ev
                0x0000e11c                _ZN10BaseDriverC1Ev
                0x0000e11c                _ZN10BaseDriverC2Ev
                0x0000e1ac                _ZN10BaseDriver6ToJsonEv
 .text._ZN13DriverCommandD2Ev
                0x0000ed5c       0x24 ./BaseDriver.o
                0x0000ed5c                _ZN13DriverCommandD1Ev
                0x0000ed5c                _ZN13DriverCommandD2Ev
 .text._ZN13DriverCommandD0Ev
                0x0000ed80       0x34 ./BaseDriver.o
                0x0000ed80                _ZN13DriverCommandD0Ev
 .text          0x0000edb4     0x1dd0 ./Command.o
                0x0000edb4                _ZN7CommandD2Ev
                0x0000edb4                _ZN7CommandD1Ev
                0x0000eee0                _ZN7CommandD0Ev
                0x0000eefc                _ZN7CommandC1Ev
                0x0000eefc                _ZN7CommandC2Ev
                0x0000ef80                _ZN7CommandC2ESs
                0x0000ef80                _ZN7CommandC1ESs
                0x0000eff4                _ZN7CommandC1ESsPSt4listIP16CommandParameterSaIS2_EE
                0x0000eff4                _ZN7CommandC2ESsPSt4listIP16CommandParameterSaIS2_EE
                0x0000f058                _ZN7Command12GetParameterESs
                0x0000f0d0                _ZN7Command4NameEv
                0x0000f0e8                _ZN7Command10ParametersEv
                0x0000f0f0                _ZN7Command12AddParameterEP16CommandParameter
                0x0000f118                _ZN7Command5CloneEv
                0x0000f424                _ZN7Command6ToJsonEv
 .text          0x00010b84     0x1c80 ./Configuration.o
                0x00010b84                _ZN13ConfigurationC2Ev
                0x00010b84                _ZN13ConfigurationC1Ev
                0x00010bcc                _ZN13Configuration8InstanceEv
                0x00010c24                _ZN13Configuration26GetSettingsJsonDescriptionEv
                0x00011424                _ZN13Configuration16SaveToConfigFileEv
                0x000119c0                _ZN13ConfigurationD2Ev
                0x000119c0                _ZN13ConfigurationD1Ev
                0x000119f8                _ZN13ConfigurationD0Ev
                0x00011a14                _ZN13Configuration14GetStringParamESs
                0x00011d3c                _ZN13Configuration11GetIntParamESs
                0x00011ea8                _ZN13Configuration12SaveSettingsESt3mapISsSsSt4lessISsESaISt4pairIKSsSsEEE
                0x00012224                _ZN13Configuration8SetParamEPKcS1_
                0x000125b8                _ZN13Configuration10InitializeEPKcPFvSsE
 .text._ZNSt8_Rb_treeISsSt4pairIKSsSsESt10_Select1stIS2_ESt4lessISsESaIS2_EE8_M_eraseEPSt13_Rb_tree_nodeIS2_E
                0x00012804      0x134 ./Configuration.o
                0x00012804                _ZNSt8_Rb_treeISsSt4pairIKSsSsESt10_Select1stIS2_ESt4lessISsESaIS2_EE8_M_eraseEPSt13_Rb_tree_nodeIS2_E
 .text._ZNSt8_Rb_treeISsSt4pairIKSsSsESt10_Select1stIS2_ESt4lessISsESaIS2_EE10_M_insert_EPKSt18_Rb_tree_node_baseSB_RKS2_
                0x00012938       0xdc ./Configuration.o
                0x00012938                _ZNSt8_Rb_treeISsSt4pairIKSsSsESt10_Select1stIS2_ESt4lessISsESaIS2_EE10_M_insert_EPKSt18_Rb_tree_node_baseSB_RKS2_
 .text._ZNSt8_Rb_treeISsSt4pairIKSsSsESt10_Select1stIS2_ESt4lessISsESaIS2_EE16_M_insert_uniqueERKS2_
                0x00012a14      0x124 ./Configuration.o
                0x00012a14                _ZNSt8_Rb_treeISsSt4pairIKSsSsESt10_Select1stIS2_ESt4lessISsESaIS2_EE16_M_insert_uniqueERKS2_
 .text._ZNSt8_Rb_treeISsSt4pairIKSsSsESt10_Select1stIS2_ESt4lessISsESaIS2_EE17_M_insert_unique_ESt23_Rb_tree_const_iteratorIS2_ERKS2_
                0x00012b38      0x230 ./Configuration.o
                0x00012b38                _ZNSt8_Rb_treeISsSt4pairIKSsSsESt10_Select1stIS2_ESt4lessISsESaIS2_EE17_M_insert_unique_ESt23_Rb_tree_const_iteratorIS2_ERKS2_
 .text          0x00012d68      0xd90 ./ConnectionPoint.o
                0x00012d68                _ZN15ConnectionPoint8SetValueEPv
                0x00012d6c                _ZN15ConnectionPoint27RegisterValueChangedHandlerEP13IValueChanged
                0x00012d70                _ZN15ConnectionPoint19TriggerValueChangedEv
                0x00012d74                _ZN15ConnectionPoint22RegisterRefreshHandlerEP13IRefreshValue
                0x00012d78                _ZN15ConnectionPoint7RefreshEv
                0x00012d7c                _ZN15ConnectionPointD2Ev
                0x00012d7c                _ZN15ConnectionPointD1Ev
                0x00012e9c                _ZN15ConnectionPointD0Ev
                0x00012eb8                _ZN15ConnectionPointC2EiSs15PinoutDirectionSsSsPv
                0x00012eb8                _ZN15ConnectionPointC1EiSs15PinoutDirectionSsSsPv
                0x00012fec                _ZN15ConnectionPointC1EiSs15PinoutDirectionSs16AgilartDataTypesPv
                0x00012fec                _ZN15ConnectionPointC2EiSs15PinoutDirectionSs16AgilartDataTypesPv
                0x0001308c                _ZN15ConnectionPoint5CloneEv
                0x00013204                _ZN15ConnectionPoint4NameEv
                0x0001321c                _ZN15ConnectionPoint2IdEv
                0x00013224                _ZN15ConnectionPoint8DataTypeEv
                0x0001322c                _ZN15ConnectionPoint13IsInitializedEv
                0x00013234                _ZN15ConnectionPoint12IsCalculatedEv
                0x0001323c                _ZN15ConnectionPoint26ConnectionPointInitializedEv
                0x00013248                _ZN15ConnectionPoint11SetDataTypeE16AgilartDataTypes
                0x00013250                _ZN15ConnectionPoint16SetIsInitializedEb
                0x00013258                _ZN15ConnectionPoint15SetIsCalculatedEb
                0x00013260                _ZN15ConnectionPoint9DirectionEv
                0x00013268                _ZN15ConnectionPoint11DescriptionEv
                0x00013280                _ZN15ConnectionPoint5ValueEv
                0x00013288                _ZN15ConnectionPoint8GetStateEv
                0x00013290                _ZN15ConnectionPoint8SetStateE8PinState
                0x00013298                _ZN15ConnectionPoint6ToJsonEv
 .text          0x00013af8      0xc80 ./Convert.o
                0x00013af8                _ZN7Convert6ToTypeESs
                0x00013be4                _ZN7Convert18SupportsConversionE16AgilartDataTypesS0_
                0x00013bec                _ZN7Convert8ToStringEPv16AgilartDataTypes
                0x00013ed8                _ZN7Convert8ToDoubleEPv16AgilartDataTypes
                0x0001406c                _ZN7Convert7ToFloatEPv16AgilartDataTypes
                0x000141e4                _ZN7Convert5ToIntEPv16AgilartDataTypes
                0x00014344                _ZN7Convert6ToBoolEPv16AgilartDataTypes
                0x000144b0                _ZN7Convert8AreEqualEPvS0_16AgilartDataTypes
                0x0001461c                _ZN7Convert14ToTypeInstanceEPv16AgilartDataTypesS1_
                0x00014704                _ZN7Convert11GetBaseTypeE16AgilartDataTypesS0_
 .text          0x00014778      0x638 ./DataSerializationManager.o
                0x00014778                _ZN24DataSerializationManagerD2Ev
                0x00014778                _ZN24DataSerializationManagerD1Ev
                0x0001479c                _ZN24DataSerializationManagerD0Ev
                0x000147b8                _ZN24DataSerializationManagerC1Ev
                0x000147b8                _ZN24DataSerializationManagerC2Ev
                0x000147dc                _ZN24DataSerializationManager10FileExistsEPKc
                0x00014804                _ZN24DataSerializationManager4SaveESsSs
                0x00014a20                _ZN24DataSerializationManager6DeleteESs
                0x00014a28                _ZN24DataSerializationManager4LoadESs
 .text          0x00014db0     0x1c60 ./Event.o
                0x00014db0                _ZN5EventD2Ev
                0x00014db0                _ZN5EventD1Ev
                0x00014e98                _ZN5EventD0Ev
                0x00014eb4                _ZN5EventC1Ev
                0x00014eb4                _ZN5EventC2Ev
                0x00014f38                _ZN5EventC1ESs
                0x00014f38                _ZN5EventC2ESs
                0x00014fac                _ZN5EventC2ESsPSt4listI14EventParameterSaIS1_EE
                0x00014fac                _ZN5EventC1ESsPSt4listI14EventParameterSaIS1_EE
                0x00015010                _ZN5EventC1ERKS_
                0x00015010                _ZN5EventC2ERKS_
                0x000150dc                _ZN5Event4NameEv
                0x000150f4                _ZN5Event10ParametersEv
                0x000150fc                _ZN5Event12AddParameterE14EventParameter
                0x0001513c                _ZN5Event12GetParameterESs
                0x000151c8                _ZN5Event5CloneEv
                0x00015300                _ZN5Event6ToJsonEv
 .text          0x00016a10      0x754 ./InConnectionPoint.o
                0x00016a10                _ZN17InConnectionPoint27RegisterValueChangedHandlerEP13IValueChanged
                0x00016a44                _ZN17InConnectionPoint19TriggerValueChangedEv
                0x00016a80                _ZN17InConnectionPoint22RegisterRefreshHandlerEP13IRefreshValue
                0x00016ab4                _ZN17InConnectionPoint7RefreshEv
                0x00016af0                _ZN17InConnectionPointD1Ev
                0x00016af0                _ZN17InConnectionPointD2Ev
                0x00016b24                _ZN17InConnectionPointD0Ev
                0x00016b40                _ZN17InConnectionPoint8SetValueEPv
                0x00016b8c                _ZN17InConnectionPointC2EiSsSsSsPv
                0x00016b8c                _ZN17InConnectionPointC1EiSsSsSsPv
                0x00016da0                _ZN17InConnectionPointC2EiSsSs16AgilartDataTypesPv
                0x00016da0                _ZN17InConnectionPointC1EiSsSs16AgilartDataTypesPv
                0x00016f30                _ZN17InConnectionPoint5CloneEv
 .text          0x00017164        0x0 ./JsonParameters.o
 .text          0x00017164      0x220 ./LogEntry.o
                0x00017164                _ZN8LogEntryD2Ev
                0x00017164                _ZN8LogEntryD1Ev
                0x00017284                _ZN8LogEntryD0Ev
                0x000172a0                _ZN8LogEntryC1EiSsSs
                0x000172a0                _ZN8LogEntryC2EiSsSs
                0x00017320                _ZN8LogEntry9ProcessIdEv
                0x00017328                _ZN8LogEntry5LevelEv
                0x00017340                _ZN8LogEntry7MessageEv
                0x00017358                _ZN8LogEntry6ToJsonEv
 .text          0x00017384      0x748 ./OutConnectionPoint.o
                0x00017384                _ZN18OutConnectionPoint27RegisterValueChangedHandlerEP13IValueChanged
                0x000173b8                _ZN18OutConnectionPoint19TriggerValueChangedEv
                0x000173f4                _ZN18OutConnectionPoint22RegisterRefreshHandlerEP13IRefreshValue
                0x00017428                _ZN18OutConnectionPoint7RefreshEv
                0x00017464                _ZN18OutConnectionPointD1Ev
                0x00017464                _ZN18OutConnectionPointD2Ev
                0x00017498                _ZN18OutConnectionPointD0Ev
                0x000174b4                _ZN18OutConnectionPoint8SetValueEPv
                0x00017500                _ZN18OutConnectionPointC2EiSsSsSsPv
                0x00017500                _ZN18OutConnectionPointC1EiSsSsSsPv
                0x00017714                _ZN18OutConnectionPointC2EiSsSs16AgilartDataTypesPv
                0x00017714                _ZN18OutConnectionPointC1EiSsSs16AgilartDataTypesPv
                0x000178a4                _ZN18OutConnectionPoint5CloneEv
 .text          0x00017acc     0x18a4 ./Pinout.o
                0x00017acc                _ZN6PinoutD1Ev
                0x00017acc                _ZN6PinoutD2Ev
                0x00017c98                _ZN6PinoutD0Ev
                0x00017cb4                _ZN6PinoutC2Ev
                0x00017cb4                _ZN6PinoutC1Ev
                0x00017d40                _ZN6PinoutC1ERKS_
                0x00017d40                _ZN6PinoutC2ERKS_
                0x00017dc8                _ZN6PinoutC2EiSsSsPSt4listI7CommandSaIS1_EEPS0_I5EventSaIS5_EE
                0x00017dc8                _ZN6PinoutC1EiSsSsPSt4listI7CommandSaIS1_EEPS0_I5EventSaIS5_EE
                0x00017e58                _ZN6Pinout2IdEv
                0x00017e60                _ZN6Pinout4NameEv
                0x00017e78                _ZN6Pinout11DescriptionEv
                0x00017e90                _ZN6Pinout14ExecuteCommandE7Command
                0x00018188                _ZN6Pinout14EventTriggeredEPvSt4listI14EventParameterSaIS2_EE
                0x00018298                _ZN6Pinout16SupportedComandsEv
                0x0001863c                _ZN6Pinout14SuportedEventsEv
                0x000186ec                _ZN6Pinout6ToJsonEv
 .text          0x00019370     0x2a60 ./Process.o
                0x00019370                _ZN7Process20RegisterErrorHandlerEP13IErrorHandler
                0x000193a4                _ZN7Process11HandleErrorEPvP9ErrorItem
                0x00019418                _ZN7ProcessD2Ev
                0x00019418                _ZN7ProcessD1Ev
                0x000195b0                _ZN7ProcessD0Ev
                0x000195cc                _ZN7ProcessC1Ev
                0x000195cc                _ZN7ProcessC2Ev
                0x00019604                _ZN7ProcessC1Ei
                0x00019604                _ZN7ProcessC2Ei
                0x00019640                _ZN7Process5StartEP7Program
                0x00019758                _ZN7Process4StopEv
                0x000197a0                _ZN7Process10GetProgramEv
                0x000197a8                _ZN7Process8GetStateEv
                0x000197b0                _ZN7Process2IdEv
                0x000197b8                _ZN7Process9GetStatusESs
 .text._ZN15DeviceParameterD2Ev
                0x0001bdd0      0x1e4 ./Process.o
                0x0001bdd0                _ZN15DeviceParameterD2Ev
                0x0001bdd0                _ZN15DeviceParameterD1Ev
 .text._ZNSt4listIP15ConnectionPointSaIS1_EED2Ev
                0x0001bfb4       0x30 ./Process.o
                0x0001bfb4                _ZNSt4listIP15ConnectionPointSaIS1_EED2Ev
                0x0001bfb4                _ZNSt4listIP15ConnectionPointSaIS1_EED1Ev
 .text._ZNSt4listIP15ConnectionPointSaIS1_EEaSERKS3_
                0x0001bfe4      0x128 ./Process.o
                0x0001bfe4                _ZNSt4listIP15ConnectionPointSaIS1_EEaSERKS3_
 .text          0x0001c10c      0x494 ./Program.o
                0x0001c10c                _ZN7ProgramD2Ev
                0x0001c10c                _ZN7ProgramD1Ev
                0x0001c340                _ZN7ProgramD0Ev
                0x0001c35c                _ZN7ProgramC1Ev
                0x0001c35c                _ZN7ProgramC2Ev
                0x0001c3e8                _ZN7ProgramC1EiSsSs
                0x0001c3e8                _ZN7ProgramC2EiSsSs
                0x0001c4b8                _ZN7Program2IdEv
                0x0001c4c0                _ZN7Program4NameEv
                0x0001c4d8                _ZN7Program11DescriptionEv
                0x0001c4f0                _ZN7Program7DevicesEv
                0x0001c4f8                _ZN7Program9AddDeviceEP10BaseDevice
                0x0001c520                _ZN7Program9GetDeviceEi
                0x0001c568                _ZN7Program5WiresEv
                0x0001c570                _ZN7Program7AddWireEP4Wire
                0x0001c598                _ZN7Program9PowerWireEv
 .text          0x0001c5a0      0x4e4 ./Wire.o
                0x0001c5a0                _ZN4WireD2Ev
                0x0001c5a0                _ZN4WireD1Ev
                0x0001c644                _ZN4WireD0Ev
                0x0001c660                _ZN4WireC1Ev
                0x0001c660                _ZN4WireC2Ev
                0x0001c6ac                _ZN4Wire16ConnectionPointsEv
                0x0001c6b4                _ZN4Wire6AttachEP15ConnectionPoint
                0x0001c73c                _ZN4Wire6DetachEP15ConnectionPoint
                0x0001c814                _ZN4Wire8SetValueEPv16AgilartDataTypes
                0x0001c8a8                _ZThn4_N4Wire7RefreshEPv
                0x0001c8b0                _ZN4Wire7RefreshEPv
                0x0001c9a0                _ZN4Wire20InputPinValueChangedEPv
                0x0001ca1c                _ZN4Wire5CloneEv
 .text          0x0001ca84       0x64 ./Logging/BaseLogProvider.o
                0x0001ca84                _ZN15BaseLogProviderD1Ev
                0x0001ca84                _ZN15BaseLogProviderD2Ev
                0x0001caa8                _ZN15BaseLogProviderD0Ev
                0x0001cac4                _ZN15BaseLogProviderC2Ev
                0x0001cac4                _ZN15BaseLogProviderC1Ev
 .text          0x0001cae8     0x1024 ./Logging/EventLogger.o
                0x0001cae8                _ZN11EventLogger16WriteInformationEPKc
                0x0001cb24                _ZN11EventLogger11WriteNoticeEPKc
                0x0001cb60                _ZN11EventLogger12WriteWarningEPKc
                0x0001cb9c                _ZN11EventLogger13WriteCriticalEPKc
                0x0001cbd8                _ZN11EventLogger14WriteEmergencyEPKc
                0x0001cc14                _ZN11EventLogger10WriteAlertEPKc
                0x0001cc50                _ZN11EventLogger10WriteDebugEPKcz
                0x0001ccb4                _ZN11EventLogger10WriteErrorEPKcz
                0x0001cd18                _ZN11EventLogger8RegisterEPv
                0x0001cd50                _ZN11EventLogger10UnregisterEv
                0x0001cd84                _ZN11EventLogger6ToJsonEv
                0x0001cdc4                _ZN11EventLogger12WriteVerboseEPKcz
                0x0001ce28                _ZN11EventLoggerD1Ev
                0x0001ce28                _ZN11EventLoggerD2Ev
                0x0001cf10                _ZN11EventLoggerD0Ev
                0x0001cf2c                _ZN11EventLogger15GetErrorMessageEi
                0x0001d138                _ZN11EventLoggerC2Ev
                0x0001d138                _ZN11EventLoggerC1Ev
                0x0001da60                _ZN11EventLogger8InstanceEv
 .text._ZNSt8_Rb_treeIiSt4pairIKiSsESt10_Select1stIS2_ESt4lessIiESaIS2_EE8_M_eraseEPSt13_Rb_tree_nodeIS2_E
                0x0001db0c       0xc8 ./Logging/EventLogger.o
                0x0001db0c                _ZNSt8_Rb_treeIiSt4pairIKiSsESt10_Select1stIS2_ESt4lessIiESaIS2_EE8_M_eraseEPSt13_Rb_tree_nodeIS2_E
 .text._ZNSt8_Rb_treeIiSt4pairIKiSsESt10_Select1stIS2_ESt4lessIiESaIS2_EE10_M_insert_EPKSt18_Rb_tree_node_baseSB_RKS2_
                0x0001dbd4       0xa8 ./Logging/EventLogger.o
                0x0001dbd4                _ZNSt8_Rb_treeIiSt4pairIKiSsESt10_Select1stIS2_ESt4lessIiESaIS2_EE10_M_insert_EPKSt18_Rb_tree_node_baseSB_RKS2_
 .text._ZNSt8_Rb_treeIiSt4pairIKiSsESt10_Select1stIS2_ESt4lessIiESaIS2_EE16_M_insert_uniqueERKS2_
                0x0001dc7c       0xcc ./Logging/EventLogger.o
                0x0001dc7c                _ZNSt8_Rb_treeIiSt4pairIKiSsESt10_Select1stIS2_ESt4lessIiESaIS2_EE16_M_insert_uniqueERKS2_
 .text._ZNSt8_Rb_treeIiSt4pairIKiSsESt10_Select1stIS2_ESt4lessIiESaIS2_EE17_M_insert_unique_ESt23_Rb_tree_const_iteratorIS2_ERKS2_
                0x0001dd48      0x158 ./Logging/EventLogger.o
                0x0001dd48                _ZNSt8_Rb_treeIiSt4pairIKiSsESt10_Select1stIS2_ESt4lessIiESaIS2_EE17_M_insert_unique_ESt23_Rb_tree_const_iteratorIS2_ERKS2_
 .text          0x0001dea0     0x18f8 ./Logging/JsonLogProvider.o
                0x0001dea0                _ZN15JsonLogProvider7OpenLogEv
                0x0001dea4                _ZN15JsonLogProvider8CloseLogEv
                0x0001dea8                _ZN15JsonLogProviderD2Ev
                0x0001dea8                _ZN15JsonLogProviderD1Ev
                0x0001df9c                _ZN15JsonLogProviderD0Ev
                0x0001dfb8                _ZN15JsonLogProviderC2Ev
                0x0001dfb8                _ZN15JsonLogProviderC1Ev
                0x0001e0e8                _ZN15JsonLogProvider6ToJsonEv
                0x0001e244                _ZN15JsonLogProvider12WriteMessageESsSs
                0x0001ecf8                _ZN15JsonLogProvider10WriteDebugEPKc
                0x0001ee4c                _ZN15JsonLogProvider10WriteAlertEPKc
                0x0001efa0                _ZN15JsonLogProvider14WriteEmergencyEPKc
                0x0001f0f4                _ZN15JsonLogProvider10WriteErrorEPKc
                0x0001f248                _ZN15JsonLogProvider13WriteCriticalEPKc
                0x0001f39c                _ZN15JsonLogProvider12WriteWarningEPKc
                0x0001f4f0                _ZN15JsonLogProvider11WriteNoticeEPKc
                0x0001f644                _ZN15JsonLogProvider16WriteInformationEPKc
 .text          0x0001f798      0x198 ./Logging/SysLogProvider.o
                0x0001f798                _ZN14SysLogProvider10WriteDebugEPKc
                0x0001f7b0                _ZN14SysLogProvider10WriteAlertEPKc
                0x0001f7c8                _ZN14SysLogProvider14WriteEmergencyEPKc
                0x0001f7e0                _ZN14SysLogProvider10WriteErrorEPKc
                0x0001f7f8                _ZN14SysLogProvider13WriteCriticalEPKc
                0x0001f810                _ZN14SysLogProvider12WriteWarningEPKc
                0x0001f828                _ZN14SysLogProvider11WriteNoticeEPKc
                0x0001f840                _ZN14SysLogProvider16WriteInformationEPKc
                0x0001f858                _ZN14SysLogProvider8ClearLogEv
                0x0001f890                _ZN14SysLogProvider8CloseLogEv
                0x0001f894                _ZN14SysLogProvider7OpenLogEv
                0x0001f8a4                _ZN14SysLogProviderD2Ev
                0x0001f8a4                _ZN14SysLogProviderD1Ev
                0x0001f8d8                _ZN14SysLogProviderD0Ev
                0x0001f8f4                _ZN14SysLogProviderC1EPKc
                0x0001f8f4                _ZN14SysLogProviderC2EPKc
 .text          0x0001f930        0x0 /usr/lib/gcc/arm-linux-gnueabihf/4.6/crtendS.o
 .text          0x0001f930        0x0 /usr/lib/gcc/arm-linux-gnueabihf/4.6/../../../arm-linux-gnueabihf/crtn.o
 *(.gnu.warning)
 *(.glue_7t)
 .glue_7t       0x00000000        0x0 linker stubs
 *(.glue_7)
 .glue_7        0x00000000        0x0 linker stubs
 *(.vfp11_veneer)
 .vfp11_veneer  0x00000000        0x0 linker stubs
 *(.v4_bx)
 .v4_bx         0x00000000        0x0 linker stubs

.fini           0x0001f930        0x8
 *(.fini)
 .fini          0x0001f930        0x4 /usr/lib/gcc/arm-linux-gnueabihf/4.6/../../../arm-linux-gnueabihf/crti.o
                0x0001f930                _fini
 .fini          0x0001f934        0x4 /usr/lib/gcc/arm-linux-gnueabihf/4.6/../../../arm-linux-gnueabihf/crtn.o
                0x0001f938                PROVIDE (__etext, .)
                0x0001f938                PROVIDE (_etext, .)
                0x0001f938                PROVIDE (etext, .)

.rodata         0x0001f938      0x8e0
 *(.rodata .rodata.* .gnu.linkonce.r.*)
 .rodata._ZTS13IRefreshValue
                0x0001f938       0x10 ./BaseDevice.o
                0x0001f938                _ZTS13IRefreshValue
 .rodata._ZTS13IValueChanged
                0x0001f948       0x10 ./BaseDevice.o
                0x0001f948                _ZTS13IValueChanged
 .rodata._ZTS9ErrorItem
                0x0001f958        0xc ./BaseDevice.o
                0x0001f958                _ZTS9ErrorItem
 .rodata        0x0001f964       0x10 ./BaseDevice.o
                0x0001f964                _ZTS10BaseDevice
 .rodata.str1.4
                0x0001f974       0x92 ./BaseDevice.o
                                 0x98 (size before relaxing)
 *fill*         0x0001fa06        0x2 00
 .rodata._ZTS13DriverCommand
                0x0001fa08       0x10 ./BaseDriver.o
                0x0001fa08                _ZTS13DriverCommand
 .rodata        0x0001fa18       0x10 ./BaseDriver.o
                0x0001fa18                _ZTS10BaseDriver
 .rodata.str1.4
                0x0001fa28        0x3 ./BaseDriver.o
                                 0x1c (size before relaxing)
 *fill*         0x0001fa2b        0x1 00
 .rodata        0x0001fa2c        0xc ./Command.o
                0x0001fa2c                _ZTS7Command
 .rodata.str1.4
                0x0001fa38       0x3c ./Command.o
                                 0x6c (size before relaxing)
 .rodata        0x0001fa74       0x10 ./Configuration.o
                0x0001fa74                _ZTS13Configuration
 .rodata.str1.4
                0x0001fa84       0x67 ./Configuration.o
                                 0x90 (size before relaxing)
 *fill*         0x0001faeb        0x1 00
 .rodata        0x0001faec       0x14 ./ConnectionPoint.o
                0x0001faec                _ZTS15ConnectionPoint
 .rodata.str1.4
                0x00000000       0x1c ./ConnectionPoint.o
 .rodata.str1.4
                0x0001fb00       0x3d ./Convert.o
                                 0x5c (size before relaxing)
 *fill*         0x0001fb3d        0x3 00
 .rodata        0x0001fb40       0x1c ./DataSerializationManager.o
                0x0001fb40                _ZTS24DataSerializationManager
 .rodata.str1.4
                0x00000000        0x4 ./DataSerializationManager.o
 .rodata        0x0001fb5c        0x8 ./Event.o
                0x0001fb5c                _ZTS5Event
 .rodata.str1.4
                0x0001fb64       0x14 ./Event.o
                                 0x48 (size before relaxing)
 .rodata        0x0001fb78       0x14 ./InConnectionPoint.o
                0x0001fb78                _ZTS17InConnectionPoint
 .rodata.str1.4
                0x0001fb8c      0x21a ./JsonParameters.o
                                0x220 (size before relaxing)
 *fill*         0x0001fda6        0x2 00
 .rodata        0x0001fda8        0xc ./LogEntry.o
                0x0001fda8                _ZTS8LogEntry
 .rodata.str1.4
                0x0001fdb4       0x10 ./LogEntry.o
 .rodata        0x0001fdc4       0x18 ./OutConnectionPoint.o
                0x0001fdc4                _ZTS18OutConnectionPoint
 .rodata        0x0001fddc        0x8 ./Pinout.o
                0x0001fddc                _ZTS6Pinout
 .rodata.str1.4
                0x0001fde4       0x17 ./Pinout.o
                                 0x54 (size before relaxing)
 *fill*         0x0001fdfb        0x1 00
 .rodata._ZTS13IErrorHandler
                0x0001fdfc       0x10 ./Process.o
                0x0001fdfc                _ZTS13IErrorHandler
 .rodata        0x0001fe0c        0xc ./Process.o
                0x0001fe0c                _ZTS7Process
 .rodata.str1.4
                0x0001fe18      0x193 ./Process.o
                                0x1dc (size before relaxing)
 *fill*         0x0001ffab        0x1 00
 .rodata        0x0001ffac        0xc ./Program.o
                0x0001ffac                _ZTS7Program
 .rodata        0x0001ffb8        0x8 ./Wire.o
                0x0001ffb8                _ZTS4Wire
 .rodata.str1.4
                0x0001ffc0       0x7a ./Wire.o
                                 0x7c (size before relaxing)
 *fill*         0x0002003a        0x2 00
 .rodata        0x0002003c       0x14 ./Logging/BaseLogProvider.o
                0x0002003c                _ZTS15BaseLogProvider
 .rodata        0x00020050       0x10 ./Logging/EventLogger.o
                0x00020050                _ZTS11EventLogger
 .rodata.str1.4
                0x00020060      0x118 ./Logging/EventLogger.o
                                0x11c (size before relaxing)
 .rodata        0x00020178       0x14 ./Logging/JsonLogProvider.o
                0x00020178                _ZTS15JsonLogProvider
 .rodata.str1.4
                0x0002018c       0x74 ./Logging/JsonLogProvider.o
                                 0x90 (size before relaxing)
 .rodata        0x00020200       0x14 ./Logging/SysLogProvider.o
                0x00020200                _ZTS14SysLogProvider
 .rodata.str1.4
                0x00020214        0x4 ./Logging/SysLogProvider.o

.rodata1
 *(.rodata1)

.ARM.extab      0x00020218     0x1578
 *(.ARM.extab* .gnu.linkonce.armextab.*)
 .ARM.extab.text._ZN9ErrorItemD2Ev
                0x00020218        0x0 ./BaseDevice.o
 .ARM.extab     0x00020218      0x2ac ./BaseDevice.o
 .ARM.extab.text._ZN9ErrorItemD0Ev
                0x000204c4        0x0 ./BaseDevice.o
 .ARM.extab.text._ZStplIcSt11char_traitsIcESaIcEESbIT_T0_T1_EPKS3_RKS6_
                0x000204c4       0x14 ./BaseDevice.o
 .ARM.extab.text._ZStplIcSt11char_traitsIcESaIcEESbIT_T0_T1_ERKS6_S8_
                0x000204d8       0x18 ./BaseDevice.o
 .ARM.extab.text.startup
                0x000204f0        0x0 ./BaseDevice.o
 .ARM.extab.text._ZN13DriverCommandD2Ev
                0x000204f0        0x0 ./BaseDriver.o
 .ARM.extab.text._ZN13DriverCommandD0Ev
                0x000204f0        0x0 ./BaseDriver.o
 .ARM.extab     0x000204f0      0x10c ./BaseDriver.o
 .ARM.extab.text.startup
                0x000205fc        0x0 ./BaseDriver.o
 .ARM.extab     0x000205fc      0x1ec ./Command.o
 .ARM.extab.text.startup
                0x000207e8        0x0 ./Command.o
 .ARM.extab     0x000207e8      0x204 ./Configuration.o
 .ARM.extab.text._ZNSt8_Rb_treeISsSt4pairIKSsSsESt10_Select1stIS2_ESt4lessISsESaIS2_EE8_M_eraseEPSt13_Rb_tree_nodeIS2_E
                0x000209ec        0x0 ./Configuration.o
 .ARM.extab.text._ZNSt8_Rb_treeISsSt4pairIKSsSsESt10_Select1stIS2_ESt4lessISsESaIS2_EE10_M_insert_EPKSt18_Rb_tree_node_baseSB_RKS2_
                0x000209ec       0x34 ./Configuration.o
 .ARM.extab.text._ZNSt8_Rb_treeISsSt4pairIKSsSsESt10_Select1stIS2_ESt4lessISsESaIS2_EE16_M_insert_uniqueERKS2_
                0x00020a20        0x0 ./Configuration.o
 .ARM.extab.text._ZNSt8_Rb_treeISsSt4pairIKSsSsESt10_Select1stIS2_ESt4lessISsESaIS2_EE17_M_insert_unique_ESt23_Rb_tree_const_iteratorIS2_ERKS2_
                0x00020a20        0x0 ./Configuration.o
 .ARM.extab.text.startup
                0x00020a20        0x0 ./Configuration.o
 .ARM.extab     0x00020a20       0xe8 ./ConnectionPoint.o
 .ARM.extab.text.startup
                0x00020b08        0x0 ./ConnectionPoint.o
 .ARM.extab     0x00020b08       0xe4 ./Convert.o
 .ARM.extab.text.startup
                0x00020bec        0x0 ./Convert.o
 .ARM.extab     0x00020bec       0xa8 ./DataSerializationManager.o
 .ARM.extab.text.startup
                0x00020c94        0x0 ./DataSerializationManager.o
 .ARM.extab     0x00020c94      0x208 ./Event.o
 .ARM.extab.text.startup
                0x00020e9c        0x0 ./Event.o
 .ARM.extab     0x00020e9c       0x94 ./InConnectionPoint.o
 .ARM.extab.text.startup
                0x00020f30        0x0 ./InConnectionPoint.o
 .ARM.extab.text.startup
                0x00020f30        0x0 ./JsonParameters.o
 .ARM.extab     0x00020f30       0x14 ./LogEntry.o
 .ARM.extab.text.startup
                0x00020f44        0x0 ./LogEntry.o
 .ARM.extab     0x00020f44       0x94 ./OutConnectionPoint.o
 .ARM.extab.text.startup
                0x00020fd8        0x0 ./OutConnectionPoint.o
 .ARM.extab     0x00020fd8      0x1fc ./Pinout.o
 .ARM.extab.text.startup
                0x000211d4        0x0 ./Pinout.o
 .ARM.extab     0x000211d4      0x220 ./Process.o
 .ARM.extab.text._ZN15DeviceParameterD2Ev
                0x000213f4        0x0 ./Process.o
 .ARM.extab.text._ZNSt4listIP15ConnectionPointSaIS1_EED2Ev
                0x000213f4        0x0 ./Process.o
 .ARM.extab.text._ZNSt4listIP15ConnectionPointSaIS1_EEaSERKS3_
                0x000213f4       0x18 ./Process.o
 .ARM.extab.text.startup
                0x0002140c        0x0 ./Process.o
 .ARM.extab     0x0002140c       0x48 ./Program.o
 .ARM.extab.text.startup
                0x00021454        0x0 ./Program.o
 .ARM.extab     0x00021454       0x18 ./Wire.o
 .ARM.extab.text.startup
                0x0002146c        0x0 ./Wire.o
 .ARM.extab     0x0002146c        0x0 ./Logging/BaseLogProvider.o
 .ARM.extab     0x0002146c      0x104 ./Logging/EventLogger.o
 .ARM.extab.text._ZNSt8_Rb_treeIiSt4pairIKiSsESt10_Select1stIS2_ESt4lessIiESaIS2_EE8_M_eraseEPSt13_Rb_tree_nodeIS2_E
                0x00021570        0x0 ./Logging/EventLogger.o
 .ARM.extab.text._ZNSt8_Rb_treeIiSt4pairIKiSsESt10_Select1stIS2_ESt4lessIiESaIS2_EE10_M_insert_EPKSt18_Rb_tree_node_baseSB_RKS2_
                0x00021570       0x28 ./Logging/EventLogger.o
 .ARM.extab.text._ZNSt8_Rb_treeIiSt4pairIKiSsESt10_Select1stIS2_ESt4lessIiESaIS2_EE16_M_insert_uniqueERKS2_
                0x00021598        0x0 ./Logging/EventLogger.o
 .ARM.extab.text._ZNSt8_Rb_treeIiSt4pairIKiSsESt10_Select1stIS2_ESt4lessIiESaIS2_EE17_M_insert_unique_ESt23_Rb_tree_const_iteratorIS2_ERKS2_
                0x00021598        0x0 ./Logging/EventLogger.o
 .ARM.extab.text.startup
                0x00021598        0x0 ./Logging/EventLogger.o
 .ARM.extab     0x00021598      0x1f8 ./Logging/JsonLogProvider.o
 .ARM.extab.text.startup
                0x00021790        0x0 ./Logging/JsonLogProvider.o
 .ARM.extab     0x00021790        0x0 ./Logging/SysLogProvider.o
 .ARM.extab.text.startup
                0x00021790        0x0 ./Logging/SysLogProvider.o
                0x00021790                PROVIDE (__exidx_start, .)

.ARM.exidx      0x00021790      0x610
 *(.ARM.exidx* .gnu.linkonce.armexidx.*)
 .ARM.exidx.text._ZN9ErrorItemD2Ev
                0x00021820        0x8 ./BaseDevice.o
 .ARM.exidx     0x00021798       0x88 ./BaseDevice.o
                                0x108 (size before relaxing)
 .ARM.exidx.text._ZN9ErrorItemD0Ev
                0x00021828        0x0 ./BaseDevice.o
                                  0x8 (size before relaxing)
 .ARM.exidx.text._ZStplIcSt11char_traitsIcESaIcEESbIT_T0_T1_EPKS3_RKS6_
                0x00021828        0x8 ./BaseDevice.o
 .ARM.exidx.text._ZStplIcSt11char_traitsIcESaIcEESbIT_T0_T1_ERKS6_S8_
                0x00021830        0x8 ./BaseDevice.o
 .ARM.exidx.text.startup
                0x00021790        0x8 ./BaseDevice.o
 .ARM.exidx.text._ZN13DriverCommandD2Ev
                0x00021858        0x8 ./BaseDriver.o
 .ARM.exidx.text._ZN13DriverCommandD0Ev
                0x00021860        0x0 ./BaseDriver.o
                                  0x8 (size before relaxing)
 .ARM.exidx     0x00021838       0x20 ./BaseDriver.o
 .ARM.exidx.text.startup
                0x00021798        0x0 ./BaseDriver.o
                                  0x8 (size before relaxing)
 .ARM.exidx     0x00021860       0x50 ./Command.o
                                 0x58 (size before relaxing)
 .ARM.exidx.text.startup
                0x00021798        0x0 ./Command.o
                                  0x8 (size before relaxing)
 .ARM.exidx     0x000218b0       0x58 ./Configuration.o
 .ARM.exidx.text._ZNSt8_Rb_treeISsSt4pairIKSsSsESt10_Select1stIS2_ESt4lessISsESaIS2_EE8_M_eraseEPSt13_Rb_tree_nodeIS2_E
                0x00021908        0x8 ./Configuration.o
 .ARM.exidx.text._ZNSt8_Rb_treeISsSt4pairIKSsSsESt10_Select1stIS2_ESt4lessISsESaIS2_EE10_M_insert_EPKSt18_Rb_tree_node_baseSB_RKS2_
                0x00021910        0x8 ./Configuration.o
 .ARM.exidx.text._ZNSt8_Rb_treeISsSt4pairIKSsSsESt10_Select1stIS2_ESt4lessISsESaIS2_EE16_M_insert_uniqueERKS2_
                0x00021918        0x8 ./Configuration.o
 .ARM.exidx.text._ZNSt8_Rb_treeISsSt4pairIKSsSsESt10_Select1stIS2_ESt4lessISsESaIS2_EE17_M_insert_unique_ESt23_Rb_tree_const_iteratorIS2_ERKS2_
                0x00021920        0x8 ./Configuration.o
 .ARM.exidx.text.startup
                0x00021798        0x0 ./Configuration.o
                                  0x8 (size before relaxing)
 .ARM.exidx     0x00021928       0x50 ./ConnectionPoint.o
                                 0xc8 (size before relaxing)
 .ARM.exidx.text.startup
                0x00021798        0x0 ./ConnectionPoint.o
                                  0x8 (size before relaxing)
 .ARM.exidx     0x00021978       0x50 ./Convert.o
 .ARM.exidx.text.startup
                0x00021798        0x0 ./Convert.o
                                  0x8 (size before relaxing)
 .ARM.exidx     0x000219c8       0x30 ./DataSerializationManager.o
                                 0x38 (size before relaxing)
 .ARM.exidx.text.startup
                0x00021798        0x0 ./DataSerializationManager.o
                                  0x8 (size before relaxing)
 .ARM.exidx     0x000219f8       0x60 ./Event.o
 .ARM.exidx.text.startup
                0x00021798        0x0 ./Event.o
                                  0x8 (size before relaxing)
 .ARM.exidx     0x00021a58       0x48 ./InConnectionPoint.o
                                 0x50 (size before relaxing)
 .ARM.exidx.text.startup
                0x00021798        0x0 ./InConnectionPoint.o
                                  0x8 (size before relaxing)
 .ARM.exidx.text.startup
                0x00021798        0x0 ./JsonParameters.o
                                  0x8 (size before relaxing)
 .ARM.exidx     0x00021aa0       0x30 ./LogEntry.o
                                 0x38 (size before relaxing)
 .ARM.exidx.text.startup
                0x00021798        0x0 ./LogEntry.o
                                  0x8 (size before relaxing)
 .ARM.exidx     0x00021ad0       0x48 ./OutConnectionPoint.o
                                 0x50 (size before relaxing)
 .ARM.exidx.text.startup
                0x00021798        0x0 ./OutConnectionPoint.o
                                  0x8 (size before relaxing)
 .ARM.exidx     0x00021b18       0x60 ./Pinout.o
                                 0x68 (size before relaxing)
 .ARM.exidx.text.startup
                0x00021798        0x0 ./Pinout.o
                                  0x8 (size before relaxing)
 .ARM.exidx     0x00021b78       0x48 ./Process.o
                                 0x60 (size before relaxing)
 .ARM.exidx.text._ZN15DeviceParameterD2Ev
                0x00021bc0        0x8 ./Process.o
 .ARM.exidx.text._ZNSt4listIP15ConnectionPointSaIS1_EED2Ev
                0x00021bc8        0x0 ./Process.o
                                  0x8 (size before relaxing)
 .ARM.exidx.text._ZNSt4listIP15ConnectionPointSaIS1_EEaSERKS3_
                0x00021bc8        0x8 ./Process.o
 .ARM.exidx.text.startup
                0x00021798        0x0 ./Process.o
                                  0x8 (size before relaxing)
 .ARM.exidx     0x00021bd0       0x60 ./Program.o
                                 0x68 (size before relaxing)
 .ARM.exidx.text.startup
                0x00021798        0x0 ./Program.o
                                  0x8 (size before relaxing)
 .ARM.exidx     0x00021c30       0x50 ./Wire.o
                                 0x58 (size before relaxing)
 .ARM.exidx.text.startup
                0x00021798        0x0 ./Wire.o
                                  0x8 (size before relaxing)
 .ARM.exidx     0x00021c80       0x18 ./Logging/BaseLogProvider.o
 .ARM.exidx     0x00021c98       0x58 ./Logging/EventLogger.o
                                 0x88 (size before relaxing)
 .ARM.exidx.text._ZNSt8_Rb_treeIiSt4pairIKiSsESt10_Select1stIS2_ESt4lessIiESaIS2_EE8_M_eraseEPSt13_Rb_tree_nodeIS2_E
                0x00021cf0        0x8 ./Logging/EventLogger.o
 .ARM.exidx.text._ZNSt8_Rb_treeIiSt4pairIKiSsESt10_Select1stIS2_ESt4lessIiESaIS2_EE10_M_insert_EPKSt18_Rb_tree_node_baseSB_RKS2_
                0x00021cf8        0x8 ./Logging/EventLogger.o
 .ARM.exidx.text._ZNSt8_Rb_treeIiSt4pairIKiSsESt10_Select1stIS2_ESt4lessIiESaIS2_EE16_M_insert_uniqueERKS2_
                0x00021d00        0x8 ./Logging/EventLogger.o
 .ARM.exidx.text._ZNSt8_Rb_treeIiSt4pairIKiSsESt10_Select1stIS2_ESt4lessIiESaIS2_EE17_M_insert_unique_ESt23_Rb_tree_const_iteratorIS2_ERKS2_
                0x00021d08        0x8 ./Logging/EventLogger.o
 .ARM.exidx.text.startup
                0x00021798        0x0 ./Logging/EventLogger.o
                                  0x8 (size before relaxing)
 .ARM.exidx     0x00021d10       0x70 ./Logging/JsonLogProvider.o
                                 0x78 (size before relaxing)
 .ARM.exidx.text.startup
                0x00021798        0x0 ./Logging/JsonLogProvider.o
                                  0x8 (size before relaxing)
 .ARM.exidx     0x00021d80       0x20 ./Logging/SysLogProvider.o
                                 0x70 (size before relaxing)
 .ARM.exidx.text.startup
                0x00021798        0x0 ./Logging/SysLogProvider.o
                                  0x8 (size before relaxing)
                0x00021da0                PROVIDE (__exidx_end, .)

.eh_frame_hdr   0x00021da0        0x0
 *(.eh_frame_hdr)
 .eh_frame_hdr  0x00000000        0x0 /usr/lib/gcc/arm-linux-gnueabihf/4.6/../../../arm-linux-gnueabihf/crtn.o

.eh_frame       0x00021da0        0x4
 *(.eh_frame)
 .eh_frame      0x00021da0        0x4 /usr/lib/gcc/arm-linux-gnueabihf/4.6/crtendS.o

.gcc_except_table
 *(.gcc_except_table .gcc_except_table.*)

.exception_ranges
 *(.exception_ranges .exception_ranges*)
                0x00021da4                . = (ALIGN (0x8000) - ((0x8000 - .) & 0x7fff))
                0x0002a000                . = DATA_SEGMENT_ALIGN (0x8000, 0x1000)

.eh_frame
 *(.eh_frame)

.gcc_except_table
 *(.gcc_except_table .gcc_except_table.*)

.exception_ranges
 *(.exception_ranges .exception_ranges*)

.tdata
 *(.tdata .tdata.* .gnu.linkonce.td.*)

.tbss
 *(.tbss .tbss.* .gnu.linkonce.tb.*)
 *(.tcommon)

.preinit_array
 *(.preinit_array)

.init_array     0x0002a000       0x50
 *(SORT(.init_array.*) SORT(.ctors.*))
 *(.init_array)
 .init_array    0x0002a000        0x4 /usr/lib/gcc/arm-linux-gnueabihf/4.6/crtbeginS.o
 .init_array    0x0002a004        0x4 ./BaseDevice.o
 .init_array    0x0002a008        0x4 ./BaseDriver.o
 .init_array    0x0002a00c        0x4 ./Command.o
 .init_array    0x0002a010        0x4 ./Configuration.o
 .init_array    0x0002a014        0x4 ./ConnectionPoint.o
 .init_array    0x0002a018        0x4 ./Convert.o
 .init_array    0x0002a01c        0x4 ./DataSerializationManager.o
 .init_array    0x0002a020        0x4 ./Event.o
 .init_array    0x0002a024        0x4 ./InConnectionPoint.o
 .init_array    0x0002a028        0x4 ./JsonParameters.o
 .init_array    0x0002a02c        0x4 ./LogEntry.o
 .init_array    0x0002a030        0x4 ./OutConnectionPoint.o
 .init_array    0x0002a034        0x4 ./Pinout.o
 .init_array    0x0002a038        0x4 ./Process.o
 .init_array    0x0002a03c        0x4 ./Program.o
 .init_array    0x0002a040        0x4 ./Wire.o
 .init_array    0x0002a044        0x4 ./Logging/EventLogger.o
 .init_array    0x0002a048        0x4 ./Logging/JsonLogProvider.o
 .init_array    0x0002a04c        0x4 ./Logging/SysLogProvider.o
 *(EXCLUDE_FILE(*crtend?.o *crtend.o *crtbegin?.o *crtbegin.o) .ctors)

.fini_array     0x0002a050        0x4
 *(SORT(.fini_array.*) SORT(.dtors.*))
 *(.fini_array)
 .fini_array    0x0002a050        0x4 /usr/lib/gcc/arm-linux-gnueabihf/4.6/crtbeginS.o
 *(EXCLUDE_FILE(*crtend?.o *crtend.o *crtbegin?.o *crtbegin.o) .dtors)

.ctors
 *crtbegin.o(.ctors)
 *crtbegin?.o(.ctors)
 *(EXCLUDE_FILE(*crtend?.o *crtend.o) .ctors)
 *(SORT(.ctors.*))
 *(.ctors)

.dtors
 *crtbegin.o(.dtors)
 *crtbegin?.o(.dtors)
 *(EXCLUDE_FILE(*crtend?.o *crtend.o) .dtors)
 *(SORT(.dtors.*))
 *(.dtors)

.jcr            0x0002a054        0x4
 *(.jcr)
 .jcr           0x0002a054        0x0 /usr/lib/gcc/arm-linux-gnueabihf/4.6/crtbeginS.o
 .jcr           0x0002a054        0x4 /usr/lib/gcc/arm-linux-gnueabihf/4.6/crtendS.o

.data.rel.ro    0x0002a058      0x438
 *(.data.rel.ro.local* .gnu.linkonce.d.rel.ro.local.*)
 *(.data.rel.ro* .gnu.linkonce.d.rel.ro.*)
 .data.rel.ro._ZTV13IValueChanged
                0x0002a058       0x10 ./BaseDevice.o
                0x0002a058                _ZTV13IValueChanged
 .data.rel.ro._ZTV13IRefreshValue
                0x0002a068       0x10 ./BaseDevice.o
                0x0002a068                _ZTV13IRefreshValue
 .data.rel.ro._ZTI13IRefreshValue
                0x0002a078        0x8 ./BaseDevice.o
                0x0002a078                _ZTI13IRefreshValue
 .data.rel.ro._ZTI13IValueChanged
                0x0002a080        0x8 ./BaseDevice.o
                0x0002a080                _ZTI13IValueChanged
 .data.rel.ro._ZTV9ErrorItem
                0x0002a088       0x10 ./BaseDevice.o
                0x0002a088                _ZTV9ErrorItem
 .data.rel.ro._ZTI9ErrorItem
                0x0002a098        0x8 ./BaseDevice.o
                0x0002a098                _ZTI9ErrorItem
 .data.rel.ro   0x0002a0a0       0x88 ./BaseDevice.o
                0x0002a0a0                _ZTI10BaseDevice
                0x0002a0c0                _ZTV10BaseDevice
 .data.rel.ro._ZTV13DriverCommand
                0x0002a128       0x18 ./BaseDriver.o
                0x0002a128                _ZTV13DriverCommand
 .data.rel.ro._ZTI13DriverCommand
                0x0002a140        0x8 ./BaseDriver.o
                0x0002a140                _ZTI13DriverCommand
 .data.rel.ro   0x0002a148       0x48 ./BaseDriver.o
                0x0002a148                _ZTI10BaseDriver
                0x0002a158                _ZTV10BaseDriver
 .data.rel.ro   0x0002a190       0x20 ./Command.o
                0x0002a190                _ZTI7Command
                0x0002a198                _ZTV7Command
 .data.rel.ro   0x0002a1b0       0x18 ./Configuration.o
                0x0002a1b0                _ZTI13Configuration
                0x0002a1b8                _ZTV13Configuration
 .data.rel.ro   0x0002a1c8       0x30 ./ConnectionPoint.o
                0x0002a1c8                _ZTI15ConnectionPoint
                0x0002a1d0                _ZTV15ConnectionPoint
 .data.rel.ro   0x0002a1f8       0x18 ./DataSerializationManager.o
                0x0002a1f8                _ZTI24DataSerializationManager
                0x0002a200                _ZTV24DataSerializationManager
 .data.rel.ro   0x0002a210       0x20 ./Event.o
                0x0002a210                _ZTI5Event
                0x0002a218                _ZTV5Event
 .data.rel.ro   0x0002a230       0x38 ./InConnectionPoint.o
                0x0002a230                _ZTI17InConnectionPoint
                0x0002a240                _ZTV17InConnectionPoint
 .data.rel.ro   0x0002a268       0x18 ./LogEntry.o
                0x0002a268                _ZTI8LogEntry
                0x0002a270                _ZTV8LogEntry
 .data.rel.ro   0x0002a280       0x38 ./OutConnectionPoint.o
                0x0002a280                _ZTI18OutConnectionPoint
                0x0002a290                _ZTV18OutConnectionPoint
 .data.rel.ro   0x0002a2b8       0x18 ./Pinout.o
                0x0002a2b8                _ZTI6Pinout
                0x0002a2c0                _ZTV6Pinout
 .data.rel.ro._ZTV13IErrorHandler
                0x0002a2d0       0x10 ./Process.o
                0x0002a2d0                _ZTV13IErrorHandler
 .data.rel.ro._ZTI13IErrorHandler
                0x0002a2e0        0x8 ./Process.o
                0x0002a2e0                _ZTI13IErrorHandler
 .data.rel.ro   0x0002a2e8       0x28 ./Process.o
                0x0002a2e8                _ZTI7Process
                0x0002a2f8                _ZTV7Process
 .data.rel.ro   0x0002a310       0x18 ./Program.o
                0x0002a310                _ZTI7Program
                0x0002a318                _ZTV7Program
 .data.rel.ro   0x0002a328       0x48 ./Wire.o
                0x0002a328                _ZTI4Wire
                0x0002a348                _ZTV4Wire
 .data.rel.ro   0x0002a370       0x40 ./Logging/BaseLogProvider.o
                0x0002a370                _ZTI15BaseLogProvider
                0x0002a378                _ZTV15BaseLogProvider
 .data.rel.ro   0x0002a3b0       0x38 ./Logging/EventLogger.o
                0x0002a3b0                _ZTI11EventLogger
                0x0002a3b8                _ZTV11EventLogger
 .data.rel.ro   0x0002a3e8       0x50 ./Logging/JsonLogProvider.o
                0x0002a3e8                _ZTI15JsonLogProvider
                0x0002a400                _ZTV15JsonLogProvider
 .data.rel.ro   0x0002a438       0x58 ./Logging/SysLogProvider.o
                0x0002a438                _ZTI14SysLogProvider
                0x0002a450                _ZTV14SysLogProvider

.dynamic        0x0002a490      0x100
 *(.dynamic)
 .dynamic       0x0002a490      0x100 /usr/lib/gcc/arm-linux-gnueabihf/4.6/../../../arm-linux-gnueabihf/crti.o
                0x0002a490                _DYNAMIC
                0x0002a590                . = DATA_SEGMENT_RELRO_END (., 0x0)

.got            0x0002a590      0x43c
 *(.got.plt)
 .got.plt       0x0002a590      0x29c /usr/lib/gcc/arm-linux-gnueabihf/4.6/../../../arm-linux-gnueabihf/crti.o
                0x0002a590                _GLOBAL_OFFSET_TABLE_
 *(.igot.plt)
 .igot.plt      0x00000000        0x0 /usr/lib/gcc/arm-linux-gnueabihf/4.6/../../../arm-linux-gnueabihf/crti.o
 *(.got)
 .got           0x0002a82c      0x1a0 /usr/lib/gcc/arm-linux-gnueabihf/4.6/../../../arm-linux-gnueabihf/crti.o
 *(.igot)

.data           0x0002a9cc        0x4
                0x0002a9cc                PROVIDE (__data_start, .)
 *(.data .data.* .gnu.linkonce.d.*)
 .data          0x0002a9cc        0x0 /usr/lib/gcc/arm-linux-gnueabihf/4.6/../../../arm-linux-gnueabihf/crti.o
 .data          0x0002a9cc        0x0 /usr/lib/gcc/arm-linux-gnueabihf/4.6/crtbeginS.o
 .data.rel      0x0002a9cc        0x4 /usr/lib/gcc/arm-linux-gnueabihf/4.6/crtbeginS.o
                0x0002a9cc                __dso_handle
 .data          0x0002a9d0        0x0 ./BaseDevice.o
 .data          0x0002a9d0        0x0 ./BaseDriver.o
 .data          0x0002a9d0        0x0 ./Command.o
 .data          0x0002a9d0        0x0 ./Configuration.o
 .data          0x0002a9d0        0x0 ./ConnectionPoint.o
 .data          0x0002a9d0        0x0 ./Convert.o
 .data          0x0002a9d0        0x0 ./DataSerializationManager.o
 .data          0x0002a9d0        0x0 ./Event.o
 .data          0x0002a9d0        0x0 ./InConnectionPoint.o
 .data          0x0002a9d0        0x0 ./JsonParameters.o
 .data          0x0002a9d0        0x0 ./LogEntry.o
 .data          0x0002a9d0        0x0 ./OutConnectionPoint.o
 .data          0x0002a9d0        0x0 ./Pinout.o
 .data          0x0002a9d0        0x0 ./Process.o
 .data          0x0002a9d0        0x0 ./Program.o
 .data          0x0002a9d0        0x0 ./Wire.o
 .data          0x0002a9d0        0x0 ./Logging/BaseLogProvider.o
 .data          0x0002a9d0        0x0 ./Logging/EventLogger.o
 .data          0x0002a9d0        0x0 ./Logging/JsonLogProvider.o
 .data          0x0002a9d0        0x0 ./Logging/SysLogProvider.o
 .data          0x0002a9d0        0x0 /usr/lib/gcc/arm-linux-gnueabihf/4.6/crtendS.o
 .data          0x0002a9d0        0x0 /usr/lib/gcc/arm-linux-gnueabihf/4.6/../../../arm-linux-gnueabihf/crtn.o

.data1
 *(.data1)
                0x0002a9d0                _edata = .
                0x0002a9d0                PROVIDE (edata, .)
                0x0002a9d0                __bss_start = .
                0x0002a9d0                __bss_start__ = .

.bss            0x0002a9d0      0x15c
 *(.dynbss)
 .dynbss        0x00000000        0x0 /usr/lib/gcc/arm-linux-gnueabihf/4.6/../../../arm-linux-gnueabihf/crti.o
 *(.bss .bss.* .gnu.linkonce.b.*)
 .bss           0x0002a9d0        0x0 /usr/lib/gcc/arm-linux-gnueabihf/4.6/../../../arm-linux-gnueabihf/crti.o
 .bss           0x0002a9d0        0x1 /usr/lib/gcc/arm-linux-gnueabihf/4.6/crtbeginS.o
 *fill*         0x0002a9d1        0x3 00
 .bss           0x0002a9d4        0x4 ./BaseDevice.o
 .bss           0x0002a9d8        0x4 ./BaseDriver.o
 .bss           0x0002a9dc        0x4 ./Command.o
 .bss           0x0002a9e0        0x8 ./Configuration.o
                0x0002a9e4                _ZN13Configuration8instanceE
 .bss           0x0002a9e8        0x4 ./ConnectionPoint.o
 .bss           0x0002a9ec        0x4 ./Convert.o
 .bss           0x0002a9f0        0x4 ./DataSerializationManager.o
 .bss           0x0002a9f4        0x4 ./Event.o
 .bss           0x0002a9f8        0x4 ./InConnectionPoint.o
 .bss           0x0002a9fc      0x108 ./JsonParameters.o
                0x0002a9fc                _ZN14JsonParameters12SettingValueE
                0x0002aa00                _ZN14JsonParameters15SettingDataTypeE
                0x0002aa04                _ZN14JsonParameters11SettingNameE
                0x0002aa08                _ZN14JsonParameters12ErrorMessageE
                0x0002aa0c                _ZN14JsonParameters9ErrorCodeE
                0x0002aa10                _ZN14JsonParameters15OperationStatusE
                0x0002aa14                _ZN14JsonParameters22CustomDeviceAddOnPropsE
                0x0002aa18                _ZN14JsonParameters20CustomDeviceBaseTypeE
                0x0002aa1c                _ZN14JsonParameters16CustomDeviceNameE
                0x0002aa20                _ZN14JsonParameters12CustomDeviceE
                0x0002aa24                _ZN14JsonParameters14ConnPointLabelE
                0x0002aa28                _ZN14JsonParameters25DevicePropertyDescriptionE
                0x0002aa2c                _ZN14JsonParameters18DevicePropertyTypeE
                0x0002aa30                _ZN14JsonParameters19DevicePropertyValueE
                0x0002aa34                _ZN14JsonParameters17DevicePropertyKeyE
                0x0002aa38                _ZN14JsonParameters16DevicePropertiesE
                0x0002aa3c                _ZN14JsonParameters21OutConnPointDirectionE
                0x0002aa40                _ZN14JsonParameters20InConnPointDirectionE
                0x0002aa44                _ZN14JsonParameters11DescriptionE
                0x0002aa48                _ZN14JsonParameters9ParameterE
                0x0002aa4c                _ZN14JsonParameters6PinoutE
                0x0002aa50                _ZN14JsonParameters7PinoutsE
                0x0002aa54                _ZN14JsonParameters9DirectionE
                0x0002aa58                _ZN14JsonParameters20ConnectionPointValueE
                0x0002aa5c                _ZN14JsonParameters15ConnectionPointE
                0x0002aa60                _ZN14JsonParameters22DeviceConnectionPointsE
                0x0002aa64                _ZN14JsonParameters16ProgramIsRunningE
                0x0002aa68                _ZN14JsonParameters16ProgramAutoStartE
                0x0002aa6c                _ZN14JsonParameters9ProgramIdE
                0x0002aa70                _ZN14JsonParameters11ProgramNameE
                0x0002aa74                _ZN14JsonParameters15ParameterTargetE
                0x0002aa78                _ZN14JsonParameters15ParameterSourceE
                0x0002aa7c                _ZN14JsonParameters17ConnectionPointIdE
                0x0002aa80                _ZN14JsonParameters8DeviceIdE
                0x0002aa84                _ZN14JsonParameters8PinoutIdE
                0x0002aa88                _ZN14JsonParameters10DriverTypeE
                0x0002aa8c                _ZN14JsonParameters10ParametersE
                0x0002aa90                _ZN14JsonParameters6TargetE
                0x0002aa94                _ZN14JsonParameters6SourceE
                0x0002aa98                _ZN14JsonParameters12EventMappingE
                0x0002aa9c                _ZN14JsonParameters14CommandMappingE
                0x0002aaa0                _ZN14JsonParameters18ProgramDescriptionE
                0x0002aaa4                _ZN14JsonParameters9ProjectIdE
                0x0002aaa8                _ZN14JsonParameters2IdE
                0x0002aaac                _ZN14JsonParameters23UpcbWireConnectionPointE
                0x0002aab0                _ZN14JsonParameters16ConnectionPointsE
                0x0002aab4                _ZN14JsonParameters9PowerWireE
                0x0002aab8                _ZN14JsonParameters10DeviceTypeE
                0x0002aabc                _ZN14JsonParameters6DeviceE
                0x0002aac0                _ZN14JsonParameters7DevicesE
                0x0002aac4                _ZN14JsonParameters4WireE
                0x0002aac8                _ZN14JsonParameters5WiresE
                0x0002aacc                _ZN14JsonParameters7MappingE
                0x0002aad0                _ZN14JsonParameters7ProgramE
                0x0002aad4                _ZN14JsonParameters6DriverE
                0x0002aad8                _ZN14JsonParameters5ValueE
                0x0002aadc                _ZN14JsonParameters8DataTypeE
                0x0002aae0                _ZN14JsonParameters3KeyE
                0x0002aae4                _ZN14JsonParameters15EventParametersE
                0x0002aae8                _ZN14JsonParameters6EventsE
                0x0002aaec                _ZN14JsonParameters5EventE
                0x0002aaf0                _ZN14JsonParameters8CommandsE
                0x0002aaf4                _ZN14JsonParameters7CommandE
                0x0002aaf8                _ZN14JsonParameters13CmdParametersE
                0x0002aafc                _ZN14JsonParameters11DisplayNameE
                0x0002ab00                _ZN14JsonParameters4NameE
 .bss           0x0002ab04        0x4 ./LogEntry.o
 .bss           0x0002ab08        0x4 ./OutConnectionPoint.o
 .bss           0x0002ab0c        0x4 ./Pinout.o
 .bss           0x0002ab10        0x4 ./Process.o
 .bss           0x0002ab14        0x4 ./Program.o
 .bss           0x0002ab18        0x4 ./Wire.o
 .bss           0x0002ab1c        0x0 ./Logging/BaseLogProvider.o
 .bss           0x0002ab1c        0x8 ./Logging/EventLogger.o
                0x0002ab20                _ZN11EventLogger8instanceE
 .bss           0x0002ab24        0x4 ./Logging/JsonLogProvider.o
 .bss           0x0002ab28        0x4 ./Logging/SysLogProvider.o
 .bss           0x0002ab2c        0x0 /usr/lib/gcc/arm-linux-gnueabihf/4.6/crtendS.o
 .bss           0x0002ab2c        0x0 /usr/lib/gcc/arm-linux-gnueabihf/4.6/../../../arm-linux-gnueabihf/crtn.o
 *(COMMON)
                0x0002ab2c                . = ALIGN ((. != 0x0)?0x4:0x1)
                0x0002ab2c                _bss_end__ = .
                0x0002ab2c                __bss_end__ = .
                0x0002ab2c                . = ALIGN (0x4)
                0x0002ab2c                . = ALIGN (0x4)
                0x0002ab2c                __end__ = .
                0x0002ab2c                _end = .
                0x0002ab2c                PROVIDE (end, .)
                0x0002ab2c                . = DATA_SEGMENT_END (.)

.stab
 *(.stab)

.stabstr
 *(.stabstr)

.stab.excl
 *(.stab.excl)

.stab.exclstr
 *(.stab.exclstr)

.stab.index
 *(.stab.index)

.stab.indexstr
 *(.stab.indexstr)

.comment        0x00000000       0x22
 *(.comment)
 .comment       0x00000000       0x22 /usr/lib/gcc/arm-linux-gnueabihf/4.6/crtbeginS.o
                                 0x23 (size before relaxing)
 .comment       0x00000000       0x23 ./BaseDevice.o
 .comment       0x00000000       0x23 ./BaseDriver.o
 .comment       0x00000000       0x23 ./Command.o
 .comment       0x00000000       0x23 ./Configuration.o
 .comment       0x00000000       0x23 ./ConnectionPoint.o
 .comment       0x00000000       0x23 ./Convert.o
 .comment       0x00000000       0x23 ./DataSerializationManager.o
 .comment       0x00000000       0x23 ./Event.o
 .comment       0x00000000       0x23 ./InConnectionPoint.o
 .comment       0x00000000       0x23 ./JsonParameters.o
 .comment       0x00000000       0x23 ./LogEntry.o
 .comment       0x00000000       0x23 ./OutConnectionPoint.o
 .comment       0x00000000       0x23 ./Pinout.o
 .comment       0x00000000       0x23 ./Process.o
 .comment       0x00000000       0x23 ./Program.o
 .comment       0x00000000       0x23 ./Wire.o
 .comment       0x00000000       0x23 ./Logging/BaseLogProvider.o
 .comment       0x00000000       0x23 ./Logging/EventLogger.o
 .comment       0x00000000       0x23 ./Logging/JsonLogProvider.o
 .comment       0x00000000       0x23 ./Logging/SysLogProvider.o
 .comment       0x00000000       0x23 /usr/lib/gcc/arm-linux-gnueabihf/4.6/crtendS.o

.ARM.attributes
                0x00000000       0x31
 .ARM.attributes
                0x00000000       0x31 /usr/lib/gcc/arm-linux-gnueabihf/4.6/../../../arm-linux-gnueabihf/crti.o
 .ARM.attributes
                0x00000031       0x31 /usr/lib/gcc/arm-linux-gnueabihf/4.6/crtbeginS.o
 .ARM.attributes
                0x00000062       0x31 ./BaseDevice.o
 .ARM.attributes
                0x00000093       0x31 ./BaseDriver.o
 .ARM.attributes
                0x000000c4       0x31 ./Command.o
 .ARM.attributes
                0x000000f5       0x31 ./Configuration.o
 .ARM.attributes
                0x00000126       0x31 ./ConnectionPoint.o
 .ARM.attributes
                0x00000157       0x31 ./Convert.o
 .ARM.attributes
                0x00000188       0x31 ./DataSerializationManager.o
 .ARM.attributes
                0x000001b9       0x31 ./Event.o
 .ARM.attributes
                0x000001ea       0x31 ./InConnectionPoint.o
 .ARM.attributes
                0x0000021b       0x31 ./JsonParameters.o
 .ARM.attributes
                0x0000024c       0x31 ./LogEntry.o
 .ARM.attributes
                0x0000027d       0x31 ./OutConnectionPoint.o
 .ARM.attributes
                0x000002ae       0x31 ./Pinout.o
 .ARM.attributes
                0x000002df       0x31 ./Process.o
 .ARM.attributes
                0x00000310       0x31 ./Program.o
 .ARM.attributes
                0x00000341       0x31 ./Wire.o
 .ARM.attributes
                0x00000372       0x31 ./Logging/BaseLogProvider.o
 .ARM.attributes
                0x000003a3       0x31 ./Logging/EventLogger.o
 .ARM.attributes
                0x000003d4       0x31 ./Logging/JsonLogProvider.o
 .ARM.attributes
                0x00000405       0x31 ./Logging/SysLogProvider.o
 .ARM.attributes
                0x00000436       0x31 /usr/lib/gcc/arm-linux-gnueabihf/4.6/crtendS.o
 .ARM.attributes
                0x00000467       0x31 /usr/lib/gcc/arm-linux-gnueabihf/4.6/../../../arm-linux-gnueabihf/crtn.o

.debug
 *(.debug)

.line
 *(.line)

.debug_srcinfo
 *(.debug_srcinfo)

.debug_sfnames
 *(.debug_sfnames)

.debug_aranges  0x00000000      0x400
 *(.debug_aranges)
 .debug_aranges
                0x00000000       0x48 ./BaseDevice.o
 .debug_aranges
                0x00000048       0x48 ./BaseDriver.o
 .debug_aranges
                0x00000090       0x38 ./Command.o
 .debug_aranges
                0x000000c8       0x50 ./Configuration.o
 .debug_aranges
                0x00000118       0x30 ./ConnectionPoint.o
 .debug_aranges
                0x00000148       0x28 ./Convert.o
 .debug_aranges
                0x00000170       0x28 ./DataSerializationManager.o
 .debug_aranges
                0x00000198       0x38 ./Event.o
 .debug_aranges
                0x000001d0       0x28 ./InConnectionPoint.o
 .debug_aranges
                0x000001f8       0x20 ./JsonParameters.o
 .debug_aranges
                0x00000218       0x28 ./LogEntry.o
 .debug_aranges
                0x00000240       0x28 ./OutConnectionPoint.o
 .debug_aranges
                0x00000268       0x38 ./Pinout.o
 .debug_aranges
                0x000002a0       0x50 ./Process.o
 .debug_aranges
                0x000002f0       0x28 ./Program.o
 .debug_aranges
                0x00000318       0x28 ./Wire.o
 .debug_aranges
                0x00000340       0x20 ./Logging/BaseLogProvider.o
 .debug_aranges
                0x00000360       0x48 ./Logging/EventLogger.o
 .debug_aranges
                0x000003a8       0x30 ./Logging/JsonLogProvider.o
 .debug_aranges
                0x000003d8       0x28 ./Logging/SysLogProvider.o

.debug_pubnames
 *(.debug_pubnames)

.debug_info     0x00000000    0x94a1f
 *(.debug_info .gnu.linkonce.wi.*)
 .debug_info    0x00000000    0x11dd3 ./BaseDevice.o
 .debug_info    0x00011dd3     0x8bca ./BaseDriver.o
 .debug_info    0x0001a99d     0x945e ./Command.o
 .debug_info    0x00023dfb     0xc816 ./Configuration.o
 .debug_info    0x00030611     0x5629 ./ConnectionPoint.o
 .debug_info    0x00035c3a     0x474d ./Convert.o
 .debug_info    0x0003a387     0x51ec ./DataSerializationManager.o
 .debug_info    0x0003f573     0x92d1 ./Event.o
 .debug_info    0x00048844     0x3fcb ./InConnectionPoint.o
 .debug_info    0x0004c80f     0x35a1 ./JsonParameters.o
 .debug_info    0x0004fdb0     0x36ce ./LogEntry.o
 .debug_info    0x0005347e     0x3fe4 ./OutConnectionPoint.o
 .debug_info    0x00057462     0xe15f ./Pinout.o
 .debug_info    0x000655c1     0xf01b ./Process.o
 .debug_info    0x000745dc     0x79a5 ./Program.o
 .debug_info    0x0007bf81     0x3fac ./Wire.o
 .debug_info    0x0007ff2d      0x323 ./Logging/BaseLogProvider.o
 .debug_info    0x00080250     0xab8f ./Logging/EventLogger.o
 .debug_info    0x0008addf     0x83d2 ./Logging/JsonLogProvider.o
 .debug_info    0x000931b1     0x186e ./Logging/SysLogProvider.o

.debug_abbrev   0x00000000     0xa157
 *(.debug_abbrev)
 .debug_abbrev  0x00000000      0xac5 ./BaseDevice.o
 .debug_abbrev  0x00000ac5      0x893 ./BaseDriver.o
 .debug_abbrev  0x00001358      0x8f0 ./Command.o
 .debug_abbrev  0x00001c48      0xa17 ./Configuration.o
 .debug_abbrev  0x0000265f      0x8aa ./ConnectionPoint.o
 .debug_abbrev  0x00002f09      0x7df ./Convert.o
 .debug_abbrev  0x000036e8      0x882 ./DataSerializationManager.o
 .debug_abbrev  0x00003f6a      0x8d0 ./Event.o
 .debug_abbrev  0x0000483a      0x7b5 ./InConnectionPoint.o
 .debug_abbrev  0x00004fef      0x583 ./JsonParameters.o
 .debug_abbrev  0x00005572      0x732 ./LogEntry.o
 .debug_abbrev  0x00005ca4      0x7cd ./OutConnectionPoint.o
 .debug_abbrev  0x00006471      0x97c ./Pinout.o
 .debug_abbrev  0x00006ded      0xa44 ./Process.o
 .debug_abbrev  0x00007831      0x91d ./Program.o
 .debug_abbrev  0x0000814e      0x7f6 ./Wire.o
 .debug_abbrev  0x00008944      0x165 ./Logging/BaseLogProvider.o
 .debug_abbrev  0x00008aa9      0x99a ./Logging/EventLogger.o
 .debug_abbrev  0x00009443      0x8d6 ./Logging/JsonLogProvider.o
 .debug_abbrev  0x00009d19      0x43e ./Logging/SysLogProvider.o

.debug_line     0x00000000    0x11d57
 *(.debug_line)
 .debug_line    0x00000000     0x196b ./BaseDevice.o
 .debug_line    0x0000196b      0xd65 ./BaseDriver.o
 .debug_line    0x000026d0     0x12b5 ./Command.o
 .debug_line    0x00003985     0x16a3 ./Configuration.o
 .debug_line    0x00005028      0xdb1 ./ConnectionPoint.o
 .debug_line    0x00005dd9      0xc22 ./Convert.o
 .debug_line    0x000069fb      0xb8b ./DataSerializationManager.o
 .debug_line    0x00007586     0x119c ./Event.o
 .debug_line    0x00008722      0xb62 ./InConnectionPoint.o
 .debug_line    0x00009284      0x69d ./JsonParameters.o
 .debug_line    0x00009921      0x7ef ./LogEntry.o
 .debug_line    0x0000a110      0xb5d ./OutConnectionPoint.o
 .debug_line    0x0000ac6d     0x12c7 ./Pinout.o
 .debug_line    0x0000bf34     0x1ac9 ./Process.o
 .debug_line    0x0000d9fd      0xd04 ./Program.o
 .debug_line    0x0000e701      0xbc8 ./Wire.o
 .debug_line    0x0000f2c9       0x6d ./Logging/BaseLogProvider.o
 .debug_line    0x0000f336     0x1158 ./Logging/EventLogger.o
 .debug_line    0x0001048e     0x106e ./Logging/JsonLogProvider.o
 .debug_line    0x000114fc      0x85b ./Logging/SysLogProvider.o

.debug_frame    0x00000000     0x1f24
 *(.debug_frame)
 .debug_frame   0x00000000      0x350 ./BaseDevice.o
 .debug_frame   0x00000350      0x110 ./BaseDriver.o
 .debug_frame   0x00000460      0x1b0 ./Command.o
 .debug_frame   0x00000610      0x260 ./Configuration.o
 .debug_frame   0x00000870      0x24c ./ConnectionPoint.o
 .debug_frame   0x00000abc      0x160 ./Convert.o
 .debug_frame   0x00000c1c       0xe4 ./DataSerializationManager.o
 .debug_frame   0x00000d00      0x1d8 ./Event.o
 .debug_frame   0x00000ed8      0x13c ./InConnectionPoint.o
 .debug_frame   0x00001014       0x34 ./JsonParameters.o
 .debug_frame   0x00001048       0xe0 ./LogEntry.o
 .debug_frame   0x00001128      0x13c ./OutConnectionPoint.o
 .debug_frame   0x00001264      0x1fc ./Pinout.o
 .debug_frame   0x00001460      0x1f4 ./Process.o
 .debug_frame   0x00001654      0x160 ./Program.o
 .debug_frame   0x000017b4      0x144 ./Wire.o
 .debug_frame   0x000018f8       0x48 ./Logging/BaseLogProvider.o
 .debug_frame   0x00001940      0x2c0 ./Logging/EventLogger.o
 .debug_frame   0x00001c00      0x1f4 ./Logging/JsonLogProvider.o
 .debug_frame   0x00001df4      0x130 ./Logging/SysLogProvider.o

.debug_str      0x00000000    0x1bdb3
 *(.debug_str)
 .debug_str     0x00000000     0x8acf ./BaseDevice.o
                               0x909f (size before relaxing)
 .debug_str     0x00008acf     0x23f4 ./BaseDriver.o
                               0x4b87 (size before relaxing)
 .debug_str     0x0000aec3     0x17c5 ./Command.o
                               0x3ec1 (size before relaxing)
 .debug_str     0x0000c688     0x4d2c ./Configuration.o
                               0x730d (size before relaxing)
 .debug_str     0x000113b4      0x47c ./ConnectionPoint.o
                               0x27be (size before relaxing)
 .debug_str     0x00011830      0x2c8 ./Convert.o
                               0x24db (size before relaxing)
 .debug_str     0x00011af8      0x44f ./DataSerializationManager.o
                               0x2dcb (size before relaxing)
 .debug_str     0x00011f47      0x4a2 ./Event.o
                               0x3ce0 (size before relaxing)
 .debug_str     0x000123e9      0x18e ./InConnectionPoint.o
                               0x23e7 (size before relaxing)
 .debug_str     0x00012577      0xb94 ./JsonParameters.o
                               0x2a4a (size before relaxing)
 .debug_str     0x0001310b       0xc8 ./LogEntry.o
                               0x2091 (size before relaxing)
 .debug_str     0x000131d3      0x190 ./OutConnectionPoint.o
                               0x23f9 (size before relaxing)
 .debug_str     0x00013363      0x245 ./Pinout.o
                               0x762b (size before relaxing)
 .debug_str     0x000135a8     0x25fd ./Process.o
                               0x67ca (size before relaxing)
 .debug_str     0x00015ba5     0x1067 ./Program.o
                               0x4957 (size before relaxing)
 .debug_str     0x00016c0c      0x25c ./Wire.o
                               0x2788 (size before relaxing)
 .debug_str     0x00016e68      0x236 ./Logging/BaseLogProvider.o
                                0x2a4 (size before relaxing)
 .debug_str     0x0001709e     0x45b1 ./Logging/EventLogger.o
                               0x7072 (size before relaxing)
 .debug_str     0x0001b64f      0x577 ./Logging/JsonLogProvider.o
                               0x3d1a (size before relaxing)
 .debug_str     0x0001bbc6      0x1ed ./Logging/SysLogProvider.o
                                0xc18 (size before relaxing)

.debug_loc      0x00000000    0x4cc90
 *(.debug_loc)
 .debug_loc     0x00000000    0x10d4a ./BaseDevice.o
 .debug_loc     0x00010d4a     0x35f3 ./BaseDriver.o
 .debug_loc     0x0001433d     0x819b ./Command.o
 .debug_loc     0x0001c4d8     0x7826 ./Configuration.o
 .debug_loc     0x00023cfe     0x292f ./ConnectionPoint.o
 .debug_loc     0x0002662d     0x1799 ./Convert.o
 .debug_loc     0x00027dc6      0x9e3 ./DataSerializationManager.o
 .debug_loc     0x000287a9     0x8397 ./Event.o
 .debug_loc     0x00030b40      0xeba ./InConnectionPoint.o
 .debug_loc     0x000319fa       0x2d ./JsonParameters.o
 .debug_loc     0x00031a27      0x4bc ./LogEntry.o
 .debug_loc     0x00031ee3      0xe6d ./OutConnectionPoint.o
 .debug_loc     0x00032d50     0x55b8 ./Pinout.o
 .debug_loc     0x00038308     0xb561 ./Process.o
 .debug_loc     0x00043869      0x99c ./Program.o
 .debug_loc     0x00044205      0x895 ./Wire.o
 .debug_loc     0x00044a9a       0x3e ./Logging/BaseLogProvider.o
 .debug_loc     0x00044ad8     0x3aad ./Logging/EventLogger.o
 .debug_loc     0x00048585     0x4432 ./Logging/JsonLogProvider.o
 .debug_loc     0x0004c9b7      0x2d9 ./Logging/SysLogProvider.o

.debug_macinfo  0x00000000   0x118761
 *(.debug_macinfo)
 .debug_macinfo
                0x00000000     0xfe94 ./BaseDevice.o
 .debug_macinfo
                0x0000fe94     0xdd1f ./BaseDriver.o
 .debug_macinfo
                0x0001dbb3     0xe533 ./Command.o
 .debug_macinfo
                0x0002c0e6     0xefc6 ./Configuration.o
 .debug_macinfo
                0x0003b0ac     0xf61b ./ConnectionPoint.o
 .debug_macinfo
                0x0004a6c7     0xead1 ./Convert.o
 .debug_macinfo
                0x00059198     0xf052 ./DataSerializationManager.o
 .debug_macinfo
                0x000681ea     0xdf13 ./Event.o
 .debug_macinfo
                0x000760fd     0xf625 ./InConnectionPoint.o
 .debug_macinfo
                0x00085722     0xc7ed ./JsonParameters.o
 .debug_macinfo
                0x00091f0f     0xcb99 ./LogEntry.o
 .debug_macinfo
                0x0009eaa8     0xf63d ./OutConnectionPoint.o
 .debug_macinfo
                0x000ae0e5     0xe5b4 ./Pinout.o
 .debug_macinfo
                0x000bc699    0x10048 ./Process.o
 .debug_macinfo
                0x000cc6e1    0x10021 ./Program.o
 .debug_macinfo
                0x000dc702     0xf906 ./Wire.o
 .debug_macinfo
                0x000ec008     0x1733 ./Logging/BaseLogProvider.o
 .debug_macinfo
                0x000ed73b     0xe454 ./Logging/EventLogger.o
 .debug_macinfo
                0x000fbb8f     0xeac3 ./Logging/JsonLogProvider.o
 .debug_macinfo
                0x0010a652     0xe10f ./Logging/SysLogProvider.o

.debug_weaknames
 *(.debug_weaknames)

.debug_funcnames
 *(.debug_funcnames)

.debug_typenames
 *(.debug_typenames)

.debug_varnames
 *(.debug_varnames)

.debug_pubtypes
 *(.debug_pubtypes)

.debug_ranges   0x00000000     0xe6a8
 *(.debug_ranges)
 .debug_ranges  0x00000000     0x1d98 ./BaseDevice.o
 .debug_ranges  0x00001d98      0x970 ./BaseDriver.o
 .debug_ranges  0x00002708     0x15a0 ./Command.o
 .debug_ranges  0x00003ca8     0x1d78 ./Configuration.o
 .debug_ranges  0x00005a20      0x8a8 ./ConnectionPoint.o
 .debug_ranges  0x000062c8      0x530 ./Convert.o
 .debug_ranges  0x000067f8      0x410 ./DataSerializationManager.o
 .debug_ranges  0x00006c08     0x1568 ./Event.o
 .debug_ranges  0x00008170      0x300 ./InConnectionPoint.o
 .debug_ranges  0x00008470       0x40 ./JsonParameters.o
 .debug_ranges  0x000084b0      0x158 ./LogEntry.o
 .debug_ranges  0x00008608      0x300 ./OutConnectionPoint.o
 .debug_ranges  0x00008908     0x1488 ./Pinout.o
 .debug_ranges  0x00009d90     0x2090 ./Process.o
 .debug_ranges  0x0000be20      0x298 ./Program.o
 .debug_ranges  0x0000c0b8      0x268 ./Wire.o
 .debug_ranges  0x0000c320     0x11c0 ./Logging/EventLogger.o
 .debug_ranges  0x0000d4e0     0x1168 ./Logging/JsonLogProvider.o
 .debug_ranges  0x0000e648       0x60 ./Logging/SysLogProvider.o

.gnu.attributes
 *(.gnu.attributes)

.note.gnu.arm.ident
 *(.note.gnu.arm.ident)

/DISCARD/
 *(.note.GNU-stack)
 *(.gnu_debuglink)
 *(.gnu.lto_*)
OUTPUT(libCommon.so elf32-littlearm)
